Experiment: matched_two_stage
Job: 3174138_3
Node: ixl01
Creating fixed test sets: 2000 samples/task on cuda...
[       0/40200] phase=initial                E_S=1.7476e+00 E_S'=2.0430e+00 E_S(W)=1.3238e+00 rho_W=0.5066 rho_w=0.0177 F_S=0.0000e+00
[     500/40200] phase=pretrain_W_on_S        E_S=1.7474e+00 E_S'=2.0429e+00 E_S(W)=1.3236e+00 rho_W=0.5067 rho_w=0.0177 F_S=0.0000e+00
[    1000/40200] phase=pretrain_W_on_S        E_S=1.7473e+00 E_S'=2.0428e+00 E_S(W)=1.3235e+00 rho_W=0.5067 rho_w=0.0177 F_S=0.0000e+00
[    1500/40200] phase=pretrain_W_on_S        E_S=1.7472e+00 E_S'=2.0427e+00 E_S(W)=1.3233e+00 rho_W=0.5067 rho_w=0.0177 F_S=0.0000e+00
[    2000/40200] phase=pretrain_W_on_S        E_S=1.7471e+00 E_S'=2.0426e+00 E_S(W)=1.3232e+00 rho_W=0.5068 rho_w=0.0177 F_S=0.0000e+00
[    2500/40200] phase=pretrain_W_on_S        E_S=1.7470e+00 E_S'=2.0425e+00 E_S(W)=1.3230e+00 rho_W=0.5068 rho_w=0.0177 F_S=0.0000e+00
[    3000/40200] phase=pretrain_W_on_S        E_S=1.7469e+00 E_S'=2.0423e+00 E_S(W)=1.3229e+00 rho_W=0.5069 rho_w=0.0177 F_S=0.0000e+00
[    3500/40200] phase=pretrain_W_on_S        E_S=1.7467e+00 E_S'=2.0422e+00 E_S(W)=1.3227e+00 rho_W=0.5069 rho_w=0.0177 F_S=0.0000e+00
[    4000/40200] phase=pretrain_W_on_S        E_S=1.7466e+00 E_S'=2.0421e+00 E_S(W)=1.3225e+00 rho_W=0.5070 rho_w=0.0177 F_S=0.0000e+00
[    4500/40200] phase=pretrain_W_on_S        E_S=1.7465e+00 E_S'=2.0420e+00 E_S(W)=1.3224e+00 rho_W=0.5070 rho_w=0.0177 F_S=0.0000e+00
[    5000/40200] phase=pretrain_W_on_S        E_S=1.7464e+00 E_S'=2.0419e+00 E_S(W)=1.3222e+00 rho_W=0.5070 rho_w=0.0177 F_S=0.0000e+00
[    5500/40200] phase=pretrain_W_on_S        E_S=1.7463e+00 E_S'=2.0417e+00 E_S(W)=1.3221e+00 rho_W=0.5071 rho_w=0.0177 F_S=0.0000e+00
[    6000/40200] phase=pretrain_W_on_S        E_S=1.7461e+00 E_S'=2.0416e+00 E_S(W)=1.3219e+00 rho_W=0.5071 rho_w=0.0177 F_S=0.0000e+00
[    6500/40200] phase=pretrain_W_on_S        E_S=1.7460e+00 E_S'=2.0415e+00 E_S(W)=1.3218e+00 rho_W=0.5072 rho_w=0.0177 F_S=0.0000e+00
[    7000/40200] phase=pretrain_W_on_S        E_S=1.7459e+00 E_S'=2.0414e+00 E_S(W)=1.3216e+00 rho_W=0.5072 rho_w=0.0177 F_S=0.0000e+00
[    7500/40200] phase=pretrain_W_on_S        E_S=1.7458e+00 E_S'=2.0412e+00 E_S(W)=1.3215e+00 rho_W=0.5073 rho_w=0.0177 F_S=0.0000e+00
[    8000/40200] phase=pretrain_W_on_S        E_S=1.7457e+00 E_S'=2.0411e+00 E_S(W)=1.3213e+00 rho_W=0.5073 rho_w=0.0177 F_S=0.0000e+00
[    8500/40200] phase=pretrain_W_on_S        E_S=1.7456e+00 E_S'=2.0410e+00 E_S(W)=1.3212e+00 rho_W=0.5073 rho_w=0.0177 F_S=0.0000e+00
[    9000/40200] phase=pretrain_W_on_S        E_S=1.7454e+00 E_S'=2.0409e+00 E_S(W)=1.3210e+00 rho_W=0.5074 rho_w=0.0177 F_S=0.0000e+00
[    9500/40200] phase=pretrain_W_on_S        E_S=1.7453e+00 E_S'=2.0408e+00 E_S(W)=1.3209e+00 rho_W=0.5074 rho_w=0.0177 F_S=0.0000e+00
[   10000/40200] phase=pretrain_W_on_S        E_S=1.7452e+00 E_S'=2.0406e+00 E_S(W)=1.3207e+00 rho_W=0.5075 rho_w=0.0177 F_S=0.0000e+00
[   10500/40200] phase=pretrain_W_on_S        E_S=1.7451e+00 E_S'=2.0405e+00 E_S(W)=1.3205e+00 rho_W=0.5075 rho_w=0.0177 F_S=0.0000e+00
[   11000/40200] phase=pretrain_W_on_S        E_S=1.7449e+00 E_S'=2.0404e+00 E_S(W)=1.3204e+00 rho_W=0.5076 rho_w=0.0177 F_S=0.0000e+00
[   11500/40200] phase=pretrain_W_on_S        E_S=1.7448e+00 E_S'=2.0403e+00 E_S(W)=1.3202e+00 rho_W=0.5076 rho_w=0.0177 F_S=0.0000e+00
[   12000/40200] phase=pretrain_W_on_S        E_S=1.7447e+00 E_S'=2.0402e+00 E_S(W)=1.3201e+00 rho_W=0.5076 rho_w=0.0177 F_S=0.0000e+00
[   12500/40200] phase=pretrain_W_on_S        E_S=1.7446e+00 E_S'=2.0400e+00 E_S(W)=1.3199e+00 rho_W=0.5077 rho_w=0.0177 F_S=0.0000e+00
[   13000/40200] phase=pretrain_W_on_S        E_S=1.7445e+00 E_S'=2.0399e+00 E_S(W)=1.3198e+00 rho_W=0.5077 rho_w=0.0177 F_S=0.0000e+00
[   13500/40200] phase=pretrain_W_on_S        E_S=1.7444e+00 E_S'=2.0398e+00 E_S(W)=1.3196e+00 rho_W=0.5078 rho_w=0.0177 F_S=0.0000e+00
[   14000/40200] phase=pretrain_W_on_S        E_S=1.7442e+00 E_S'=2.0397e+00 E_S(W)=1.3195e+00 rho_W=0.5078 rho_w=0.0177 F_S=0.0000e+00
[   14500/40200] phase=pretrain_W_on_S        E_S=1.7441e+00 E_S'=2.0396e+00 E_S(W)=1.3193e+00 rho_W=0.5079 rho_w=0.0177 F_S=0.0000e+00
[   15000/40200] phase=pretrain_W_on_S        E_S=1.7440e+00 E_S'=2.0394e+00 E_S(W)=1.3192e+00 rho_W=0.5079 rho_w=0.0177 F_S=0.0000e+00
[   15500/40200] phase=pretrain_W_on_S        E_S=1.7439e+00 E_S'=2.0393e+00 E_S(W)=1.3190e+00 rho_W=0.5079 rho_w=0.0177 F_S=0.0000e+00
[   16000/40200] phase=pretrain_W_on_S        E_S=1.7438e+00 E_S'=2.0392e+00 E_S(W)=1.3188e+00 rho_W=0.5080 rho_w=0.0177 F_S=0.0000e+00
[   16500/40200] phase=pretrain_W_on_S        E_S=1.7436e+00 E_S'=2.0391e+00 E_S(W)=1.3187e+00 rho_W=0.5080 rho_w=0.0177 F_S=0.0000e+00
[   17000/40200] phase=pretrain_W_on_S        E_S=1.7435e+00 E_S'=2.0390e+00 E_S(W)=1.3185e+00 rho_W=0.5081 rho_w=0.0177 F_S=0.0000e+00
[   17500/40200] phase=pretrain_W_on_S        E_S=1.7434e+00 E_S'=2.0389e+00 E_S(W)=1.3184e+00 rho_W=0.5081 rho_w=0.0177 F_S=0.0000e+00
[   18000/40200] phase=pretrain_W_on_S        E_S=1.7433e+00 E_S'=2.0387e+00 E_S(W)=1.3182e+00 rho_W=0.5082 rho_w=0.0177 F_S=0.0000e+00
[   18500/40200] phase=pretrain_W_on_S        E_S=1.7432e+00 E_S'=2.0386e+00 E_S(W)=1.3181e+00 rho_W=0.5082 rho_w=0.0177 F_S=0.0000e+00
[   19000/40200] phase=pretrain_W_on_S        E_S=1.7431e+00 E_S'=2.0385e+00 E_S(W)=1.3179e+00 rho_W=0.5082 rho_w=0.0177 F_S=0.0000e+00
[   19500/40200] phase=pretrain_W_on_S        E_S=1.7430e+00 E_S'=2.0384e+00 E_S(W)=1.3178e+00 rho_W=0.5083 rho_w=0.0177 F_S=0.0000e+00
[   20000/40200] phase=pretrain_W_on_S        E_S=1.7428e+00 E_S'=2.0383e+00 E_S(W)=1.3176e+00 rho_W=0.5083 rho_w=0.0177 F_S=0.0000e+00
[   20500/40200] phase=pretrain_W_on_S        E_S=1.7427e+00 E_S'=2.0382e+00 E_S(W)=1.3175e+00 rho_W=0.5084 rho_w=0.0177 F_S=0.0000e+00
[   21000/40200] phase=pretrain_W_on_S        E_S=1.7426e+00 E_S'=2.0380e+00 E_S(W)=1.3173e+00 rho_W=0.5084 rho_w=0.0177 F_S=0.0000e+00
[   21500/40200] phase=pretrain_W_on_S        E_S=1.7425e+00 E_S'=2.0379e+00 E_S(W)=1.3171e+00 rho_W=0.5085 rho_w=0.0177 F_S=0.0000e+00
[   22000/40200] phase=pretrain_W_on_S        E_S=1.7424e+00 E_S'=2.0378e+00 E_S(W)=1.3170e+00 rho_W=0.5085 rho_w=0.0177 F_S=0.0000e+00
[   22500/40200] phase=pretrain_W_on_S        E_S=1.7423e+00 E_S'=2.0377e+00 E_S(W)=1.3168e+00 rho_W=0.5085 rho_w=0.0177 F_S=0.0000e+00
[   23000/40200] phase=pretrain_W_on_S        E_S=1.7421e+00 E_S'=2.0376e+00 E_S(W)=1.3167e+00 rho_W=0.5086 rho_w=0.0177 F_S=0.0000e+00
[   23500/40200] phase=pretrain_W_on_S        E_S=1.7420e+00 E_S'=2.0375e+00 E_S(W)=1.3165e+00 rho_W=0.5086 rho_w=0.0177 F_S=0.0000e+00
[   24000/40200] phase=pretrain_W_on_S        E_S=1.7419e+00 E_S'=2.0374e+00 E_S(W)=1.3164e+00 rho_W=0.5087 rho_w=0.0177 F_S=0.0000e+00
[   24500/40200] phase=pretrain_W_on_S        E_S=1.7418e+00 E_S'=2.0372e+00 E_S(W)=1.3162e+00 rho_W=0.5087 rho_w=0.0177 F_S=0.0000e+00
[   25000/40200] phase=pretrain_W_on_S        E_S=1.7417e+00 E_S'=2.0371e+00 E_S(W)=1.3161e+00 rho_W=0.5088 rho_w=0.0177 F_S=0.0000e+00
[   25500/40200] phase=pretrain_W_on_S        E_S=1.7416e+00 E_S'=2.0370e+00 E_S(W)=1.3159e+00 rho_W=0.5088 rho_w=0.0177 F_S=0.0000e+00
[   26000/40200] phase=pretrain_W_on_S        E_S=1.7414e+00 E_S'=2.0369e+00 E_S(W)=1.3157e+00 rho_W=0.5088 rho_w=0.0177 F_S=0.0000e+00
[   26500/40200] phase=pretrain_W_on_S        E_S=1.7413e+00 E_S'=2.0368e+00 E_S(W)=1.3156e+00 rho_W=0.5089 rho_w=0.0177 F_S=0.0000e+00
[   27000/40200] phase=pretrain_W_on_S        E_S=1.7412e+00 E_S'=2.0366e+00 E_S(W)=1.3154e+00 rho_W=0.5089 rho_w=0.0177 F_S=0.0000e+00
[   27500/40200] phase=pretrain_W_on_S        E_S=1.7411e+00 E_S'=2.0365e+00 E_S(W)=1.3153e+00 rho_W=0.5090 rho_w=0.0177 F_S=0.0000e+00
[   28000/40200] phase=pretrain_W_on_S        E_S=1.7410e+00 E_S'=2.0364e+00 E_S(W)=1.3151e+00 rho_W=0.5090 rho_w=0.0177 F_S=0.0000e+00
[   28500/40200] phase=pretrain_W_on_S        E_S=1.7409e+00 E_S'=2.0363e+00 E_S(W)=1.3150e+00 rho_W=0.5091 rho_w=0.0177 F_S=0.0000e+00
[   29000/40200] phase=pretrain_W_on_S        E_S=1.7408e+00 E_S'=2.0362e+00 E_S(W)=1.3148e+00 rho_W=0.5091 rho_w=0.0177 F_S=0.0000e+00
[   29500/40200] phase=pretrain_W_on_S        E_S=1.7406e+00 E_S'=2.0360e+00 E_S(W)=1.3147e+00 rho_W=0.5091 rho_w=0.0177 F_S=0.0000e+00
[   30000/40200] phase=pretrain_W_on_S        E_S=1.7405e+00 E_S'=2.0359e+00 E_S(W)=1.3145e+00 rho_W=0.5092 rho_w=0.0177 F_S=0.0000e+00
[   30500/40200] phase=pretrain_W_on_S        E_S=1.7404e+00 E_S'=2.0358e+00 E_S(W)=1.3144e+00 rho_W=0.5092 rho_w=0.0177 F_S=0.0000e+00
[   31000/40200] phase=pretrain_W_on_S        E_S=1.7403e+00 E_S'=2.0357e+00 E_S(W)=1.3142e+00 rho_W=0.5093 rho_w=0.0177 F_S=0.0000e+00
[   31500/40200] phase=pretrain_W_on_S        E_S=1.7402e+00 E_S'=2.0356e+00 E_S(W)=1.3141e+00 rho_W=0.5093 rho_w=0.0177 F_S=0.0000e+00
[   32000/40200] phase=pretrain_W_on_S        E_S=1.7400e+00 E_S'=2.0355e+00 E_S(W)=1.3139e+00 rho_W=0.5093 rho_w=0.0177 F_S=0.0000e+00
[   32500/40200] phase=pretrain_W_on_S        E_S=1.7399e+00 E_S'=2.0353e+00 E_S(W)=1.3137e+00 rho_W=0.5094 rho_w=0.0177 F_S=0.0000e+00
[   33000/40200] phase=pretrain_W_on_S        E_S=1.7398e+00 E_S'=2.0352e+00 E_S(W)=1.3136e+00 rho_W=0.5094 rho_w=0.0177 F_S=0.0000e+00
[   33500/40200] phase=pretrain_W_on_S        E_S=1.7397e+00 E_S'=2.0351e+00 E_S(W)=1.3134e+00 rho_W=0.5095 rho_w=0.0177 F_S=0.0000e+00
[   34000/40200] phase=pretrain_W_on_S        E_S=1.7396e+00 E_S'=2.0350e+00 E_S(W)=1.3133e+00 rho_W=0.5095 rho_w=0.0177 F_S=0.0000e+00
[   34500/40200] phase=pretrain_W_on_S        E_S=1.7395e+00 E_S'=2.0349e+00 E_S(W)=1.3131e+00 rho_W=0.5096 rho_w=0.0177 F_S=0.0000e+00
[   35000/40200] phase=pretrain_W_on_S        E_S=1.7393e+00 E_S'=2.0347e+00 E_S(W)=1.3130e+00 rho_W=0.5096 rho_w=0.0177 F_S=0.0000e+00
[   35500/40200] phase=pretrain_W_on_S        E_S=1.7392e+00 E_S'=2.0346e+00 E_S(W)=1.3128e+00 rho_W=0.5097 rho_w=0.0177 F_S=0.0000e+00
[   36000/40200] phase=pretrain_W_on_S        E_S=1.7391e+00 E_S'=2.0345e+00 E_S(W)=1.3127e+00 rho_W=0.5097 rho_w=0.0177 F_S=0.0000e+00
[   36500/40200] phase=pretrain_W_on_S        E_S=1.7390e+00 E_S'=2.0344e+00 E_S(W)=1.3125e+00 rho_W=0.5097 rho_w=0.0177 F_S=0.0000e+00
[   37000/40200] phase=pretrain_W_on_S        E_S=1.7389e+00 E_S'=2.0343e+00 E_S(W)=1.3124e+00 rho_W=0.5098 rho_w=0.0177 F_S=0.0000e+00
[   37500/40200] phase=pretrain_W_on_S        E_S=1.7388e+00 E_S'=2.0342e+00 E_S(W)=1.3122e+00 rho_W=0.5098 rho_w=0.0177 F_S=0.0000e+00
[   38000/40200] phase=pretrain_W_on_S        E_S=1.7386e+00 E_S'=2.0340e+00 E_S(W)=1.3120e+00 rho_W=0.5099 rho_w=0.0177 F_S=0.0000e+00
[   38500/40200] phase=pretrain_W_on_S        E_S=1.7385e+00 E_S'=2.0339e+00 E_S(W)=1.3119e+00 rho_W=0.5099 rho_w=0.0177 F_S=0.0000e+00
[   39000/40200] phase=pretrain_W_on_S        E_S=1.7384e+00 E_S'=2.0338e+00 E_S(W)=1.3117e+00 rho_W=0.5099 rho_w=0.0177 F_S=0.0000e+00
[   39500/40200] phase=pretrain_W_on_S        E_S=1.7383e+00 E_S'=2.0337e+00 E_S(W)=1.3116e+00 rho_W=0.5100 rho_w=0.0177 F_S=0.0000e+00
[   40000/40200] phase=pretrain_W_on_S        E_S=1.7382e+00 E_S'=2.0336e+00 E_S(W)=1.3114e+00 rho_W=0.5100 rho_w=0.0177 F_S=0.0000e+00
[   40200/40200] phase=finetune_w_on_Sprime   E_S=1.7370e+00 E_S'=2.0325e+00 E_S(W)=1.3114e+00 rho_W=0.5100 rho_w=0.0177 F_S=0.0000e+00

Training complete.
Results saved to: results/training_dynamics/matched_two_stage/d200_T5_ks1_k1_a1_ap1_lrW0p001_lrw0p001_seed0
Elapsed time: 171.28 s
