Experiment: w_then_W
Job: 3170718_2
Node: i16
Creating fixed test sets: 2000 samples/task on cuda...
[       0/80400] phase=initial                E_S=1.7476e+00 E_S'=2.0430e+00 E_S(W)=1.3238e+00 rho_W=0.5066 rho_w=0.0177 F_S=0.0000e+00
[     400/80400] phase=train_w                E_S=1.7452e+00 E_S'=2.0409e+00 E_S(W)=1.3238e+00 rho_W=0.5066 rho_w=0.0176 F_S=0.0000e+00
[     500/80400] phase=train_W                E_S=1.7452e+00 E_S'=2.0408e+00 E_S(W)=1.3237e+00 rho_W=0.5066 rho_w=0.0176 F_S=0.0000e+00
[    1000/80400] phase=train_W                E_S=1.7451e+00 E_S'=2.0407e+00 E_S(W)=1.3236e+00 rho_W=0.5067 rho_w=0.0176 F_S=0.0000e+00
[    1500/80400] phase=train_W                E_S=1.7450e+00 E_S'=2.0406e+00 E_S(W)=1.3235e+00 rho_W=0.5067 rho_w=0.0176 F_S=0.0000e+00
[    2000/80400] phase=train_W                E_S=1.7449e+00 E_S'=2.0405e+00 E_S(W)=1.3234e+00 rho_W=0.5067 rho_w=0.0176 F_S=0.0000e+00
[    2500/80400] phase=train_W                E_S=1.7448e+00 E_S'=2.0404e+00 E_S(W)=1.3233e+00 rho_W=0.5068 rho_w=0.0176 F_S=0.0000e+00
[    3000/80400] phase=train_W                E_S=1.7447e+00 E_S'=2.0403e+00 E_S(W)=1.3232e+00 rho_W=0.5068 rho_w=0.0176 F_S=0.0000e+00
[    3500/80400] phase=train_W                E_S=1.7446e+00 E_S'=2.0402e+00 E_S(W)=1.3231e+00 rho_W=0.5068 rho_w=0.0176 F_S=0.0000e+00
[    4000/80400] phase=train_W                E_S=1.7445e+00 E_S'=2.0401e+00 E_S(W)=1.3229e+00 rho_W=0.5069 rho_w=0.0176 F_S=0.0000e+00
[    4500/80400] phase=train_W                E_S=1.7444e+00 E_S'=2.0400e+00 E_S(W)=1.3228e+00 rho_W=0.5069 rho_w=0.0176 F_S=0.0000e+00
[    5000/80400] phase=train_W                E_S=1.7443e+00 E_S'=2.0398e+00 E_S(W)=1.3227e+00 rho_W=0.5069 rho_w=0.0176 F_S=0.0000e+00
[    5500/80400] phase=train_W                E_S=1.7442e+00 E_S'=2.0397e+00 E_S(W)=1.3226e+00 rho_W=0.5070 rho_w=0.0176 F_S=0.0000e+00
[    6000/80400] phase=train_W                E_S=1.7441e+00 E_S'=2.0396e+00 E_S(W)=1.3225e+00 rho_W=0.5070 rho_w=0.0176 F_S=0.0000e+00
[    6500/80400] phase=train_W                E_S=1.7440e+00 E_S'=2.0395e+00 E_S(W)=1.3224e+00 rho_W=0.5070 rho_w=0.0176 F_S=0.0000e+00
[    7000/80400] phase=train_W                E_S=1.7439e+00 E_S'=2.0394e+00 E_S(W)=1.3222e+00 rho_W=0.5071 rho_w=0.0176 F_S=0.0000e+00
[    7500/80400] phase=train_W                E_S=1.7438e+00 E_S'=2.0393e+00 E_S(W)=1.3221e+00 rho_W=0.5071 rho_w=0.0176 F_S=0.0000e+00
[    8000/80400] phase=train_W                E_S=1.7437e+00 E_S'=2.0391e+00 E_S(W)=1.3220e+00 rho_W=0.5071 rho_w=0.0176 F_S=0.0000e+00
[    8500/80400] phase=train_W                E_S=1.7436e+00 E_S'=2.0390e+00 E_S(W)=1.3219e+00 rho_W=0.5072 rho_w=0.0176 F_S=0.0000e+00
[    9000/80400] phase=train_W                E_S=1.7435e+00 E_S'=2.0389e+00 E_S(W)=1.3218e+00 rho_W=0.5072 rho_w=0.0176 F_S=0.0000e+00
[    9500/80400] phase=train_W                E_S=1.7434e+00 E_S'=2.0388e+00 E_S(W)=1.3216e+00 rho_W=0.5073 rho_w=0.0176 F_S=0.0000e+00
[   10000/80400] phase=train_W                E_S=1.7433e+00 E_S'=2.0387e+00 E_S(W)=1.3215e+00 rho_W=0.5073 rho_w=0.0176 F_S=0.0000e+00
[   10500/80400] phase=train_W                E_S=1.7432e+00 E_S'=2.0386e+00 E_S(W)=1.3214e+00 rho_W=0.5073 rho_w=0.0176 F_S=0.0000e+00
[   11000/80400] phase=train_W                E_S=1.7431e+00 E_S'=2.0385e+00 E_S(W)=1.3213e+00 rho_W=0.5074 rho_w=0.0176 F_S=0.0000e+00
[   11500/80400] phase=train_W                E_S=1.7430e+00 E_S'=2.0383e+00 E_S(W)=1.3212e+00 rho_W=0.5074 rho_w=0.0176 F_S=0.0000e+00
[   12000/80400] phase=train_W                E_S=1.7429e+00 E_S'=2.0382e+00 E_S(W)=1.3211e+00 rho_W=0.5074 rho_w=0.0176 F_S=0.0000e+00
[   12500/80400] phase=train_W                E_S=1.7428e+00 E_S'=2.0381e+00 E_S(W)=1.3209e+00 rho_W=0.5075 rho_w=0.0176 F_S=0.0000e+00
[   13000/80400] phase=train_W                E_S=1.7427e+00 E_S'=2.0380e+00 E_S(W)=1.3208e+00 rho_W=0.5075 rho_w=0.0176 F_S=0.0000e+00
[   13500/80400] phase=train_W                E_S=1.7426e+00 E_S'=2.0379e+00 E_S(W)=1.3207e+00 rho_W=0.5075 rho_w=0.0176 F_S=0.0000e+00
[   14000/80400] phase=train_W                E_S=1.7425e+00 E_S'=2.0378e+00 E_S(W)=1.3206e+00 rho_W=0.5076 rho_w=0.0176 F_S=0.0000e+00
[   14500/80400] phase=train_W                E_S=1.7424e+00 E_S'=2.0377e+00 E_S(W)=1.3205e+00 rho_W=0.5076 rho_w=0.0176 F_S=0.0000e+00
[   15000/80400] phase=train_W                E_S=1.7423e+00 E_S'=2.0376e+00 E_S(W)=1.3204e+00 rho_W=0.5076 rho_w=0.0176 F_S=0.0000e+00
[   15500/80400] phase=train_W                E_S=1.7422e+00 E_S'=2.0374e+00 E_S(W)=1.3203e+00 rho_W=0.5077 rho_w=0.0176 F_S=0.0000e+00
[   16000/80400] phase=train_W                E_S=1.7421e+00 E_S'=2.0373e+00 E_S(W)=1.3201e+00 rho_W=0.5077 rho_w=0.0176 F_S=0.0000e+00
[   16500/80400] phase=train_W                E_S=1.7420e+00 E_S'=2.0372e+00 E_S(W)=1.3200e+00 rho_W=0.5077 rho_w=0.0176 F_S=0.0000e+00
[   17000/80400] phase=train_W                E_S=1.7419e+00 E_S'=2.0371e+00 E_S(W)=1.3199e+00 rho_W=0.5078 rho_w=0.0176 F_S=0.0000e+00
[   17500/80400] phase=train_W                E_S=1.7418e+00 E_S'=2.0370e+00 E_S(W)=1.3198e+00 rho_W=0.5078 rho_w=0.0176 F_S=0.0000e+00
[   18000/80400] phase=train_W                E_S=1.7417e+00 E_S'=2.0369e+00 E_S(W)=1.3197e+00 rho_W=0.5078 rho_w=0.0176 F_S=0.0000e+00
[   18500/80400] phase=train_W                E_S=1.7416e+00 E_S'=2.0368e+00 E_S(W)=1.3195e+00 rho_W=0.5079 rho_w=0.0176 F_S=0.0000e+00
[   19000/80400] phase=train_W                E_S=1.7415e+00 E_S'=2.0367e+00 E_S(W)=1.3194e+00 rho_W=0.5079 rho_w=0.0176 F_S=0.0000e+00
[   19500/80400] phase=train_W                E_S=1.7414e+00 E_S'=2.0366e+00 E_S(W)=1.3193e+00 rho_W=0.5079 rho_w=0.0176 F_S=0.0000e+00
[   20000/80400] phase=train_W                E_S=1.7413e+00 E_S'=2.0365e+00 E_S(W)=1.3192e+00 rho_W=0.5080 rho_w=0.0176 F_S=0.0000e+00
[   20500/80400] phase=train_W                E_S=1.7412e+00 E_S'=2.0364e+00 E_S(W)=1.3191e+00 rho_W=0.5080 rho_w=0.0176 F_S=0.0000e+00
[   21000/80400] phase=train_W                E_S=1.7411e+00 E_S'=2.0362e+00 E_S(W)=1.3190e+00 rho_W=0.5080 rho_w=0.0176 F_S=0.0000e+00
[   21500/80400] phase=train_W                E_S=1.7410e+00 E_S'=2.0361e+00 E_S(W)=1.3189e+00 rho_W=0.5081 rho_w=0.0176 F_S=0.0000e+00
[   22000/80400] phase=train_W                E_S=1.7409e+00 E_S'=2.0360e+00 E_S(W)=1.3187e+00 rho_W=0.5081 rho_w=0.0176 F_S=0.0000e+00
[   22500/80400] phase=train_W                E_S=1.7408e+00 E_S'=2.0359e+00 E_S(W)=1.3186e+00 rho_W=0.5081 rho_w=0.0176 F_S=0.0000e+00
[   23000/80400] phase=train_W                E_S=1.7407e+00 E_S'=2.0358e+00 E_S(W)=1.3185e+00 rho_W=0.5082 rho_w=0.0176 F_S=0.0000e+00
[   23500/80400] phase=train_W                E_S=1.7406e+00 E_S'=2.0357e+00 E_S(W)=1.3184e+00 rho_W=0.5082 rho_w=0.0176 F_S=0.0000e+00
[   24000/80400] phase=train_W                E_S=1.7405e+00 E_S'=2.0356e+00 E_S(W)=1.3183e+00 rho_W=0.5082 rho_w=0.0176 F_S=0.0000e+00
[   24500/80400] phase=train_W                E_S=1.7404e+00 E_S'=2.0355e+00 E_S(W)=1.3182e+00 rho_W=0.5083 rho_w=0.0176 F_S=0.0000e+00
[   25000/80400] phase=train_W                E_S=1.7403e+00 E_S'=2.0354e+00 E_S(W)=1.3180e+00 rho_W=0.5083 rho_w=0.0176 F_S=0.0000e+00
[   25500/80400] phase=train_W                E_S=1.7402e+00 E_S'=2.0353e+00 E_S(W)=1.3179e+00 rho_W=0.5084 rho_w=0.0176 F_S=0.0000e+00
[   26000/80400] phase=train_W                E_S=1.7401e+00 E_S'=2.0352e+00 E_S(W)=1.3178e+00 rho_W=0.5084 rho_w=0.0176 F_S=0.0000e+00
[   26500/80400] phase=train_W                E_S=1.7400e+00 E_S'=2.0351e+00 E_S(W)=1.3177e+00 rho_W=0.5084 rho_w=0.0176 F_S=0.0000e+00
[   27000/80400] phase=train_W                E_S=1.7399e+00 E_S'=2.0350e+00 E_S(W)=1.3176e+00 rho_W=0.5085 rho_w=0.0176 F_S=0.0000e+00
[   27500/80400] phase=train_W                E_S=1.7398e+00 E_S'=2.0348e+00 E_S(W)=1.3175e+00 rho_W=0.5085 rho_w=0.0176 F_S=0.0000e+00
[   28000/80400] phase=train_W                E_S=1.7397e+00 E_S'=2.0347e+00 E_S(W)=1.3174e+00 rho_W=0.5085 rho_w=0.0176 F_S=0.0000e+00
[   28500/80400] phase=train_W                E_S=1.7396e+00 E_S'=2.0346e+00 E_S(W)=1.3173e+00 rho_W=0.5086 rho_w=0.0176 F_S=0.0000e+00
[   29000/80400] phase=train_W                E_S=1.7395e+00 E_S'=2.0345e+00 E_S(W)=1.3171e+00 rho_W=0.5086 rho_w=0.0176 F_S=0.0000e+00
[   29500/80400] phase=train_W                E_S=1.7394e+00 E_S'=2.0344e+00 E_S(W)=1.3170e+00 rho_W=0.5086 rho_w=0.0176 F_S=0.0000e+00
[   30000/80400] phase=train_W                E_S=1.7393e+00 E_S'=2.0343e+00 E_S(W)=1.3169e+00 rho_W=0.5087 rho_w=0.0176 F_S=0.0000e+00
[   30500/80400] phase=train_W                E_S=1.7392e+00 E_S'=2.0342e+00 E_S(W)=1.3168e+00 rho_W=0.5087 rho_w=0.0176 F_S=0.0000e+00
[   31000/80400] phase=train_W                E_S=1.7391e+00 E_S'=2.0341e+00 E_S(W)=1.3167e+00 rho_W=0.5087 rho_w=0.0176 F_S=0.0000e+00
[   31500/80400] phase=train_W                E_S=1.7390e+00 E_S'=2.0340e+00 E_S(W)=1.3165e+00 rho_W=0.5088 rho_w=0.0176 F_S=0.0000e+00
[   32000/80400] phase=train_W                E_S=1.7389e+00 E_S'=2.0339e+00 E_S(W)=1.3164e+00 rho_W=0.5088 rho_w=0.0176 F_S=0.0000e+00
[   32500/80400] phase=train_W                E_S=1.7388e+00 E_S'=2.0337e+00 E_S(W)=1.3163e+00 rho_W=0.5088 rho_w=0.0176 F_S=0.0000e+00
[   33000/80400] phase=train_W                E_S=1.7387e+00 E_S'=2.0336e+00 E_S(W)=1.3162e+00 rho_W=0.5089 rho_w=0.0176 F_S=0.0000e+00
[   33500/80400] phase=train_W                E_S=1.7386e+00 E_S'=2.0335e+00 E_S(W)=1.3161e+00 rho_W=0.5089 rho_w=0.0176 F_S=0.0000e+00
[   34000/80400] phase=train_W                E_S=1.7385e+00 E_S'=2.0334e+00 E_S(W)=1.3159e+00 rho_W=0.5089 rho_w=0.0176 F_S=0.0000e+00
[   34500/80400] phase=train_W                E_S=1.7384e+00 E_S'=2.0333e+00 E_S(W)=1.3158e+00 rho_W=0.5090 rho_w=0.0176 F_S=0.0000e+00
[   35000/80400] phase=train_W                E_S=1.7383e+00 E_S'=2.0332e+00 E_S(W)=1.3157e+00 rho_W=0.5090 rho_w=0.0176 F_S=0.0000e+00
[   35500/80400] phase=train_W                E_S=1.7382e+00 E_S'=2.0331e+00 E_S(W)=1.3156e+00 rho_W=0.5090 rho_w=0.0176 F_S=0.0000e+00
[   36000/80400] phase=train_W                E_S=1.7381e+00 E_S'=2.0330e+00 E_S(W)=1.3155e+00 rho_W=0.5091 rho_w=0.0176 F_S=0.0000e+00
[   36500/80400] phase=train_W                E_S=1.7380e+00 E_S'=2.0329e+00 E_S(W)=1.3154e+00 rho_W=0.5091 rho_w=0.0176 F_S=0.0000e+00
[   37000/80400] phase=train_W                E_S=1.7379e+00 E_S'=2.0328e+00 E_S(W)=1.3152e+00 rho_W=0.5091 rho_w=0.0176 F_S=0.0000e+00
[   37500/80400] phase=train_W                E_S=1.7378e+00 E_S'=2.0326e+00 E_S(W)=1.3151e+00 rho_W=0.5092 rho_w=0.0176 F_S=0.0000e+00
[   38000/80400] phase=train_W                E_S=1.7377e+00 E_S'=2.0325e+00 E_S(W)=1.3150e+00 rho_W=0.5092 rho_w=0.0176 F_S=0.0000e+00
[   38500/80400] phase=train_W                E_S=1.7376e+00 E_S'=2.0324e+00 E_S(W)=1.3149e+00 rho_W=0.5092 rho_w=0.0176 F_S=0.0000e+00
[   39000/80400] phase=train_W                E_S=1.7375e+00 E_S'=2.0323e+00 E_S(W)=1.3148e+00 rho_W=0.5093 rho_w=0.0176 F_S=0.0000e+00
[   39500/80400] phase=train_W                E_S=1.7374e+00 E_S'=2.0322e+00 E_S(W)=1.3147e+00 rho_W=0.5093 rho_w=0.0176 F_S=0.0000e+00
[   40000/80400] phase=train_W                E_S=1.7373e+00 E_S'=2.0321e+00 E_S(W)=1.3145e+00 rho_W=0.5093 rho_w=0.0176 F_S=0.0000e+00
[   40500/80400] phase=train_W                E_S=1.7372e+00 E_S'=2.0320e+00 E_S(W)=1.3144e+00 rho_W=0.5094 rho_w=0.0176 F_S=0.0000e+00
[   41000/80400] phase=train_W                E_S=1.7371e+00 E_S'=2.0319e+00 E_S(W)=1.3143e+00 rho_W=0.5094 rho_w=0.0176 F_S=0.0000e+00
[   41500/80400] phase=train_W                E_S=1.7370e+00 E_S'=2.0318e+00 E_S(W)=1.3142e+00 rho_W=0.5094 rho_w=0.0176 F_S=0.0000e+00
[   42000/80400] phase=train_W                E_S=1.7369e+00 E_S'=2.0317e+00 E_S(W)=1.3141e+00 rho_W=0.5095 rho_w=0.0176 F_S=0.0000e+00
[   42500/80400] phase=train_W                E_S=1.7368e+00 E_S'=2.0315e+00 E_S(W)=1.3140e+00 rho_W=0.5095 rho_w=0.0176 F_S=0.0000e+00
[   43000/80400] phase=train_W                E_S=1.7367e+00 E_S'=2.0314e+00 E_S(W)=1.3138e+00 rho_W=0.5096 rho_w=0.0176 F_S=0.0000e+00
[   43500/80400] phase=train_W                E_S=1.7366e+00 E_S'=2.0313e+00 E_S(W)=1.3137e+00 rho_W=0.5096 rho_w=0.0176 F_S=0.0000e+00
[   44000/80400] phase=train_W                E_S=1.7365e+00 E_S'=2.0312e+00 E_S(W)=1.3136e+00 rho_W=0.5096 rho_w=0.0176 F_S=0.0000e+00
[   44500/80400] phase=train_W                E_S=1.7364e+00 E_S'=2.0311e+00 E_S(W)=1.3135e+00 rho_W=0.5097 rho_w=0.0176 F_S=0.0000e+00
[   45000/80400] phase=train_W                E_S=1.7363e+00 E_S'=2.0310e+00 E_S(W)=1.3134e+00 rho_W=0.5097 rho_w=0.0176 F_S=0.0000e+00
[   45500/80400] phase=train_W                E_S=1.7362e+00 E_S'=2.0309e+00 E_S(W)=1.3133e+00 rho_W=0.5097 rho_w=0.0176 F_S=0.0000e+00
[   46000/80400] phase=train_W                E_S=1.7361e+00 E_S'=2.0308e+00 E_S(W)=1.3131e+00 rho_W=0.5098 rho_w=0.0176 F_S=0.0000e+00
[   46500/80400] phase=train_W                E_S=1.7360e+00 E_S'=2.0307e+00 E_S(W)=1.3130e+00 rho_W=0.5098 rho_w=0.0176 F_S=0.0000e+00
[   47000/80400] phase=train_W                E_S=1.7359e+00 E_S'=2.0306e+00 E_S(W)=1.3129e+00 rho_W=0.5098 rho_w=0.0176 F_S=0.0000e+00
[   47500/80400] phase=train_W                E_S=1.7358e+00 E_S'=2.0305e+00 E_S(W)=1.3128e+00 rho_W=0.5099 rho_w=0.0176 F_S=0.0000e+00
[   48000/80400] phase=train_W                E_S=1.7357e+00 E_S'=2.0304e+00 E_S(W)=1.3127e+00 rho_W=0.5099 rho_w=0.0176 F_S=0.0000e+00
[   48500/80400] phase=train_W                E_S=1.7356e+00 E_S'=2.0303e+00 E_S(W)=1.3126e+00 rho_W=0.5099 rho_w=0.0176 F_S=0.0000e+00
[   49000/80400] phase=train_W                E_S=1.7355e+00 E_S'=2.0301e+00 E_S(W)=1.3125e+00 rho_W=0.5100 rho_w=0.0176 F_S=0.0000e+00
[   49500/80400] phase=train_W                E_S=1.7354e+00 E_S'=2.0300e+00 E_S(W)=1.3124e+00 rho_W=0.5100 rho_w=0.0176 F_S=0.0000e+00
[   50000/80400] phase=train_W                E_S=1.7353e+00 E_S'=2.0299e+00 E_S(W)=1.3122e+00 rho_W=0.5100 rho_w=0.0176 F_S=0.0000e+00
[   50500/80400] phase=train_W                E_S=1.7352e+00 E_S'=2.0298e+00 E_S(W)=1.3121e+00 rho_W=0.5101 rho_w=0.0176 F_S=0.0000e+00
[   51000/80400] phase=train_W                E_S=1.7351e+00 E_S'=2.0297e+00 E_S(W)=1.3120e+00 rho_W=0.5101 rho_w=0.0176 F_S=0.0000e+00
[   51500/80400] phase=train_W                E_S=1.7350e+00 E_S'=2.0296e+00 E_S(W)=1.3119e+00 rho_W=0.5101 rho_w=0.0176 F_S=0.0000e+00
[   52000/80400] phase=train_W                E_S=1.7349e+00 E_S'=2.0295e+00 E_S(W)=1.3118e+00 rho_W=0.5102 rho_w=0.0176 F_S=0.0000e+00
[   52500/80400] phase=train_W                E_S=1.7348e+00 E_S'=2.0294e+00 E_S(W)=1.3117e+00 rho_W=0.5102 rho_w=0.0176 F_S=0.0000e+00
[   53000/80400] phase=train_W                E_S=1.7347e+00 E_S'=2.0293e+00 E_S(W)=1.3116e+00 rho_W=0.5102 rho_w=0.0176 F_S=0.0000e+00
[   53500/80400] phase=train_W                E_S=1.7346e+00 E_S'=2.0291e+00 E_S(W)=1.3114e+00 rho_W=0.5103 rho_w=0.0176 F_S=0.0000e+00
[   54000/80400] phase=train_W                E_S=1.7345e+00 E_S'=2.0290e+00 E_S(W)=1.3113e+00 rho_W=0.5103 rho_w=0.0176 F_S=0.0000e+00
[   54500/80400] phase=train_W                E_S=1.7344e+00 E_S'=2.0289e+00 E_S(W)=1.3112e+00 rho_W=0.5104 rho_w=0.0176 F_S=0.0000e+00
[   55000/80400] phase=train_W                E_S=1.7343e+00 E_S'=2.0288e+00 E_S(W)=1.3111e+00 rho_W=0.5104 rho_w=0.0176 F_S=0.0000e+00
[   55500/80400] phase=train_W                E_S=1.7342e+00 E_S'=2.0287e+00 E_S(W)=1.3110e+00 rho_W=0.5104 rho_w=0.0176 F_S=0.0000e+00
[   56000/80400] phase=train_W                E_S=1.7341e+00 E_S'=2.0286e+00 E_S(W)=1.3109e+00 rho_W=0.5104 rho_w=0.0176 F_S=0.0000e+00
[   56500/80400] phase=train_W                E_S=1.7340e+00 E_S'=2.0285e+00 E_S(W)=1.3107e+00 rho_W=0.5105 rho_w=0.0176 F_S=0.0000e+00
[   57000/80400] phase=train_W                E_S=1.7339e+00 E_S'=2.0284e+00 E_S(W)=1.3106e+00 rho_W=0.5105 rho_w=0.0176 F_S=0.0000e+00
[   57500/80400] phase=train_W                E_S=1.7338e+00 E_S'=2.0283e+00 E_S(W)=1.3105e+00 rho_W=0.5106 rho_w=0.0176 F_S=0.0000e+00
[   58000/80400] phase=train_W                E_S=1.7337e+00 E_S'=2.0281e+00 E_S(W)=1.3104e+00 rho_W=0.5106 rho_w=0.0176 F_S=0.0000e+00
[   58500/80400] phase=train_W                E_S=1.7336e+00 E_S'=2.0280e+00 E_S(W)=1.3103e+00 rho_W=0.5106 rho_w=0.0176 F_S=0.0000e+00
[   59000/80400] phase=train_W                E_S=1.7335e+00 E_S'=2.0279e+00 E_S(W)=1.3101e+00 rho_W=0.5107 rho_w=0.0176 F_S=0.0000e+00
[   59500/80400] phase=train_W                E_S=1.7334e+00 E_S'=2.0278e+00 E_S(W)=1.3100e+00 rho_W=0.5107 rho_w=0.0176 F_S=0.0000e+00
[   60000/80400] phase=train_W                E_S=1.7333e+00 E_S'=2.0277e+00 E_S(W)=1.3099e+00 rho_W=0.5107 rho_w=0.0176 F_S=0.0000e+00
[   60500/80400] phase=train_W                E_S=1.7332e+00 E_S'=2.0276e+00 E_S(W)=1.3098e+00 rho_W=0.5108 rho_w=0.0176 F_S=0.0000e+00
[   61000/80400] phase=train_W                E_S=1.7331e+00 E_S'=2.0275e+00 E_S(W)=1.3097e+00 rho_W=0.5108 rho_w=0.0176 F_S=0.0000e+00
[   61500/80400] phase=train_W                E_S=1.7330e+00 E_S'=2.0274e+00 E_S(W)=1.3096e+00 rho_W=0.5108 rho_w=0.0176 F_S=0.0000e+00
[   62000/80400] phase=train_W                E_S=1.7329e+00 E_S'=2.0273e+00 E_S(W)=1.3095e+00 rho_W=0.5109 rho_w=0.0176 F_S=0.0000e+00
[   62500/80400] phase=train_W                E_S=1.7328e+00 E_S'=2.0272e+00 E_S(W)=1.3093e+00 rho_W=0.5109 rho_w=0.0176 F_S=0.0000e+00
[   63000/80400] phase=train_W                E_S=1.7327e+00 E_S'=2.0271e+00 E_S(W)=1.3092e+00 rho_W=0.5109 rho_w=0.0176 F_S=0.0000e+00
[   63500/80400] phase=train_W                E_S=1.7326e+00 E_S'=2.0270e+00 E_S(W)=1.3091e+00 rho_W=0.5110 rho_w=0.0176 F_S=0.0000e+00
[   64000/80400] phase=train_W                E_S=1.7325e+00 E_S'=2.0269e+00 E_S(W)=1.3090e+00 rho_W=0.5110 rho_w=0.0176 F_S=0.0000e+00
[   64500/80400] phase=train_W                E_S=1.7324e+00 E_S'=2.0267e+00 E_S(W)=1.3089e+00 rho_W=0.5110 rho_w=0.0176 F_S=0.0000e+00
[   65000/80400] phase=train_W                E_S=1.7323e+00 E_S'=2.0266e+00 E_S(W)=1.3088e+00 rho_W=0.5111 rho_w=0.0176 F_S=0.0000e+00
[   65500/80400] phase=train_W                E_S=1.7322e+00 E_S'=2.0265e+00 E_S(W)=1.3087e+00 rho_W=0.5111 rho_w=0.0176 F_S=0.0000e+00
[   66000/80400] phase=train_W                E_S=1.7321e+00 E_S'=2.0264e+00 E_S(W)=1.3085e+00 rho_W=0.5111 rho_w=0.0176 F_S=0.0000e+00
[   66500/80400] phase=train_W                E_S=1.7320e+00 E_S'=2.0263e+00 E_S(W)=1.3084e+00 rho_W=0.5112 rho_w=0.0176 F_S=0.0000e+00
[   67000/80400] phase=train_W                E_S=1.7319e+00 E_S'=2.0262e+00 E_S(W)=1.3083e+00 rho_W=0.5112 rho_w=0.0176 F_S=0.0000e+00
[   67500/80400] phase=train_W                E_S=1.7318e+00 E_S'=2.0261e+00 E_S(W)=1.3082e+00 rho_W=0.5112 rho_w=0.0176 F_S=0.0000e+00
[   68000/80400] phase=train_W                E_S=1.7317e+00 E_S'=2.0260e+00 E_S(W)=1.3081e+00 rho_W=0.5113 rho_w=0.0176 F_S=0.0000e+00
[   68500/80400] phase=train_W                E_S=1.7317e+00 E_S'=2.0259e+00 E_S(W)=1.3080e+00 rho_W=0.5113 rho_w=0.0176 F_S=0.0000e+00
[   69000/80400] phase=train_W                E_S=1.7316e+00 E_S'=2.0258e+00 E_S(W)=1.3079e+00 rho_W=0.5113 rho_w=0.0176 F_S=0.0000e+00
[   69500/80400] phase=train_W                E_S=1.7314e+00 E_S'=2.0257e+00 E_S(W)=1.3078e+00 rho_W=0.5114 rho_w=0.0176 F_S=0.0000e+00
[   70000/80400] phase=train_W                E_S=1.7313e+00 E_S'=2.0256e+00 E_S(W)=1.3077e+00 rho_W=0.5114 rho_w=0.0176 F_S=0.0000e+00
[   70500/80400] phase=train_W                E_S=1.7313e+00 E_S'=2.0255e+00 E_S(W)=1.3075e+00 rho_W=0.5114 rho_w=0.0176 F_S=0.0000e+00
[   71000/80400] phase=train_W                E_S=1.7312e+00 E_S'=2.0253e+00 E_S(W)=1.3074e+00 rho_W=0.5115 rho_w=0.0176 F_S=0.0000e+00
[   71500/80400] phase=train_W                E_S=1.7311e+00 E_S'=2.0252e+00 E_S(W)=1.3073e+00 rho_W=0.5115 rho_w=0.0176 F_S=0.0000e+00
[   72000/80400] phase=train_W                E_S=1.7310e+00 E_S'=2.0251e+00 E_S(W)=1.3072e+00 rho_W=0.5115 rho_w=0.0176 F_S=0.0000e+00
[   72500/80400] phase=train_W                E_S=1.7308e+00 E_S'=2.0250e+00 E_S(W)=1.3071e+00 rho_W=0.5116 rho_w=0.0176 F_S=0.0000e+00
[   73000/80400] phase=train_W                E_S=1.7307e+00 E_S'=2.0249e+00 E_S(W)=1.3070e+00 rho_W=0.5116 rho_w=0.0176 F_S=0.0000e+00
[   73500/80400] phase=train_W                E_S=1.7306e+00 E_S'=2.0248e+00 E_S(W)=1.3068e+00 rho_W=0.5116 rho_w=0.0176 F_S=0.0000e+00
[   74000/80400] phase=train_W                E_S=1.7306e+00 E_S'=2.0247e+00 E_S(W)=1.3067e+00 rho_W=0.5117 rho_w=0.0176 F_S=0.0000e+00
[   74500/80400] phase=train_W                E_S=1.7304e+00 E_S'=2.0246e+00 E_S(W)=1.3066e+00 rho_W=0.5117 rho_w=0.0176 F_S=0.0000e+00
[   75000/80400] phase=train_W                E_S=1.7303e+00 E_S'=2.0245e+00 E_S(W)=1.3065e+00 rho_W=0.5118 rho_w=0.0176 F_S=0.0000e+00
[   75500/80400] phase=train_W                E_S=1.7302e+00 E_S'=2.0243e+00 E_S(W)=1.3064e+00 rho_W=0.5118 rho_w=0.0176 F_S=0.0000e+00
[   76000/80400] phase=train_W                E_S=1.7301e+00 E_S'=2.0242e+00 E_S(W)=1.3063e+00 rho_W=0.5118 rho_w=0.0176 F_S=0.0000e+00
[   76500/80400] phase=train_W                E_S=1.7300e+00 E_S'=2.0241e+00 E_S(W)=1.3061e+00 rho_W=0.5119 rho_w=0.0176 F_S=0.0000e+00
[   77000/80400] phase=train_W                E_S=1.7300e+00 E_S'=2.0240e+00 E_S(W)=1.3060e+00 rho_W=0.5119 rho_w=0.0176 F_S=0.0000e+00
[   77500/80400] phase=train_W                E_S=1.7299e+00 E_S'=2.0239e+00 E_S(W)=1.3059e+00 rho_W=0.5119 rho_w=0.0176 F_S=0.0000e+00
[   78000/80400] phase=train_W                E_S=1.7298e+00 E_S'=2.0238e+00 E_S(W)=1.3058e+00 rho_W=0.5120 rho_w=0.0176 F_S=0.0000e+00
[   78500/80400] phase=train_W                E_S=1.7297e+00 E_S'=2.0237e+00 E_S(W)=1.3057e+00 rho_W=0.5120 rho_w=0.0176 F_S=0.0000e+00
[   79000/80400] phase=train_W                E_S=1.7296e+00 E_S'=2.0236e+00 E_S(W)=1.3056e+00 rho_W=0.5120 rho_w=0.0176 F_S=0.0000e+00
[   79500/80400] phase=train_W                E_S=1.7295e+00 E_S'=2.0235e+00 E_S(W)=1.3055e+00 rho_W=0.5121 rho_w=0.0176 F_S=0.0000e+00
[   80000/80400] phase=train_W                E_S=1.7294e+00 E_S'=2.0234e+00 E_S(W)=1.3053e+00 rho_W=0.5121 rho_w=0.0176 F_S=0.0000e+00
[   80400/80400] phase=train_W                E_S=1.7293e+00 E_S'=2.0233e+00 E_S(W)=1.3052e+00 rho_W=0.5121 rho_w=0.0176 F_S=0.0000e+00

Training complete.
Results saved to: results/training_dynamics/w_then_W/d200_T5_ks1_k1_a2_ap2_lrW0p001_lrw0p001_seed0
Elapsed time: 355.31 s
