Experiment: joint
Job: 3174138_0
Node: i08
Creating fixed test sets: 2000 samples/task on cuda...
[       0/40200] phase=initial                E_S=1.7476e+00 E_S'=2.0430e+00 E_S(W)=1.3238e+00 rho_W=0.5066 rho_w=0.0177 F_S=0.0000e+00
[     500/40200] phase=joint                  E_S=1.7445e+00 E_S'=2.0402e+00 E_S(W)=1.3237e+00 rho_W=0.5067 rho_w=0.0176 F_S=0.0000e+00
[    1000/40200] phase=joint                  E_S=1.7419e+00 E_S'=2.0379e+00 E_S(W)=1.3235e+00 rho_W=0.5067 rho_w=0.0177 F_S=0.0000e+00
[    1500/40200] phase=joint                  E_S=1.7392e+00 E_S'=2.0354e+00 E_S(W)=1.3234e+00 rho_W=0.5067 rho_w=0.0177 F_S=0.0000e+00
[    2000/40200] phase=joint                  E_S=1.7364e+00 E_S'=2.0328e+00 E_S(W)=1.3233e+00 rho_W=0.5068 rho_w=0.0177 F_S=0.0000e+00
[    2500/40200] phase=joint                  E_S=1.7338e+00 E_S'=2.0303e+00 E_S(W)=1.3232e+00 rho_W=0.5068 rho_w=0.0177 F_S=0.0000e+00
[    3000/40200] phase=joint                  E_S=1.7312e+00 E_S'=2.0280e+00 E_S(W)=1.3231e+00 rho_W=0.5068 rho_w=0.0177 F_S=0.0000e+00
[    3500/40200] phase=joint                  E_S=1.7285e+00 E_S'=2.0255e+00 E_S(W)=1.3230e+00 rho_W=0.5069 rho_w=0.0178 F_S=0.0000e+00
[    4000/40200] phase=joint                  E_S=1.7258e+00 E_S'=2.0230e+00 E_S(W)=1.3228e+00 rho_W=0.5069 rho_w=0.0180 F_S=0.0000e+00
[    4500/40200] phase=joint                  E_S=1.7231e+00 E_S'=2.0205e+00 E_S(W)=1.3227e+00 rho_W=0.5069 rho_w=0.0178 F_S=0.0000e+00
[    5000/40200] phase=joint                  E_S=1.7205e+00 E_S'=2.0182e+00 E_S(W)=1.3226e+00 rho_W=0.5070 rho_w=0.0176 F_S=0.0000e+00
[    5500/40200] phase=joint                  E_S=1.7180e+00 E_S'=2.0158e+00 E_S(W)=1.3225e+00 rho_W=0.5070 rho_w=0.0177 F_S=0.0000e+00
[    6000/40200] phase=joint                  E_S=1.7152e+00 E_S'=2.0133e+00 E_S(W)=1.3224e+00 rho_W=0.5070 rho_w=0.0177 F_S=0.0000e+00
[    6500/40200] phase=joint                  E_S=1.7127e+00 E_S'=2.0108e+00 E_S(W)=1.3223e+00 rho_W=0.5071 rho_w=0.0177 F_S=0.0000e+00
[    7000/40200] phase=joint                  E_S=1.7101e+00 E_S'=2.0085e+00 E_S(W)=1.3221e+00 rho_W=0.5071 rho_w=0.0177 F_S=0.0000e+00
[    7500/40200] phase=joint                  E_S=1.7075e+00 E_S'=2.0062e+00 E_S(W)=1.3220e+00 rho_W=0.5071 rho_w=0.0175 F_S=0.0000e+00
[    8000/40200] phase=joint                  E_S=1.7049e+00 E_S'=2.0038e+00 E_S(W)=1.3219e+00 rho_W=0.5072 rho_w=0.0175 F_S=0.0000e+00
[    8500/40200] phase=joint                  E_S=1.7024e+00 E_S'=2.0015e+00 E_S(W)=1.3218e+00 rho_W=0.5072 rho_w=0.0176 F_S=0.0000e+00
[    9000/40200] phase=joint                  E_S=1.6999e+00 E_S'=1.9993e+00 E_S(W)=1.3216e+00 rho_W=0.5072 rho_w=0.0177 F_S=0.0000e+00
[    9500/40200] phase=joint                  E_S=1.6975e+00 E_S'=1.9970e+00 E_S(W)=1.3215e+00 rho_W=0.5073 rho_w=0.0176 F_S=0.0000e+00
[   10000/40200] phase=joint                  E_S=1.6949e+00 E_S'=1.9947e+00 E_S(W)=1.3214e+00 rho_W=0.5073 rho_w=0.0176 F_S=0.0000e+00
[   10500/40200] phase=joint                  E_S=1.6924e+00 E_S'=1.9924e+00 E_S(W)=1.3213e+00 rho_W=0.5074 rho_w=0.0176 F_S=0.0000e+00
[   11000/40200] phase=joint                  E_S=1.6903e+00 E_S'=1.9904e+00 E_S(W)=1.3212e+00 rho_W=0.5074 rho_w=0.0176 F_S=0.0000e+00
[   11500/40200] phase=joint                  E_S=1.6878e+00 E_S'=1.9881e+00 E_S(W)=1.3210e+00 rho_W=0.5074 rho_w=0.0175 F_S=0.0000e+00
[   12000/40200] phase=joint                  E_S=1.6852e+00 E_S'=1.9857e+00 E_S(W)=1.3209e+00 rho_W=0.5075 rho_w=0.0176 F_S=0.0000e+00
[   12500/40200] phase=joint                  E_S=1.6827e+00 E_S'=1.9835e+00 E_S(W)=1.3208e+00 rho_W=0.5075 rho_w=0.0177 F_S=0.0000e+00
[   13000/40200] phase=joint                  E_S=1.6802e+00 E_S'=1.9813e+00 E_S(W)=1.3207e+00 rho_W=0.5075 rho_w=0.0176 F_S=0.0000e+00
[   13500/40200] phase=joint                  E_S=1.6777e+00 E_S'=1.9789e+00 E_S(W)=1.3206e+00 rho_W=0.5076 rho_w=0.0177 F_S=0.0000e+00
[   14000/40200] phase=joint                  E_S=1.6753e+00 E_S'=1.9767e+00 E_S(W)=1.3204e+00 rho_W=0.5076 rho_w=0.0176 F_S=0.0000e+00
[   14500/40200] phase=joint                  E_S=1.6730e+00 E_S'=1.9746e+00 E_S(W)=1.3203e+00 rho_W=0.5076 rho_w=0.0176 F_S=0.0000e+00
[   15000/40200] phase=joint                  E_S=1.6707e+00 E_S'=1.9724e+00 E_S(W)=1.3202e+00 rho_W=0.5077 rho_w=0.0177 F_S=0.0000e+00
[   15500/40200] phase=joint                  E_S=1.6681e+00 E_S'=1.9702e+00 E_S(W)=1.3201e+00 rho_W=0.5077 rho_w=0.0176 F_S=0.0000e+00
[   16000/40200] phase=joint                  E_S=1.6655e+00 E_S'=1.9678e+00 E_S(W)=1.3200e+00 rho_W=0.5077 rho_w=0.0176 F_S=0.0000e+00
[   16500/40200] phase=joint                  E_S=1.6631e+00 E_S'=1.9655e+00 E_S(W)=1.3198e+00 rho_W=0.5078 rho_w=0.0177 F_S=0.0000e+00
[   17000/40200] phase=joint                  E_S=1.6608e+00 E_S'=1.9634e+00 E_S(W)=1.3197e+00 rho_W=0.5078 rho_w=0.0175 F_S=0.0000e+00
[   17500/40200] phase=joint                  E_S=1.6586e+00 E_S'=1.9613e+00 E_S(W)=1.3196e+00 rho_W=0.5078 rho_w=0.0174 F_S=0.0000e+00
[   18000/40200] phase=joint                  E_S=1.6565e+00 E_S'=1.9594e+00 E_S(W)=1.3195e+00 rho_W=0.5079 rho_w=0.0173 F_S=0.0000e+00
[   18500/40200] phase=joint                  E_S=1.6541e+00 E_S'=1.9572e+00 E_S(W)=1.3193e+00 rho_W=0.5079 rho_w=0.0173 F_S=0.0000e+00
[   19000/40200] phase=joint                  E_S=1.6518e+00 E_S'=1.9551e+00 E_S(W)=1.3192e+00 rho_W=0.5080 rho_w=0.0173 F_S=0.0000e+00
[   19500/40200] phase=joint                  E_S=1.6495e+00 E_S'=1.9530e+00 E_S(W)=1.3191e+00 rho_W=0.5080 rho_w=0.0172 F_S=0.0000e+00
[   20000/40200] phase=joint                  E_S=1.6473e+00 E_S'=1.9509e+00 E_S(W)=1.3190e+00 rho_W=0.5080 rho_w=0.0173 F_S=0.0000e+00
[   20500/40200] phase=joint                  E_S=1.6449e+00 E_S'=1.9488e+00 E_S(W)=1.3189e+00 rho_W=0.5081 rho_w=0.0173 F_S=0.0000e+00
[   21000/40200] phase=joint                  E_S=1.6427e+00 E_S'=1.9467e+00 E_S(W)=1.3187e+00 rho_W=0.5081 rho_w=0.0174 F_S=0.0000e+00
[   21500/40200] phase=joint                  E_S=1.6404e+00 E_S'=1.9445e+00 E_S(W)=1.3186e+00 rho_W=0.5081 rho_w=0.0174 F_S=0.0000e+00
[   22000/40200] phase=joint                  E_S=1.6383e+00 E_S'=1.9426e+00 E_S(W)=1.3185e+00 rho_W=0.5082 rho_w=0.0175 F_S=0.0000e+00
[   22500/40200] phase=joint                  E_S=1.6360e+00 E_S'=1.9405e+00 E_S(W)=1.3184e+00 rho_W=0.5082 rho_w=0.0174 F_S=0.0000e+00
[   23000/40200] phase=joint                  E_S=1.6340e+00 E_S'=1.9386e+00 E_S(W)=1.3182e+00 rho_W=0.5082 rho_w=0.0174 F_S=0.0000e+00
[   23500/40200] phase=joint                  E_S=1.6319e+00 E_S'=1.9366e+00 E_S(W)=1.3181e+00 rho_W=0.5083 rho_w=0.0174 F_S=0.0000e+00
[   24000/40200] phase=joint                  E_S=1.6297e+00 E_S'=1.9347e+00 E_S(W)=1.3180e+00 rho_W=0.5083 rho_w=0.0174 F_S=0.0000e+00
[   24500/40200] phase=joint                  E_S=1.6275e+00 E_S'=1.9326e+00 E_S(W)=1.3179e+00 rho_W=0.5083 rho_w=0.0173 F_S=0.0000e+00
[   25000/40200] phase=joint                  E_S=1.6252e+00 E_S'=1.9305e+00 E_S(W)=1.3177e+00 rho_W=0.5084 rho_w=0.0173 F_S=0.0000e+00
[   25500/40200] phase=joint                  E_S=1.6231e+00 E_S'=1.9285e+00 E_S(W)=1.3176e+00 rho_W=0.5084 rho_w=0.0174 F_S=0.0000e+00
[   26000/40200] phase=joint                  E_S=1.6209e+00 E_S'=1.9264e+00 E_S(W)=1.3175e+00 rho_W=0.5085 rho_w=0.0174 F_S=0.0000e+00
[   26500/40200] phase=joint                  E_S=1.6188e+00 E_S'=1.9245e+00 E_S(W)=1.3174e+00 rho_W=0.5085 rho_w=0.0175 F_S=0.0000e+00
[   27000/40200] phase=joint                  E_S=1.6165e+00 E_S'=1.9224e+00 E_S(W)=1.3172e+00 rho_W=0.5085 rho_w=0.0175 F_S=0.0000e+00
[   27500/40200] phase=joint                  E_S=1.6141e+00 E_S'=1.9202e+00 E_S(W)=1.3171e+00 rho_W=0.5086 rho_w=0.0174 F_S=0.0000e+00
[   28000/40200] phase=joint                  E_S=1.6120e+00 E_S'=1.9182e+00 E_S(W)=1.3170e+00 rho_W=0.5086 rho_w=0.0174 F_S=0.0000e+00
[   28500/40200] phase=joint                  E_S=1.6099e+00 E_S'=1.9163e+00 E_S(W)=1.3169e+00 rho_W=0.5086 rho_w=0.0175 F_S=0.0000e+00
[   29000/40200] phase=joint                  E_S=1.6079e+00 E_S'=1.9144e+00 E_S(W)=1.3168e+00 rho_W=0.5087 rho_w=0.0175 F_S=0.0000e+00
[   29500/40200] phase=joint                  E_S=1.6059e+00 E_S'=1.9125e+00 E_S(W)=1.3166e+00 rho_W=0.5087 rho_w=0.0176 F_S=0.0000e+00
[   30000/40200] phase=joint                  E_S=1.6037e+00 E_S'=1.9105e+00 E_S(W)=1.3165e+00 rho_W=0.5087 rho_w=0.0176 F_S=0.0000e+00
[   30500/40200] phase=joint                  E_S=1.6016e+00 E_S'=1.9085e+00 E_S(W)=1.3164e+00 rho_W=0.5088 rho_w=0.0176 F_S=0.0000e+00
[   31000/40200] phase=joint                  E_S=1.5996e+00 E_S'=1.9066e+00 E_S(W)=1.3162e+00 rho_W=0.5088 rho_w=0.0176 F_S=0.0000e+00
[   31500/40200] phase=joint                  E_S=1.5977e+00 E_S'=1.9049e+00 E_S(W)=1.3161e+00 rho_W=0.5089 rho_w=0.0175 F_S=0.0000e+00
[   32000/40200] phase=joint                  E_S=1.5958e+00 E_S'=1.9032e+00 E_S(W)=1.3160e+00 rho_W=0.5089 rho_w=0.0174 F_S=0.0000e+00
[   32500/40200] phase=joint                  E_S=1.5939e+00 E_S'=1.9014e+00 E_S(W)=1.3158e+00 rho_W=0.5089 rho_w=0.0175 F_S=0.0000e+00
[   33000/40200] phase=joint                  E_S=1.5920e+00 E_S'=1.8995e+00 E_S(W)=1.3157e+00 rho_W=0.5090 rho_w=0.0175 F_S=0.0000e+00
[   33500/40200] phase=joint                  E_S=1.5901e+00 E_S'=1.8977e+00 E_S(W)=1.3156e+00 rho_W=0.5090 rho_w=0.0175 F_S=0.0000e+00
[   34000/40200] phase=joint                  E_S=1.5884e+00 E_S'=1.8961e+00 E_S(W)=1.3154e+00 rho_W=0.5090 rho_w=0.0175 F_S=0.0000e+00
[   34500/40200] phase=joint                  E_S=1.5864e+00 E_S'=1.8943e+00 E_S(W)=1.3153e+00 rho_W=0.5091 rho_w=0.0175 F_S=0.0000e+00
[   35000/40200] phase=joint                  E_S=1.5846e+00 E_S'=1.8926e+00 E_S(W)=1.3152e+00 rho_W=0.5091 rho_w=0.0176 F_S=0.0000e+00
[   35500/40200] phase=joint                  E_S=1.5827e+00 E_S'=1.8909e+00 E_S(W)=1.3151e+00 rho_W=0.5092 rho_w=0.0175 F_S=0.0000e+00
[   36000/40200] phase=joint                  E_S=1.5808e+00 E_S'=1.8891e+00 E_S(W)=1.3150e+00 rho_W=0.5092 rho_w=0.0176 F_S=0.0000e+00
[   36500/40200] phase=joint                  E_S=1.5788e+00 E_S'=1.8872e+00 E_S(W)=1.3148e+00 rho_W=0.5092 rho_w=0.0178 F_S=0.0000e+00
[   37000/40200] phase=joint                  E_S=1.5771e+00 E_S'=1.8857e+00 E_S(W)=1.3147e+00 rho_W=0.5093 rho_w=0.0177 F_S=0.0000e+00
[   37500/40200] phase=joint                  E_S=1.5752e+00 E_S'=1.8840e+00 E_S(W)=1.3145e+00 rho_W=0.5093 rho_w=0.0177 F_S=0.0000e+00
[   38000/40200] phase=joint                  E_S=1.5732e+00 E_S'=1.8822e+00 E_S(W)=1.3144e+00 rho_W=0.5093 rho_w=0.0178 F_S=0.0000e+00
[   38500/40200] phase=joint                  E_S=1.5713e+00 E_S'=1.8804e+00 E_S(W)=1.3143e+00 rho_W=0.5094 rho_w=0.0178 F_S=0.0000e+00
[   39000/40200] phase=joint                  E_S=1.5694e+00 E_S'=1.8787e+00 E_S(W)=1.3142e+00 rho_W=0.5094 rho_w=0.0178 F_S=0.0000e+00
[   39500/40200] phase=joint                  E_S=1.5675e+00 E_S'=1.8769e+00 E_S(W)=1.3140e+00 rho_W=0.5094 rho_w=0.0179 F_S=0.0000e+00
[   40000/40200] phase=joint                  E_S=1.5658e+00 E_S'=1.8754e+00 E_S(W)=1.3139e+00 rho_W=0.5095 rho_w=0.0179 F_S=0.0000e+00
[   40200/40200] phase=joint                  E_S=1.5651e+00 E_S'=1.8747e+00 E_S(W)=1.3139e+00 rho_W=0.5095 rho_w=0.0179 F_S=0.0000e+00

Training complete.
Results saved to: results/training_dynamics/joint/d200_T5_ks1_k1_a1_ap1_lrW0p001_lrw0p001_seed0
Elapsed time: 203.50 s
