Experiment: joint
Job: 3170718_0
Node: i07
Creating fixed test sets: 2000 samples/task on cuda...
[       0/80400] phase=initial                E_S=1.7476e+00 E_S'=2.0430e+00 E_S(W)=1.3238e+00 rho_W=0.5066 rho_w=0.0177 F_S=0.0000e+00
[     500/80400] phase=joint                  E_S=1.7445e+00 E_S'=2.0402e+00 E_S(W)=1.3237e+00 rho_W=0.5067 rho_w=0.0176 F_S=0.0000e+00
[    1000/80400] phase=joint                  E_S=1.7419e+00 E_S'=2.0379e+00 E_S(W)=1.3235e+00 rho_W=0.5067 rho_w=0.0177 F_S=0.0000e+00
[    1500/80400] phase=joint                  E_S=1.7392e+00 E_S'=2.0354e+00 E_S(W)=1.3234e+00 rho_W=0.5067 rho_w=0.0177 F_S=0.0000e+00
[    2000/80400] phase=joint                  E_S=1.7364e+00 E_S'=2.0328e+00 E_S(W)=1.3233e+00 rho_W=0.5068 rho_w=0.0177 F_S=0.0000e+00
[    2500/80400] phase=joint                  E_S=1.7338e+00 E_S'=2.0303e+00 E_S(W)=1.3232e+00 rho_W=0.5068 rho_w=0.0177 F_S=0.0000e+00
[    3000/80400] phase=joint                  E_S=1.7312e+00 E_S'=2.0280e+00 E_S(W)=1.3231e+00 rho_W=0.5068 rho_w=0.0177 F_S=0.0000e+00
[    3500/80400] phase=joint                  E_S=1.7285e+00 E_S'=2.0255e+00 E_S(W)=1.3230e+00 rho_W=0.5069 rho_w=0.0178 F_S=0.0000e+00
[    4000/80400] phase=joint                  E_S=1.7258e+00 E_S'=2.0230e+00 E_S(W)=1.3228e+00 rho_W=0.5069 rho_w=0.0180 F_S=0.0000e+00
[    4500/80400] phase=joint                  E_S=1.7231e+00 E_S'=2.0205e+00 E_S(W)=1.3227e+00 rho_W=0.5069 rho_w=0.0178 F_S=0.0000e+00
[    5000/80400] phase=joint                  E_S=1.7205e+00 E_S'=2.0182e+00 E_S(W)=1.3226e+00 rho_W=0.5070 rho_w=0.0176 F_S=0.0000e+00
[    5500/80400] phase=joint                  E_S=1.7180e+00 E_S'=2.0158e+00 E_S(W)=1.3225e+00 rho_W=0.5070 rho_w=0.0177 F_S=0.0000e+00
[    6000/80400] phase=joint                  E_S=1.7152e+00 E_S'=2.0133e+00 E_S(W)=1.3224e+00 rho_W=0.5070 rho_w=0.0177 F_S=0.0000e+00
[    6500/80400] phase=joint                  E_S=1.7127e+00 E_S'=2.0108e+00 E_S(W)=1.3223e+00 rho_W=0.5071 rho_w=0.0177 F_S=0.0000e+00
[    7000/80400] phase=joint                  E_S=1.7101e+00 E_S'=2.0085e+00 E_S(W)=1.3221e+00 rho_W=0.5071 rho_w=0.0177 F_S=0.0000e+00
[    7500/80400] phase=joint                  E_S=1.7075e+00 E_S'=2.0062e+00 E_S(W)=1.3220e+00 rho_W=0.5071 rho_w=0.0175 F_S=0.0000e+00
[    8000/80400] phase=joint                  E_S=1.7049e+00 E_S'=2.0038e+00 E_S(W)=1.3219e+00 rho_W=0.5072 rho_w=0.0175 F_S=0.0000e+00
[    8500/80400] phase=joint                  E_S=1.7024e+00 E_S'=2.0015e+00 E_S(W)=1.3218e+00 rho_W=0.5072 rho_w=0.0176 F_S=0.0000e+00
[    9000/80400] phase=joint                  E_S=1.6999e+00 E_S'=1.9993e+00 E_S(W)=1.3216e+00 rho_W=0.5072 rho_w=0.0177 F_S=0.0000e+00
[    9500/80400] phase=joint                  E_S=1.6975e+00 E_S'=1.9970e+00 E_S(W)=1.3215e+00 rho_W=0.5073 rho_w=0.0176 F_S=0.0000e+00
[   10000/80400] phase=joint                  E_S=1.6949e+00 E_S'=1.9947e+00 E_S(W)=1.3214e+00 rho_W=0.5073 rho_w=0.0176 F_S=0.0000e+00
[   10500/80400] phase=joint                  E_S=1.6924e+00 E_S'=1.9924e+00 E_S(W)=1.3213e+00 rho_W=0.5074 rho_w=0.0176 F_S=0.0000e+00
[   11000/80400] phase=joint                  E_S=1.6903e+00 E_S'=1.9904e+00 E_S(W)=1.3212e+00 rho_W=0.5074 rho_w=0.0176 F_S=0.0000e+00
[   11500/80400] phase=joint                  E_S=1.6878e+00 E_S'=1.9881e+00 E_S(W)=1.3210e+00 rho_W=0.5074 rho_w=0.0175 F_S=0.0000e+00
[   12000/80400] phase=joint                  E_S=1.6852e+00 E_S'=1.9857e+00 E_S(W)=1.3209e+00 rho_W=0.5075 rho_w=0.0176 F_S=0.0000e+00
[   12500/80400] phase=joint                  E_S=1.6827e+00 E_S'=1.9835e+00 E_S(W)=1.3208e+00 rho_W=0.5075 rho_w=0.0177 F_S=0.0000e+00
[   13000/80400] phase=joint                  E_S=1.6802e+00 E_S'=1.9813e+00 E_S(W)=1.3207e+00 rho_W=0.5075 rho_w=0.0176 F_S=0.0000e+00
[   13500/80400] phase=joint                  E_S=1.6777e+00 E_S'=1.9789e+00 E_S(W)=1.3206e+00 rho_W=0.5076 rho_w=0.0177 F_S=0.0000e+00
[   14000/80400] phase=joint                  E_S=1.6753e+00 E_S'=1.9767e+00 E_S(W)=1.3204e+00 rho_W=0.5076 rho_w=0.0176 F_S=0.0000e+00
[   14500/80400] phase=joint                  E_S=1.6730e+00 E_S'=1.9746e+00 E_S(W)=1.3203e+00 rho_W=0.5076 rho_w=0.0176 F_S=0.0000e+00
[   15000/80400] phase=joint                  E_S=1.6707e+00 E_S'=1.9724e+00 E_S(W)=1.3202e+00 rho_W=0.5077 rho_w=0.0177 F_S=0.0000e+00
[   15500/80400] phase=joint                  E_S=1.6681e+00 E_S'=1.9702e+00 E_S(W)=1.3201e+00 rho_W=0.5077 rho_w=0.0176 F_S=0.0000e+00
[   16000/80400] phase=joint                  E_S=1.6655e+00 E_S'=1.9678e+00 E_S(W)=1.3200e+00 rho_W=0.5077 rho_w=0.0176 F_S=0.0000e+00
[   16500/80400] phase=joint                  E_S=1.6631e+00 E_S'=1.9655e+00 E_S(W)=1.3198e+00 rho_W=0.5078 rho_w=0.0177 F_S=0.0000e+00
[   17000/80400] phase=joint                  E_S=1.6608e+00 E_S'=1.9634e+00 E_S(W)=1.3197e+00 rho_W=0.5078 rho_w=0.0175 F_S=0.0000e+00
[   17500/80400] phase=joint                  E_S=1.6586e+00 E_S'=1.9613e+00 E_S(W)=1.3196e+00 rho_W=0.5078 rho_w=0.0174 F_S=0.0000e+00
[   18000/80400] phase=joint                  E_S=1.6565e+00 E_S'=1.9594e+00 E_S(W)=1.3195e+00 rho_W=0.5079 rho_w=0.0173 F_S=0.0000e+00
[   18500/80400] phase=joint                  E_S=1.6541e+00 E_S'=1.9572e+00 E_S(W)=1.3193e+00 rho_W=0.5079 rho_w=0.0173 F_S=0.0000e+00
[   19000/80400] phase=joint                  E_S=1.6518e+00 E_S'=1.9551e+00 E_S(W)=1.3192e+00 rho_W=0.5080 rho_w=0.0173 F_S=0.0000e+00
[   19500/80400] phase=joint                  E_S=1.6495e+00 E_S'=1.9530e+00 E_S(W)=1.3191e+00 rho_W=0.5080 rho_w=0.0172 F_S=0.0000e+00
[   20000/80400] phase=joint                  E_S=1.6473e+00 E_S'=1.9509e+00 E_S(W)=1.3190e+00 rho_W=0.5080 rho_w=0.0173 F_S=0.0000e+00
[   20500/80400] phase=joint                  E_S=1.6449e+00 E_S'=1.9488e+00 E_S(W)=1.3189e+00 rho_W=0.5081 rho_w=0.0173 F_S=0.0000e+00
[   21000/80400] phase=joint                  E_S=1.6427e+00 E_S'=1.9467e+00 E_S(W)=1.3187e+00 rho_W=0.5081 rho_w=0.0174 F_S=0.0000e+00
[   21500/80400] phase=joint                  E_S=1.6404e+00 E_S'=1.9445e+00 E_S(W)=1.3186e+00 rho_W=0.5081 rho_w=0.0174 F_S=0.0000e+00
[   22000/80400] phase=joint                  E_S=1.6383e+00 E_S'=1.9426e+00 E_S(W)=1.3185e+00 rho_W=0.5082 rho_w=0.0175 F_S=0.0000e+00
[   22500/80400] phase=joint                  E_S=1.6360e+00 E_S'=1.9405e+00 E_S(W)=1.3184e+00 rho_W=0.5082 rho_w=0.0174 F_S=0.0000e+00
[   23000/80400] phase=joint                  E_S=1.6340e+00 E_S'=1.9386e+00 E_S(W)=1.3182e+00 rho_W=0.5082 rho_w=0.0174 F_S=0.0000e+00
[   23500/80400] phase=joint                  E_S=1.6319e+00 E_S'=1.9366e+00 E_S(W)=1.3181e+00 rho_W=0.5083 rho_w=0.0174 F_S=0.0000e+00
[   24000/80400] phase=joint                  E_S=1.6297e+00 E_S'=1.9347e+00 E_S(W)=1.3180e+00 rho_W=0.5083 rho_w=0.0174 F_S=0.0000e+00
[   24500/80400] phase=joint                  E_S=1.6275e+00 E_S'=1.9326e+00 E_S(W)=1.3179e+00 rho_W=0.5083 rho_w=0.0173 F_S=0.0000e+00
[   25000/80400] phase=joint                  E_S=1.6252e+00 E_S'=1.9305e+00 E_S(W)=1.3177e+00 rho_W=0.5084 rho_w=0.0173 F_S=0.0000e+00
[   25500/80400] phase=joint                  E_S=1.6231e+00 E_S'=1.9285e+00 E_S(W)=1.3176e+00 rho_W=0.5084 rho_w=0.0174 F_S=0.0000e+00
[   26000/80400] phase=joint                  E_S=1.6209e+00 E_S'=1.9264e+00 E_S(W)=1.3175e+00 rho_W=0.5085 rho_w=0.0174 F_S=0.0000e+00
[   26500/80400] phase=joint                  E_S=1.6188e+00 E_S'=1.9245e+00 E_S(W)=1.3174e+00 rho_W=0.5085 rho_w=0.0175 F_S=0.0000e+00
[   27000/80400] phase=joint                  E_S=1.6165e+00 E_S'=1.9224e+00 E_S(W)=1.3172e+00 rho_W=0.5085 rho_w=0.0175 F_S=0.0000e+00
[   27500/80400] phase=joint                  E_S=1.6141e+00 E_S'=1.9202e+00 E_S(W)=1.3171e+00 rho_W=0.5086 rho_w=0.0174 F_S=0.0000e+00
[   28000/80400] phase=joint                  E_S=1.6120e+00 E_S'=1.9182e+00 E_S(W)=1.3170e+00 rho_W=0.5086 rho_w=0.0174 F_S=0.0000e+00
[   28500/80400] phase=joint                  E_S=1.6099e+00 E_S'=1.9163e+00 E_S(W)=1.3169e+00 rho_W=0.5086 rho_w=0.0175 F_S=0.0000e+00
[   29000/80400] phase=joint                  E_S=1.6079e+00 E_S'=1.9144e+00 E_S(W)=1.3168e+00 rho_W=0.5087 rho_w=0.0175 F_S=0.0000e+00
[   29500/80400] phase=joint                  E_S=1.6059e+00 E_S'=1.9125e+00 E_S(W)=1.3166e+00 rho_W=0.5087 rho_w=0.0176 F_S=0.0000e+00
[   30000/80400] phase=joint                  E_S=1.6037e+00 E_S'=1.9105e+00 E_S(W)=1.3165e+00 rho_W=0.5087 rho_w=0.0176 F_S=0.0000e+00
[   30500/80400] phase=joint                  E_S=1.6016e+00 E_S'=1.9085e+00 E_S(W)=1.3164e+00 rho_W=0.5088 rho_w=0.0176 F_S=0.0000e+00
[   31000/80400] phase=joint                  E_S=1.5996e+00 E_S'=1.9066e+00 E_S(W)=1.3162e+00 rho_W=0.5088 rho_w=0.0176 F_S=0.0000e+00
[   31500/80400] phase=joint                  E_S=1.5977e+00 E_S'=1.9049e+00 E_S(W)=1.3161e+00 rho_W=0.5089 rho_w=0.0175 F_S=0.0000e+00
[   32000/80400] phase=joint                  E_S=1.5958e+00 E_S'=1.9032e+00 E_S(W)=1.3160e+00 rho_W=0.5089 rho_w=0.0174 F_S=0.0000e+00
[   32500/80400] phase=joint                  E_S=1.5939e+00 E_S'=1.9014e+00 E_S(W)=1.3158e+00 rho_W=0.5089 rho_w=0.0175 F_S=0.0000e+00
[   33000/80400] phase=joint                  E_S=1.5920e+00 E_S'=1.8995e+00 E_S(W)=1.3157e+00 rho_W=0.5090 rho_w=0.0175 F_S=0.0000e+00
[   33500/80400] phase=joint                  E_S=1.5901e+00 E_S'=1.8977e+00 E_S(W)=1.3156e+00 rho_W=0.5090 rho_w=0.0175 F_S=0.0000e+00
[   34000/80400] phase=joint                  E_S=1.5884e+00 E_S'=1.8961e+00 E_S(W)=1.3154e+00 rho_W=0.5090 rho_w=0.0175 F_S=0.0000e+00
[   34500/80400] phase=joint                  E_S=1.5864e+00 E_S'=1.8943e+00 E_S(W)=1.3153e+00 rho_W=0.5091 rho_w=0.0175 F_S=0.0000e+00
[   35000/80400] phase=joint                  E_S=1.5846e+00 E_S'=1.8926e+00 E_S(W)=1.3152e+00 rho_W=0.5091 rho_w=0.0176 F_S=0.0000e+00
[   35500/80400] phase=joint                  E_S=1.5827e+00 E_S'=1.8909e+00 E_S(W)=1.3151e+00 rho_W=0.5092 rho_w=0.0175 F_S=0.0000e+00
[   36000/80400] phase=joint                  E_S=1.5808e+00 E_S'=1.8891e+00 E_S(W)=1.3150e+00 rho_W=0.5092 rho_w=0.0176 F_S=0.0000e+00
[   36500/80400] phase=joint                  E_S=1.5788e+00 E_S'=1.8872e+00 E_S(W)=1.3148e+00 rho_W=0.5092 rho_w=0.0178 F_S=0.0000e+00
[   37000/80400] phase=joint                  E_S=1.5771e+00 E_S'=1.8857e+00 E_S(W)=1.3147e+00 rho_W=0.5093 rho_w=0.0177 F_S=0.0000e+00
[   37500/80400] phase=joint                  E_S=1.5752e+00 E_S'=1.8840e+00 E_S(W)=1.3145e+00 rho_W=0.5093 rho_w=0.0177 F_S=0.0000e+00
[   38000/80400] phase=joint                  E_S=1.5732e+00 E_S'=1.8822e+00 E_S(W)=1.3144e+00 rho_W=0.5093 rho_w=0.0178 F_S=0.0000e+00
[   38500/80400] phase=joint                  E_S=1.5713e+00 E_S'=1.8804e+00 E_S(W)=1.3143e+00 rho_W=0.5094 rho_w=0.0178 F_S=0.0000e+00
[   39000/80400] phase=joint                  E_S=1.5694e+00 E_S'=1.8787e+00 E_S(W)=1.3142e+00 rho_W=0.5094 rho_w=0.0178 F_S=0.0000e+00
[   39500/80400] phase=joint                  E_S=1.5675e+00 E_S'=1.8769e+00 E_S(W)=1.3140e+00 rho_W=0.5094 rho_w=0.0179 F_S=0.0000e+00
[   40000/80400] phase=joint                  E_S=1.5658e+00 E_S'=1.8754e+00 E_S(W)=1.3139e+00 rho_W=0.5095 rho_w=0.0179 F_S=0.0000e+00
[   40500/80400] phase=joint                  E_S=1.5639e+00 E_S'=1.8736e+00 E_S(W)=1.3138e+00 rho_W=0.5095 rho_w=0.0179 F_S=0.0000e+00
[   41000/80400] phase=joint                  E_S=1.5621e+00 E_S'=1.8720e+00 E_S(W)=1.3137e+00 rho_W=0.5096 rho_w=0.0179 F_S=0.0000e+00
[   41500/80400] phase=joint                  E_S=1.5604e+00 E_S'=1.8703e+00 E_S(W)=1.3135e+00 rho_W=0.5096 rho_w=0.0179 F_S=0.0000e+00
[   42000/80400] phase=joint                  E_S=1.5586e+00 E_S'=1.8686e+00 E_S(W)=1.3134e+00 rho_W=0.5096 rho_w=0.0180 F_S=0.0000e+00
[   42500/80400] phase=joint                  E_S=1.5570e+00 E_S'=1.8671e+00 E_S(W)=1.3133e+00 rho_W=0.5097 rho_w=0.0179 F_S=0.0000e+00
[   43000/80400] phase=joint                  E_S=1.5554e+00 E_S'=1.8656e+00 E_S(W)=1.3131e+00 rho_W=0.5097 rho_w=0.0179 F_S=0.0000e+00
[   43500/80400] phase=joint                  E_S=1.5538e+00 E_S'=1.8641e+00 E_S(W)=1.3130e+00 rho_W=0.5097 rho_w=0.0179 F_S=0.0000e+00
[   44000/80400] phase=joint                  E_S=1.5521e+00 E_S'=1.8625e+00 E_S(W)=1.3129e+00 rho_W=0.5098 rho_w=0.0178 F_S=0.0000e+00
[   44500/80400] phase=joint                  E_S=1.5507e+00 E_S'=1.8611e+00 E_S(W)=1.3128e+00 rho_W=0.5098 rho_w=0.0180 F_S=0.0000e+00
[   45000/80400] phase=joint                  E_S=1.5490e+00 E_S'=1.8594e+00 E_S(W)=1.3126e+00 rho_W=0.5098 rho_w=0.0180 F_S=0.0000e+00
[   45500/80400] phase=joint                  E_S=1.5473e+00 E_S'=1.8578e+00 E_S(W)=1.3125e+00 rho_W=0.5099 rho_w=0.0182 F_S=0.0000e+00
[   46000/80400] phase=joint                  E_S=1.5456e+00 E_S'=1.8562e+00 E_S(W)=1.3124e+00 rho_W=0.5099 rho_w=0.0182 F_S=0.0000e+00
[   46500/80400] phase=joint                  E_S=1.5439e+00 E_S'=1.8546e+00 E_S(W)=1.3122e+00 rho_W=0.5100 rho_w=0.0182 F_S=0.0000e+00
[   47000/80400] phase=joint                  E_S=1.5425e+00 E_S'=1.8532e+00 E_S(W)=1.3121e+00 rho_W=0.5100 rho_w=0.0183 F_S=0.0000e+00
[   47500/80400] phase=joint                  E_S=1.5407e+00 E_S'=1.8516e+00 E_S(W)=1.3120e+00 rho_W=0.5100 rho_w=0.0182 F_S=0.0000e+00
[   48000/80400] phase=joint                  E_S=1.5391e+00 E_S'=1.8500e+00 E_S(W)=1.3119e+00 rho_W=0.5101 rho_w=0.0182 F_S=0.0000e+00
[   48500/80400] phase=joint                  E_S=1.5375e+00 E_S'=1.8486e+00 E_S(W)=1.3117e+00 rho_W=0.5101 rho_w=0.0182 F_S=0.0000e+00
[   49000/80400] phase=joint                  E_S=1.5358e+00 E_S'=1.8470e+00 E_S(W)=1.3116e+00 rho_W=0.5101 rho_w=0.0182 F_S=0.0000e+00
[   49500/80400] phase=joint                  E_S=1.5341e+00 E_S'=1.8454e+00 E_S(W)=1.3115e+00 rho_W=0.5102 rho_w=0.0182 F_S=0.0000e+00
[   50000/80400] phase=joint                  E_S=1.5326e+00 E_S'=1.8439e+00 E_S(W)=1.3113e+00 rho_W=0.5102 rho_w=0.0183 F_S=0.0000e+00
[   50500/80400] phase=joint                  E_S=1.5310e+00 E_S'=1.8424e+00 E_S(W)=1.3112e+00 rho_W=0.5103 rho_w=0.0182 F_S=0.0000e+00
[   51000/80400] phase=joint                  E_S=1.5293e+00 E_S'=1.8408e+00 E_S(W)=1.3111e+00 rho_W=0.5103 rho_w=0.0181 F_S=0.0000e+00
[   51500/80400] phase=joint                  E_S=1.5276e+00 E_S'=1.8393e+00 E_S(W)=1.3109e+00 rho_W=0.5103 rho_w=0.0182 F_S=0.0000e+00
[   52000/80400] phase=joint                  E_S=1.5262e+00 E_S'=1.8380e+00 E_S(W)=1.3108e+00 rho_W=0.5104 rho_w=0.0183 F_S=0.0000e+00
[   52500/80400] phase=joint                  E_S=1.5246e+00 E_S'=1.8365e+00 E_S(W)=1.3107e+00 rho_W=0.5104 rho_w=0.0183 F_S=0.0000e+00
[   53000/80400] phase=joint                  E_S=1.5230e+00 E_S'=1.8350e+00 E_S(W)=1.3106e+00 rho_W=0.5104 rho_w=0.0182 F_S=0.0000e+00
[   53500/80400] phase=joint                  E_S=1.5217e+00 E_S'=1.8337e+00 E_S(W)=1.3104e+00 rho_W=0.5105 rho_w=0.0183 F_S=0.0000e+00
[   54000/80400] phase=joint                  E_S=1.5200e+00 E_S'=1.8322e+00 E_S(W)=1.3103e+00 rho_W=0.5105 rho_w=0.0183 F_S=0.0000e+00
[   54500/80400] phase=joint                  E_S=1.5185e+00 E_S'=1.8307e+00 E_S(W)=1.3101e+00 rho_W=0.5106 rho_w=0.0182 F_S=0.0000e+00
[   55000/80400] phase=joint                  E_S=1.5171e+00 E_S'=1.8294e+00 E_S(W)=1.3100e+00 rho_W=0.5106 rho_w=0.0181 F_S=0.0000e+00
[   55500/80400] phase=joint                  E_S=1.5156e+00 E_S'=1.8280e+00 E_S(W)=1.3099e+00 rho_W=0.5106 rho_w=0.0181 F_S=0.0000e+00
[   56000/80400] phase=joint                  E_S=1.5141e+00 E_S'=1.8266e+00 E_S(W)=1.3098e+00 rho_W=0.5107 rho_w=0.0182 F_S=0.0000e+00
[   56500/80400] phase=joint                  E_S=1.5126e+00 E_S'=1.8253e+00 E_S(W)=1.3096e+00 rho_W=0.5107 rho_w=0.0183 F_S=0.0000e+00
[   57000/80400] phase=joint                  E_S=1.5112e+00 E_S'=1.8240e+00 E_S(W)=1.3095e+00 rho_W=0.5107 rho_w=0.0182 F_S=0.0000e+00
[   57500/80400] phase=joint                  E_S=1.5099e+00 E_S'=1.8228e+00 E_S(W)=1.3094e+00 rho_W=0.5108 rho_w=0.0183 F_S=0.0000e+00
[   58000/80400] phase=joint                  E_S=1.5083e+00 E_S'=1.8214e+00 E_S(W)=1.3092e+00 rho_W=0.5108 rho_w=0.0184 F_S=0.0000e+00
[   58500/80400] phase=joint                  E_S=1.5067e+00 E_S'=1.8199e+00 E_S(W)=1.3091e+00 rho_W=0.5109 rho_w=0.0185 F_S=0.0000e+00
[   59000/80400] phase=joint                  E_S=1.5054e+00 E_S'=1.8187e+00 E_S(W)=1.3089e+00 rho_W=0.5109 rho_w=0.0186 F_S=0.0000e+00
[   59500/80400] phase=joint                  E_S=1.5040e+00 E_S'=1.8174e+00 E_S(W)=1.3088e+00 rho_W=0.5109 rho_w=0.0184 F_S=0.0000e+00
[   60000/80400] phase=joint                  E_S=1.5027e+00 E_S'=1.8162e+00 E_S(W)=1.3087e+00 rho_W=0.5110 rho_w=0.0182 F_S=0.0000e+00
[   60500/80400] phase=joint                  E_S=1.5013e+00 E_S'=1.8149e+00 E_S(W)=1.3086e+00 rho_W=0.5110 rho_w=0.0179 F_S=0.0000e+00
[   61000/80400] phase=joint                  E_S=1.5000e+00 E_S'=1.8137e+00 E_S(W)=1.3084e+00 rho_W=0.5110 rho_w=0.0177 F_S=0.0000e+00
[   61500/80400] phase=joint                  E_S=1.4987e+00 E_S'=1.8125e+00 E_S(W)=1.3083e+00 rho_W=0.5111 rho_w=0.0176 F_S=0.0000e+00
[   62000/80400] phase=joint                  E_S=1.4973e+00 E_S'=1.8112e+00 E_S(W)=1.3081e+00 rho_W=0.5111 rho_w=0.0176 F_S=0.0000e+00
[   62500/80400] phase=joint                  E_S=1.4959e+00 E_S'=1.8099e+00 E_S(W)=1.3080e+00 rho_W=0.5112 rho_w=0.0177 F_S=0.0000e+00
[   63000/80400] phase=joint                  E_S=1.4946e+00 E_S'=1.8086e+00 E_S(W)=1.3079e+00 rho_W=0.5112 rho_w=0.0177 F_S=0.0000e+00
[   63500/80400] phase=joint                  E_S=1.4932e+00 E_S'=1.8073e+00 E_S(W)=1.3077e+00 rho_W=0.5112 rho_w=0.0178 F_S=0.0000e+00
[   64000/80400] phase=joint                  E_S=1.4920e+00 E_S'=1.8062e+00 E_S(W)=1.3076e+00 rho_W=0.5113 rho_w=0.0177 F_S=0.0000e+00
[   64500/80400] phase=joint                  E_S=1.4906e+00 E_S'=1.8049e+00 E_S(W)=1.3075e+00 rho_W=0.5113 rho_w=0.0177 F_S=0.0000e+00
[   65000/80400] phase=joint                  E_S=1.4892e+00 E_S'=1.8036e+00 E_S(W)=1.3074e+00 rho_W=0.5113 rho_w=0.0177 F_S=0.0000e+00
[   65500/80400] phase=joint                  E_S=1.4878e+00 E_S'=1.8022e+00 E_S(W)=1.3072e+00 rho_W=0.5114 rho_w=0.0176 F_S=0.0000e+00
[   66000/80400] phase=joint                  E_S=1.4866e+00 E_S'=1.8011e+00 E_S(W)=1.3071e+00 rho_W=0.5114 rho_w=0.0176 F_S=0.0000e+00
[   66500/80400] phase=joint                  E_S=1.4852e+00 E_S'=1.7997e+00 E_S(W)=1.3070e+00 rho_W=0.5115 rho_w=0.0175 F_S=0.0000e+00
[   67000/80400] phase=joint                  E_S=1.4838e+00 E_S'=1.7985e+00 E_S(W)=1.3068e+00 rho_W=0.5115 rho_w=0.0176 F_S=0.0000e+00
[   67500/80400] phase=joint                  E_S=1.4825e+00 E_S'=1.7973e+00 E_S(W)=1.3067e+00 rho_W=0.5115 rho_w=0.0176 F_S=0.0000e+00
[   68000/80400] phase=joint                  E_S=1.4811e+00 E_S'=1.7961e+00 E_S(W)=1.3066e+00 rho_W=0.5116 rho_w=0.0175 F_S=0.0000e+00
[   68500/80400] phase=joint                  E_S=1.4798e+00 E_S'=1.7948e+00 E_S(W)=1.3064e+00 rho_W=0.5116 rho_w=0.0175 F_S=0.0000e+00
[   69000/80400] phase=joint                  E_S=1.4785e+00 E_S'=1.7936e+00 E_S(W)=1.3063e+00 rho_W=0.5116 rho_w=0.0176 F_S=0.0000e+00
[   69500/80400] phase=joint                  E_S=1.4773e+00 E_S'=1.7923e+00 E_S(W)=1.3062e+00 rho_W=0.5117 rho_w=0.0176 F_S=0.0000e+00
[   70000/80400] phase=joint                  E_S=1.4762e+00 E_S'=1.7913e+00 E_S(W)=1.3060e+00 rho_W=0.5117 rho_w=0.0175 F_S=0.0000e+00
[   70500/80400] phase=joint                  E_S=1.4750e+00 E_S'=1.7901e+00 E_S(W)=1.3059e+00 rho_W=0.5118 rho_w=0.0174 F_S=0.0000e+00
[   71000/80400] phase=joint                  E_S=1.4736e+00 E_S'=1.7889e+00 E_S(W)=1.3058e+00 rho_W=0.5118 rho_w=0.0175 F_S=0.0000e+00
[   71500/80400] phase=joint                  E_S=1.4726e+00 E_S'=1.7879e+00 E_S(W)=1.3056e+00 rho_W=0.5118 rho_w=0.0175 F_S=0.0000e+00
[   72000/80400] phase=joint                  E_S=1.4714e+00 E_S'=1.7867e+00 E_S(W)=1.3055e+00 rho_W=0.5119 rho_w=0.0173 F_S=0.0000e+00
[   72500/80400] phase=joint                  E_S=1.4701e+00 E_S'=1.7856e+00 E_S(W)=1.3054e+00 rho_W=0.5119 rho_w=0.0173 F_S=0.0000e+00
[   73000/80400] phase=joint                  E_S=1.4690e+00 E_S'=1.7845e+00 E_S(W)=1.3052e+00 rho_W=0.5120 rho_w=0.0174 F_S=0.0000e+00
[   73500/80400] phase=joint                  E_S=1.4677e+00 E_S'=1.7833e+00 E_S(W)=1.3051e+00 rho_W=0.5120 rho_w=0.0173 F_S=0.0000e+00
[   74000/80400] phase=joint                  E_S=1.4666e+00 E_S'=1.7823e+00 E_S(W)=1.3050e+00 rho_W=0.5120 rho_w=0.0175 F_S=0.0000e+00
[   74500/80400] phase=joint                  E_S=1.4653e+00 E_S'=1.7811e+00 E_S(W)=1.3048e+00 rho_W=0.5121 rho_w=0.0174 F_S=0.0000e+00
[   75000/80400] phase=joint                  E_S=1.4640e+00 E_S'=1.7800e+00 E_S(W)=1.3047e+00 rho_W=0.5121 rho_w=0.0173 F_S=0.0000e+00
[   75500/80400] phase=joint                  E_S=1.4629e+00 E_S'=1.7789e+00 E_S(W)=1.3045e+00 rho_W=0.5121 rho_w=0.0172 F_S=0.0000e+00
[   76000/80400] phase=joint                  E_S=1.4616e+00 E_S'=1.7778e+00 E_S(W)=1.3044e+00 rho_W=0.5122 rho_w=0.0173 F_S=0.0000e+00
[   76500/80400] phase=joint                  E_S=1.4605e+00 E_S'=1.7768e+00 E_S(W)=1.3043e+00 rho_W=0.5122 rho_w=0.0174 F_S=0.0000e+00
[   77000/80400] phase=joint                  E_S=1.4594e+00 E_S'=1.7758e+00 E_S(W)=1.3041e+00 rho_W=0.5123 rho_w=0.0173 F_S=0.0000e+00
[   77500/80400] phase=joint                  E_S=1.4583e+00 E_S'=1.7747e+00 E_S(W)=1.3040e+00 rho_W=0.5123 rho_w=0.0173 F_S=0.0000e+00
[   78000/80400] phase=joint                  E_S=1.4572e+00 E_S'=1.7737e+00 E_S(W)=1.3039e+00 rho_W=0.5123 rho_w=0.0173 F_S=0.0000e+00
[   78500/80400] phase=joint                  E_S=1.4560e+00 E_S'=1.7726e+00 E_S(W)=1.3037e+00 rho_W=0.5124 rho_w=0.0171 F_S=0.0000e+00
[   79000/80400] phase=joint                  E_S=1.4549e+00 E_S'=1.7715e+00 E_S(W)=1.3036e+00 rho_W=0.5124 rho_w=0.0173 F_S=0.0000e+00
[   79500/80400] phase=joint                  E_S=1.4538e+00 E_S'=1.7705e+00 E_S(W)=1.3035e+00 rho_W=0.5125 rho_w=0.0172 F_S=0.0000e+00
[   80000/80400] phase=joint                  E_S=1.4528e+00 E_S'=1.7695e+00 E_S(W)=1.3033e+00 rho_W=0.5125 rho_w=0.0173 F_S=0.0000e+00
[   80400/80400] phase=joint                  E_S=1.4518e+00 E_S'=1.7686e+00 E_S(W)=1.3032e+00 rho_W=0.5125 rho_w=0.0174 F_S=0.0000e+00

Training complete.
Results saved to: results/training_dynamics/joint/d200_T5_ks1_k1_a2_ap2_lrW0p001_lrw0p001_seed0
Elapsed time: 407.67 s
