Experiment: joint
Job: 3171202_0
Node: ixl01
Creating fixed test sets: 2000 samples/task on cuda...
[       0/201000] phase=initial                E_S=1.7476e+00 E_S'=2.0430e+00 E_S(W)=1.3238e+00 rho_W=0.5066 rho_w=0.0177 F_S=0.0000e+00
[     500/201000] phase=joint                  E_S=1.7445e+00 E_S'=2.0402e+00 E_S(W)=1.3237e+00 rho_W=0.5067 rho_w=0.0176 F_S=0.0000e+00
[    1000/201000] phase=joint                  E_S=1.7419e+00 E_S'=2.0379e+00 E_S(W)=1.3235e+00 rho_W=0.5067 rho_w=0.0177 F_S=0.0000e+00
[    1500/201000] phase=joint                  E_S=1.7392e+00 E_S'=2.0354e+00 E_S(W)=1.3234e+00 rho_W=0.5067 rho_w=0.0177 F_S=0.0000e+00
[    2000/201000] phase=joint                  E_S=1.7364e+00 E_S'=2.0328e+00 E_S(W)=1.3233e+00 rho_W=0.5068 rho_w=0.0177 F_S=0.0000e+00
[    2500/201000] phase=joint                  E_S=1.7338e+00 E_S'=2.0303e+00 E_S(W)=1.3232e+00 rho_W=0.5068 rho_w=0.0177 F_S=0.0000e+00
[    3000/201000] phase=joint                  E_S=1.7312e+00 E_S'=2.0280e+00 E_S(W)=1.3231e+00 rho_W=0.5068 rho_w=0.0177 F_S=0.0000e+00
[    3500/201000] phase=joint                  E_S=1.7285e+00 E_S'=2.0255e+00 E_S(W)=1.3230e+00 rho_W=0.5069 rho_w=0.0178 F_S=0.0000e+00
[    4000/201000] phase=joint                  E_S=1.7258e+00 E_S'=2.0230e+00 E_S(W)=1.3228e+00 rho_W=0.5069 rho_w=0.0180 F_S=0.0000e+00
[    4500/201000] phase=joint                  E_S=1.7231e+00 E_S'=2.0205e+00 E_S(W)=1.3227e+00 rho_W=0.5069 rho_w=0.0178 F_S=0.0000e+00
[    5000/201000] phase=joint                  E_S=1.7205e+00 E_S'=2.0182e+00 E_S(W)=1.3226e+00 rho_W=0.5070 rho_w=0.0176 F_S=0.0000e+00
[    5500/201000] phase=joint                  E_S=1.7180e+00 E_S'=2.0158e+00 E_S(W)=1.3225e+00 rho_W=0.5070 rho_w=0.0177 F_S=0.0000e+00
[    6000/201000] phase=joint                  E_S=1.7152e+00 E_S'=2.0133e+00 E_S(W)=1.3224e+00 rho_W=0.5070 rho_w=0.0177 F_S=0.0000e+00
[    6500/201000] phase=joint                  E_S=1.7127e+00 E_S'=2.0108e+00 E_S(W)=1.3223e+00 rho_W=0.5071 rho_w=0.0177 F_S=0.0000e+00
[    7000/201000] phase=joint                  E_S=1.7101e+00 E_S'=2.0085e+00 E_S(W)=1.3221e+00 rho_W=0.5071 rho_w=0.0177 F_S=0.0000e+00
[    7500/201000] phase=joint                  E_S=1.7075e+00 E_S'=2.0062e+00 E_S(W)=1.3220e+00 rho_W=0.5071 rho_w=0.0175 F_S=0.0000e+00
[    8000/201000] phase=joint                  E_S=1.7049e+00 E_S'=2.0038e+00 E_S(W)=1.3219e+00 rho_W=0.5072 rho_w=0.0175 F_S=0.0000e+00
[    8500/201000] phase=joint                  E_S=1.7024e+00 E_S'=2.0015e+00 E_S(W)=1.3218e+00 rho_W=0.5072 rho_w=0.0176 F_S=0.0000e+00
[    9000/201000] phase=joint                  E_S=1.6999e+00 E_S'=1.9993e+00 E_S(W)=1.3216e+00 rho_W=0.5072 rho_w=0.0177 F_S=0.0000e+00
[    9500/201000] phase=joint                  E_S=1.6975e+00 E_S'=1.9970e+00 E_S(W)=1.3215e+00 rho_W=0.5073 rho_w=0.0176 F_S=0.0000e+00
[   10000/201000] phase=joint                  E_S=1.6949e+00 E_S'=1.9947e+00 E_S(W)=1.3214e+00 rho_W=0.5073 rho_w=0.0176 F_S=0.0000e+00
[   10500/201000] phase=joint                  E_S=1.6924e+00 E_S'=1.9924e+00 E_S(W)=1.3213e+00 rho_W=0.5074 rho_w=0.0176 F_S=0.0000e+00
[   11000/201000] phase=joint                  E_S=1.6903e+00 E_S'=1.9904e+00 E_S(W)=1.3212e+00 rho_W=0.5074 rho_w=0.0176 F_S=0.0000e+00
[   11500/201000] phase=joint                  E_S=1.6878e+00 E_S'=1.9881e+00 E_S(W)=1.3210e+00 rho_W=0.5074 rho_w=0.0175 F_S=0.0000e+00
[   12000/201000] phase=joint                  E_S=1.6852e+00 E_S'=1.9857e+00 E_S(W)=1.3209e+00 rho_W=0.5075 rho_w=0.0176 F_S=0.0000e+00
[   12500/201000] phase=joint                  E_S=1.6827e+00 E_S'=1.9835e+00 E_S(W)=1.3208e+00 rho_W=0.5075 rho_w=0.0177 F_S=0.0000e+00
[   13000/201000] phase=joint                  E_S=1.6802e+00 E_S'=1.9813e+00 E_S(W)=1.3207e+00 rho_W=0.5075 rho_w=0.0176 F_S=0.0000e+00
[   13500/201000] phase=joint                  E_S=1.6777e+00 E_S'=1.9789e+00 E_S(W)=1.3206e+00 rho_W=0.5076 rho_w=0.0177 F_S=0.0000e+00
[   14000/201000] phase=joint                  E_S=1.6753e+00 E_S'=1.9767e+00 E_S(W)=1.3204e+00 rho_W=0.5076 rho_w=0.0176 F_S=0.0000e+00
[   14500/201000] phase=joint                  E_S=1.6730e+00 E_S'=1.9746e+00 E_S(W)=1.3203e+00 rho_W=0.5076 rho_w=0.0176 F_S=0.0000e+00
[   15000/201000] phase=joint                  E_S=1.6707e+00 E_S'=1.9724e+00 E_S(W)=1.3202e+00 rho_W=0.5077 rho_w=0.0177 F_S=0.0000e+00
[   15500/201000] phase=joint                  E_S=1.6681e+00 E_S'=1.9702e+00 E_S(W)=1.3201e+00 rho_W=0.5077 rho_w=0.0176 F_S=0.0000e+00
[   16000/201000] phase=joint                  E_S=1.6655e+00 E_S'=1.9678e+00 E_S(W)=1.3200e+00 rho_W=0.5077 rho_w=0.0176 F_S=0.0000e+00
[   16500/201000] phase=joint                  E_S=1.6631e+00 E_S'=1.9655e+00 E_S(W)=1.3198e+00 rho_W=0.5078 rho_w=0.0177 F_S=0.0000e+00
[   17000/201000] phase=joint                  E_S=1.6608e+00 E_S'=1.9634e+00 E_S(W)=1.3197e+00 rho_W=0.5078 rho_w=0.0175 F_S=0.0000e+00
[   17500/201000] phase=joint                  E_S=1.6586e+00 E_S'=1.9613e+00 E_S(W)=1.3196e+00 rho_W=0.5078 rho_w=0.0174 F_S=0.0000e+00
[   18000/201000] phase=joint                  E_S=1.6565e+00 E_S'=1.9594e+00 E_S(W)=1.3195e+00 rho_W=0.5079 rho_w=0.0173 F_S=0.0000e+00
[   18500/201000] phase=joint                  E_S=1.6541e+00 E_S'=1.9572e+00 E_S(W)=1.3193e+00 rho_W=0.5079 rho_w=0.0173 F_S=0.0000e+00
[   19000/201000] phase=joint                  E_S=1.6518e+00 E_S'=1.9551e+00 E_S(W)=1.3192e+00 rho_W=0.5080 rho_w=0.0173 F_S=0.0000e+00
[   19500/201000] phase=joint                  E_S=1.6495e+00 E_S'=1.9530e+00 E_S(W)=1.3191e+00 rho_W=0.5080 rho_w=0.0172 F_S=0.0000e+00
[   20000/201000] phase=joint                  E_S=1.6473e+00 E_S'=1.9509e+00 E_S(W)=1.3190e+00 rho_W=0.5080 rho_w=0.0173 F_S=0.0000e+00
[   20500/201000] phase=joint                  E_S=1.6449e+00 E_S'=1.9488e+00 E_S(W)=1.3189e+00 rho_W=0.5081 rho_w=0.0173 F_S=0.0000e+00
[   21000/201000] phase=joint                  E_S=1.6427e+00 E_S'=1.9467e+00 E_S(W)=1.3187e+00 rho_W=0.5081 rho_w=0.0174 F_S=0.0000e+00
[   21500/201000] phase=joint                  E_S=1.6404e+00 E_S'=1.9445e+00 E_S(W)=1.3186e+00 rho_W=0.5081 rho_w=0.0174 F_S=0.0000e+00
[   22000/201000] phase=joint                  E_S=1.6383e+00 E_S'=1.9426e+00 E_S(W)=1.3185e+00 rho_W=0.5082 rho_w=0.0175 F_S=0.0000e+00
[   22500/201000] phase=joint                  E_S=1.6360e+00 E_S'=1.9405e+00 E_S(W)=1.3184e+00 rho_W=0.5082 rho_w=0.0174 F_S=0.0000e+00
[   23000/201000] phase=joint                  E_S=1.6340e+00 E_S'=1.9386e+00 E_S(W)=1.3182e+00 rho_W=0.5082 rho_w=0.0174 F_S=0.0000e+00
[   23500/201000] phase=joint                  E_S=1.6319e+00 E_S'=1.9366e+00 E_S(W)=1.3181e+00 rho_W=0.5083 rho_w=0.0174 F_S=0.0000e+00
[   24000/201000] phase=joint                  E_S=1.6297e+00 E_S'=1.9347e+00 E_S(W)=1.3180e+00 rho_W=0.5083 rho_w=0.0174 F_S=0.0000e+00
[   24500/201000] phase=joint                  E_S=1.6275e+00 E_S'=1.9326e+00 E_S(W)=1.3179e+00 rho_W=0.5083 rho_w=0.0173 F_S=0.0000e+00
[   25000/201000] phase=joint                  E_S=1.6252e+00 E_S'=1.9305e+00 E_S(W)=1.3177e+00 rho_W=0.5084 rho_w=0.0173 F_S=0.0000e+00
[   25500/201000] phase=joint                  E_S=1.6231e+00 E_S'=1.9285e+00 E_S(W)=1.3176e+00 rho_W=0.5084 rho_w=0.0174 F_S=0.0000e+00
[   26000/201000] phase=joint                  E_S=1.6209e+00 E_S'=1.9264e+00 E_S(W)=1.3175e+00 rho_W=0.5085 rho_w=0.0174 F_S=0.0000e+00
[   26500/201000] phase=joint                  E_S=1.6188e+00 E_S'=1.9245e+00 E_S(W)=1.3174e+00 rho_W=0.5085 rho_w=0.0175 F_S=0.0000e+00
[   27000/201000] phase=joint                  E_S=1.6165e+00 E_S'=1.9224e+00 E_S(W)=1.3172e+00 rho_W=0.5085 rho_w=0.0175 F_S=0.0000e+00
[   27500/201000] phase=joint                  E_S=1.6141e+00 E_S'=1.9202e+00 E_S(W)=1.3171e+00 rho_W=0.5086 rho_w=0.0174 F_S=0.0000e+00
[   28000/201000] phase=joint                  E_S=1.6120e+00 E_S'=1.9182e+00 E_S(W)=1.3170e+00 rho_W=0.5086 rho_w=0.0174 F_S=0.0000e+00
[   28500/201000] phase=joint                  E_S=1.6099e+00 E_S'=1.9163e+00 E_S(W)=1.3169e+00 rho_W=0.5086 rho_w=0.0175 F_S=0.0000e+00
[   29000/201000] phase=joint                  E_S=1.6079e+00 E_S'=1.9144e+00 E_S(W)=1.3168e+00 rho_W=0.5087 rho_w=0.0175 F_S=0.0000e+00
[   29500/201000] phase=joint                  E_S=1.6059e+00 E_S'=1.9125e+00 E_S(W)=1.3166e+00 rho_W=0.5087 rho_w=0.0176 F_S=0.0000e+00
[   30000/201000] phase=joint                  E_S=1.6037e+00 E_S'=1.9105e+00 E_S(W)=1.3165e+00 rho_W=0.5087 rho_w=0.0176 F_S=0.0000e+00
[   30500/201000] phase=joint                  E_S=1.6016e+00 E_S'=1.9085e+00 E_S(W)=1.3164e+00 rho_W=0.5088 rho_w=0.0176 F_S=0.0000e+00
[   31000/201000] phase=joint                  E_S=1.5996e+00 E_S'=1.9066e+00 E_S(W)=1.3162e+00 rho_W=0.5088 rho_w=0.0176 F_S=0.0000e+00
[   31500/201000] phase=joint                  E_S=1.5977e+00 E_S'=1.9049e+00 E_S(W)=1.3161e+00 rho_W=0.5089 rho_w=0.0175 F_S=0.0000e+00
[   32000/201000] phase=joint                  E_S=1.5958e+00 E_S'=1.9032e+00 E_S(W)=1.3160e+00 rho_W=0.5089 rho_w=0.0174 F_S=0.0000e+00
[   32500/201000] phase=joint                  E_S=1.5939e+00 E_S'=1.9014e+00 E_S(W)=1.3158e+00 rho_W=0.5089 rho_w=0.0175 F_S=0.0000e+00
[   33000/201000] phase=joint                  E_S=1.5920e+00 E_S'=1.8995e+00 E_S(W)=1.3157e+00 rho_W=0.5090 rho_w=0.0175 F_S=0.0000e+00
[   33500/201000] phase=joint                  E_S=1.5901e+00 E_S'=1.8977e+00 E_S(W)=1.3156e+00 rho_W=0.5090 rho_w=0.0175 F_S=0.0000e+00
[   34000/201000] phase=joint                  E_S=1.5884e+00 E_S'=1.8961e+00 E_S(W)=1.3154e+00 rho_W=0.5090 rho_w=0.0175 F_S=0.0000e+00
[   34500/201000] phase=joint                  E_S=1.5864e+00 E_S'=1.8943e+00 E_S(W)=1.3153e+00 rho_W=0.5091 rho_w=0.0175 F_S=0.0000e+00
[   35000/201000] phase=joint                  E_S=1.5846e+00 E_S'=1.8926e+00 E_S(W)=1.3152e+00 rho_W=0.5091 rho_w=0.0176 F_S=0.0000e+00
[   35500/201000] phase=joint                  E_S=1.5827e+00 E_S'=1.8909e+00 E_S(W)=1.3151e+00 rho_W=0.5092 rho_w=0.0175 F_S=0.0000e+00
[   36000/201000] phase=joint                  E_S=1.5808e+00 E_S'=1.8891e+00 E_S(W)=1.3150e+00 rho_W=0.5092 rho_w=0.0176 F_S=0.0000e+00
[   36500/201000] phase=joint                  E_S=1.5788e+00 E_S'=1.8872e+00 E_S(W)=1.3148e+00 rho_W=0.5092 rho_w=0.0178 F_S=0.0000e+00
[   37000/201000] phase=joint                  E_S=1.5771e+00 E_S'=1.8857e+00 E_S(W)=1.3147e+00 rho_W=0.5093 rho_w=0.0177 F_S=0.0000e+00
[   37500/201000] phase=joint                  E_S=1.5752e+00 E_S'=1.8840e+00 E_S(W)=1.3145e+00 rho_W=0.5093 rho_w=0.0177 F_S=0.0000e+00
[   38000/201000] phase=joint                  E_S=1.5732e+00 E_S'=1.8822e+00 E_S(W)=1.3144e+00 rho_W=0.5093 rho_w=0.0178 F_S=0.0000e+00
[   38500/201000] phase=joint                  E_S=1.5713e+00 E_S'=1.8804e+00 E_S(W)=1.3143e+00 rho_W=0.5094 rho_w=0.0178 F_S=0.0000e+00
[   39000/201000] phase=joint                  E_S=1.5694e+00 E_S'=1.8787e+00 E_S(W)=1.3142e+00 rho_W=0.5094 rho_w=0.0178 F_S=0.0000e+00
[   39500/201000] phase=joint                  E_S=1.5675e+00 E_S'=1.8769e+00 E_S(W)=1.3140e+00 rho_W=0.5094 rho_w=0.0179 F_S=0.0000e+00
[   40000/201000] phase=joint                  E_S=1.5658e+00 E_S'=1.8754e+00 E_S(W)=1.3139e+00 rho_W=0.5095 rho_w=0.0179 F_S=0.0000e+00
[   40500/201000] phase=joint                  E_S=1.5639e+00 E_S'=1.8736e+00 E_S(W)=1.3138e+00 rho_W=0.5095 rho_w=0.0179 F_S=0.0000e+00
[   41000/201000] phase=joint                  E_S=1.5621e+00 E_S'=1.8720e+00 E_S(W)=1.3137e+00 rho_W=0.5096 rho_w=0.0179 F_S=0.0000e+00
[   41500/201000] phase=joint                  E_S=1.5604e+00 E_S'=1.8703e+00 E_S(W)=1.3135e+00 rho_W=0.5096 rho_w=0.0179 F_S=0.0000e+00
[   42000/201000] phase=joint                  E_S=1.5586e+00 E_S'=1.8686e+00 E_S(W)=1.3134e+00 rho_W=0.5096 rho_w=0.0180 F_S=0.0000e+00
[   42500/201000] phase=joint                  E_S=1.5570e+00 E_S'=1.8671e+00 E_S(W)=1.3133e+00 rho_W=0.5097 rho_w=0.0179 F_S=0.0000e+00
[   43000/201000] phase=joint                  E_S=1.5554e+00 E_S'=1.8656e+00 E_S(W)=1.3131e+00 rho_W=0.5097 rho_w=0.0179 F_S=0.0000e+00
[   43500/201000] phase=joint                  E_S=1.5538e+00 E_S'=1.8641e+00 E_S(W)=1.3130e+00 rho_W=0.5097 rho_w=0.0179 F_S=0.0000e+00
[   44000/201000] phase=joint                  E_S=1.5521e+00 E_S'=1.8625e+00 E_S(W)=1.3129e+00 rho_W=0.5098 rho_w=0.0178 F_S=0.0000e+00
[   44500/201000] phase=joint                  E_S=1.5507e+00 E_S'=1.8611e+00 E_S(W)=1.3128e+00 rho_W=0.5098 rho_w=0.0180 F_S=0.0000e+00
[   45000/201000] phase=joint                  E_S=1.5490e+00 E_S'=1.8594e+00 E_S(W)=1.3126e+00 rho_W=0.5098 rho_w=0.0180 F_S=0.0000e+00
[   45500/201000] phase=joint                  E_S=1.5473e+00 E_S'=1.8578e+00 E_S(W)=1.3125e+00 rho_W=0.5099 rho_w=0.0182 F_S=0.0000e+00
[   46000/201000] phase=joint                  E_S=1.5456e+00 E_S'=1.8562e+00 E_S(W)=1.3124e+00 rho_W=0.5099 rho_w=0.0182 F_S=0.0000e+00
[   46500/201000] phase=joint                  E_S=1.5439e+00 E_S'=1.8546e+00 E_S(W)=1.3122e+00 rho_W=0.5100 rho_w=0.0182 F_S=0.0000e+00
[   47000/201000] phase=joint                  E_S=1.5425e+00 E_S'=1.8532e+00 E_S(W)=1.3121e+00 rho_W=0.5100 rho_w=0.0183 F_S=0.0000e+00
[   47500/201000] phase=joint                  E_S=1.5407e+00 E_S'=1.8516e+00 E_S(W)=1.3120e+00 rho_W=0.5100 rho_w=0.0182 F_S=0.0000e+00
[   48000/201000] phase=joint                  E_S=1.5391e+00 E_S'=1.8500e+00 E_S(W)=1.3119e+00 rho_W=0.5101 rho_w=0.0182 F_S=0.0000e+00
[   48500/201000] phase=joint                  E_S=1.5375e+00 E_S'=1.8486e+00 E_S(W)=1.3117e+00 rho_W=0.5101 rho_w=0.0182 F_S=0.0000e+00
[   49000/201000] phase=joint                  E_S=1.5358e+00 E_S'=1.8470e+00 E_S(W)=1.3116e+00 rho_W=0.5101 rho_w=0.0182 F_S=0.0000e+00
[   49500/201000] phase=joint                  E_S=1.5341e+00 E_S'=1.8454e+00 E_S(W)=1.3115e+00 rho_W=0.5102 rho_w=0.0182 F_S=0.0000e+00
[   50000/201000] phase=joint                  E_S=1.5326e+00 E_S'=1.8439e+00 E_S(W)=1.3113e+00 rho_W=0.5102 rho_w=0.0183 F_S=0.0000e+00
[   50500/201000] phase=joint                  E_S=1.5310e+00 E_S'=1.8424e+00 E_S(W)=1.3112e+00 rho_W=0.5103 rho_w=0.0182 F_S=0.0000e+00
[   51000/201000] phase=joint                  E_S=1.5293e+00 E_S'=1.8408e+00 E_S(W)=1.3111e+00 rho_W=0.5103 rho_w=0.0181 F_S=0.0000e+00
[   51500/201000] phase=joint                  E_S=1.5276e+00 E_S'=1.8393e+00 E_S(W)=1.3109e+00 rho_W=0.5103 rho_w=0.0182 F_S=0.0000e+00
[   52000/201000] phase=joint                  E_S=1.5262e+00 E_S'=1.8380e+00 E_S(W)=1.3108e+00 rho_W=0.5104 rho_w=0.0183 F_S=0.0000e+00
[   52500/201000] phase=joint                  E_S=1.5246e+00 E_S'=1.8365e+00 E_S(W)=1.3107e+00 rho_W=0.5104 rho_w=0.0183 F_S=0.0000e+00
[   53000/201000] phase=joint                  E_S=1.5230e+00 E_S'=1.8350e+00 E_S(W)=1.3106e+00 rho_W=0.5104 rho_w=0.0182 F_S=0.0000e+00
[   53500/201000] phase=joint                  E_S=1.5217e+00 E_S'=1.8337e+00 E_S(W)=1.3104e+00 rho_W=0.5105 rho_w=0.0183 F_S=0.0000e+00
[   54000/201000] phase=joint                  E_S=1.5200e+00 E_S'=1.8322e+00 E_S(W)=1.3103e+00 rho_W=0.5105 rho_w=0.0183 F_S=0.0000e+00
[   54500/201000] phase=joint                  E_S=1.5185e+00 E_S'=1.8307e+00 E_S(W)=1.3101e+00 rho_W=0.5106 rho_w=0.0182 F_S=0.0000e+00
[   55000/201000] phase=joint                  E_S=1.5171e+00 E_S'=1.8294e+00 E_S(W)=1.3100e+00 rho_W=0.5106 rho_w=0.0181 F_S=0.0000e+00
[   55500/201000] phase=joint                  E_S=1.5156e+00 E_S'=1.8280e+00 E_S(W)=1.3099e+00 rho_W=0.5106 rho_w=0.0181 F_S=0.0000e+00
[   56000/201000] phase=joint                  E_S=1.5141e+00 E_S'=1.8266e+00 E_S(W)=1.3098e+00 rho_W=0.5107 rho_w=0.0182 F_S=0.0000e+00
[   56500/201000] phase=joint                  E_S=1.5126e+00 E_S'=1.8253e+00 E_S(W)=1.3096e+00 rho_W=0.5107 rho_w=0.0183 F_S=0.0000e+00
[   57000/201000] phase=joint                  E_S=1.5112e+00 E_S'=1.8240e+00 E_S(W)=1.3095e+00 rho_W=0.5107 rho_w=0.0182 F_S=0.0000e+00
[   57500/201000] phase=joint                  E_S=1.5099e+00 E_S'=1.8228e+00 E_S(W)=1.3094e+00 rho_W=0.5108 rho_w=0.0183 F_S=0.0000e+00
[   58000/201000] phase=joint                  E_S=1.5083e+00 E_S'=1.8214e+00 E_S(W)=1.3092e+00 rho_W=0.5108 rho_w=0.0184 F_S=0.0000e+00
[   58500/201000] phase=joint                  E_S=1.5067e+00 E_S'=1.8199e+00 E_S(W)=1.3091e+00 rho_W=0.5109 rho_w=0.0185 F_S=0.0000e+00
[   59000/201000] phase=joint                  E_S=1.5054e+00 E_S'=1.8187e+00 E_S(W)=1.3089e+00 rho_W=0.5109 rho_w=0.0186 F_S=0.0000e+00
[   59500/201000] phase=joint                  E_S=1.5040e+00 E_S'=1.8174e+00 E_S(W)=1.3088e+00 rho_W=0.5109 rho_w=0.0184 F_S=0.0000e+00
[   60000/201000] phase=joint                  E_S=1.5027e+00 E_S'=1.8162e+00 E_S(W)=1.3087e+00 rho_W=0.5110 rho_w=0.0182 F_S=0.0000e+00
[   60500/201000] phase=joint                  E_S=1.5013e+00 E_S'=1.8149e+00 E_S(W)=1.3086e+00 rho_W=0.5110 rho_w=0.0179 F_S=0.0000e+00
[   61000/201000] phase=joint                  E_S=1.5000e+00 E_S'=1.8137e+00 E_S(W)=1.3084e+00 rho_W=0.5110 rho_w=0.0177 F_S=0.0000e+00
[   61500/201000] phase=joint                  E_S=1.4987e+00 E_S'=1.8125e+00 E_S(W)=1.3083e+00 rho_W=0.5111 rho_w=0.0176 F_S=0.0000e+00
[   62000/201000] phase=joint                  E_S=1.4973e+00 E_S'=1.8112e+00 E_S(W)=1.3081e+00 rho_W=0.5111 rho_w=0.0176 F_S=0.0000e+00
[   62500/201000] phase=joint                  E_S=1.4959e+00 E_S'=1.8099e+00 E_S(W)=1.3080e+00 rho_W=0.5112 rho_w=0.0177 F_S=0.0000e+00
[   63000/201000] phase=joint                  E_S=1.4946e+00 E_S'=1.8086e+00 E_S(W)=1.3079e+00 rho_W=0.5112 rho_w=0.0177 F_S=0.0000e+00
[   63500/201000] phase=joint                  E_S=1.4932e+00 E_S'=1.8073e+00 E_S(W)=1.3077e+00 rho_W=0.5112 rho_w=0.0178 F_S=0.0000e+00
[   64000/201000] phase=joint                  E_S=1.4920e+00 E_S'=1.8062e+00 E_S(W)=1.3076e+00 rho_W=0.5113 rho_w=0.0177 F_S=0.0000e+00
[   64500/201000] phase=joint                  E_S=1.4906e+00 E_S'=1.8049e+00 E_S(W)=1.3075e+00 rho_W=0.5113 rho_w=0.0177 F_S=0.0000e+00
[   65000/201000] phase=joint                  E_S=1.4892e+00 E_S'=1.8036e+00 E_S(W)=1.3074e+00 rho_W=0.5113 rho_w=0.0177 F_S=0.0000e+00
[   65500/201000] phase=joint                  E_S=1.4878e+00 E_S'=1.8022e+00 E_S(W)=1.3072e+00 rho_W=0.5114 rho_w=0.0176 F_S=0.0000e+00
[   66000/201000] phase=joint                  E_S=1.4866e+00 E_S'=1.8011e+00 E_S(W)=1.3071e+00 rho_W=0.5114 rho_w=0.0176 F_S=0.0000e+00
[   66500/201000] phase=joint                  E_S=1.4852e+00 E_S'=1.7997e+00 E_S(W)=1.3070e+00 rho_W=0.5115 rho_w=0.0175 F_S=0.0000e+00
[   67000/201000] phase=joint                  E_S=1.4838e+00 E_S'=1.7985e+00 E_S(W)=1.3068e+00 rho_W=0.5115 rho_w=0.0176 F_S=0.0000e+00
[   67500/201000] phase=joint                  E_S=1.4825e+00 E_S'=1.7973e+00 E_S(W)=1.3067e+00 rho_W=0.5115 rho_w=0.0176 F_S=0.0000e+00
[   68000/201000] phase=joint                  E_S=1.4811e+00 E_S'=1.7961e+00 E_S(W)=1.3066e+00 rho_W=0.5116 rho_w=0.0175 F_S=0.0000e+00
[   68500/201000] phase=joint                  E_S=1.4798e+00 E_S'=1.7948e+00 E_S(W)=1.3064e+00 rho_W=0.5116 rho_w=0.0175 F_S=0.0000e+00
[   69000/201000] phase=joint                  E_S=1.4785e+00 E_S'=1.7936e+00 E_S(W)=1.3063e+00 rho_W=0.5116 rho_w=0.0176 F_S=0.0000e+00
[   69500/201000] phase=joint                  E_S=1.4773e+00 E_S'=1.7923e+00 E_S(W)=1.3062e+00 rho_W=0.5117 rho_w=0.0176 F_S=0.0000e+00
[   70000/201000] phase=joint                  E_S=1.4762e+00 E_S'=1.7913e+00 E_S(W)=1.3060e+00 rho_W=0.5117 rho_w=0.0175 F_S=0.0000e+00
[   70500/201000] phase=joint                  E_S=1.4750e+00 E_S'=1.7901e+00 E_S(W)=1.3059e+00 rho_W=0.5118 rho_w=0.0174 F_S=0.0000e+00
[   71000/201000] phase=joint                  E_S=1.4736e+00 E_S'=1.7889e+00 E_S(W)=1.3058e+00 rho_W=0.5118 rho_w=0.0175 F_S=0.0000e+00
[   71500/201000] phase=joint                  E_S=1.4726e+00 E_S'=1.7879e+00 E_S(W)=1.3056e+00 rho_W=0.5118 rho_w=0.0175 F_S=0.0000e+00
[   72000/201000] phase=joint                  E_S=1.4714e+00 E_S'=1.7867e+00 E_S(W)=1.3055e+00 rho_W=0.5119 rho_w=0.0173 F_S=0.0000e+00
[   72500/201000] phase=joint                  E_S=1.4701e+00 E_S'=1.7856e+00 E_S(W)=1.3054e+00 rho_W=0.5119 rho_w=0.0173 F_S=0.0000e+00
[   73000/201000] phase=joint                  E_S=1.4690e+00 E_S'=1.7845e+00 E_S(W)=1.3052e+00 rho_W=0.5120 rho_w=0.0174 F_S=0.0000e+00
[   73500/201000] phase=joint                  E_S=1.4677e+00 E_S'=1.7833e+00 E_S(W)=1.3051e+00 rho_W=0.5120 rho_w=0.0173 F_S=0.0000e+00
[   74000/201000] phase=joint                  E_S=1.4666e+00 E_S'=1.7823e+00 E_S(W)=1.3050e+00 rho_W=0.5120 rho_w=0.0175 F_S=0.0000e+00
[   74500/201000] phase=joint                  E_S=1.4653e+00 E_S'=1.7811e+00 E_S(W)=1.3048e+00 rho_W=0.5121 rho_w=0.0174 F_S=0.0000e+00
[   75000/201000] phase=joint                  E_S=1.4640e+00 E_S'=1.7800e+00 E_S(W)=1.3047e+00 rho_W=0.5121 rho_w=0.0173 F_S=0.0000e+00
[   75500/201000] phase=joint                  E_S=1.4629e+00 E_S'=1.7789e+00 E_S(W)=1.3045e+00 rho_W=0.5121 rho_w=0.0172 F_S=0.0000e+00
[   76000/201000] phase=joint                  E_S=1.4616e+00 E_S'=1.7778e+00 E_S(W)=1.3044e+00 rho_W=0.5122 rho_w=0.0173 F_S=0.0000e+00
[   76500/201000] phase=joint                  E_S=1.4605e+00 E_S'=1.7768e+00 E_S(W)=1.3043e+00 rho_W=0.5122 rho_w=0.0174 F_S=0.0000e+00
[   77000/201000] phase=joint                  E_S=1.4594e+00 E_S'=1.7758e+00 E_S(W)=1.3041e+00 rho_W=0.5123 rho_w=0.0173 F_S=0.0000e+00
[   77500/201000] phase=joint                  E_S=1.4583e+00 E_S'=1.7747e+00 E_S(W)=1.3040e+00 rho_W=0.5123 rho_w=0.0173 F_S=0.0000e+00
[   78000/201000] phase=joint                  E_S=1.4572e+00 E_S'=1.7737e+00 E_S(W)=1.3039e+00 rho_W=0.5123 rho_w=0.0173 F_S=0.0000e+00
[   78500/201000] phase=joint                  E_S=1.4560e+00 E_S'=1.7726e+00 E_S(W)=1.3037e+00 rho_W=0.5124 rho_w=0.0171 F_S=0.0000e+00
[   79000/201000] phase=joint                  E_S=1.4549e+00 E_S'=1.7715e+00 E_S(W)=1.3036e+00 rho_W=0.5124 rho_w=0.0173 F_S=0.0000e+00
[   79500/201000] phase=joint                  E_S=1.4538e+00 E_S'=1.7705e+00 E_S(W)=1.3035e+00 rho_W=0.5125 rho_w=0.0172 F_S=0.0000e+00
[   80000/201000] phase=joint                  E_S=1.4528e+00 E_S'=1.7695e+00 E_S(W)=1.3033e+00 rho_W=0.5125 rho_w=0.0173 F_S=0.0000e+00
[   80500/201000] phase=joint                  E_S=1.4517e+00 E_S'=1.7684e+00 E_S(W)=1.3032e+00 rho_W=0.5125 rho_w=0.0174 F_S=0.0000e+00
[   81000/201000] phase=joint                  E_S=1.4506e+00 E_S'=1.7674e+00 E_S(W)=1.3030e+00 rho_W=0.5126 rho_w=0.0174 F_S=0.0000e+00
[   81500/201000] phase=joint                  E_S=1.4495e+00 E_S'=1.7664e+00 E_S(W)=1.3029e+00 rho_W=0.5126 rho_w=0.0176 F_S=0.0000e+00
[   82000/201000] phase=joint                  E_S=1.4484e+00 E_S'=1.7654e+00 E_S(W)=1.3028e+00 rho_W=0.5127 rho_w=0.0176 F_S=0.0000e+00
[   82500/201000] phase=joint                  E_S=1.4474e+00 E_S'=1.7644e+00 E_S(W)=1.3026e+00 rho_W=0.5127 rho_w=0.0176 F_S=0.0000e+00
[   83000/201000] phase=joint                  E_S=1.4462e+00 E_S'=1.7633e+00 E_S(W)=1.3025e+00 rho_W=0.5127 rho_w=0.0175 F_S=0.0000e+00
[   83500/201000] phase=joint                  E_S=1.4451e+00 E_S'=1.7622e+00 E_S(W)=1.3023e+00 rho_W=0.5128 rho_w=0.0175 F_S=0.0000e+00
[   84000/201000] phase=joint                  E_S=1.4442e+00 E_S'=1.7613e+00 E_S(W)=1.3022e+00 rho_W=0.5128 rho_w=0.0173 F_S=0.0000e+00
[   84500/201000] phase=joint                  E_S=1.4432e+00 E_S'=1.7604e+00 E_S(W)=1.3021e+00 rho_W=0.5128 rho_w=0.0172 F_S=0.0000e+00
[   85000/201000] phase=joint                  E_S=1.4421e+00 E_S'=1.7594e+00 E_S(W)=1.3019e+00 rho_W=0.5129 rho_w=0.0172 F_S=0.0000e+00
[   85500/201000] phase=joint                  E_S=1.4412e+00 E_S'=1.7585e+00 E_S(W)=1.3018e+00 rho_W=0.5129 rho_w=0.0173 F_S=0.0000e+00
[   86000/201000] phase=joint                  E_S=1.4402e+00 E_S'=1.7576e+00 E_S(W)=1.3017e+00 rho_W=0.5130 rho_w=0.0171 F_S=0.0000e+00
[   86500/201000] phase=joint                  E_S=1.4391e+00 E_S'=1.7566e+00 E_S(W)=1.3015e+00 rho_W=0.5130 rho_w=0.0171 F_S=0.0000e+00
[   87000/201000] phase=joint                  E_S=1.4381e+00 E_S'=1.7557e+00 E_S(W)=1.3014e+00 rho_W=0.5130 rho_w=0.0170 F_S=0.0000e+00
[   87500/201000] phase=joint                  E_S=1.4371e+00 E_S'=1.7547e+00 E_S(W)=1.3013e+00 rho_W=0.5131 rho_w=0.0171 F_S=0.0000e+00
[   88000/201000] phase=joint                  E_S=1.4359e+00 E_S'=1.7537e+00 E_S(W)=1.3011e+00 rho_W=0.5131 rho_w=0.0173 F_S=0.0000e+00
[   88500/201000] phase=joint                  E_S=1.4349e+00 E_S'=1.7527e+00 E_S(W)=1.3010e+00 rho_W=0.5132 rho_w=0.0173 F_S=0.0000e+00
[   89000/201000] phase=joint                  E_S=1.4339e+00 E_S'=1.7517e+00 E_S(W)=1.3008e+00 rho_W=0.5132 rho_w=0.0174 F_S=0.0000e+00
[   89500/201000] phase=joint                  E_S=1.4328e+00 E_S'=1.7508e+00 E_S(W)=1.3007e+00 rho_W=0.5132 rho_w=0.0173 F_S=0.0000e+00
[   90000/201000] phase=joint                  E_S=1.4318e+00 E_S'=1.7498e+00 E_S(W)=1.3006e+00 rho_W=0.5133 rho_w=0.0174 F_S=0.0000e+00
[   90500/201000] phase=joint                  E_S=1.4309e+00 E_S'=1.7489e+00 E_S(W)=1.3004e+00 rho_W=0.5133 rho_w=0.0174 F_S=0.0000e+00
[   91000/201000] phase=joint                  E_S=1.4299e+00 E_S'=1.7479e+00 E_S(W)=1.3003e+00 rho_W=0.5133 rho_w=0.0175 F_S=0.0000e+00
[   91500/201000] phase=joint                  E_S=1.4289e+00 E_S'=1.7470e+00 E_S(W)=1.3002e+00 rho_W=0.5134 rho_w=0.0177 F_S=0.0000e+00
[   92000/201000] phase=joint                  E_S=1.4279e+00 E_S'=1.7460e+00 E_S(W)=1.3000e+00 rho_W=0.5134 rho_w=0.0178 F_S=0.0000e+00
[   92500/201000] phase=joint                  E_S=1.4269e+00 E_S'=1.7450e+00 E_S(W)=1.2999e+00 rho_W=0.5135 rho_w=0.0178 F_S=0.0000e+00
[   93000/201000] phase=joint                  E_S=1.4259e+00 E_S'=1.7441e+00 E_S(W)=1.2997e+00 rho_W=0.5135 rho_w=0.0181 F_S=0.0000e+00
[   93500/201000] phase=joint                  E_S=1.4251e+00 E_S'=1.7433e+00 E_S(W)=1.2996e+00 rho_W=0.5135 rho_w=0.0180 F_S=0.0000e+00
[   94000/201000] phase=joint                  E_S=1.4241e+00 E_S'=1.7424e+00 E_S(W)=1.2995e+00 rho_W=0.5136 rho_w=0.0181 F_S=0.0000e+00
[   94500/201000] phase=joint                  E_S=1.4232e+00 E_S'=1.7415e+00 E_S(W)=1.2993e+00 rho_W=0.5136 rho_w=0.0179 F_S=0.0000e+00
[   95000/201000] phase=joint                  E_S=1.4221e+00 E_S'=1.7405e+00 E_S(W)=1.2992e+00 rho_W=0.5137 rho_w=0.0178 F_S=0.0000e+00
[   95500/201000] phase=joint                  E_S=1.4213e+00 E_S'=1.7398e+00 E_S(W)=1.2990e+00 rho_W=0.5137 rho_w=0.0177 F_S=0.0000e+00
[   96000/201000] phase=joint                  E_S=1.4204e+00 E_S'=1.7389e+00 E_S(W)=1.2989e+00 rho_W=0.5137 rho_w=0.0177 F_S=0.0000e+00
[   96500/201000] phase=joint                  E_S=1.4194e+00 E_S'=1.7380e+00 E_S(W)=1.2987e+00 rho_W=0.5138 rho_w=0.0180 F_S=0.0000e+00
[   97000/201000] phase=joint                  E_S=1.4185e+00 E_S'=1.7371e+00 E_S(W)=1.2986e+00 rho_W=0.5138 rho_w=0.0178 F_S=0.0000e+00
[   97500/201000] phase=joint                  E_S=1.4175e+00 E_S'=1.7362e+00 E_S(W)=1.2985e+00 rho_W=0.5139 rho_w=0.0177 F_S=0.0000e+00
[   98000/201000] phase=joint                  E_S=1.4166e+00 E_S'=1.7354e+00 E_S(W)=1.2983e+00 rho_W=0.5139 rho_w=0.0177 F_S=0.0000e+00
[   98500/201000] phase=joint                  E_S=1.4157e+00 E_S'=1.7346e+00 E_S(W)=1.2982e+00 rho_W=0.5139 rho_w=0.0175 F_S=0.0000e+00
[   99000/201000] phase=joint                  E_S=1.4149e+00 E_S'=1.7338e+00 E_S(W)=1.2980e+00 rho_W=0.5140 rho_w=0.0176 F_S=0.0000e+00
[   99500/201000] phase=joint                  E_S=1.4141e+00 E_S'=1.7330e+00 E_S(W)=1.2979e+00 rho_W=0.5140 rho_w=0.0178 F_S=0.0000e+00
[  100000/201000] phase=joint                  E_S=1.4131e+00 E_S'=1.7321e+00 E_S(W)=1.2978e+00 rho_W=0.5141 rho_w=0.0178 F_S=0.0000e+00
[  100500/201000] phase=joint                  E_S=1.4123e+00 E_S'=1.7313e+00 E_S(W)=1.2976e+00 rho_W=0.5141 rho_w=0.0178 F_S=0.0000e+00
[  101000/201000] phase=joint                  E_S=1.4114e+00 E_S'=1.7304e+00 E_S(W)=1.2975e+00 rho_W=0.5141 rho_w=0.0179 F_S=0.0000e+00
[  101500/201000] phase=joint                  E_S=1.4105e+00 E_S'=1.7297e+00 E_S(W)=1.2974e+00 rho_W=0.5142 rho_w=0.0180 F_S=0.0000e+00
[  102000/201000] phase=joint                  E_S=1.4096e+00 E_S'=1.7288e+00 E_S(W)=1.2972e+00 rho_W=0.5142 rho_w=0.0179 F_S=0.0000e+00
[  102500/201000] phase=joint                  E_S=1.4088e+00 E_S'=1.7280e+00 E_S(W)=1.2971e+00 rho_W=0.5143 rho_w=0.0180 F_S=0.0000e+00
[  103000/201000] phase=joint                  E_S=1.4079e+00 E_S'=1.7272e+00 E_S(W)=1.2969e+00 rho_W=0.5143 rho_w=0.0180 F_S=0.0000e+00
[  103500/201000] phase=joint                  E_S=1.4071e+00 E_S'=1.7264e+00 E_S(W)=1.2968e+00 rho_W=0.5143 rho_w=0.0181 F_S=0.0000e+00
[  104000/201000] phase=joint                  E_S=1.4062e+00 E_S'=1.7256e+00 E_S(W)=1.2967e+00 rho_W=0.5144 rho_w=0.0181 F_S=0.0000e+00
[  104500/201000] phase=joint                  E_S=1.4054e+00 E_S'=1.7247e+00 E_S(W)=1.2965e+00 rho_W=0.5144 rho_w=0.0181 F_S=0.0000e+00
[  105000/201000] phase=joint                  E_S=1.4046e+00 E_S'=1.7240e+00 E_S(W)=1.2964e+00 rho_W=0.5145 rho_w=0.0180 F_S=0.0000e+00
[  105500/201000] phase=joint                  E_S=1.4038e+00 E_S'=1.7232e+00 E_S(W)=1.2962e+00 rho_W=0.5145 rho_w=0.0182 F_S=0.0000e+00
[  106000/201000] phase=joint                  E_S=1.4030e+00 E_S'=1.7224e+00 E_S(W)=1.2961e+00 rho_W=0.5145 rho_w=0.0183 F_S=0.0000e+00
[  106500/201000] phase=joint                  E_S=1.4021e+00 E_S'=1.7216e+00 E_S(W)=1.2959e+00 rho_W=0.5146 rho_w=0.0184 F_S=0.0000e+00
[  107000/201000] phase=joint                  E_S=1.4013e+00 E_S'=1.7209e+00 E_S(W)=1.2958e+00 rho_W=0.5146 rho_w=0.0184 F_S=0.0000e+00
[  107500/201000] phase=joint                  E_S=1.4005e+00 E_S'=1.7202e+00 E_S(W)=1.2957e+00 rho_W=0.5146 rho_w=0.0183 F_S=0.0000e+00
[  108000/201000] phase=joint                  E_S=1.3996e+00 E_S'=1.7194e+00 E_S(W)=1.2955e+00 rho_W=0.5147 rho_w=0.0181 F_S=0.0000e+00
[  108500/201000] phase=joint                  E_S=1.3990e+00 E_S'=1.7188e+00 E_S(W)=1.2954e+00 rho_W=0.5147 rho_w=0.0181 F_S=0.0000e+00
[  109000/201000] phase=joint                  E_S=1.3981e+00 E_S'=1.7180e+00 E_S(W)=1.2952e+00 rho_W=0.5148 rho_w=0.0181 F_S=0.0000e+00
[  109500/201000] phase=joint                  E_S=1.3972e+00 E_S'=1.7172e+00 E_S(W)=1.2951e+00 rho_W=0.5148 rho_w=0.0181 F_S=0.0000e+00
[  110000/201000] phase=joint                  E_S=1.3964e+00 E_S'=1.7164e+00 E_S(W)=1.2950e+00 rho_W=0.5148 rho_w=0.0181 F_S=0.0000e+00
[  110500/201000] phase=joint                  E_S=1.3956e+00 E_S'=1.7157e+00 E_S(W)=1.2948e+00 rho_W=0.5149 rho_w=0.0181 F_S=0.0000e+00
[  111000/201000] phase=joint                  E_S=1.3948e+00 E_S'=1.7149e+00 E_S(W)=1.2947e+00 rho_W=0.5149 rho_w=0.0181 F_S=0.0000e+00
[  111500/201000] phase=joint                  E_S=1.3940e+00 E_S'=1.7142e+00 E_S(W)=1.2945e+00 rho_W=0.5150 rho_w=0.0182 F_S=0.0000e+00
[  112000/201000] phase=joint                  E_S=1.3933e+00 E_S'=1.7134e+00 E_S(W)=1.2944e+00 rho_W=0.5150 rho_w=0.0181 F_S=0.0000e+00
[  112500/201000] phase=joint                  E_S=1.3925e+00 E_S'=1.7128e+00 E_S(W)=1.2942e+00 rho_W=0.5150 rho_w=0.0180 F_S=0.0000e+00
[  113000/201000] phase=joint                  E_S=1.3918e+00 E_S'=1.7121e+00 E_S(W)=1.2941e+00 rho_W=0.5151 rho_w=0.0180 F_S=0.0000e+00
[  113500/201000] phase=joint                  E_S=1.3909e+00 E_S'=1.7113e+00 E_S(W)=1.2940e+00 rho_W=0.5151 rho_w=0.0180 F_S=0.0000e+00
[  114000/201000] phase=joint                  E_S=1.3902e+00 E_S'=1.7105e+00 E_S(W)=1.2938e+00 rho_W=0.5152 rho_w=0.0181 F_S=0.0000e+00
[  114500/201000] phase=joint                  E_S=1.3895e+00 E_S'=1.7099e+00 E_S(W)=1.2937e+00 rho_W=0.5152 rho_w=0.0182 F_S=0.0000e+00
[  115000/201000] phase=joint                  E_S=1.3888e+00 E_S'=1.7091e+00 E_S(W)=1.2935e+00 rho_W=0.5152 rho_w=0.0183 F_S=0.0000e+00
[  115500/201000] phase=joint                  E_S=1.3881e+00 E_S'=1.7085e+00 E_S(W)=1.2934e+00 rho_W=0.5153 rho_w=0.0183 F_S=0.0000e+00
[  116000/201000] phase=joint                  E_S=1.3874e+00 E_S'=1.7078e+00 E_S(W)=1.2932e+00 rho_W=0.5153 rho_w=0.0183 F_S=0.0000e+00
[  116500/201000] phase=joint                  E_S=1.3867e+00 E_S'=1.7071e+00 E_S(W)=1.2931e+00 rho_W=0.5154 rho_w=0.0182 F_S=0.0000e+00
[  117000/201000] phase=joint                  E_S=1.3861e+00 E_S'=1.7066e+00 E_S(W)=1.2930e+00 rho_W=0.5154 rho_w=0.0183 F_S=0.0000e+00
[  117500/201000] phase=joint                  E_S=1.3853e+00 E_S'=1.7058e+00 E_S(W)=1.2928e+00 rho_W=0.5154 rho_w=0.0183 F_S=0.0000e+00
[  118000/201000] phase=joint                  E_S=1.3846e+00 E_S'=1.7051e+00 E_S(W)=1.2927e+00 rho_W=0.5155 rho_w=0.0181 F_S=0.0000e+00
[  118500/201000] phase=joint                  E_S=1.3838e+00 E_S'=1.7044e+00 E_S(W)=1.2925e+00 rho_W=0.5155 rho_w=0.0180 F_S=0.0000e+00
[  119000/201000] phase=joint                  E_S=1.3831e+00 E_S'=1.7038e+00 E_S(W)=1.2924e+00 rho_W=0.5155 rho_w=0.0179 F_S=0.0000e+00
[  119500/201000] phase=joint                  E_S=1.3825e+00 E_S'=1.7031e+00 E_S(W)=1.2923e+00 rho_W=0.5156 rho_w=0.0178 F_S=0.0000e+00
[  120000/201000] phase=joint                  E_S=1.3818e+00 E_S'=1.7025e+00 E_S(W)=1.2921e+00 rho_W=0.5156 rho_w=0.0178 F_S=0.0000e+00
[  120500/201000] phase=joint                  E_S=1.3811e+00 E_S'=1.7018e+00 E_S(W)=1.2920e+00 rho_W=0.5157 rho_w=0.0179 F_S=0.0000e+00
[  121000/201000] phase=joint                  E_S=1.3803e+00 E_S'=1.7011e+00 E_S(W)=1.2919e+00 rho_W=0.5157 rho_w=0.0178 F_S=0.0000e+00
[  121500/201000] phase=joint                  E_S=1.3796e+00 E_S'=1.7004e+00 E_S(W)=1.2917e+00 rho_W=0.5157 rho_w=0.0177 F_S=0.0000e+00
[  122000/201000] phase=joint                  E_S=1.3790e+00 E_S'=1.6999e+00 E_S(W)=1.2916e+00 rho_W=0.5158 rho_w=0.0179 F_S=0.0000e+00
[  122500/201000] phase=joint                  E_S=1.3783e+00 E_S'=1.6992e+00 E_S(W)=1.2914e+00 rho_W=0.5158 rho_w=0.0179 F_S=0.0000e+00
[  123000/201000] phase=joint                  E_S=1.3776e+00 E_S'=1.6985e+00 E_S(W)=1.2913e+00 rho_W=0.5159 rho_w=0.0180 F_S=0.0000e+00
[  123500/201000] phase=joint                  E_S=1.3770e+00 E_S'=1.6979e+00 E_S(W)=1.2912e+00 rho_W=0.5159 rho_w=0.0180 F_S=0.0000e+00
[  124000/201000] phase=joint                  E_S=1.3763e+00 E_S'=1.6973e+00 E_S(W)=1.2910e+00 rho_W=0.5159 rho_w=0.0181 F_S=0.0000e+00
[  124500/201000] phase=joint                  E_S=1.3756e+00 E_S'=1.6966e+00 E_S(W)=1.2909e+00 rho_W=0.5160 rho_w=0.0184 F_S=0.0000e+00
[  125000/201000] phase=joint                  E_S=1.3749e+00 E_S'=1.6959e+00 E_S(W)=1.2908e+00 rho_W=0.5160 rho_w=0.0184 F_S=0.0000e+00
[  125500/201000] phase=joint                  E_S=1.3742e+00 E_S'=1.6952e+00 E_S(W)=1.2906e+00 rho_W=0.5161 rho_w=0.0185 F_S=0.0000e+00
[  126000/201000] phase=joint                  E_S=1.3735e+00 E_S'=1.6946e+00 E_S(W)=1.2905e+00 rho_W=0.5161 rho_w=0.0186 F_S=0.0000e+00
[  126500/201000] phase=joint                  E_S=1.3729e+00 E_S'=1.6939e+00 E_S(W)=1.2903e+00 rho_W=0.5161 rho_w=0.0186 F_S=0.0000e+00
[  127000/201000] phase=joint                  E_S=1.3723e+00 E_S'=1.6934e+00 E_S(W)=1.2902e+00 rho_W=0.5162 rho_w=0.0185 F_S=0.0000e+00
[  127500/201000] phase=joint                  E_S=1.3717e+00 E_S'=1.6929e+00 E_S(W)=1.2901e+00 rho_W=0.5162 rho_w=0.0185 F_S=0.0000e+00
[  128000/201000] phase=joint                  E_S=1.3710e+00 E_S'=1.6922e+00 E_S(W)=1.2899e+00 rho_W=0.5163 rho_w=0.0186 F_S=0.0000e+00
[  128500/201000] phase=joint                  E_S=1.3703e+00 E_S'=1.6916e+00 E_S(W)=1.2898e+00 rho_W=0.5163 rho_w=0.0186 F_S=0.0000e+00
[  129000/201000] phase=joint                  E_S=1.3697e+00 E_S'=1.6910e+00 E_S(W)=1.2896e+00 rho_W=0.5163 rho_w=0.0186 F_S=0.0000e+00
[  129500/201000] phase=joint                  E_S=1.3690e+00 E_S'=1.6904e+00 E_S(W)=1.2895e+00 rho_W=0.5164 rho_w=0.0185 F_S=0.0000e+00
[  130000/201000] phase=joint                  E_S=1.3684e+00 E_S'=1.6897e+00 E_S(W)=1.2894e+00 rho_W=0.5164 rho_w=0.0184 F_S=0.0000e+00
[  130500/201000] phase=joint                  E_S=1.3677e+00 E_S'=1.6891e+00 E_S(W)=1.2892e+00 rho_W=0.5164 rho_w=0.0185 F_S=0.0000e+00
[  131000/201000] phase=joint                  E_S=1.3670e+00 E_S'=1.6885e+00 E_S(W)=1.2891e+00 rho_W=0.5165 rho_w=0.0185 F_S=0.0000e+00
[  131500/201000] phase=joint                  E_S=1.3664e+00 E_S'=1.6879e+00 E_S(W)=1.2889e+00 rho_W=0.5165 rho_w=0.0182 F_S=0.0000e+00
[  132000/201000] phase=joint                  E_S=1.3658e+00 E_S'=1.6873e+00 E_S(W)=1.2888e+00 rho_W=0.5166 rho_w=0.0181 F_S=0.0000e+00
[  132500/201000] phase=joint                  E_S=1.3653e+00 E_S'=1.6868e+00 E_S(W)=1.2887e+00 rho_W=0.5166 rho_w=0.0180 F_S=0.0000e+00
[  133000/201000] phase=joint                  E_S=1.3646e+00 E_S'=1.6862e+00 E_S(W)=1.2885e+00 rho_W=0.5166 rho_w=0.0179 F_S=0.0000e+00
[  133500/201000] phase=joint                  E_S=1.3641e+00 E_S'=1.6857e+00 E_S(W)=1.2884e+00 rho_W=0.5167 rho_w=0.0178 F_S=0.0000e+00
[  134000/201000] phase=joint                  E_S=1.3635e+00 E_S'=1.6851e+00 E_S(W)=1.2882e+00 rho_W=0.5167 rho_w=0.0178 F_S=0.0000e+00
[  134500/201000] phase=joint                  E_S=1.3629e+00 E_S'=1.6845e+00 E_S(W)=1.2881e+00 rho_W=0.5168 rho_w=0.0177 F_S=0.0000e+00
[  135000/201000] phase=joint                  E_S=1.3624e+00 E_S'=1.6840e+00 E_S(W)=1.2880e+00 rho_W=0.5168 rho_w=0.0177 F_S=0.0000e+00
[  135500/201000] phase=joint                  E_S=1.3618e+00 E_S'=1.6834e+00 E_S(W)=1.2878e+00 rho_W=0.5168 rho_w=0.0176 F_S=0.0000e+00
[  136000/201000] phase=joint                  E_S=1.3612e+00 E_S'=1.6829e+00 E_S(W)=1.2877e+00 rho_W=0.5169 rho_w=0.0175 F_S=0.0000e+00
[  136500/201000] phase=joint                  E_S=1.3606e+00 E_S'=1.6823e+00 E_S(W)=1.2875e+00 rho_W=0.5169 rho_w=0.0176 F_S=0.0000e+00
[  137000/201000] phase=joint                  E_S=1.3601e+00 E_S'=1.6818e+00 E_S(W)=1.2874e+00 rho_W=0.5170 rho_w=0.0172 F_S=0.0000e+00
[  137500/201000] phase=joint                  E_S=1.3595e+00 E_S'=1.6813e+00 E_S(W)=1.2872e+00 rho_W=0.5170 rho_w=0.0170 F_S=0.0000e+00
[  138000/201000] phase=joint                  E_S=1.3589e+00 E_S'=1.6807e+00 E_S(W)=1.2871e+00 rho_W=0.5170 rho_w=0.0173 F_S=0.0000e+00
[  138500/201000] phase=joint                  E_S=1.3583e+00 E_S'=1.6801e+00 E_S(W)=1.2869e+00 rho_W=0.5171 rho_w=0.0174 F_S=0.0000e+00
[  139000/201000] phase=joint                  E_S=1.3577e+00 E_S'=1.6795e+00 E_S(W)=1.2868e+00 rho_W=0.5171 rho_w=0.0173 F_S=0.0000e+00
[  139500/201000] phase=joint                  E_S=1.3572e+00 E_S'=1.6790e+00 E_S(W)=1.2867e+00 rho_W=0.5172 rho_w=0.0173 F_S=0.0000e+00
[  140000/201000] phase=joint                  E_S=1.3566e+00 E_S'=1.6784e+00 E_S(W)=1.2865e+00 rho_W=0.5172 rho_w=0.0173 F_S=0.0000e+00
[  140500/201000] phase=joint                  E_S=1.3561e+00 E_S'=1.6780e+00 E_S(W)=1.2864e+00 rho_W=0.5173 rho_w=0.0171 F_S=0.0000e+00
[  141000/201000] phase=joint                  E_S=1.3555e+00 E_S'=1.6774e+00 E_S(W)=1.2862e+00 rho_W=0.5173 rho_w=0.0172 F_S=0.0000e+00
[  141500/201000] phase=joint                  E_S=1.3550e+00 E_S'=1.6769e+00 E_S(W)=1.2861e+00 rho_W=0.5173 rho_w=0.0172 F_S=0.0000e+00
[  142000/201000] phase=joint                  E_S=1.3545e+00 E_S'=1.6763e+00 E_S(W)=1.2859e+00 rho_W=0.5174 rho_w=0.0170 F_S=0.0000e+00
[  142500/201000] phase=joint                  E_S=1.3539e+00 E_S'=1.6758e+00 E_S(W)=1.2858e+00 rho_W=0.5174 rho_w=0.0171 F_S=0.0000e+00
[  143000/201000] phase=joint                  E_S=1.3533e+00 E_S'=1.6753e+00 E_S(W)=1.2856e+00 rho_W=0.5175 rho_w=0.0170 F_S=0.0000e+00
[  143500/201000] phase=joint                  E_S=1.3528e+00 E_S'=1.6747e+00 E_S(W)=1.2855e+00 rho_W=0.5175 rho_w=0.0171 F_S=0.0000e+00
[  144000/201000] phase=joint                  E_S=1.3522e+00 E_S'=1.6742e+00 E_S(W)=1.2854e+00 rho_W=0.5175 rho_w=0.0170 F_S=0.0000e+00
[  144500/201000] phase=joint                  E_S=1.3516e+00 E_S'=1.6737e+00 E_S(W)=1.2852e+00 rho_W=0.5176 rho_w=0.0170 F_S=0.0000e+00
[  145000/201000] phase=joint                  E_S=1.3511e+00 E_S'=1.6732e+00 E_S(W)=1.2851e+00 rho_W=0.5176 rho_w=0.0168 F_S=0.0000e+00
[  145500/201000] phase=joint                  E_S=1.3506e+00 E_S'=1.6727e+00 E_S(W)=1.2849e+00 rho_W=0.5177 rho_w=0.0169 F_S=0.0000e+00
[  146000/201000] phase=joint                  E_S=1.3500e+00 E_S'=1.6721e+00 E_S(W)=1.2848e+00 rho_W=0.5177 rho_w=0.0170 F_S=0.0000e+00
[  146500/201000] phase=joint                  E_S=1.3494e+00 E_S'=1.6716e+00 E_S(W)=1.2846e+00 rho_W=0.5177 rho_w=0.0170 F_S=0.0000e+00
[  147000/201000] phase=joint                  E_S=1.3489e+00 E_S'=1.6710e+00 E_S(W)=1.2845e+00 rho_W=0.5178 rho_w=0.0172 F_S=0.0000e+00
[  147500/201000] phase=joint                  E_S=1.3484e+00 E_S'=1.6705e+00 E_S(W)=1.2844e+00 rho_W=0.5178 rho_w=0.0172 F_S=0.0000e+00
[  148000/201000] phase=joint                  E_S=1.3479e+00 E_S'=1.6699e+00 E_S(W)=1.2842e+00 rho_W=0.5179 rho_w=0.0173 F_S=0.0000e+00
[  148500/201000] phase=joint                  E_S=1.3473e+00 E_S'=1.6695e+00 E_S(W)=1.2841e+00 rho_W=0.5179 rho_w=0.0175 F_S=0.0000e+00
[  149000/201000] phase=joint                  E_S=1.3468e+00 E_S'=1.6689e+00 E_S(W)=1.2839e+00 rho_W=0.5179 rho_w=0.0176 F_S=0.0000e+00
[  149500/201000] phase=joint                  E_S=1.3462e+00 E_S'=1.6684e+00 E_S(W)=1.2838e+00 rho_W=0.5180 rho_w=0.0178 F_S=0.0000e+00
[  150000/201000] phase=joint                  E_S=1.3458e+00 E_S'=1.6679e+00 E_S(W)=1.2836e+00 rho_W=0.5180 rho_w=0.0176 F_S=0.0000e+00
[  150500/201000] phase=joint                  E_S=1.3451e+00 E_S'=1.6674e+00 E_S(W)=1.2835e+00 rho_W=0.5181 rho_w=0.0177 F_S=0.0000e+00
[  151000/201000] phase=joint                  E_S=1.3446e+00 E_S'=1.6669e+00 E_S(W)=1.2833e+00 rho_W=0.5181 rho_w=0.0177 F_S=0.0000e+00
[  151500/201000] phase=joint                  E_S=1.3441e+00 E_S'=1.6664e+00 E_S(W)=1.2832e+00 rho_W=0.5181 rho_w=0.0177 F_S=0.0000e+00
[  152000/201000] phase=joint                  E_S=1.3437e+00 E_S'=1.6659e+00 E_S(W)=1.2831e+00 rho_W=0.5182 rho_w=0.0176 F_S=0.0000e+00
[  152500/201000] phase=joint                  E_S=1.3432e+00 E_S'=1.6654e+00 E_S(W)=1.2829e+00 rho_W=0.5182 rho_w=0.0177 F_S=0.0000e+00
[  153000/201000] phase=joint                  E_S=1.3427e+00 E_S'=1.6650e+00 E_S(W)=1.2828e+00 rho_W=0.5183 rho_w=0.0175 F_S=0.0000e+00
[  153500/201000] phase=joint                  E_S=1.3421e+00 E_S'=1.6645e+00 E_S(W)=1.2826e+00 rho_W=0.5183 rho_w=0.0176 F_S=0.0000e+00
[  154000/201000] phase=joint                  E_S=1.3416e+00 E_S'=1.6640e+00 E_S(W)=1.2825e+00 rho_W=0.5183 rho_w=0.0175 F_S=0.0000e+00
[  154500/201000] phase=joint                  E_S=1.3412e+00 E_S'=1.6635e+00 E_S(W)=1.2824e+00 rho_W=0.5184 rho_w=0.0173 F_S=0.0000e+00
[  155000/201000] phase=joint                  E_S=1.3407e+00 E_S'=1.6631e+00 E_S(W)=1.2822e+00 rho_W=0.5184 rho_w=0.0171 F_S=0.0000e+00
[  155500/201000] phase=joint                  E_S=1.3402e+00 E_S'=1.6626e+00 E_S(W)=1.2821e+00 rho_W=0.5185 rho_w=0.0169 F_S=0.0000e+00
[  156000/201000] phase=joint                  E_S=1.3397e+00 E_S'=1.6622e+00 E_S(W)=1.2819e+00 rho_W=0.5185 rho_w=0.0170 F_S=0.0000e+00
[  156500/201000] phase=joint                  E_S=1.3392e+00 E_S'=1.6617e+00 E_S(W)=1.2818e+00 rho_W=0.5185 rho_w=0.0171 F_S=0.0000e+00
[  157000/201000] phase=joint                  E_S=1.3387e+00 E_S'=1.6612e+00 E_S(W)=1.2816e+00 rho_W=0.5186 rho_w=0.0171 F_S=0.0000e+00
[  157500/201000] phase=joint                  E_S=1.3382e+00 E_S'=1.6608e+00 E_S(W)=1.2815e+00 rho_W=0.5186 rho_w=0.0173 F_S=0.0000e+00
[  158000/201000] phase=joint                  E_S=1.3377e+00 E_S'=1.6603e+00 E_S(W)=1.2813e+00 rho_W=0.5187 rho_w=0.0173 F_S=0.0000e+00
[  158500/201000] phase=joint                  E_S=1.3373e+00 E_S'=1.6599e+00 E_S(W)=1.2812e+00 rho_W=0.5187 rho_w=0.0174 F_S=0.0000e+00
[  159000/201000] phase=joint                  E_S=1.3369e+00 E_S'=1.6595e+00 E_S(W)=1.2810e+00 rho_W=0.5187 rho_w=0.0172 F_S=0.0000e+00
[  159500/201000] phase=joint                  E_S=1.3364e+00 E_S'=1.6591e+00 E_S(W)=1.2809e+00 rho_W=0.5188 rho_w=0.0172 F_S=0.0000e+00
[  160000/201000] phase=joint                  E_S=1.3360e+00 E_S'=1.6586e+00 E_S(W)=1.2807e+00 rho_W=0.5188 rho_w=0.0173 F_S=0.0000e+00
[  160500/201000] phase=joint                  E_S=1.3355e+00 E_S'=1.6581e+00 E_S(W)=1.2806e+00 rho_W=0.5189 rho_w=0.0172 F_S=0.0000e+00
[  161000/201000] phase=joint                  E_S=1.3351e+00 E_S'=1.6577e+00 E_S(W)=1.2804e+00 rho_W=0.5189 rho_w=0.0172 F_S=0.0000e+00
[  161500/201000] phase=joint                  E_S=1.3347e+00 E_S'=1.6573e+00 E_S(W)=1.2803e+00 rho_W=0.5190 rho_w=0.0171 F_S=0.0000e+00
[  162000/201000] phase=joint                  E_S=1.3342e+00 E_S'=1.6569e+00 E_S(W)=1.2802e+00 rho_W=0.5190 rho_w=0.0171 F_S=0.0000e+00
[  162500/201000] phase=joint                  E_S=1.3337e+00 E_S'=1.6564e+00 E_S(W)=1.2800e+00 rho_W=0.5190 rho_w=0.0169 F_S=0.0000e+00
[  163000/201000] phase=joint                  E_S=1.3333e+00 E_S'=1.6560e+00 E_S(W)=1.2799e+00 rho_W=0.5191 rho_w=0.0171 F_S=0.0000e+00
[  163500/201000] phase=joint                  E_S=1.3329e+00 E_S'=1.6556e+00 E_S(W)=1.2797e+00 rho_W=0.5191 rho_w=0.0169 F_S=0.0000e+00
[  164000/201000] phase=joint                  E_S=1.3324e+00 E_S'=1.6552e+00 E_S(W)=1.2796e+00 rho_W=0.5192 rho_w=0.0170 F_S=0.0000e+00
[  164500/201000] phase=joint                  E_S=1.3320e+00 E_S'=1.6547e+00 E_S(W)=1.2794e+00 rho_W=0.5192 rho_w=0.0169 F_S=0.0000e+00
[  165000/201000] phase=joint                  E_S=1.3316e+00 E_S'=1.6543e+00 E_S(W)=1.2793e+00 rho_W=0.5192 rho_w=0.0168 F_S=0.0000e+00
[  165500/201000] phase=joint                  E_S=1.3311e+00 E_S'=1.6539e+00 E_S(W)=1.2792e+00 rho_W=0.5193 rho_w=0.0167 F_S=0.0000e+00
[  166000/201000] phase=joint                  E_S=1.3307e+00 E_S'=1.6534e+00 E_S(W)=1.2790e+00 rho_W=0.5193 rho_w=0.0166 F_S=0.0000e+00
[  166500/201000] phase=joint                  E_S=1.3302e+00 E_S'=1.6530e+00 E_S(W)=1.2789e+00 rho_W=0.5194 rho_w=0.0166 F_S=0.0000e+00
[  167000/201000] phase=joint                  E_S=1.3297e+00 E_S'=1.6525e+00 E_S(W)=1.2787e+00 rho_W=0.5194 rho_w=0.0168 F_S=0.0000e+00
[  167500/201000] phase=joint                  E_S=1.3293e+00 E_S'=1.6521e+00 E_S(W)=1.2786e+00 rho_W=0.5194 rho_w=0.0169 F_S=0.0000e+00
[  168000/201000] phase=joint                  E_S=1.3288e+00 E_S'=1.6517e+00 E_S(W)=1.2784e+00 rho_W=0.5195 rho_w=0.0169 F_S=0.0000e+00
[  168500/201000] phase=joint                  E_S=1.3284e+00 E_S'=1.6512e+00 E_S(W)=1.2783e+00 rho_W=0.5195 rho_w=0.0171 F_S=0.0000e+00
[  169000/201000] phase=joint                  E_S=1.3280e+00 E_S'=1.6509e+00 E_S(W)=1.2782e+00 rho_W=0.5196 rho_w=0.0172 F_S=0.0000e+00
[  169500/201000] phase=joint                  E_S=1.3275e+00 E_S'=1.6504e+00 E_S(W)=1.2780e+00 rho_W=0.5196 rho_w=0.0173 F_S=0.0000e+00
[  170000/201000] phase=joint                  E_S=1.3271e+00 E_S'=1.6500e+00 E_S(W)=1.2779e+00 rho_W=0.5196 rho_w=0.0175 F_S=0.0000e+00
[  170500/201000] phase=joint                  E_S=1.3267e+00 E_S'=1.6496e+00 E_S(W)=1.2777e+00 rho_W=0.5197 rho_w=0.0176 F_S=0.0000e+00
[  171000/201000] phase=joint                  E_S=1.3263e+00 E_S'=1.6492e+00 E_S(W)=1.2776e+00 rho_W=0.5197 rho_w=0.0179 F_S=0.0000e+00
[  171500/201000] phase=joint                  E_S=1.3258e+00 E_S'=1.6487e+00 E_S(W)=1.2774e+00 rho_W=0.5198 rho_w=0.0179 F_S=0.0000e+00
[  172000/201000] phase=joint                  E_S=1.3254e+00 E_S'=1.6484e+00 E_S(W)=1.2773e+00 rho_W=0.5198 rho_w=0.0179 F_S=0.0000e+00
[  172500/201000] phase=joint                  E_S=1.3250e+00 E_S'=1.6480e+00 E_S(W)=1.2772e+00 rho_W=0.5198 rho_w=0.0179 F_S=0.0000e+00
[  173000/201000] phase=joint                  E_S=1.3246e+00 E_S'=1.6475e+00 E_S(W)=1.2770e+00 rho_W=0.5199 rho_w=0.0180 F_S=0.0000e+00
[  173500/201000] phase=joint                  E_S=1.3242e+00 E_S'=1.6472e+00 E_S(W)=1.2769e+00 rho_W=0.5199 rho_w=0.0182 F_S=0.0000e+00
[  174000/201000] phase=joint                  E_S=1.3238e+00 E_S'=1.6468e+00 E_S(W)=1.2767e+00 rho_W=0.5200 rho_w=0.0181 F_S=0.0000e+00
[  174500/201000] phase=joint                  E_S=1.3234e+00 E_S'=1.6464e+00 E_S(W)=1.2766e+00 rho_W=0.5200 rho_w=0.0180 F_S=0.0000e+00
[  175000/201000] phase=joint                  E_S=1.3230e+00 E_S'=1.6460e+00 E_S(W)=1.2765e+00 rho_W=0.5200 rho_w=0.0180 F_S=0.0000e+00
[  175500/201000] phase=joint                  E_S=1.3226e+00 E_S'=1.6456e+00 E_S(W)=1.2763e+00 rho_W=0.5201 rho_w=0.0181 F_S=0.0000e+00
[  176000/201000] phase=joint                  E_S=1.3222e+00 E_S'=1.6452e+00 E_S(W)=1.2762e+00 rho_W=0.5201 rho_w=0.0181 F_S=0.0000e+00
[  176500/201000] phase=joint                  E_S=1.3218e+00 E_S'=1.6448e+00 E_S(W)=1.2760e+00 rho_W=0.5202 rho_w=0.0183 F_S=0.0000e+00
[  177000/201000] phase=joint                  E_S=1.3214e+00 E_S'=1.6444e+00 E_S(W)=1.2759e+00 rho_W=0.5202 rho_w=0.0182 F_S=0.0000e+00
[  177500/201000] phase=joint                  E_S=1.3210e+00 E_S'=1.6440e+00 E_S(W)=1.2757e+00 rho_W=0.5202 rho_w=0.0182 F_S=0.0000e+00
[  178000/201000] phase=joint                  E_S=1.3206e+00 E_S'=1.6436e+00 E_S(W)=1.2756e+00 rho_W=0.5203 rho_w=0.0183 F_S=0.0000e+00
[  178500/201000] phase=joint                  E_S=1.3202e+00 E_S'=1.6433e+00 E_S(W)=1.2755e+00 rho_W=0.5203 rho_w=0.0181 F_S=0.0000e+00
[  179000/201000] phase=joint                  E_S=1.3198e+00 E_S'=1.6429e+00 E_S(W)=1.2753e+00 rho_W=0.5204 rho_w=0.0181 F_S=0.0000e+00
[  179500/201000] phase=joint                  E_S=1.3194e+00 E_S'=1.6425e+00 E_S(W)=1.2752e+00 rho_W=0.5204 rho_w=0.0181 F_S=0.0000e+00
[  180000/201000] phase=joint                  E_S=1.3190e+00 E_S'=1.6421e+00 E_S(W)=1.2750e+00 rho_W=0.5204 rho_w=0.0179 F_S=0.0000e+00
[  180500/201000] phase=joint                  E_S=1.3187e+00 E_S'=1.6417e+00 E_S(W)=1.2749e+00 rho_W=0.5205 rho_w=0.0176 F_S=0.0000e+00
[  181000/201000] phase=joint                  E_S=1.3183e+00 E_S'=1.6413e+00 E_S(W)=1.2748e+00 rho_W=0.5205 rho_w=0.0177 F_S=0.0000e+00
[  181500/201000] phase=joint                  E_S=1.3179e+00 E_S'=1.6409e+00 E_S(W)=1.2746e+00 rho_W=0.5206 rho_w=0.0176 F_S=0.0000e+00
[  182000/201000] phase=joint                  E_S=1.3175e+00 E_S'=1.6405e+00 E_S(W)=1.2745e+00 rho_W=0.5206 rho_w=0.0176 F_S=0.0000e+00
[  182500/201000] phase=joint                  E_S=1.3171e+00 E_S'=1.6402e+00 E_S(W)=1.2743e+00 rho_W=0.5206 rho_w=0.0176 F_S=0.0000e+00
[  183000/201000] phase=joint                  E_S=1.3167e+00 E_S'=1.6398e+00 E_S(W)=1.2742e+00 rho_W=0.5207 rho_w=0.0176 F_S=0.0000e+00
[  183500/201000] phase=joint                  E_S=1.3163e+00 E_S'=1.6394e+00 E_S(W)=1.2740e+00 rho_W=0.5207 rho_w=0.0177 F_S=0.0000e+00
[  184000/201000] phase=joint                  E_S=1.3158e+00 E_S'=1.6390e+00 E_S(W)=1.2739e+00 rho_W=0.5208 rho_w=0.0178 F_S=0.0000e+00
[  184500/201000] phase=joint                  E_S=1.3155e+00 E_S'=1.6386e+00 E_S(W)=1.2737e+00 rho_W=0.5208 rho_w=0.0177 F_S=0.0000e+00
[  185000/201000] phase=joint                  E_S=1.3151e+00 E_S'=1.6382e+00 E_S(W)=1.2736e+00 rho_W=0.5208 rho_w=0.0178 F_S=0.0000e+00
[  185500/201000] phase=joint                  E_S=1.3148e+00 E_S'=1.6379e+00 E_S(W)=1.2735e+00 rho_W=0.5209 rho_w=0.0180 F_S=0.0000e+00
[  186000/201000] phase=joint                  E_S=1.3144e+00 E_S'=1.6375e+00 E_S(W)=1.2733e+00 rho_W=0.5209 rho_w=0.0178 F_S=0.0000e+00
[  186500/201000] phase=joint                  E_S=1.3140e+00 E_S'=1.6372e+00 E_S(W)=1.2732e+00 rho_W=0.5210 rho_w=0.0179 F_S=0.0000e+00
[  187000/201000] phase=joint                  E_S=1.3136e+00 E_S'=1.6368e+00 E_S(W)=1.2730e+00 rho_W=0.5210 rho_w=0.0178 F_S=0.0000e+00
[  187500/201000] phase=joint                  E_S=1.3133e+00 E_S'=1.6365e+00 E_S(W)=1.2729e+00 rho_W=0.5210 rho_w=0.0178 F_S=0.0000e+00
[  188000/201000] phase=joint                  E_S=1.3129e+00 E_S'=1.6361e+00 E_S(W)=1.2728e+00 rho_W=0.5211 rho_w=0.0176 F_S=0.0000e+00
[  188500/201000] phase=joint                  E_S=1.3125e+00 E_S'=1.6357e+00 E_S(W)=1.2726e+00 rho_W=0.5211 rho_w=0.0177 F_S=0.0000e+00
[  189000/201000] phase=joint                  E_S=1.3122e+00 E_S'=1.6354e+00 E_S(W)=1.2725e+00 rho_W=0.5212 rho_w=0.0176 F_S=0.0000e+00
[  189500/201000] phase=joint                  E_S=1.3118e+00 E_S'=1.6350e+00 E_S(W)=1.2723e+00 rho_W=0.5212 rho_w=0.0175 F_S=0.0000e+00
[  190000/201000] phase=joint                  E_S=1.3114e+00 E_S'=1.6346e+00 E_S(W)=1.2722e+00 rho_W=0.5212 rho_w=0.0173 F_S=0.0000e+00
[  190500/201000] phase=joint                  E_S=1.3110e+00 E_S'=1.6343e+00 E_S(W)=1.2721e+00 rho_W=0.5213 rho_w=0.0171 F_S=0.0000e+00
[  191000/201000] phase=joint                  E_S=1.3107e+00 E_S'=1.6339e+00 E_S(W)=1.2719e+00 rho_W=0.5213 rho_w=0.0172 F_S=0.0000e+00
[  191500/201000] phase=joint                  E_S=1.3103e+00 E_S'=1.6336e+00 E_S(W)=1.2718e+00 rho_W=0.5214 rho_w=0.0171 F_S=0.0000e+00
[  192000/201000] phase=joint                  E_S=1.3100e+00 E_S'=1.6332e+00 E_S(W)=1.2716e+00 rho_W=0.5214 rho_w=0.0173 F_S=0.0000e+00
[  192500/201000] phase=joint                  E_S=1.3096e+00 E_S'=1.6329e+00 E_S(W)=1.2715e+00 rho_W=0.5214 rho_w=0.0171 F_S=0.0000e+00
[  193000/201000] phase=joint                  E_S=1.3093e+00 E_S'=1.6326e+00 E_S(W)=1.2714e+00 rho_W=0.5215 rho_w=0.0173 F_S=0.0000e+00
[  193500/201000] phase=joint                  E_S=1.3089e+00 E_S'=1.6322e+00 E_S(W)=1.2712e+00 rho_W=0.5215 rho_w=0.0171 F_S=0.0000e+00
[  194000/201000] phase=joint                  E_S=1.3086e+00 E_S'=1.6319e+00 E_S(W)=1.2711e+00 rho_W=0.5216 rho_w=0.0171 F_S=0.0000e+00
[  194500/201000] phase=joint                  E_S=1.3083e+00 E_S'=1.6316e+00 E_S(W)=1.2710e+00 rho_W=0.5216 rho_w=0.0169 F_S=0.0000e+00
[  195000/201000] phase=joint                  E_S=1.3079e+00 E_S'=1.6312e+00 E_S(W)=1.2708e+00 rho_W=0.5216 rho_w=0.0169 F_S=0.0000e+00
[  195500/201000] phase=joint                  E_S=1.3076e+00 E_S'=1.6309e+00 E_S(W)=1.2707e+00 rho_W=0.5217 rho_w=0.0170 F_S=0.0000e+00
[  196000/201000] phase=joint                  E_S=1.3072e+00 E_S'=1.6305e+00 E_S(W)=1.2705e+00 rho_W=0.5217 rho_w=0.0169 F_S=0.0000e+00
[  196500/201000] phase=joint                  E_S=1.3068e+00 E_S'=1.6302e+00 E_S(W)=1.2704e+00 rho_W=0.5218 rho_w=0.0168 F_S=0.0000e+00
[  197000/201000] phase=joint                  E_S=1.3065e+00 E_S'=1.6298e+00 E_S(W)=1.2703e+00 rho_W=0.5218 rho_w=0.0170 F_S=0.0000e+00
[  197500/201000] phase=joint                  E_S=1.3061e+00 E_S'=1.6294e+00 E_S(W)=1.2701e+00 rho_W=0.5218 rho_w=0.0169 F_S=0.0000e+00
[  198000/201000] phase=joint                  E_S=1.3058e+00 E_S'=1.6291e+00 E_S(W)=1.2700e+00 rho_W=0.5219 rho_w=0.0168 F_S=0.0000e+00
[  198500/201000] phase=joint                  E_S=1.3054e+00 E_S'=1.6288e+00 E_S(W)=1.2698e+00 rho_W=0.5219 rho_w=0.0166 F_S=0.0000e+00
[  199000/201000] phase=joint                  E_S=1.3051e+00 E_S'=1.6284e+00 E_S(W)=1.2697e+00 rho_W=0.5220 rho_w=0.0166 F_S=0.0000e+00
[  199500/201000] phase=joint                  E_S=1.3047e+00 E_S'=1.6281e+00 E_S(W)=1.2695e+00 rho_W=0.5220 rho_w=0.0166 F_S=0.0000e+00
[  200000/201000] phase=joint                  E_S=1.3043e+00 E_S'=1.6277e+00 E_S(W)=1.2694e+00 rho_W=0.5220 rho_w=0.0167 F_S=0.0000e+00
[  200500/201000] phase=joint                  E_S=1.3040e+00 E_S'=1.6273e+00 E_S(W)=1.2693e+00 rho_W=0.5221 rho_w=0.0168 F_S=0.0000e+00
[  201000/201000] phase=joint                  E_S=1.3036e+00 E_S'=1.6270e+00 E_S(W)=1.2691e+00 rho_W=0.5221 rho_w=0.0167 F_S=0.0000e+00

Training complete.
Results saved to: results/training_dynamics/joint/d200_T5_ks1_k1_a5_ap5_lrW0p001_lrw0p001_seed0
Elapsed time: 895.67 s
