Experiment: w_then_W
Job: 3171202_2
Node: i25
Creating fixed test sets: 2000 samples/task on cuda...
[       0/201000] phase=initial                E_S=1.7476e+00 E_S'=2.0430e+00 E_S(W)=1.3238e+00 rho_W=0.5066 rho_w=0.0177 F_S=0.0000e+00
[     500/201000] phase=train_w                E_S=1.7446e+00 E_S'=2.0403e+00 E_S(W)=1.3238e+00 rho_W=0.5066 rho_w=0.0176 F_S=0.0000e+00
[    1000/201000] phase=train_w                E_S=1.7421e+00 E_S'=2.0381e+00 E_S(W)=1.3238e+00 rho_W=0.5066 rho_w=0.0177 F_S=0.0000e+00
[    1500/201000] phase=train_W                E_S=1.7420e+00 E_S'=2.0380e+00 E_S(W)=1.3237e+00 rho_W=0.5067 rho_w=0.0177 F_S=0.0000e+00
[    2000/201000] phase=train_W                E_S=1.7419e+00 E_S'=2.0379e+00 E_S(W)=1.3236e+00 rho_W=0.5067 rho_w=0.0177 F_S=0.0000e+00
[    2500/201000] phase=train_W                E_S=1.7418e+00 E_S'=2.0378e+00 E_S(W)=1.3234e+00 rho_W=0.5067 rho_w=0.0177 F_S=0.0000e+00
[    3000/201000] phase=train_W                E_S=1.7417e+00 E_S'=2.0377e+00 E_S(W)=1.3233e+00 rho_W=0.5068 rho_w=0.0177 F_S=0.0000e+00
[    3500/201000] phase=train_W                E_S=1.7416e+00 E_S'=2.0376e+00 E_S(W)=1.3232e+00 rho_W=0.5068 rho_w=0.0177 F_S=0.0000e+00
[    4000/201000] phase=train_W                E_S=1.7415e+00 E_S'=2.0375e+00 E_S(W)=1.3231e+00 rho_W=0.5068 rho_w=0.0177 F_S=0.0000e+00
[    4500/201000] phase=train_W                E_S=1.7414e+00 E_S'=2.0374e+00 E_S(W)=1.3230e+00 rho_W=0.5069 rho_w=0.0177 F_S=0.0000e+00
[    5000/201000] phase=train_W                E_S=1.7413e+00 E_S'=2.0372e+00 E_S(W)=1.3229e+00 rho_W=0.5069 rho_w=0.0177 F_S=0.0000e+00
[    5500/201000] phase=train_W                E_S=1.7412e+00 E_S'=2.0371e+00 E_S(W)=1.3227e+00 rho_W=0.5069 rho_w=0.0177 F_S=0.0000e+00
[    6000/201000] phase=train_W                E_S=1.7411e+00 E_S'=2.0370e+00 E_S(W)=1.3226e+00 rho_W=0.5070 rho_w=0.0177 F_S=0.0000e+00
[    6500/201000] phase=train_W                E_S=1.7410e+00 E_S'=2.0369e+00 E_S(W)=1.3225e+00 rho_W=0.5070 rho_w=0.0177 F_S=0.0000e+00
[    7000/201000] phase=train_W                E_S=1.7409e+00 E_S'=2.0368e+00 E_S(W)=1.3224e+00 rho_W=0.5070 rho_w=0.0177 F_S=0.0000e+00
[    7500/201000] phase=train_W                E_S=1.7408e+00 E_S'=2.0367e+00 E_S(W)=1.3223e+00 rho_W=0.5071 rho_w=0.0177 F_S=0.0000e+00
[    8000/201000] phase=train_W                E_S=1.7407e+00 E_S'=2.0365e+00 E_S(W)=1.3221e+00 rho_W=0.5071 rho_w=0.0177 F_S=0.0000e+00
[    8500/201000] phase=train_W                E_S=1.7406e+00 E_S'=2.0364e+00 E_S(W)=1.3220e+00 rho_W=0.5071 rho_w=0.0177 F_S=0.0000e+00
[    9000/201000] phase=train_W                E_S=1.7405e+00 E_S'=2.0363e+00 E_S(W)=1.3219e+00 rho_W=0.5072 rho_w=0.0177 F_S=0.0000e+00
[    9500/201000] phase=train_W                E_S=1.7404e+00 E_S'=2.0362e+00 E_S(W)=1.3218e+00 rho_W=0.5072 rho_w=0.0177 F_S=0.0000e+00
[   10000/201000] phase=train_W                E_S=1.7403e+00 E_S'=2.0361e+00 E_S(W)=1.3217e+00 rho_W=0.5072 rho_w=0.0177 F_S=0.0000e+00
[   10500/201000] phase=train_W                E_S=1.7402e+00 E_S'=2.0360e+00 E_S(W)=1.3216e+00 rho_W=0.5073 rho_w=0.0177 F_S=0.0000e+00
[   11000/201000] phase=train_W                E_S=1.7401e+00 E_S'=2.0359e+00 E_S(W)=1.3214e+00 rho_W=0.5073 rho_w=0.0177 F_S=0.0000e+00
[   11500/201000] phase=train_W                E_S=1.7400e+00 E_S'=2.0357e+00 E_S(W)=1.3213e+00 rho_W=0.5073 rho_w=0.0177 F_S=0.0000e+00
[   12000/201000] phase=train_W                E_S=1.7399e+00 E_S'=2.0356e+00 E_S(W)=1.3212e+00 rho_W=0.5074 rho_w=0.0177 F_S=0.0000e+00
[   12500/201000] phase=train_W                E_S=1.7398e+00 E_S'=2.0355e+00 E_S(W)=1.3211e+00 rho_W=0.5074 rho_w=0.0177 F_S=0.0000e+00
[   13000/201000] phase=train_W                E_S=1.7397e+00 E_S'=2.0354e+00 E_S(W)=1.3210e+00 rho_W=0.5075 rho_w=0.0177 F_S=0.0000e+00
[   13500/201000] phase=train_W                E_S=1.7396e+00 E_S'=2.0353e+00 E_S(W)=1.3208e+00 rho_W=0.5075 rho_w=0.0177 F_S=0.0000e+00
[   14000/201000] phase=train_W                E_S=1.7395e+00 E_S'=2.0352e+00 E_S(W)=1.3207e+00 rho_W=0.5075 rho_w=0.0177 F_S=0.0000e+00
[   14500/201000] phase=train_W                E_S=1.7394e+00 E_S'=2.0351e+00 E_S(W)=1.3206e+00 rho_W=0.5076 rho_w=0.0177 F_S=0.0000e+00
[   15000/201000] phase=train_W                E_S=1.7393e+00 E_S'=2.0350e+00 E_S(W)=1.3205e+00 rho_W=0.5076 rho_w=0.0177 F_S=0.0000e+00
[   15500/201000] phase=train_W                E_S=1.7392e+00 E_S'=2.0348e+00 E_S(W)=1.3204e+00 rho_W=0.5076 rho_w=0.0177 F_S=0.0000e+00
[   16000/201000] phase=train_W                E_S=1.7391e+00 E_S'=2.0347e+00 E_S(W)=1.3203e+00 rho_W=0.5077 rho_w=0.0177 F_S=0.0000e+00
[   16500/201000] phase=train_W                E_S=1.7390e+00 E_S'=2.0346e+00 E_S(W)=1.3201e+00 rho_W=0.5077 rho_w=0.0177 F_S=0.0000e+00
[   17000/201000] phase=train_W                E_S=1.7389e+00 E_S'=2.0345e+00 E_S(W)=1.3200e+00 rho_W=0.5077 rho_w=0.0177 F_S=0.0000e+00
[   17500/201000] phase=train_W                E_S=1.7388e+00 E_S'=2.0344e+00 E_S(W)=1.3199e+00 rho_W=0.5078 rho_w=0.0177 F_S=0.0000e+00
[   18000/201000] phase=train_W                E_S=1.7387e+00 E_S'=2.0343e+00 E_S(W)=1.3198e+00 rho_W=0.5078 rho_w=0.0177 F_S=0.0000e+00
[   18500/201000] phase=train_W                E_S=1.7386e+00 E_S'=2.0342e+00 E_S(W)=1.3197e+00 rho_W=0.5078 rho_w=0.0177 F_S=0.0000e+00
[   19000/201000] phase=train_W                E_S=1.7385e+00 E_S'=2.0341e+00 E_S(W)=1.3196e+00 rho_W=0.5079 rho_w=0.0177 F_S=0.0000e+00
[   19500/201000] phase=train_W                E_S=1.7384e+00 E_S'=2.0340e+00 E_S(W)=1.3194e+00 rho_W=0.5079 rho_w=0.0177 F_S=0.0000e+00
[   20000/201000] phase=train_W                E_S=1.7383e+00 E_S'=2.0339e+00 E_S(W)=1.3193e+00 rho_W=0.5079 rho_w=0.0177 F_S=0.0000e+00
[   20500/201000] phase=train_W                E_S=1.7382e+00 E_S'=2.0338e+00 E_S(W)=1.3192e+00 rho_W=0.5080 rho_w=0.0177 F_S=0.0000e+00
[   21000/201000] phase=train_W                E_S=1.7381e+00 E_S'=2.0336e+00 E_S(W)=1.3191e+00 rho_W=0.5080 rho_w=0.0177 F_S=0.0000e+00
[   21500/201000] phase=train_W                E_S=1.7380e+00 E_S'=2.0335e+00 E_S(W)=1.3190e+00 rho_W=0.5080 rho_w=0.0177 F_S=0.0000e+00
[   22000/201000] phase=train_W                E_S=1.7379e+00 E_S'=2.0334e+00 E_S(W)=1.3189e+00 rho_W=0.5081 rho_w=0.0177 F_S=0.0000e+00
[   22500/201000] phase=train_W                E_S=1.7378e+00 E_S'=2.0333e+00 E_S(W)=1.3188e+00 rho_W=0.5081 rho_w=0.0177 F_S=0.0000e+00
[   23000/201000] phase=train_W                E_S=1.7377e+00 E_S'=2.0332e+00 E_S(W)=1.3186e+00 rho_W=0.5081 rho_w=0.0177 F_S=0.0000e+00
[   23500/201000] phase=train_W                E_S=1.7376e+00 E_S'=2.0331e+00 E_S(W)=1.3185e+00 rho_W=0.5082 rho_w=0.0177 F_S=0.0000e+00
[   24000/201000] phase=train_W                E_S=1.7375e+00 E_S'=2.0330e+00 E_S(W)=1.3184e+00 rho_W=0.5082 rho_w=0.0177 F_S=0.0000e+00
[   24500/201000] phase=train_W                E_S=1.7374e+00 E_S'=2.0329e+00 E_S(W)=1.3183e+00 rho_W=0.5082 rho_w=0.0177 F_S=0.0000e+00
[   25000/201000] phase=train_W                E_S=1.7373e+00 E_S'=2.0328e+00 E_S(W)=1.3182e+00 rho_W=0.5083 rho_w=0.0177 F_S=0.0000e+00
[   25500/201000] phase=train_W                E_S=1.7372e+00 E_S'=2.0327e+00 E_S(W)=1.3181e+00 rho_W=0.5083 rho_w=0.0177 F_S=0.0000e+00
[   26000/201000] phase=train_W                E_S=1.7371e+00 E_S'=2.0326e+00 E_S(W)=1.3179e+00 rho_W=0.5083 rho_w=0.0177 F_S=0.0000e+00
[   26500/201000] phase=train_W                E_S=1.7370e+00 E_S'=2.0325e+00 E_S(W)=1.3178e+00 rho_W=0.5084 rho_w=0.0177 F_S=0.0000e+00
[   27000/201000] phase=train_W                E_S=1.7369e+00 E_S'=2.0323e+00 E_S(W)=1.3177e+00 rho_W=0.5084 rho_w=0.0177 F_S=0.0000e+00
[   27500/201000] phase=train_W                E_S=1.7368e+00 E_S'=2.0322e+00 E_S(W)=1.3176e+00 rho_W=0.5084 rho_w=0.0177 F_S=0.0000e+00
[   28000/201000] phase=train_W                E_S=1.7367e+00 E_S'=2.0321e+00 E_S(W)=1.3175e+00 rho_W=0.5085 rho_w=0.0177 F_S=0.0000e+00
[   28500/201000] phase=train_W                E_S=1.7366e+00 E_S'=2.0320e+00 E_S(W)=1.3174e+00 rho_W=0.5085 rho_w=0.0177 F_S=0.0000e+00
[   29000/201000] phase=train_W                E_S=1.7365e+00 E_S'=2.0319e+00 E_S(W)=1.3173e+00 rho_W=0.5086 rho_w=0.0177 F_S=0.0000e+00
[   29500/201000] phase=train_W                E_S=1.7364e+00 E_S'=2.0318e+00 E_S(W)=1.3171e+00 rho_W=0.5086 rho_w=0.0177 F_S=0.0000e+00
[   30000/201000] phase=train_W                E_S=1.7363e+00 E_S'=2.0317e+00 E_S(W)=1.3170e+00 rho_W=0.5086 rho_w=0.0177 F_S=0.0000e+00
[   30500/201000] phase=train_W                E_S=1.7362e+00 E_S'=2.0316e+00 E_S(W)=1.3169e+00 rho_W=0.5087 rho_w=0.0177 F_S=0.0000e+00
[   31000/201000] phase=train_W                E_S=1.7361e+00 E_S'=2.0315e+00 E_S(W)=1.3168e+00 rho_W=0.5087 rho_w=0.0177 F_S=0.0000e+00
[   31500/201000] phase=train_W                E_S=1.7360e+00 E_S'=2.0314e+00 E_S(W)=1.3167e+00 rho_W=0.5087 rho_w=0.0177 F_S=0.0000e+00
[   32000/201000] phase=train_W                E_S=1.7359e+00 E_S'=2.0312e+00 E_S(W)=1.3166e+00 rho_W=0.5088 rho_w=0.0177 F_S=0.0000e+00
[   32500/201000] phase=train_W                E_S=1.7358e+00 E_S'=2.0311e+00 E_S(W)=1.3164e+00 rho_W=0.5088 rho_w=0.0177 F_S=0.0000e+00
[   33000/201000] phase=train_W                E_S=1.7357e+00 E_S'=2.0310e+00 E_S(W)=1.3163e+00 rho_W=0.5088 rho_w=0.0177 F_S=0.0000e+00
[   33500/201000] phase=train_W                E_S=1.7356e+00 E_S'=2.0309e+00 E_S(W)=1.3162e+00 rho_W=0.5089 rho_w=0.0177 F_S=0.0000e+00
[   34000/201000] phase=train_W                E_S=1.7355e+00 E_S'=2.0308e+00 E_S(W)=1.3161e+00 rho_W=0.5089 rho_w=0.0177 F_S=0.0000e+00
[   34500/201000] phase=train_W                E_S=1.7354e+00 E_S'=2.0307e+00 E_S(W)=1.3159e+00 rho_W=0.5089 rho_w=0.0177 F_S=0.0000e+00
[   35000/201000] phase=train_W                E_S=1.7353e+00 E_S'=2.0306e+00 E_S(W)=1.3158e+00 rho_W=0.5090 rho_w=0.0177 F_S=0.0000e+00
[   35500/201000] phase=train_W                E_S=1.7352e+00 E_S'=2.0305e+00 E_S(W)=1.3157e+00 rho_W=0.5090 rho_w=0.0177 F_S=0.0000e+00
[   36000/201000] phase=train_W                E_S=1.7351e+00 E_S'=2.0303e+00 E_S(W)=1.3156e+00 rho_W=0.5090 rho_w=0.0177 F_S=0.0000e+00
[   36500/201000] phase=train_W                E_S=1.7350e+00 E_S'=2.0302e+00 E_S(W)=1.3155e+00 rho_W=0.5091 rho_w=0.0177 F_S=0.0000e+00
[   37000/201000] phase=train_W                E_S=1.7349e+00 E_S'=2.0301e+00 E_S(W)=1.3154e+00 rho_W=0.5091 rho_w=0.0177 F_S=0.0000e+00
[   37500/201000] phase=train_W                E_S=1.7348e+00 E_S'=2.0300e+00 E_S(W)=1.3152e+00 rho_W=0.5091 rho_w=0.0177 F_S=0.0000e+00
[   38000/201000] phase=train_W                E_S=1.7347e+00 E_S'=2.0299e+00 E_S(W)=1.3151e+00 rho_W=0.5092 rho_w=0.0177 F_S=0.0000e+00
[   38500/201000] phase=train_W                E_S=1.7346e+00 E_S'=2.0298e+00 E_S(W)=1.3150e+00 rho_W=0.5092 rho_w=0.0177 F_S=0.0000e+00
[   39000/201000] phase=train_W                E_S=1.7345e+00 E_S'=2.0297e+00 E_S(W)=1.3149e+00 rho_W=0.5092 rho_w=0.0177 F_S=0.0000e+00
[   39500/201000] phase=train_W                E_S=1.7344e+00 E_S'=2.0296e+00 E_S(W)=1.3148e+00 rho_W=0.5093 rho_w=0.0177 F_S=0.0000e+00
[   40000/201000] phase=train_W                E_S=1.7343e+00 E_S'=2.0295e+00 E_S(W)=1.3147e+00 rho_W=0.5093 rho_w=0.0177 F_S=0.0000e+00
[   40500/201000] phase=train_W                E_S=1.7342e+00 E_S'=2.0294e+00 E_S(W)=1.3145e+00 rho_W=0.5093 rho_w=0.0177 F_S=0.0000e+00
[   41000/201000] phase=train_W                E_S=1.7341e+00 E_S'=2.0293e+00 E_S(W)=1.3144e+00 rho_W=0.5094 rho_w=0.0177 F_S=0.0000e+00
[   41500/201000] phase=train_W                E_S=1.7340e+00 E_S'=2.0292e+00 E_S(W)=1.3143e+00 rho_W=0.5094 rho_w=0.0177 F_S=0.0000e+00
[   42000/201000] phase=train_W                E_S=1.7339e+00 E_S'=2.0290e+00 E_S(W)=1.3142e+00 rho_W=0.5094 rho_w=0.0177 F_S=0.0000e+00
[   42500/201000] phase=train_W                E_S=1.7338e+00 E_S'=2.0289e+00 E_S(W)=1.3141e+00 rho_W=0.5095 rho_w=0.0177 F_S=0.0000e+00
[   43000/201000] phase=train_W                E_S=1.7337e+00 E_S'=2.0288e+00 E_S(W)=1.3140e+00 rho_W=0.5095 rho_w=0.0177 F_S=0.0000e+00
[   43500/201000] phase=train_W                E_S=1.7336e+00 E_S'=2.0287e+00 E_S(W)=1.3139e+00 rho_W=0.5095 rho_w=0.0177 F_S=0.0000e+00
[   44000/201000] phase=train_W                E_S=1.7335e+00 E_S'=2.0286e+00 E_S(W)=1.3137e+00 rho_W=0.5096 rho_w=0.0177 F_S=0.0000e+00
[   44500/201000] phase=train_W                E_S=1.7334e+00 E_S'=2.0285e+00 E_S(W)=1.3136e+00 rho_W=0.5096 rho_w=0.0177 F_S=0.0000e+00
[   45000/201000] phase=train_W                E_S=1.7333e+00 E_S'=2.0284e+00 E_S(W)=1.3135e+00 rho_W=0.5096 rho_w=0.0177 F_S=0.0000e+00
[   45500/201000] phase=train_W                E_S=1.7332e+00 E_S'=2.0283e+00 E_S(W)=1.3134e+00 rho_W=0.5097 rho_w=0.0177 F_S=0.0000e+00
[   46000/201000] phase=train_W                E_S=1.7331e+00 E_S'=2.0282e+00 E_S(W)=1.3133e+00 rho_W=0.5097 rho_w=0.0177 F_S=0.0000e+00
[   46500/201000] phase=train_W                E_S=1.7330e+00 E_S'=2.0281e+00 E_S(W)=1.3132e+00 rho_W=0.5098 rho_w=0.0177 F_S=0.0000e+00
[   47000/201000] phase=train_W                E_S=1.7329e+00 E_S'=2.0280e+00 E_S(W)=1.3131e+00 rho_W=0.5098 rho_w=0.0177 F_S=0.0000e+00
[   47500/201000] phase=train_W                E_S=1.7328e+00 E_S'=2.0278e+00 E_S(W)=1.3129e+00 rho_W=0.5098 rho_w=0.0177 F_S=0.0000e+00
[   48000/201000] phase=train_W                E_S=1.7327e+00 E_S'=2.0277e+00 E_S(W)=1.3128e+00 rho_W=0.5099 rho_w=0.0177 F_S=0.0000e+00
[   48500/201000] phase=train_W                E_S=1.7326e+00 E_S'=2.0276e+00 E_S(W)=1.3127e+00 rho_W=0.5099 rho_w=0.0177 F_S=0.0000e+00
[   49000/201000] phase=train_W                E_S=1.7325e+00 E_S'=2.0275e+00 E_S(W)=1.3126e+00 rho_W=0.5099 rho_w=0.0177 F_S=0.0000e+00
[   49500/201000] phase=train_W                E_S=1.7324e+00 E_S'=2.0274e+00 E_S(W)=1.3125e+00 rho_W=0.5100 rho_w=0.0177 F_S=0.0000e+00
[   50000/201000] phase=train_W                E_S=1.7323e+00 E_S'=2.0273e+00 E_S(W)=1.3124e+00 rho_W=0.5100 rho_w=0.0177 F_S=0.0000e+00
[   50500/201000] phase=train_W                E_S=1.7322e+00 E_S'=2.0272e+00 E_S(W)=1.3122e+00 rho_W=0.5100 rho_w=0.0177 F_S=0.0000e+00
[   51000/201000] phase=train_W                E_S=1.7321e+00 E_S'=2.0271e+00 E_S(W)=1.3121e+00 rho_W=0.5101 rho_w=0.0177 F_S=0.0000e+00
[   51500/201000] phase=train_W                E_S=1.7320e+00 E_S'=2.0270e+00 E_S(W)=1.3120e+00 rho_W=0.5101 rho_w=0.0177 F_S=0.0000e+00
[   52000/201000] phase=train_W                E_S=1.7319e+00 E_S'=2.0268e+00 E_S(W)=1.3119e+00 rho_W=0.5101 rho_w=0.0177 F_S=0.0000e+00
[   52500/201000] phase=train_W                E_S=1.7318e+00 E_S'=2.0267e+00 E_S(W)=1.3118e+00 rho_W=0.5102 rho_w=0.0177 F_S=0.0000e+00
[   53000/201000] phase=train_W                E_S=1.7317e+00 E_S'=2.0266e+00 E_S(W)=1.3117e+00 rho_W=0.5102 rho_w=0.0177 F_S=0.0000e+00
[   53500/201000] phase=train_W                E_S=1.7316e+00 E_S'=2.0265e+00 E_S(W)=1.3116e+00 rho_W=0.5102 rho_w=0.0177 F_S=0.0000e+00
[   54000/201000] phase=train_W                E_S=1.7315e+00 E_S'=2.0264e+00 E_S(W)=1.3114e+00 rho_W=0.5103 rho_w=0.0177 F_S=0.0000e+00
[   54500/201000] phase=train_W                E_S=1.7314e+00 E_S'=2.0263e+00 E_S(W)=1.3113e+00 rho_W=0.5103 rho_w=0.0177 F_S=0.0000e+00
[   55000/201000] phase=train_W                E_S=1.7313e+00 E_S'=2.0262e+00 E_S(W)=1.3112e+00 rho_W=0.5103 rho_w=0.0177 F_S=0.0000e+00
[   55500/201000] phase=train_W                E_S=1.7312e+00 E_S'=2.0261e+00 E_S(W)=1.3111e+00 rho_W=0.5104 rho_w=0.0177 F_S=0.0000e+00
[   56000/201000] phase=train_W                E_S=1.7311e+00 E_S'=2.0260e+00 E_S(W)=1.3110e+00 rho_W=0.5104 rho_w=0.0177 F_S=0.0000e+00
[   56500/201000] phase=train_W                E_S=1.7310e+00 E_S'=2.0259e+00 E_S(W)=1.3109e+00 rho_W=0.5104 rho_w=0.0177 F_S=0.0000e+00
[   57000/201000] phase=train_W                E_S=1.7309e+00 E_S'=2.0257e+00 E_S(W)=1.3107e+00 rho_W=0.5105 rho_w=0.0177 F_S=0.0000e+00
[   57500/201000] phase=train_W                E_S=1.7308e+00 E_S'=2.0256e+00 E_S(W)=1.3106e+00 rho_W=0.5105 rho_w=0.0177 F_S=0.0000e+00
[   58000/201000] phase=train_W                E_S=1.7307e+00 E_S'=2.0255e+00 E_S(W)=1.3105e+00 rho_W=0.5105 rho_w=0.0177 F_S=0.0000e+00
[   58500/201000] phase=train_W                E_S=1.7306e+00 E_S'=2.0254e+00 E_S(W)=1.3104e+00 rho_W=0.5106 rho_w=0.0177 F_S=0.0000e+00
[   59000/201000] phase=train_W                E_S=1.7305e+00 E_S'=2.0253e+00 E_S(W)=1.3103e+00 rho_W=0.5106 rho_w=0.0177 F_S=0.0000e+00
[   59500/201000] phase=train_W                E_S=1.7304e+00 E_S'=2.0252e+00 E_S(W)=1.3101e+00 rho_W=0.5107 rho_w=0.0177 F_S=0.0000e+00
[   60000/201000] phase=train_W                E_S=1.7303e+00 E_S'=2.0251e+00 E_S(W)=1.3100e+00 rho_W=0.5107 rho_w=0.0177 F_S=0.0000e+00
[   60500/201000] phase=train_W                E_S=1.7302e+00 E_S'=2.0250e+00 E_S(W)=1.3099e+00 rho_W=0.5107 rho_w=0.0177 F_S=0.0000e+00
[   61000/201000] phase=train_W                E_S=1.7301e+00 E_S'=2.0249e+00 E_S(W)=1.3098e+00 rho_W=0.5108 rho_w=0.0177 F_S=0.0000e+00
[   61500/201000] phase=train_W                E_S=1.7300e+00 E_S'=2.0248e+00 E_S(W)=1.3097e+00 rho_W=0.5108 rho_w=0.0177 F_S=0.0000e+00
[   62000/201000] phase=train_W                E_S=1.7299e+00 E_S'=2.0247e+00 E_S(W)=1.3096e+00 rho_W=0.5108 rho_w=0.0177 F_S=0.0000e+00
[   62500/201000] phase=train_W                E_S=1.7298e+00 E_S'=2.0245e+00 E_S(W)=1.3095e+00 rho_W=0.5109 rho_w=0.0177 F_S=0.0000e+00
[   63000/201000] phase=train_W                E_S=1.7297e+00 E_S'=2.0244e+00 E_S(W)=1.3093e+00 rho_W=0.5109 rho_w=0.0177 F_S=0.0000e+00
[   63500/201000] phase=train_W                E_S=1.7296e+00 E_S'=2.0243e+00 E_S(W)=1.3092e+00 rho_W=0.5109 rho_w=0.0177 F_S=0.0000e+00
[   64000/201000] phase=train_W                E_S=1.7295e+00 E_S'=2.0242e+00 E_S(W)=1.3091e+00 rho_W=0.5110 rho_w=0.0177 F_S=0.0000e+00
[   64500/201000] phase=train_W                E_S=1.7294e+00 E_S'=2.0241e+00 E_S(W)=1.3090e+00 rho_W=0.5110 rho_w=0.0177 F_S=0.0000e+00
[   65000/201000] phase=train_W                E_S=1.7293e+00 E_S'=2.0240e+00 E_S(W)=1.3089e+00 rho_W=0.5110 rho_w=0.0177 F_S=0.0000e+00
[   65500/201000] phase=train_W                E_S=1.7292e+00 E_S'=2.0239e+00 E_S(W)=1.3088e+00 rho_W=0.5111 rho_w=0.0177 F_S=0.0000e+00
[   66000/201000] phase=train_W                E_S=1.7291e+00 E_S'=2.0238e+00 E_S(W)=1.3087e+00 rho_W=0.5111 rho_w=0.0177 F_S=0.0000e+00
[   66500/201000] phase=train_W                E_S=1.7290e+00 E_S'=2.0237e+00 E_S(W)=1.3086e+00 rho_W=0.5111 rho_w=0.0177 F_S=0.0000e+00
[   67000/201000] phase=train_W                E_S=1.7289e+00 E_S'=2.0236e+00 E_S(W)=1.3084e+00 rho_W=0.5112 rho_w=0.0177 F_S=0.0000e+00
[   67500/201000] phase=train_W                E_S=1.7288e+00 E_S'=2.0235e+00 E_S(W)=1.3083e+00 rho_W=0.5112 rho_w=0.0177 F_S=0.0000e+00
[   68000/201000] phase=train_W                E_S=1.7287e+00 E_S'=2.0234e+00 E_S(W)=1.3082e+00 rho_W=0.5112 rho_w=0.0177 F_S=0.0000e+00
[   68500/201000] phase=train_W                E_S=1.7286e+00 E_S'=2.0233e+00 E_S(W)=1.3081e+00 rho_W=0.5113 rho_w=0.0177 F_S=0.0000e+00
[   69000/201000] phase=train_W                E_S=1.7285e+00 E_S'=2.0231e+00 E_S(W)=1.3080e+00 rho_W=0.5113 rho_w=0.0177 F_S=0.0000e+00
[   69500/201000] phase=train_W                E_S=1.7284e+00 E_S'=2.0230e+00 E_S(W)=1.3079e+00 rho_W=0.5113 rho_w=0.0177 F_S=0.0000e+00
[   70000/201000] phase=train_W                E_S=1.7283e+00 E_S'=2.0229e+00 E_S(W)=1.3078e+00 rho_W=0.5114 rho_w=0.0177 F_S=0.0000e+00
[   70500/201000] phase=train_W                E_S=1.7282e+00 E_S'=2.0228e+00 E_S(W)=1.3077e+00 rho_W=0.5114 rho_w=0.0177 F_S=0.0000e+00
[   71000/201000] phase=train_W                E_S=1.7281e+00 E_S'=2.0227e+00 E_S(W)=1.3075e+00 rho_W=0.5114 rho_w=0.0177 F_S=0.0000e+00
[   71500/201000] phase=train_W                E_S=1.7280e+00 E_S'=2.0226e+00 E_S(W)=1.3074e+00 rho_W=0.5115 rho_w=0.0177 F_S=0.0000e+00
[   72000/201000] phase=train_W                E_S=1.7279e+00 E_S'=2.0225e+00 E_S(W)=1.3073e+00 rho_W=0.5115 rho_w=0.0177 F_S=0.0000e+00
[   72500/201000] phase=train_W                E_S=1.7278e+00 E_S'=2.0224e+00 E_S(W)=1.3072e+00 rho_W=0.5115 rho_w=0.0177 F_S=0.0000e+00
[   73000/201000] phase=train_W                E_S=1.7277e+00 E_S'=2.0223e+00 E_S(W)=1.3071e+00 rho_W=0.5116 rho_w=0.0177 F_S=0.0000e+00
[   73500/201000] phase=train_W                E_S=1.7276e+00 E_S'=2.0221e+00 E_S(W)=1.3070e+00 rho_W=0.5116 rho_w=0.0177 F_S=0.0000e+00
[   74000/201000] phase=train_W                E_S=1.7275e+00 E_S'=2.0220e+00 E_S(W)=1.3068e+00 rho_W=0.5116 rho_w=0.0177 F_S=0.0000e+00
[   74500/201000] phase=train_W                E_S=1.7274e+00 E_S'=2.0219e+00 E_S(W)=1.3067e+00 rho_W=0.5117 rho_w=0.0177 F_S=0.0000e+00
[   75000/201000] phase=train_W                E_S=1.7273e+00 E_S'=2.0218e+00 E_S(W)=1.3066e+00 rho_W=0.5117 rho_w=0.0177 F_S=0.0000e+00
[   75500/201000] phase=train_W                E_S=1.7272e+00 E_S'=2.0217e+00 E_S(W)=1.3065e+00 rho_W=0.5118 rho_w=0.0177 F_S=0.0000e+00
[   76000/201000] phase=train_W                E_S=1.7271e+00 E_S'=2.0216e+00 E_S(W)=1.3064e+00 rho_W=0.5118 rho_w=0.0177 F_S=0.0000e+00
[   76500/201000] phase=train_W                E_S=1.7270e+00 E_S'=2.0215e+00 E_S(W)=1.3063e+00 rho_W=0.5118 rho_w=0.0177 F_S=0.0000e+00
[   77000/201000] phase=train_W                E_S=1.7269e+00 E_S'=2.0214e+00 E_S(W)=1.3061e+00 rho_W=0.5119 rho_w=0.0177 F_S=0.0000e+00
[   77500/201000] phase=train_W                E_S=1.7268e+00 E_S'=2.0213e+00 E_S(W)=1.3060e+00 rho_W=0.5119 rho_w=0.0177 F_S=0.0000e+00
[   78000/201000] phase=train_W                E_S=1.7267e+00 E_S'=2.0211e+00 E_S(W)=1.3059e+00 rho_W=0.5119 rho_w=0.0177 F_S=0.0000e+00
[   78500/201000] phase=train_W                E_S=1.7266e+00 E_S'=2.0210e+00 E_S(W)=1.3058e+00 rho_W=0.5120 rho_w=0.0177 F_S=0.0000e+00
[   79000/201000] phase=train_W                E_S=1.7265e+00 E_S'=2.0209e+00 E_S(W)=1.3057e+00 rho_W=0.5120 rho_w=0.0177 F_S=0.0000e+00
[   79500/201000] phase=train_W                E_S=1.7264e+00 E_S'=2.0208e+00 E_S(W)=1.3056e+00 rho_W=0.5120 rho_w=0.0177 F_S=0.0000e+00
[   80000/201000] phase=train_W                E_S=1.7263e+00 E_S'=2.0207e+00 E_S(W)=1.3054e+00 rho_W=0.5121 rho_w=0.0177 F_S=0.0000e+00
[   80500/201000] phase=train_W                E_S=1.7262e+00 E_S'=2.0206e+00 E_S(W)=1.3053e+00 rho_W=0.5121 rho_w=0.0177 F_S=0.0000e+00
[   81000/201000] phase=train_W                E_S=1.7261e+00 E_S'=2.0205e+00 E_S(W)=1.3052e+00 rho_W=0.5121 rho_w=0.0177 F_S=0.0000e+00
[   81500/201000] phase=train_W                E_S=1.7260e+00 E_S'=2.0204e+00 E_S(W)=1.3051e+00 rho_W=0.5122 rho_w=0.0177 F_S=0.0000e+00
[   82000/201000] phase=train_W                E_S=1.7259e+00 E_S'=2.0203e+00 E_S(W)=1.3050e+00 rho_W=0.5122 rho_w=0.0177 F_S=0.0000e+00
[   82500/201000] phase=train_W                E_S=1.7258e+00 E_S'=2.0202e+00 E_S(W)=1.3049e+00 rho_W=0.5122 rho_w=0.0177 F_S=0.0000e+00
[   83000/201000] phase=train_W                E_S=1.7257e+00 E_S'=2.0200e+00 E_S(W)=1.3047e+00 rho_W=0.5123 rho_w=0.0177 F_S=0.0000e+00
[   83500/201000] phase=train_W                E_S=1.7256e+00 E_S'=2.0199e+00 E_S(W)=1.3046e+00 rho_W=0.5123 rho_w=0.0177 F_S=0.0000e+00
[   84000/201000] phase=train_W                E_S=1.7255e+00 E_S'=2.0198e+00 E_S(W)=1.3045e+00 rho_W=0.5123 rho_w=0.0177 F_S=0.0000e+00
[   84500/201000] phase=train_W                E_S=1.7254e+00 E_S'=2.0197e+00 E_S(W)=1.3044e+00 rho_W=0.5124 rho_w=0.0177 F_S=0.0000e+00
[   85000/201000] phase=train_W                E_S=1.7253e+00 E_S'=2.0196e+00 E_S(W)=1.3043e+00 rho_W=0.5124 rho_w=0.0177 F_S=0.0000e+00
[   85500/201000] phase=train_W                E_S=1.7252e+00 E_S'=2.0195e+00 E_S(W)=1.3042e+00 rho_W=0.5124 rho_w=0.0177 F_S=0.0000e+00
[   86000/201000] phase=train_W                E_S=1.7251e+00 E_S'=2.0194e+00 E_S(W)=1.3041e+00 rho_W=0.5125 rho_w=0.0177 F_S=0.0000e+00
[   86500/201000] phase=train_W                E_S=1.7250e+00 E_S'=2.0193e+00 E_S(W)=1.3039e+00 rho_W=0.5125 rho_w=0.0177 F_S=0.0000e+00
[   87000/201000] phase=train_W                E_S=1.7249e+00 E_S'=2.0192e+00 E_S(W)=1.3038e+00 rho_W=0.5126 rho_w=0.0177 F_S=0.0000e+00
[   87500/201000] phase=train_W                E_S=1.7248e+00 E_S'=2.0191e+00 E_S(W)=1.3037e+00 rho_W=0.5126 rho_w=0.0177 F_S=0.0000e+00
[   88000/201000] phase=train_W                E_S=1.7247e+00 E_S'=2.0189e+00 E_S(W)=1.3036e+00 rho_W=0.5126 rho_w=0.0177 F_S=0.0000e+00
[   88500/201000] phase=train_W                E_S=1.7246e+00 E_S'=2.0188e+00 E_S(W)=1.3035e+00 rho_W=0.5127 rho_w=0.0177 F_S=0.0000e+00
[   89000/201000] phase=train_W                E_S=1.7245e+00 E_S'=2.0187e+00 E_S(W)=1.3034e+00 rho_W=0.5127 rho_w=0.0177 F_S=0.0000e+00
[   89500/201000] phase=train_W                E_S=1.7244e+00 E_S'=2.0186e+00 E_S(W)=1.3032e+00 rho_W=0.5127 rho_w=0.0177 F_S=0.0000e+00
[   90000/201000] phase=train_W                E_S=1.7243e+00 E_S'=2.0185e+00 E_S(W)=1.3031e+00 rho_W=0.5128 rho_w=0.0177 F_S=0.0000e+00
[   90500/201000] phase=train_W                E_S=1.7242e+00 E_S'=2.0184e+00 E_S(W)=1.3030e+00 rho_W=0.5128 rho_w=0.0177 F_S=0.0000e+00
[   91000/201000] phase=train_W                E_S=1.7241e+00 E_S'=2.0183e+00 E_S(W)=1.3029e+00 rho_W=0.5128 rho_w=0.0177 F_S=0.0000e+00
[   91500/201000] phase=train_W                E_S=1.7240e+00 E_S'=2.0182e+00 E_S(W)=1.3028e+00 rho_W=0.5129 rho_w=0.0177 F_S=0.0000e+00
[   92000/201000] phase=train_W                E_S=1.7239e+00 E_S'=2.0180e+00 E_S(W)=1.3027e+00 rho_W=0.5129 rho_w=0.0177 F_S=0.0000e+00
[   92500/201000] phase=train_W                E_S=1.7238e+00 E_S'=2.0179e+00 E_S(W)=1.3026e+00 rho_W=0.5129 rho_w=0.0177 F_S=0.0000e+00
[   93000/201000] phase=train_W                E_S=1.7237e+00 E_S'=2.0178e+00 E_S(W)=1.3024e+00 rho_W=0.5130 rho_w=0.0177 F_S=0.0000e+00
[   93500/201000] phase=train_W                E_S=1.7236e+00 E_S'=2.0177e+00 E_S(W)=1.3023e+00 rho_W=0.5130 rho_w=0.0177 F_S=0.0000e+00
[   94000/201000] phase=train_W                E_S=1.7235e+00 E_S'=2.0176e+00 E_S(W)=1.3022e+00 rho_W=0.5130 rho_w=0.0177 F_S=0.0000e+00
[   94500/201000] phase=train_W                E_S=1.7234e+00 E_S'=2.0175e+00 E_S(W)=1.3021e+00 rho_W=0.5131 rho_w=0.0177 F_S=0.0000e+00
[   95000/201000] phase=train_W                E_S=1.7233e+00 E_S'=2.0174e+00 E_S(W)=1.3019e+00 rho_W=0.5131 rho_w=0.0177 F_S=0.0000e+00
[   95500/201000] phase=train_W                E_S=1.7232e+00 E_S'=2.0173e+00 E_S(W)=1.3018e+00 rho_W=0.5131 rho_w=0.0177 F_S=0.0000e+00
[   96000/201000] phase=train_W                E_S=1.7231e+00 E_S'=2.0171e+00 E_S(W)=1.3017e+00 rho_W=0.5132 rho_w=0.0177 F_S=0.0000e+00
[   96500/201000] phase=train_W                E_S=1.7230e+00 E_S'=2.0170e+00 E_S(W)=1.3016e+00 rho_W=0.5132 rho_w=0.0177 F_S=0.0000e+00
[   97000/201000] phase=train_W                E_S=1.7229e+00 E_S'=2.0169e+00 E_S(W)=1.3015e+00 rho_W=0.5132 rho_w=0.0177 F_S=0.0000e+00
[   97500/201000] phase=train_W                E_S=1.7228e+00 E_S'=2.0168e+00 E_S(W)=1.3013e+00 rho_W=0.5133 rho_w=0.0177 F_S=0.0000e+00
[   98000/201000] phase=train_W                E_S=1.7227e+00 E_S'=2.0167e+00 E_S(W)=1.3012e+00 rho_W=0.5133 rho_w=0.0177 F_S=0.0000e+00
[   98500/201000] phase=train_W                E_S=1.7226e+00 E_S'=2.0166e+00 E_S(W)=1.3011e+00 rho_W=0.5134 rho_w=0.0177 F_S=0.0000e+00
[   99000/201000] phase=train_W                E_S=1.7225e+00 E_S'=2.0165e+00 E_S(W)=1.3010e+00 rho_W=0.5134 rho_w=0.0177 F_S=0.0000e+00
[   99500/201000] phase=train_W                E_S=1.7224e+00 E_S'=2.0164e+00 E_S(W)=1.3009e+00 rho_W=0.5134 rho_w=0.0177 F_S=0.0000e+00
[  100000/201000] phase=train_W                E_S=1.7223e+00 E_S'=2.0163e+00 E_S(W)=1.3008e+00 rho_W=0.5135 rho_w=0.0177 F_S=0.0000e+00
[  100500/201000] phase=train_W                E_S=1.7222e+00 E_S'=2.0162e+00 E_S(W)=1.3006e+00 rho_W=0.5135 rho_w=0.0177 F_S=0.0000e+00
[  101000/201000] phase=train_W                E_S=1.7221e+00 E_S'=2.0160e+00 E_S(W)=1.3005e+00 rho_W=0.5135 rho_w=0.0177 F_S=0.0000e+00
[  101500/201000] phase=train_W                E_S=1.7220e+00 E_S'=2.0159e+00 E_S(W)=1.3004e+00 rho_W=0.5136 rho_w=0.0177 F_S=0.0000e+00
[  102000/201000] phase=train_W                E_S=1.7219e+00 E_S'=2.0158e+00 E_S(W)=1.3003e+00 rho_W=0.5136 rho_w=0.0177 F_S=0.0000e+00
[  102500/201000] phase=train_W                E_S=1.7218e+00 E_S'=2.0157e+00 E_S(W)=1.3002e+00 rho_W=0.5136 rho_w=0.0177 F_S=0.0000e+00
[  103000/201000] phase=train_W                E_S=1.7217e+00 E_S'=2.0156e+00 E_S(W)=1.3001e+00 rho_W=0.5137 rho_w=0.0177 F_S=0.0000e+00
[  103500/201000] phase=train_W                E_S=1.7216e+00 E_S'=2.0155e+00 E_S(W)=1.2999e+00 rho_W=0.5137 rho_w=0.0177 F_S=0.0000e+00
[  104000/201000] phase=train_W                E_S=1.7215e+00 E_S'=2.0154e+00 E_S(W)=1.2998e+00 rho_W=0.5137 rho_w=0.0177 F_S=0.0000e+00
[  104500/201000] phase=train_W                E_S=1.7214e+00 E_S'=2.0153e+00 E_S(W)=1.2997e+00 rho_W=0.5138 rho_w=0.0177 F_S=0.0000e+00
[  105000/201000] phase=train_W                E_S=1.7213e+00 E_S'=2.0151e+00 E_S(W)=1.2996e+00 rho_W=0.5138 rho_w=0.0177 F_S=0.0000e+00
[  105500/201000] phase=train_W                E_S=1.7212e+00 E_S'=2.0150e+00 E_S(W)=1.2995e+00 rho_W=0.5138 rho_w=0.0177 F_S=0.0000e+00
[  106000/201000] phase=train_W                E_S=1.7211e+00 E_S'=2.0149e+00 E_S(W)=1.2994e+00 rho_W=0.5139 rho_w=0.0177 F_S=0.0000e+00
[  106500/201000] phase=train_W                E_S=1.7210e+00 E_S'=2.0148e+00 E_S(W)=1.2992e+00 rho_W=0.5139 rho_w=0.0177 F_S=0.0000e+00
[  107000/201000] phase=train_W                E_S=1.7209e+00 E_S'=2.0147e+00 E_S(W)=1.2991e+00 rho_W=0.5139 rho_w=0.0177 F_S=0.0000e+00
[  107500/201000] phase=train_W                E_S=1.7208e+00 E_S'=2.0146e+00 E_S(W)=1.2990e+00 rho_W=0.5140 rho_w=0.0177 F_S=0.0000e+00
[  108000/201000] phase=train_W                E_S=1.7207e+00 E_S'=2.0145e+00 E_S(W)=1.2989e+00 rho_W=0.5140 rho_w=0.0177 F_S=0.0000e+00
[  108500/201000] phase=train_W                E_S=1.7206e+00 E_S'=2.0144e+00 E_S(W)=1.2988e+00 rho_W=0.5140 rho_w=0.0177 F_S=0.0000e+00
[  109000/201000] phase=train_W                E_S=1.7205e+00 E_S'=2.0143e+00 E_S(W)=1.2987e+00 rho_W=0.5141 rho_w=0.0177 F_S=0.0000e+00
[  109500/201000] phase=train_W                E_S=1.7204e+00 E_S'=2.0142e+00 E_S(W)=1.2985e+00 rho_W=0.5141 rho_w=0.0177 F_S=0.0000e+00
[  110000/201000] phase=train_W                E_S=1.7203e+00 E_S'=2.0140e+00 E_S(W)=1.2984e+00 rho_W=0.5141 rho_w=0.0177 F_S=0.0000e+00
[  110500/201000] phase=train_W                E_S=1.7202e+00 E_S'=2.0139e+00 E_S(W)=1.2983e+00 rho_W=0.5142 rho_w=0.0177 F_S=0.0000e+00
[  111000/201000] phase=train_W                E_S=1.7201e+00 E_S'=2.0138e+00 E_S(W)=1.2982e+00 rho_W=0.5142 rho_w=0.0177 F_S=0.0000e+00
[  111500/201000] phase=train_W                E_S=1.7200e+00 E_S'=2.0137e+00 E_S(W)=1.2981e+00 rho_W=0.5142 rho_w=0.0177 F_S=0.0000e+00
[  112000/201000] phase=train_W                E_S=1.7199e+00 E_S'=2.0136e+00 E_S(W)=1.2980e+00 rho_W=0.5143 rho_w=0.0177 F_S=0.0000e+00
[  112500/201000] phase=train_W                E_S=1.7198e+00 E_S'=2.0135e+00 E_S(W)=1.2979e+00 rho_W=0.5143 rho_w=0.0177 F_S=0.0000e+00
[  113000/201000] phase=train_W                E_S=1.7197e+00 E_S'=2.0134e+00 E_S(W)=1.2977e+00 rho_W=0.5144 rho_w=0.0177 F_S=0.0000e+00
[  113500/201000] phase=train_W                E_S=1.7196e+00 E_S'=2.0133e+00 E_S(W)=1.2976e+00 rho_W=0.5144 rho_w=0.0177 F_S=0.0000e+00
[  114000/201000] phase=train_W                E_S=1.7195e+00 E_S'=2.0132e+00 E_S(W)=1.2975e+00 rho_W=0.5144 rho_w=0.0177 F_S=0.0000e+00
[  114500/201000] phase=train_W                E_S=1.7194e+00 E_S'=2.0131e+00 E_S(W)=1.2974e+00 rho_W=0.5145 rho_w=0.0177 F_S=0.0000e+00
[  115000/201000] phase=train_W                E_S=1.7193e+00 E_S'=2.0129e+00 E_S(W)=1.2973e+00 rho_W=0.5145 rho_w=0.0177 F_S=0.0000e+00
[  115500/201000] phase=train_W                E_S=1.7192e+00 E_S'=2.0128e+00 E_S(W)=1.2972e+00 rho_W=0.5145 rho_w=0.0177 F_S=0.0000e+00
[  116000/201000] phase=train_W                E_S=1.7191e+00 E_S'=2.0127e+00 E_S(W)=1.2970e+00 rho_W=0.5146 rho_w=0.0177 F_S=0.0000e+00
[  116500/201000] phase=train_W                E_S=1.7190e+00 E_S'=2.0126e+00 E_S(W)=1.2969e+00 rho_W=0.5146 rho_w=0.0177 F_S=0.0000e+00
[  117000/201000] phase=train_W                E_S=1.7189e+00 E_S'=2.0125e+00 E_S(W)=1.2968e+00 rho_W=0.5146 rho_w=0.0177 F_S=0.0000e+00
[  117500/201000] phase=train_W                E_S=1.7188e+00 E_S'=2.0124e+00 E_S(W)=1.2967e+00 rho_W=0.5147 rho_w=0.0177 F_S=0.0000e+00
[  118000/201000] phase=train_W                E_S=1.7187e+00 E_S'=2.0123e+00 E_S(W)=1.2966e+00 rho_W=0.5147 rho_w=0.0177 F_S=0.0000e+00
[  118500/201000] phase=train_W                E_S=1.7186e+00 E_S'=2.0122e+00 E_S(W)=1.2965e+00 rho_W=0.5147 rho_w=0.0177 F_S=0.0000e+00
[  119000/201000] phase=train_W                E_S=1.7185e+00 E_S'=2.0121e+00 E_S(W)=1.2964e+00 rho_W=0.5148 rho_w=0.0177 F_S=0.0000e+00
[  119500/201000] phase=train_W                E_S=1.7184e+00 E_S'=2.0119e+00 E_S(W)=1.2962e+00 rho_W=0.5148 rho_w=0.0177 F_S=0.0000e+00
[  120000/201000] phase=train_W                E_S=1.7183e+00 E_S'=2.0118e+00 E_S(W)=1.2961e+00 rho_W=0.5148 rho_w=0.0177 F_S=0.0000e+00
[  120500/201000] phase=train_W                E_S=1.7182e+00 E_S'=2.0117e+00 E_S(W)=1.2960e+00 rho_W=0.5149 rho_w=0.0177 F_S=0.0000e+00
[  121000/201000] phase=train_W                E_S=1.7181e+00 E_S'=2.0116e+00 E_S(W)=1.2959e+00 rho_W=0.5149 rho_w=0.0177 F_S=0.0000e+00
[  121500/201000] phase=train_W                E_S=1.7180e+00 E_S'=2.0115e+00 E_S(W)=1.2958e+00 rho_W=0.5149 rho_w=0.0177 F_S=0.0000e+00
[  122000/201000] phase=train_W                E_S=1.7179e+00 E_S'=2.0114e+00 E_S(W)=1.2957e+00 rho_W=0.5150 rho_w=0.0177 F_S=0.0000e+00
[  122500/201000] phase=train_W                E_S=1.7178e+00 E_S'=2.0113e+00 E_S(W)=1.2956e+00 rho_W=0.5150 rho_w=0.0177 F_S=0.0000e+00
[  123000/201000] phase=train_W                E_S=1.7177e+00 E_S'=2.0112e+00 E_S(W)=1.2955e+00 rho_W=0.5150 rho_w=0.0177 F_S=0.0000e+00
[  123500/201000] phase=train_W                E_S=1.7176e+00 E_S'=2.0111e+00 E_S(W)=1.2953e+00 rho_W=0.5151 rho_w=0.0177 F_S=0.0000e+00
[  124000/201000] phase=train_W                E_S=1.7175e+00 E_S'=2.0110e+00 E_S(W)=1.2952e+00 rho_W=0.5151 rho_w=0.0177 F_S=0.0000e+00
[  124500/201000] phase=train_W                E_S=1.7174e+00 E_S'=2.0109e+00 E_S(W)=1.2951e+00 rho_W=0.5151 rho_w=0.0177 F_S=0.0000e+00
[  125000/201000] phase=train_W                E_S=1.7173e+00 E_S'=2.0108e+00 E_S(W)=1.2950e+00 rho_W=0.5152 rho_w=0.0177 F_S=0.0000e+00
[  125500/201000] phase=train_W                E_S=1.7172e+00 E_S'=2.0106e+00 E_S(W)=1.2949e+00 rho_W=0.5152 rho_w=0.0177 F_S=0.0000e+00
[  126000/201000] phase=train_W                E_S=1.7171e+00 E_S'=2.0105e+00 E_S(W)=1.2948e+00 rho_W=0.5152 rho_w=0.0177 F_S=0.0000e+00
[  126500/201000] phase=train_W                E_S=1.7170e+00 E_S'=2.0104e+00 E_S(W)=1.2947e+00 rho_W=0.5153 rho_w=0.0177 F_S=0.0000e+00
[  127000/201000] phase=train_W                E_S=1.7169e+00 E_S'=2.0103e+00 E_S(W)=1.2945e+00 rho_W=0.5153 rho_w=0.0177 F_S=0.0000e+00
[  127500/201000] phase=train_W                E_S=1.7168e+00 E_S'=2.0102e+00 E_S(W)=1.2944e+00 rho_W=0.5153 rho_w=0.0177 F_S=0.0000e+00
[  128000/201000] phase=train_W                E_S=1.7167e+00 E_S'=2.0101e+00 E_S(W)=1.2943e+00 rho_W=0.5154 rho_w=0.0177 F_S=0.0000e+00
[  128500/201000] phase=train_W                E_S=1.7166e+00 E_S'=2.0100e+00 E_S(W)=1.2942e+00 rho_W=0.5154 rho_w=0.0177 F_S=0.0000e+00
[  129000/201000] phase=train_W                E_S=1.7165e+00 E_S'=2.0099e+00 E_S(W)=1.2941e+00 rho_W=0.5154 rho_w=0.0177 F_S=0.0000e+00
[  129500/201000] phase=train_W                E_S=1.7164e+00 E_S'=2.0098e+00 E_S(W)=1.2940e+00 rho_W=0.5155 rho_w=0.0177 F_S=0.0000e+00
[  130000/201000] phase=train_W                E_S=1.7163e+00 E_S'=2.0097e+00 E_S(W)=1.2939e+00 rho_W=0.5155 rho_w=0.0177 F_S=0.0000e+00
[  130500/201000] phase=train_W                E_S=1.7162e+00 E_S'=2.0095e+00 E_S(W)=1.2937e+00 rho_W=0.5155 rho_w=0.0177 F_S=0.0000e+00
[  131000/201000] phase=train_W                E_S=1.7161e+00 E_S'=2.0094e+00 E_S(W)=1.2936e+00 rho_W=0.5156 rho_w=0.0177 F_S=0.0000e+00
[  131500/201000] phase=train_W                E_S=1.7160e+00 E_S'=2.0093e+00 E_S(W)=1.2935e+00 rho_W=0.5156 rho_w=0.0177 F_S=0.0000e+00
[  132000/201000] phase=train_W                E_S=1.7159e+00 E_S'=2.0092e+00 E_S(W)=1.2934e+00 rho_W=0.5157 rho_w=0.0177 F_S=0.0000e+00
[  132500/201000] phase=train_W                E_S=1.7158e+00 E_S'=2.0091e+00 E_S(W)=1.2933e+00 rho_W=0.5157 rho_w=0.0177 F_S=0.0000e+00
[  133000/201000] phase=train_W                E_S=1.7157e+00 E_S'=2.0090e+00 E_S(W)=1.2932e+00 rho_W=0.5157 rho_w=0.0177 F_S=0.0000e+00
[  133500/201000] phase=train_W                E_S=1.7156e+00 E_S'=2.0089e+00 E_S(W)=1.2930e+00 rho_W=0.5158 rho_w=0.0177 F_S=0.0000e+00
[  134000/201000] phase=train_W                E_S=1.7155e+00 E_S'=2.0088e+00 E_S(W)=1.2929e+00 rho_W=0.5158 rho_w=0.0177 F_S=0.0000e+00
[  134500/201000] phase=train_W                E_S=1.7154e+00 E_S'=2.0087e+00 E_S(W)=1.2928e+00 rho_W=0.5158 rho_w=0.0177 F_S=0.0000e+00
[  135000/201000] phase=train_W                E_S=1.7154e+00 E_S'=2.0086e+00 E_S(W)=1.2927e+00 rho_W=0.5159 rho_w=0.0177 F_S=0.0000e+00
[  135500/201000] phase=train_W                E_S=1.7153e+00 E_S'=2.0085e+00 E_S(W)=1.2926e+00 rho_W=0.5159 rho_w=0.0177 F_S=0.0000e+00
[  136000/201000] phase=train_W                E_S=1.7152e+00 E_S'=2.0083e+00 E_S(W)=1.2925e+00 rho_W=0.5159 rho_w=0.0177 F_S=0.0000e+00
[  136500/201000] phase=train_W                E_S=1.7151e+00 E_S'=2.0082e+00 E_S(W)=1.2924e+00 rho_W=0.5160 rho_w=0.0177 F_S=0.0000e+00
[  137000/201000] phase=train_W                E_S=1.7150e+00 E_S'=2.0081e+00 E_S(W)=1.2923e+00 rho_W=0.5160 rho_w=0.0177 F_S=0.0000e+00
[  137500/201000] phase=train_W                E_S=1.7149e+00 E_S'=2.0080e+00 E_S(W)=1.2921e+00 rho_W=0.5160 rho_w=0.0177 F_S=0.0000e+00
[  138000/201000] phase=train_W                E_S=1.7148e+00 E_S'=2.0079e+00 E_S(W)=1.2920e+00 rho_W=0.5161 rho_w=0.0177 F_S=0.0000e+00
[  138500/201000] phase=train_W                E_S=1.7147e+00 E_S'=2.0078e+00 E_S(W)=1.2919e+00 rho_W=0.5161 rho_w=0.0177 F_S=0.0000e+00
[  139000/201000] phase=train_W                E_S=1.7145e+00 E_S'=2.0077e+00 E_S(W)=1.2918e+00 rho_W=0.5161 rho_w=0.0177 F_S=0.0000e+00
[  139500/201000] phase=train_W                E_S=1.7145e+00 E_S'=2.0076e+00 E_S(W)=1.2917e+00 rho_W=0.5162 rho_w=0.0177 F_S=0.0000e+00
[  140000/201000] phase=train_W                E_S=1.7143e+00 E_S'=2.0074e+00 E_S(W)=1.2915e+00 rho_W=0.5162 rho_w=0.0177 F_S=0.0000e+00
[  140500/201000] phase=train_W                E_S=1.7142e+00 E_S'=2.0073e+00 E_S(W)=1.2914e+00 rho_W=0.5163 rho_w=0.0177 F_S=0.0000e+00
[  141000/201000] phase=train_W                E_S=1.7142e+00 E_S'=2.0072e+00 E_S(W)=1.2913e+00 rho_W=0.5163 rho_w=0.0177 F_S=0.0000e+00
[  141500/201000] phase=train_W                E_S=1.7141e+00 E_S'=2.0071e+00 E_S(W)=1.2912e+00 rho_W=0.5163 rho_w=0.0177 F_S=0.0000e+00
[  142000/201000] phase=train_W                E_S=1.7140e+00 E_S'=2.0070e+00 E_S(W)=1.2911e+00 rho_W=0.5164 rho_w=0.0177 F_S=0.0000e+00
[  142500/201000] phase=train_W                E_S=1.7139e+00 E_S'=2.0069e+00 E_S(W)=1.2910e+00 rho_W=0.5164 rho_w=0.0177 F_S=0.0000e+00
[  143000/201000] phase=train_W                E_S=1.7138e+00 E_S'=2.0068e+00 E_S(W)=1.2909e+00 rho_W=0.5164 rho_w=0.0177 F_S=0.0000e+00
[  143500/201000] phase=train_W                E_S=1.7137e+00 E_S'=2.0067e+00 E_S(W)=1.2907e+00 rho_W=0.5165 rho_w=0.0177 F_S=0.0000e+00
[  144000/201000] phase=train_W                E_S=1.7136e+00 E_S'=2.0066e+00 E_S(W)=1.2906e+00 rho_W=0.5165 rho_w=0.0177 F_S=0.0000e+00
[  144500/201000] phase=train_W                E_S=1.7135e+00 E_S'=2.0065e+00 E_S(W)=1.2905e+00 rho_W=0.5165 rho_w=0.0177 F_S=0.0000e+00
[  145000/201000] phase=train_W                E_S=1.7134e+00 E_S'=2.0063e+00 E_S(W)=1.2904e+00 rho_W=0.5166 rho_w=0.0177 F_S=0.0000e+00
[  145500/201000] phase=train_W                E_S=1.7133e+00 E_S'=2.0062e+00 E_S(W)=1.2903e+00 rho_W=0.5166 rho_w=0.0177 F_S=0.0000e+00
[  146000/201000] phase=train_W                E_S=1.7132e+00 E_S'=2.0061e+00 E_S(W)=1.2902e+00 rho_W=0.5166 rho_w=0.0177 F_S=0.0000e+00
[  146500/201000] phase=train_W                E_S=1.7131e+00 E_S'=2.0060e+00 E_S(W)=1.2900e+00 rho_W=0.5167 rho_w=0.0177 F_S=0.0000e+00
[  147000/201000] phase=train_W                E_S=1.7130e+00 E_S'=2.0059e+00 E_S(W)=1.2899e+00 rho_W=0.5167 rho_w=0.0177 F_S=0.0000e+00
[  147500/201000] phase=train_W                E_S=1.7129e+00 E_S'=2.0058e+00 E_S(W)=1.2898e+00 rho_W=0.5167 rho_w=0.0177 F_S=0.0000e+00
[  148000/201000] phase=train_W                E_S=1.7127e+00 E_S'=2.0057e+00 E_S(W)=1.2897e+00 rho_W=0.5168 rho_w=0.0177 F_S=0.0000e+00
[  148500/201000] phase=train_W                E_S=1.7126e+00 E_S'=2.0056e+00 E_S(W)=1.2896e+00 rho_W=0.5168 rho_w=0.0177 F_S=0.0000e+00
[  149000/201000] phase=train_W                E_S=1.7125e+00 E_S'=2.0054e+00 E_S(W)=1.2895e+00 rho_W=0.5168 rho_w=0.0177 F_S=0.0000e+00
[  149500/201000] phase=train_W                E_S=1.7125e+00 E_S'=2.0053e+00 E_S(W)=1.2893e+00 rho_W=0.5169 rho_w=0.0177 F_S=0.0000e+00
[  150000/201000] phase=train_W                E_S=1.7124e+00 E_S'=2.0052e+00 E_S(W)=1.2892e+00 rho_W=0.5169 rho_w=0.0177 F_S=0.0000e+00
[  150500/201000] phase=train_W                E_S=1.7123e+00 E_S'=2.0051e+00 E_S(W)=1.2891e+00 rho_W=0.5169 rho_w=0.0177 F_S=0.0000e+00
[  151000/201000] phase=train_W                E_S=1.7121e+00 E_S'=2.0050e+00 E_S(W)=1.2890e+00 rho_W=0.5170 rho_w=0.0177 F_S=0.0000e+00
[  151500/201000] phase=train_W                E_S=1.7121e+00 E_S'=2.0049e+00 E_S(W)=1.2889e+00 rho_W=0.5170 rho_w=0.0177 F_S=0.0000e+00
[  152000/201000] phase=train_W                E_S=1.7120e+00 E_S'=2.0048e+00 E_S(W)=1.2888e+00 rho_W=0.5171 rho_w=0.0177 F_S=0.0000e+00
[  152500/201000] phase=train_W                E_S=1.7119e+00 E_S'=2.0047e+00 E_S(W)=1.2887e+00 rho_W=0.5171 rho_w=0.0177 F_S=0.0000e+00
[  153000/201000] phase=train_W                E_S=1.7118e+00 E_S'=2.0046e+00 E_S(W)=1.2885e+00 rho_W=0.5171 rho_w=0.0177 F_S=0.0000e+00
[  153500/201000] phase=train_W                E_S=1.7117e+00 E_S'=2.0045e+00 E_S(W)=1.2884e+00 rho_W=0.5172 rho_w=0.0177 F_S=0.0000e+00
[  154000/201000] phase=train_W                E_S=1.7116e+00 E_S'=2.0044e+00 E_S(W)=1.2883e+00 rho_W=0.5172 rho_w=0.0177 F_S=0.0000e+00
[  154500/201000] phase=train_W                E_S=1.7115e+00 E_S'=2.0042e+00 E_S(W)=1.2882e+00 rho_W=0.5172 rho_w=0.0177 F_S=0.0000e+00
[  155000/201000] phase=train_W                E_S=1.7114e+00 E_S'=2.0041e+00 E_S(W)=1.2881e+00 rho_W=0.5173 rho_w=0.0177 F_S=0.0000e+00
[  155500/201000] phase=train_W                E_S=1.7113e+00 E_S'=2.0040e+00 E_S(W)=1.2880e+00 rho_W=0.5173 rho_w=0.0177 F_S=0.0000e+00
[  156000/201000] phase=train_W                E_S=1.7112e+00 E_S'=2.0039e+00 E_S(W)=1.2879e+00 rho_W=0.5173 rho_w=0.0177 F_S=0.0000e+00
[  156500/201000] phase=train_W                E_S=1.7111e+00 E_S'=2.0038e+00 E_S(W)=1.2877e+00 rho_W=0.5174 rho_w=0.0177 F_S=0.0000e+00
[  157000/201000] phase=train_W                E_S=1.7110e+00 E_S'=2.0037e+00 E_S(W)=1.2876e+00 rho_W=0.5174 rho_w=0.0177 F_S=0.0000e+00
[  157500/201000] phase=train_W                E_S=1.7109e+00 E_S'=2.0036e+00 E_S(W)=1.2875e+00 rho_W=0.5174 rho_w=0.0177 F_S=0.0000e+00
[  158000/201000] phase=train_W                E_S=1.7108e+00 E_S'=2.0035e+00 E_S(W)=1.2874e+00 rho_W=0.5175 rho_w=0.0177 F_S=0.0000e+00
[  158500/201000] phase=train_W                E_S=1.7107e+00 E_S'=2.0034e+00 E_S(W)=1.2873e+00 rho_W=0.5175 rho_w=0.0177 F_S=0.0000e+00
[  159000/201000] phase=train_W                E_S=1.7106e+00 E_S'=2.0033e+00 E_S(W)=1.2871e+00 rho_W=0.5175 rho_w=0.0177 F_S=0.0000e+00
[  159500/201000] phase=train_W                E_S=1.7105e+00 E_S'=2.0032e+00 E_S(W)=1.2870e+00 rho_W=0.5176 rho_w=0.0177 F_S=0.0000e+00
[  160000/201000] phase=train_W                E_S=1.7104e+00 E_S'=2.0031e+00 E_S(W)=1.2869e+00 rho_W=0.5176 rho_w=0.0177 F_S=0.0000e+00
[  160500/201000] phase=train_W                E_S=1.7103e+00 E_S'=2.0030e+00 E_S(W)=1.2868e+00 rho_W=0.5176 rho_w=0.0177 F_S=0.0000e+00
[  161000/201000] phase=train_W                E_S=1.7102e+00 E_S'=2.0028e+00 E_S(W)=1.2867e+00 rho_W=0.5177 rho_w=0.0177 F_S=0.0000e+00
[  161500/201000] phase=train_W                E_S=1.7101e+00 E_S'=2.0027e+00 E_S(W)=1.2865e+00 rho_W=0.5177 rho_w=0.0177 F_S=0.0000e+00
[  162000/201000] phase=train_W                E_S=1.7100e+00 E_S'=2.0026e+00 E_S(W)=1.2864e+00 rho_W=0.5178 rho_w=0.0177 F_S=0.0000e+00
[  162500/201000] phase=train_W                E_S=1.7099e+00 E_S'=2.0025e+00 E_S(W)=1.2863e+00 rho_W=0.5178 rho_w=0.0177 F_S=0.0000e+00
[  163000/201000] phase=train_W                E_S=1.7098e+00 E_S'=2.0024e+00 E_S(W)=1.2862e+00 rho_W=0.5178 rho_w=0.0177 F_S=0.0000e+00
[  163500/201000] phase=train_W                E_S=1.7097e+00 E_S'=2.0023e+00 E_S(W)=1.2861e+00 rho_W=0.5179 rho_w=0.0177 F_S=0.0000e+00
[  164000/201000] phase=train_W                E_S=1.7096e+00 E_S'=2.0022e+00 E_S(W)=1.2860e+00 rho_W=0.5179 rho_w=0.0177 F_S=0.0000e+00
[  164500/201000] phase=train_W                E_S=1.7095e+00 E_S'=2.0021e+00 E_S(W)=1.2859e+00 rho_W=0.5179 rho_w=0.0177 F_S=0.0000e+00
[  165000/201000] phase=train_W                E_S=1.7094e+00 E_S'=2.0020e+00 E_S(W)=1.2857e+00 rho_W=0.5180 rho_w=0.0177 F_S=0.0000e+00
[  165500/201000] phase=train_W                E_S=1.7093e+00 E_S'=2.0019e+00 E_S(W)=1.2856e+00 rho_W=0.5180 rho_w=0.0177 F_S=0.0000e+00
[  166000/201000] phase=train_W                E_S=1.7092e+00 E_S'=2.0018e+00 E_S(W)=1.2855e+00 rho_W=0.5180 rho_w=0.0177 F_S=0.0000e+00
[  166500/201000] phase=train_W                E_S=1.7091e+00 E_S'=2.0017e+00 E_S(W)=1.2854e+00 rho_W=0.5181 rho_w=0.0177 F_S=0.0000e+00
[  167000/201000] phase=train_W                E_S=1.7090e+00 E_S'=2.0016e+00 E_S(W)=1.2853e+00 rho_W=0.5181 rho_w=0.0177 F_S=0.0000e+00
[  167500/201000] phase=train_W                E_S=1.7089e+00 E_S'=2.0015e+00 E_S(W)=1.2852e+00 rho_W=0.5181 rho_w=0.0177 F_S=0.0000e+00
[  168000/201000] phase=train_W                E_S=1.7088e+00 E_S'=2.0013e+00 E_S(W)=1.2851e+00 rho_W=0.5182 rho_w=0.0177 F_S=0.0000e+00
[  168500/201000] phase=train_W                E_S=1.7087e+00 E_S'=2.0012e+00 E_S(W)=1.2849e+00 rho_W=0.5182 rho_w=0.0177 F_S=0.0000e+00
[  169000/201000] phase=train_W                E_S=1.7086e+00 E_S'=2.0011e+00 E_S(W)=1.2848e+00 rho_W=0.5182 rho_w=0.0177 F_S=0.0000e+00
[  169500/201000] phase=train_W                E_S=1.7085e+00 E_S'=2.0010e+00 E_S(W)=1.2847e+00 rho_W=0.5183 rho_w=0.0177 F_S=0.0000e+00
[  170000/201000] phase=train_W                E_S=1.7084e+00 E_S'=2.0009e+00 E_S(W)=1.2846e+00 rho_W=0.5183 rho_w=0.0177 F_S=0.0000e+00
[  170500/201000] phase=train_W                E_S=1.7083e+00 E_S'=2.0008e+00 E_S(W)=1.2845e+00 rho_W=0.5183 rho_w=0.0177 F_S=0.0000e+00
[  171000/201000] phase=train_W                E_S=1.7082e+00 E_S'=2.0007e+00 E_S(W)=1.2844e+00 rho_W=0.5184 rho_w=0.0177 F_S=0.0000e+00
[  171500/201000] phase=train_W                E_S=1.7081e+00 E_S'=2.0006e+00 E_S(W)=1.2843e+00 rho_W=0.5184 rho_w=0.0177 F_S=0.0000e+00
[  172000/201000] phase=train_W                E_S=1.7080e+00 E_S'=2.0005e+00 E_S(W)=1.2841e+00 rho_W=0.5184 rho_w=0.0177 F_S=0.0000e+00
[  172500/201000] phase=train_W                E_S=1.7079e+00 E_S'=2.0004e+00 E_S(W)=1.2840e+00 rho_W=0.5185 rho_w=0.0177 F_S=0.0000e+00
[  173000/201000] phase=train_W                E_S=1.7078e+00 E_S'=2.0003e+00 E_S(W)=1.2839e+00 rho_W=0.5185 rho_w=0.0177 F_S=0.0000e+00
[  173500/201000] phase=train_W                E_S=1.7077e+00 E_S'=2.0002e+00 E_S(W)=1.2838e+00 rho_W=0.5185 rho_w=0.0177 F_S=0.0000e+00
[  174000/201000] phase=train_W                E_S=1.7076e+00 E_S'=2.0000e+00 E_S(W)=1.2837e+00 rho_W=0.5186 rho_w=0.0177 F_S=0.0000e+00
[  174500/201000] phase=train_W                E_S=1.7075e+00 E_S'=1.9999e+00 E_S(W)=1.2836e+00 rho_W=0.5186 rho_w=0.0177 F_S=0.0000e+00
[  175000/201000] phase=train_W                E_S=1.7074e+00 E_S'=1.9998e+00 E_S(W)=1.2835e+00 rho_W=0.5186 rho_w=0.0177 F_S=0.0000e+00
[  175500/201000] phase=train_W                E_S=1.7073e+00 E_S'=1.9997e+00 E_S(W)=1.2833e+00 rho_W=0.5187 rho_w=0.0177 F_S=0.0000e+00
[  176000/201000] phase=train_W                E_S=1.7072e+00 E_S'=1.9996e+00 E_S(W)=1.2832e+00 rho_W=0.5187 rho_w=0.0177 F_S=0.0000e+00
[  176500/201000] phase=train_W                E_S=1.7071e+00 E_S'=1.9995e+00 E_S(W)=1.2831e+00 rho_W=0.5188 rho_w=0.0177 F_S=0.0000e+00
[  177000/201000] phase=train_W                E_S=1.7070e+00 E_S'=1.9994e+00 E_S(W)=1.2830e+00 rho_W=0.5188 rho_w=0.0177 F_S=0.0000e+00
[  177500/201000] phase=train_W                E_S=1.7069e+00 E_S'=1.9993e+00 E_S(W)=1.2829e+00 rho_W=0.5188 rho_w=0.0177 F_S=0.0000e+00
[  178000/201000] phase=train_W                E_S=1.7068e+00 E_S'=1.9991e+00 E_S(W)=1.2828e+00 rho_W=0.5189 rho_w=0.0177 F_S=0.0000e+00
[  178500/201000] phase=train_W                E_S=1.7067e+00 E_S'=1.9990e+00 E_S(W)=1.2827e+00 rho_W=0.5189 rho_w=0.0177 F_S=0.0000e+00
[  179000/201000] phase=train_W                E_S=1.7066e+00 E_S'=1.9989e+00 E_S(W)=1.2826e+00 rho_W=0.5189 rho_w=0.0177 F_S=0.0000e+00
[  179500/201000] phase=train_W                E_S=1.7065e+00 E_S'=1.9988e+00 E_S(W)=1.2825e+00 rho_W=0.5190 rho_w=0.0177 F_S=0.0000e+00
[  180000/201000] phase=train_W                E_S=1.7064e+00 E_S'=1.9987e+00 E_S(W)=1.2823e+00 rho_W=0.5190 rho_w=0.0177 F_S=0.0000e+00
[  180500/201000] phase=train_W                E_S=1.7063e+00 E_S'=1.9986e+00 E_S(W)=1.2822e+00 rho_W=0.5190 rho_w=0.0177 F_S=0.0000e+00
[  181000/201000] phase=train_W                E_S=1.7062e+00 E_S'=1.9985e+00 E_S(W)=1.2821e+00 rho_W=0.5191 rho_w=0.0177 F_S=0.0000e+00
[  181500/201000] phase=train_W                E_S=1.7061e+00 E_S'=1.9984e+00 E_S(W)=1.2820e+00 rho_W=0.5191 rho_w=0.0177 F_S=0.0000e+00
[  182000/201000] phase=train_W                E_S=1.7060e+00 E_S'=1.9983e+00 E_S(W)=1.2819e+00 rho_W=0.5191 rho_w=0.0177 F_S=0.0000e+00
[  182500/201000] phase=train_W                E_S=1.7059e+00 E_S'=1.9982e+00 E_S(W)=1.2818e+00 rho_W=0.5192 rho_w=0.0177 F_S=0.0000e+00
[  183000/201000] phase=train_W                E_S=1.7058e+00 E_S'=1.9981e+00 E_S(W)=1.2816e+00 rho_W=0.5192 rho_w=0.0177 F_S=0.0000e+00
[  183500/201000] phase=train_W                E_S=1.7057e+00 E_S'=1.9980e+00 E_S(W)=1.2815e+00 rho_W=0.5192 rho_w=0.0177 F_S=0.0000e+00
[  184000/201000] phase=train_W                E_S=1.7056e+00 E_S'=1.9979e+00 E_S(W)=1.2814e+00 rho_W=0.5193 rho_w=0.0177 F_S=0.0000e+00
[  184500/201000] phase=train_W                E_S=1.7055e+00 E_S'=1.9978e+00 E_S(W)=1.2813e+00 rho_W=0.5193 rho_w=0.0177 F_S=0.0000e+00
[  185000/201000] phase=train_W                E_S=1.7054e+00 E_S'=1.9977e+00 E_S(W)=1.2812e+00 rho_W=0.5193 rho_w=0.0177 F_S=0.0000e+00
[  185500/201000] phase=train_W                E_S=1.7053e+00 E_S'=1.9975e+00 E_S(W)=1.2811e+00 rho_W=0.5194 rho_w=0.0177 F_S=0.0000e+00
[  186000/201000] phase=train_W                E_S=1.7052e+00 E_S'=1.9974e+00 E_S(W)=1.2810e+00 rho_W=0.5194 rho_w=0.0177 F_S=0.0000e+00
[  186500/201000] phase=train_W                E_S=1.7052e+00 E_S'=1.9973e+00 E_S(W)=1.2809e+00 rho_W=0.5194 rho_w=0.0177 F_S=0.0000e+00
[  187000/201000] phase=train_W                E_S=1.7051e+00 E_S'=1.9972e+00 E_S(W)=1.2808e+00 rho_W=0.5195 rho_w=0.0177 F_S=0.0000e+00
[  187500/201000] phase=train_W                E_S=1.7050e+00 E_S'=1.9971e+00 E_S(W)=1.2806e+00 rho_W=0.5195 rho_w=0.0177 F_S=0.0000e+00
[  188000/201000] phase=train_W                E_S=1.7048e+00 E_S'=1.9970e+00 E_S(W)=1.2805e+00 rho_W=0.5195 rho_w=0.0177 F_S=0.0000e+00
[  188500/201000] phase=train_W                E_S=1.7048e+00 E_S'=1.9969e+00 E_S(W)=1.2804e+00 rho_W=0.5196 rho_w=0.0177 F_S=0.0000e+00
[  189000/201000] phase=train_W                E_S=1.7047e+00 E_S'=1.9968e+00 E_S(W)=1.2803e+00 rho_W=0.5196 rho_w=0.0177 F_S=0.0000e+00
[  189500/201000] phase=train_W                E_S=1.7046e+00 E_S'=1.9967e+00 E_S(W)=1.2802e+00 rho_W=0.5196 rho_w=0.0177 F_S=0.0000e+00
[  190000/201000] phase=train_W                E_S=1.7045e+00 E_S'=1.9966e+00 E_S(W)=1.2801e+00 rho_W=0.5197 rho_w=0.0177 F_S=0.0000e+00
[  190500/201000] phase=train_W                E_S=1.7044e+00 E_S'=1.9965e+00 E_S(W)=1.2800e+00 rho_W=0.5197 rho_w=0.0177 F_S=0.0000e+00
[  191000/201000] phase=train_W                E_S=1.7043e+00 E_S'=1.9964e+00 E_S(W)=1.2799e+00 rho_W=0.5197 rho_w=0.0177 F_S=0.0000e+00
[  191500/201000] phase=train_W                E_S=1.7042e+00 E_S'=1.9963e+00 E_S(W)=1.2798e+00 rho_W=0.5198 rho_w=0.0177 F_S=0.0000e+00
[  192000/201000] phase=train_W                E_S=1.7041e+00 E_S'=1.9962e+00 E_S(W)=1.2796e+00 rho_W=0.5198 rho_w=0.0177 F_S=0.0000e+00
[  192500/201000] phase=train_W                E_S=1.7040e+00 E_S'=1.9961e+00 E_S(W)=1.2795e+00 rho_W=0.5199 rho_w=0.0177 F_S=0.0000e+00
[  193000/201000] phase=train_W                E_S=1.7039e+00 E_S'=1.9960e+00 E_S(W)=1.2794e+00 rho_W=0.5199 rho_w=0.0177 F_S=0.0000e+00
[  193500/201000] phase=train_W                E_S=1.7038e+00 E_S'=1.9959e+00 E_S(W)=1.2793e+00 rho_W=0.5199 rho_w=0.0177 F_S=0.0000e+00
[  194000/201000] phase=train_W                E_S=1.7037e+00 E_S'=1.9958e+00 E_S(W)=1.2792e+00 rho_W=0.5200 rho_w=0.0177 F_S=0.0000e+00
[  194500/201000] phase=train_W                E_S=1.7036e+00 E_S'=1.9957e+00 E_S(W)=1.2791e+00 rho_W=0.5200 rho_w=0.0177 F_S=0.0000e+00
[  195000/201000] phase=train_W                E_S=1.7035e+00 E_S'=1.9956e+00 E_S(W)=1.2790e+00 rho_W=0.5200 rho_w=0.0177 F_S=0.0000e+00
[  195500/201000] phase=train_W                E_S=1.7034e+00 E_S'=1.9954e+00 E_S(W)=1.2789e+00 rho_W=0.5201 rho_w=0.0177 F_S=0.0000e+00
[  196000/201000] phase=train_W                E_S=1.7033e+00 E_S'=1.9953e+00 E_S(W)=1.2788e+00 rho_W=0.5201 rho_w=0.0177 F_S=0.0000e+00
[  196500/201000] phase=train_W                E_S=1.7032e+00 E_S'=1.9952e+00 E_S(W)=1.2786e+00 rho_W=0.5201 rho_w=0.0177 F_S=0.0000e+00
[  197000/201000] phase=train_W                E_S=1.7031e+00 E_S'=1.9951e+00 E_S(W)=1.2785e+00 rho_W=0.5202 rho_w=0.0177 F_S=0.0000e+00
[  197500/201000] phase=train_W                E_S=1.7030e+00 E_S'=1.9950e+00 E_S(W)=1.2784e+00 rho_W=0.5202 rho_w=0.0177 F_S=0.0000e+00
[  198000/201000] phase=train_W                E_S=1.7029e+00 E_S'=1.9949e+00 E_S(W)=1.2783e+00 rho_W=0.5202 rho_w=0.0177 F_S=0.0000e+00
[  198500/201000] phase=train_W                E_S=1.7028e+00 E_S'=1.9948e+00 E_S(W)=1.2782e+00 rho_W=0.5203 rho_w=0.0177 F_S=0.0000e+00
[  199000/201000] phase=train_W                E_S=1.7027e+00 E_S'=1.9947e+00 E_S(W)=1.2781e+00 rho_W=0.5203 rho_w=0.0177 F_S=0.0000e+00
[  199500/201000] phase=train_W                E_S=1.7026e+00 E_S'=1.9946e+00 E_S(W)=1.2780e+00 rho_W=0.5203 rho_w=0.0177 F_S=0.0000e+00
[  200000/201000] phase=train_W                E_S=1.7025e+00 E_S'=1.9945e+00 E_S(W)=1.2778e+00 rho_W=0.5204 rho_w=0.0177 F_S=0.0000e+00
[  200500/201000] phase=train_W                E_S=1.7024e+00 E_S'=1.9943e+00 E_S(W)=1.2777e+00 rho_W=0.5204 rho_w=0.0177 F_S=0.0000e+00
[  201000/201000] phase=train_W                E_S=1.7023e+00 E_S'=1.9942e+00 E_S(W)=1.2776e+00 rho_W=0.5204 rho_w=0.0177 F_S=0.0000e+00

Training complete.
Results saved to: results/training_dynamics/w_then_W/d200_T5_ks1_k1_a5_ap5_lrW0p001_lrw0p001_seed0
Elapsed time: 873.83 s
