============================================
Pre-training quality
============================================
Job ID:        3193325
Host:          i19
Start time:    sam 26 sep 2026 16:24:26 CEST

Run name:      d200_T5_k1_ks1_seed0
Mode:          fresh
Target steps:  40000

d:             200
T:             5
kappa:         1.0
kappa_star:    1.0
learning rate: 0.1
n_test:        1000

Sat Sep 26 16:24:26 2026       
+---------------------------------------------------------------------------------------+
| NVIDIA-SMI 535.154.05             Driver Version: 535.154.05   CUDA Version: 12.2     |
|-----------------------------------------+----------------------+----------------------+
| GPU  Name                 Persistence-M | Bus-Id        Disp.A | Volatile Uncorr. ECC |
| Fan  Temp   Perf          Pwr:Usage/Cap |         Memory-Usage | GPU-Util  Compute M. |
|                                         |                      |               MIG M. |
|=========================================+======================+======================|
|   0  Tesla V100-PCIE-32GB           On  | 00000000:D8:00.0 Off |                  Off |
| N/A   36C    P0              24W / 250W |      0MiB / 32768MiB |      0%      Default |
|                                         |                      |                  N/A |
+-----------------------------------------+----------------------+----------------------+
                                                                                         
+---------------------------------------------------------------------------------------+
| Processes:                                                                            |
|  GPU   GI   CI        PID   Type   Process name                            GPU Memory |
|        ID   ID                                                             Usage      |
|=======================================================================================|
|  No running processes found                                                           |
+---------------------------------------------------------------------------------------+

Starting NEW pre-training trajectory.
Removing existing run directory: results/quality_pretraining/d200_T5_k1_ks1_seed0

Pre-training quality experiment
--------------------------------
run directory : results/quality_pretraining/d200_T5_k1_ks1_seed0
device        : cuda
d             : 200
T             : 5
start step    : 0
target step   : 40000
eval every    : 100
checkpoints   : [0, 200, 10000, 20000, 40000]

[checkpoint] step=0 t/d²=0.000 eps_S=1.006270e+00 eps_pre=2.743756e-01
[checkpoint] step=200 t/d²=0.005 eps_S=1.000222e+00 eps_pre=2.732244e-01
[checkpoint] step=10,000 t/d²=0.250 eps_S=7.568814e-01 eps_pre=2.167136e-01
[checkpoint] step=20,000 t/d²=0.500 eps_S=5.806016e-01 eps_pre=1.703369e-01
[checkpoint] step=40,000 t/d²=1.000 eps_S=3.507433e-01 eps_pre=1.021193e-01

Finished at step 40,000.
Metrics: results/quality_pretraining/d200_T5_k1_ks1_seed0/metrics.csv

============================================
Finished
============================================
End time: sam 26 sep 2026 16:25:23 CEST
