======================================================
Pre-training scaling experiment
======================================================
SLURM job ID:       3198160
SLURM array task:   1
Host:               i24

Run name:           scaling_d200_T5
d:                  200
d^2:                40000
target steps:       400000
target / d^2:       10
eval every:         100
learning rate:      0.01
teacher seed:       200
student seed:       1
SGD seed:           2
test seed:          11
n_test:             1000
======================================================

Tue Sep 29 10:52:27 2026       
+---------------------------------------------------------------------------------------+
| NVIDIA-SMI 535.154.05             Driver Version: 535.154.05   CUDA Version: 12.2     |
|-----------------------------------------+----------------------+----------------------+
| GPU  Name                 Persistence-M | Bus-Id        Disp.A | Volatile Uncorr. ECC |
| Fan  Temp   Perf          Pwr:Usage/Cap |         Memory-Usage | GPU-Util  Compute M. |
|                                         |                      |               MIG M. |
|=========================================+======================+======================|
|   0  Tesla V100-PCIE-32GB           On  | 00000000:D8:00.0 Off |                  Off |
| N/A   31C    P0              25W / 250W |      0MiB / 32768MiB |      0%      Default |
|                                         |                      |                  N/A |
+-----------------------------------------+----------------------+----------------------+
                                                                                         
+---------------------------------------------------------------------------------------+
| Processes:                                                                            |
|  GPU   GI   CI        PID   Type   Process name                            GPU Memory |
|        ID   ID                                                             Usage      |
|=======================================================================================|
|  No running processes found                                                           |
+---------------------------------------------------------------------------------------+

Pre-training quality experiment
--------------------------------
run directory : results/quality_pretraining/scaling_d200_T5
device        : cuda
d             : 200
T             : 5
start step    : 0
target step   : 400000
eval every    : 100
checkpoints   : [0, 200, 10000, 20000, 40000, 80000, 200000, 400000]

[checkpoint] step=0 t/d²=0.000 eps_S=1.010368e+00 eps_pre=2.744389e-01
[checkpoint] step=200 t/d²=0.005 eps_S=1.009732e+00 eps_pre=2.743293e-01
[checkpoint] step=10,000 t/d²=0.250 eps_S=9.801789e-01 eps_pre=2.681664e-01
[checkpoint] step=20,000 t/d²=0.500 eps_S=9.511502e-01 eps_pre=2.620144e-01
[checkpoint] step=40,000 t/d²=1.000 eps_S=8.957924e-01 eps_pre=2.497568e-01
[checkpoint] step=80,000 t/d²=2.000 eps_S=7.973603e-01 eps_pre=2.266435e-01
[checkpoint] step=200,000 t/d²=5.000 eps_S=5.749517e-01 eps_pre=1.674097e-01
[checkpoint] step=400,000 t/d²=10.000 eps_S=3.462032e-01 eps_pre=9.914670e-02

Finished at step 400,000.
Metrics: results/quality_pretraining/scaling_d200_T5/metrics.csv

======================================================
Finished scaling_d200_T5
End time: mar 29 sep 2026 11:01:58 CEST
======================================================
