======================================================
Pre-training scaling experiment
======================================================
SLURM job ID:       3198159
SLURM array task:   0
Host:               i24

Run name:           scaling_d100_T5
d:                  100
d^2:                10000
target steps:       100000
target / d^2:       10
eval every:         50
learning rate:      0.01
teacher seed:       100
student seed:       1
SGD seed:           2
test seed:          11
n_test:             1000
======================================================

Tue Sep 29 10:52:27 2026       
+---------------------------------------------------------------------------------------+
| NVIDIA-SMI 535.154.05             Driver Version: 535.154.05   CUDA Version: 12.2     |
|-----------------------------------------+----------------------+----------------------+
| GPU  Name                 Persistence-M | Bus-Id        Disp.A | Volatile Uncorr. ECC |
| Fan  Temp   Perf          Pwr:Usage/Cap |         Memory-Usage | GPU-Util  Compute M. |
|                                         |                      |               MIG M. |
|=========================================+======================+======================|
|   0  Tesla V100-PCIE-32GB           On  | 00000000:86:00.0 Off |                  Off |
| N/A   32C    P0              26W / 250W |      0MiB / 32768MiB |      0%      Default |
|                                         |                      |                  N/A |
+-----------------------------------------+----------------------+----------------------+
                                                                                         
+---------------------------------------------------------------------------------------+
| Processes:                                                                            |
|  GPU   GI   CI        PID   Type   Process name                            GPU Memory |
|        ID   ID                                                             Usage      |
|=======================================================================================|
|  No running processes found                                                           |
+---------------------------------------------------------------------------------------+

Pre-training quality experiment
--------------------------------
run directory : results/quality_pretraining/scaling_d100_T5
device        : cuda
d             : 100
T             : 5
start step    : 0
target step   : 100000
eval every    : 50
checkpoints   : [0, 100, 2500, 5000, 10000, 20000, 50000, 100000]

[checkpoint] step=0 t/d²=0.000 eps_S=9.993138e-01 eps_pre=2.656469e-01
[checkpoint] step=100 t/d²=0.010 eps_S=9.980332e-01 eps_pre=2.653845e-01
[checkpoint] step=2,500 t/d²=0.250 eps_S=9.684966e-01 eps_pre=2.594825e-01
[checkpoint] step=5,000 t/d²=0.500 eps_S=9.391214e-01 eps_pre=2.534687e-01
[checkpoint] step=10,000 t/d²=1.000 eps_S=8.839046e-01 eps_pre=2.416418e-01
[checkpoint] step=20,000 t/d²=2.000 eps_S=7.853104e-01 eps_pre=2.191209e-01
[checkpoint] step=50,000 t/d²=5.000 eps_S=5.624780e-01 eps_pre=1.612316e-01
[checkpoint] step=100,000 t/d²=10.000 eps_S=3.366217e-01 eps_pre=9.532272e-02

Finished at step 100,000.
Metrics: results/quality_pretraining/scaling_d100_T5/metrics.csv

======================================================
Finished scaling_d100_T5
End time: mar 29 sep 2026 10:55:02 CEST
======================================================
