======================================================
Pre-training scaling experiment
======================================================
SLURM job ID:       3200734
SLURM array task:   0
Host:               i12

Run name:           scaling_d100_T5
d:                  100
d^2:                10000
target steps:       400000
target / d^2:       40
eval every:         50
learning rate:      0.01
teacher seed:       100
student seed:       1
SGD seed:           2
test seed:          11
n_test:             1000
======================================================

Fri Oct  2 15:56:55 2026       
+---------------------------------------------------------------------------------------+
| NVIDIA-SMI 535.154.05             Driver Version: 535.154.05   CUDA Version: 12.2     |
|-----------------------------------------+----------------------+----------------------+
| GPU  Name                 Persistence-M | Bus-Id        Disp.A | Volatile Uncorr. ECC |
| Fan  Temp   Perf          Pwr:Usage/Cap |         Memory-Usage | GPU-Util  Compute M. |
|                                         |                      |               MIG M. |
|=========================================+======================+======================|
|   0  Tesla V100-PCIE-32GB           On  | 00000000:86:00.0 Off |                  Off |
| N/A   35C    P0              25W / 250W |      0MiB / 32768MiB |      0%      Default |
|                                         |                      |                  N/A |
+-----------------------------------------+----------------------+----------------------+
                                                                                         
+---------------------------------------------------------------------------------------+
| Processes:                                                                            |
|  GPU   GI   CI        PID   Type   Process name                            GPU Memory |
|        ID   ID                                                             Usage      |
|=======================================================================================|
|  No running processes found                                                           |
+---------------------------------------------------------------------------------------+
Removing existing run directory: results/quality_pretraining/scaling_d100_T5

Pre-training quality experiment
--------------------------------
run directory : results/quality_pretraining/scaling_d100_T5
device        : cuda
d             : 100
T             : 5
start step    : 0
target step   : 400000
eval every    : 50
checkpoints   : [0, 100, 2500, 5000, 10000, 20000, 30000, 40000, 50000, 60000, 70000, 80000, 90000, 100000, 110000, 120000, 130000, 140000, 150000, 160000, 170000, 180000, 190000, 200000, 210000, 220000, 230000, 240000, 250000, 260000, 270000, 280000, 290000, 300000, 310000, 320000, 330000, 340000, 350000, 360000, 370000, 380000, 390000, 400000]

