======================================================
Pre-training scaling experiment
======================================================
SLURM job ID:       3200736
SLURM array task:   2
Host:               i33

Run name:           scaling_d500_T5
d:                  500
d^2:                250000
target steps:       10000000
target / d^2:       40
eval every:         250
learning rate:      0.01
teacher seed:       500
student seed:       1
SGD seed:           2
test seed:          11
n_test:             1000
======================================================

Fri Oct  2 15:58:00 2026       
+---------------------------------------------------------------------------------------+
| NVIDIA-SMI 535.154.05             Driver Version: 535.154.05   CUDA Version: 12.2     |
|-----------------------------------------+----------------------+----------------------+
| GPU  Name                 Persistence-M | Bus-Id        Disp.A | Volatile Uncorr. ECC |
| Fan  Temp   Perf          Pwr:Usage/Cap |         Memory-Usage | GPU-Util  Compute M. |
|                                         |                      |               MIG M. |
|=========================================+======================+======================|
|   0  Tesla V100-PCIE-32GB           On  | 00000000:86:00.0 Off |                  Off |
| N/A   36C    P0              25W / 250W |      0MiB / 32768MiB |      0%      Default |
|                                         |                      |                  N/A |
+-----------------------------------------+----------------------+----------------------+
                                                                                         
+---------------------------------------------------------------------------------------+
| Processes:                                                                            |
|  GPU   GI   CI        PID   Type   Process name                            GPU Memory |
|        ID   ID                                                             Usage      |
|=======================================================================================|
|  No running processes found                                                           |
+---------------------------------------------------------------------------------------+
Removing existing run directory: results/quality_pretraining/scaling_d500_T5

Pre-training quality experiment
--------------------------------
run directory : results/quality_pretraining/scaling_d500_T5
device        : cuda
d             : 500
T             : 5
start step    : 0
target step   : 10000000
eval every    : 250
checkpoints   : [0, 500, 62500, 125000, 250000, 500000, 750000, 1000000, 1250000, 1500000, 1750000, 2000000, 2250000, 2500000, 2750000, 3000000, 3250000, 3500000, 3750000, 4000000, 4250000, 4500000, 4750000, 5000000, 5250000, 5500000, 5750000, 6000000, 6250000, 6500000, 6750000, 7000000, 7250000, 7500000, 7750000, 8000000, 8250000, 8500000, 8750000, 9000000, 9250000, 9500000, 9750000, 10000000]

[checkpoint] step=0 t/d=0.000 t/d²=0.00000 eps_S=1.006364e+00 eps_pre=2.767316e-01 q=5.014103e+02 Q=1.009225e+03 Q*=1.006328e+03 trace_err=4.133141e-02
[checkpoint] step=500 t/d=1.000 t/d²=0.00200 eps_S=1.006111e+00 eps_pre=2.766735e-01 q=5.014184e+02 Q=1.008986e+03 Q*=1.006328e+03 trace_err=3.965944e-02
[checkpoint] step=62,500 t/d=125.000 t/d²=0.25000 eps_S=9.757850e-01 eps_pre=2.701981e-01 q=5.027670e+02 Q=9.811657e+02 Q*=1.006328e+03 trace_err=1.596000e-01
[checkpoint] step=125,000 t/d=250.000 t/d²=0.50000 eps_S=9.463156e-01 eps_pre=2.638224e-01 q=5.041879e+02 Q=9.543517e+02 Q*=1.006328e+03 trace_err=3.562656e-01
[checkpoint] step=250,000 t/d=500.000 t/d²=1.00000 eps_S=8.907161e-01 eps_pre=2.512711e-01 q=5.073432e+02 Q=9.047109e+02 Q*=1.006328e+03 trace_err=7.320066e-01
[checkpoint] step=500,000 t/d=1000.000 t/d²=2.00000 eps_S=7.916675e-01 eps_pre=2.275346e-01 q=5.147011e+02 Q=8.197514e+02 Q*=1.006328e+03 trace_err=1.417134e+00
[checkpoint] step=750,000 t/d=1500.000 t/d²=3.00000 eps_S=7.063933e-01 eps_pre=2.054748e-01 q=5.235135e+02 Q=7.515625e+02 Q*=1.006328e+03 trace_err=2.014599e+00
[checkpoint] step=1,000,000 t/d=2000.000 t/d²=4.00000 eps_S=6.324673e-01 eps_pre=1.854019e-01 q=5.336798e+02 Q=6.975013e+02 Q*=1.006328e+03 trace_err=2.525802e+00
[checkpoint] step=1,250,000 t/d=2500.000 t/d²=5.00000 eps_S=5.679538e-01 eps_pre=1.670645e-01 q=5.451016e+02 Q=6.554231e+02 Q*=1.006328e+03 trace_err=2.954314e+00
[checkpoint] step=1,500,000 t/d=3000.000 t/d²=6.00000 eps_S=5.112417e-01 eps_pre=1.504115e-01 q=5.577011e+02 Q=6.235511e+02 Q*=1.006328e+03 trace_err=3.304987e+00
[checkpoint] step=1,750,000 t/d=3500.000 t/d²=7.00000 eps_S=4.608279e-01 eps_pre=1.353008e-01 q=5.712940e+02 Q=6.000040e+02 Q*=1.006328e+03 trace_err=3.587679e+00
[checkpoint] step=2,000,000 t/d=4000.000 t/d²=8.00000 eps_S=4.158629e-01 eps_pre=1.216954e-01 q=5.857809e+02 Q=5.837285e+02 Q*=1.006328e+03 trace_err=3.804960e+00
[checkpoint] step=2,250,000 t/d=4500.000 t/d²=9.00000 eps_S=3.755916e-01 eps_pre=1.093281e-01 q=6.008796e+02 Q=5.733998e+02 Q*=1.006328e+03 trace_err=3.965911e+00
[checkpoint] step=2,500,000 t/d=5000.000 t/d²=10.00000 eps_S=3.395291e-01 eps_pre=9.825666e-02 q=6.162750e+02 Q=5.678997e+02 Q*=1.006328e+03 trace_err=4.078944e+00
[checkpoint] step=2,750,000 t/d=5500.000 t/d²=11.00000 eps_S=3.070376e-01 eps_pre=8.831703e-02 q=6.319150e+02 Q=5.664827e+02 Q*=1.006328e+03 trace_err=4.149146e+00
[checkpoint] step=3,000,000 t/d=6000.000 t/d²=12.00000 eps_S=2.778594e-01 eps_pre=7.941324e-02 q=6.474971e+02 Q=5.682841e+02 Q*=1.006328e+03 trace_err=4.184143e+00
[checkpoint] step=3,250,000 t/d=6500.000 t/d²=13.00000 eps_S=2.515757e-01 eps_pre=7.145907e-02 q=6.629659e+02 Q=5.727715e+02 Q*=1.006328e+03 trace_err=4.188909e+00
[checkpoint] step=3,500,000 t/d=7000.000 t/d²=14.00000 eps_S=2.279029e-01 eps_pre=6.434869e-02 q=6.782006e+02 Q=5.794184e+02 Q*=1.006328e+03 trace_err=4.168054e+00
[checkpoint] step=3,750,000 t/d=7500.000 t/d²=15.00000 eps_S=2.066506e-01 eps_pre=5.802546e-02 q=6.930433e+02 Q=5.877171e+02 Q*=1.006328e+03 trace_err=4.126475e+00
[checkpoint] step=4,000,000 t/d=8000.000 t/d²=16.00000 eps_S=1.875202e-01 eps_pre=5.240891e-02 q=7.074650e+02 Q=5.973090e+02 Q*=1.006328e+03 trace_err=4.068388e+00
[checkpoint] step=4,250,000 t/d=8500.000 t/d²=17.00000 eps_S=1.703196e-01 eps_pre=4.733948e-02 q=7.213416e+02 Q=6.077527e+02 Q*=1.006328e+03 trace_err=3.997588e+00
[checkpoint] step=4,500,000 t/d=9000.000 t/d²=18.00000 eps_S=1.548681e-01 eps_pre=4.287815e-02 q=7.346663e+02 Q=6.188528e+02 Q*=1.006328e+03 trace_err=3.916482e+00
[checkpoint] step=4,750,000 t/d=9500.000 t/d²=19.00000 eps_S=1.409734e-01 eps_pre=3.881459e-02 q=7.474149e+02 Q=6.303675e+02 Q*=1.006328e+03 trace_err=3.827664e+00
[checkpoint] step=5,000,000 t/d=10000.000 t/d²=20.00000 eps_S=1.284473e-01 eps_pre=3.523450e-02 q=7.595997e+02 Q=6.421317e+02 Q*=1.006328e+03 trace_err=3.733040e+00
[checkpoint] step=5,250,000 t/d=10500.000 t/d²=21.00000 eps_S=1.172180e-01 eps_pre=3.205171e-02 q=7.711879e+02 Q=6.540076e+02 Q*=1.006328e+03 trace_err=3.634193e+00
[checkpoint] step=5,500,000 t/d=11000.000 t/d²=22.00000 eps_S=1.070944e-01 eps_pre=2.920594e-02 q=7.821922e+02 Q=6.658288e+02 Q*=1.006328e+03 trace_err=3.532874e+00
[checkpoint] step=5,750,000 t/d=11500.000 t/d²=23.00000 eps_S=9.797768e-02 eps_pre=2.664457e-02 q=7.926761e+02 Q=6.776220e+02 Q*=1.006328e+03 trace_err=3.429339e+00
[checkpoint] step=6,000,000 t/d=12000.000 t/d²=24.00000 eps_S=8.975926e-02 eps_pre=2.436324e-02 q=8.025741e+02 Q=6.891477e+02 Q*=1.006328e+03 trace_err=3.326104e+00
[checkpoint] step=6,250,000 t/d=12500.000 t/d²=25.00000 eps_S=8.233406e-02 eps_pre=2.230110e-02 q=8.119937e+02 Q=7.005146e+02 Q*=1.006328e+03 trace_err=3.222247e+00
[checkpoint] step=6,500,000 t/d=13000.000 t/d²=26.00000 eps_S=7.564331e-02 eps_pre=2.047470e-02 q=8.209088e+02 Q=7.116118e+02 Q*=1.006328e+03 trace_err=3.119418e+00
[checkpoint] step=6,750,000 t/d=13500.000 t/d²=27.00000 eps_S=6.958416e-02 eps_pre=1.880398e-02 q=8.293610e+02 Q=7.224187e+02 Q*=1.006328e+03 trace_err=3.017329e+00
[checkpoint] step=7,000,000 t/d=14000.000 t/d²=28.00000 eps_S=6.409661e-02 eps_pre=1.731290e-02 q=8.373634e+02 Q=7.329012e+02 Q*=1.006328e+03 trace_err=2.917080e+00
[checkpoint] step=7,250,000 t/d=14500.000 t/d²=29.00000 eps_S=5.912358e-02 eps_pre=1.594719e-02 q=8.449357e+02 Q=7.430413e+02 Q*=1.006328e+03 trace_err=2.818925e+00
[checkpoint] step=7,500,000 t/d=15000.000 t/d²=30.00000 eps_S=5.460611e-02 eps_pre=1.471591e-02 q=8.521534e+02 Q=7.529307e+02 Q*=1.006328e+03 trace_err=2.721879e+00
[checkpoint] step=7,750,000 t/d=15500.000 t/d²=31.00000 eps_S=5.049430e-02 eps_pre=1.361163e-02 q=8.589932e+02 Q=7.624725e+02 Q*=1.006328e+03 trace_err=2.627605e+00
[checkpoint] step=8,000,000 t/d=16000.000 t/d²=32.00000 eps_S=4.676138e-02 eps_pre=1.259906e-02 q=8.654434e+02 Q=7.716163e+02 Q*=1.006328e+03 trace_err=2.536089e+00
[checkpoint] step=8,250,000 t/d=16500.000 t/d²=33.00000 eps_S=4.335700e-02 eps_pre=1.168027e-02 q=8.715955e+02 Q=7.804946e+02 Q*=1.006328e+03 trace_err=2.446710e+00
[checkpoint] step=8,500,000 t/d=17000.000 t/d²=34.00000 eps_S=4.024579e-02 eps_pre=1.084118e-02 q=8.774220e+02 Q=7.890167e+02 Q*=1.006328e+03 trace_err=2.360104e+00
[checkpoint] step=8,750,000 t/d=17500.000 t/d²=35.00000 eps_S=3.740851e-02 eps_pre=1.007857e-02 q=8.829481e+02 Q=7.972137e+02 Q*=1.006328e+03 trace_err=2.275953e+00
[checkpoint] step=9,000,000 t/d=18000.000 t/d²=36.00000 eps_S=3.480722e-02 eps_pre=9.380588e-03 q=8.882158e+02 Q=8.051313e+02 Q*=1.006328e+03 trace_err=2.194361e+00
[checkpoint] step=9,250,000 t/d=18500.000 t/d²=37.00000 eps_S=3.243065e-02 eps_pre=8.741549e-03 q=8.932225e+02 Q=8.127530e+02 Q*=1.006328e+03 trace_err=2.115055e+00
[checkpoint] step=9,500,000 t/d=19000.000 t/d²=38.00000 eps_S=3.024660e-02 eps_pre=8.162974e-03 q=8.979899e+02 Q=8.200900e+02 Q*=1.006328e+03 trace_err=2.038180e+00
[checkpoint] step=9,750,000 t/d=19500.000 t/d²=39.00000 eps_S=2.824469e-02 eps_pre=7.630604e-03 q=9.025260e+02 Q=8.271476e+02 Q*=1.006328e+03 trace_err=1.963916e+00
[checkpoint] step=10,000,000 t/d=20000.000 t/d²=40.00000 eps_S=2.640734e-02 eps_pre=7.141501e-03 q=9.068323e+02 Q=8.339113e+02 Q*=1.006328e+03 trace_err=1.892322e+00

Finished at step 10,000,000.
Metrics: results/quality_pretraining/scaling_d500_T5/metrics.csv

======================================================
Finished scaling_d500_T5
End time: ven 02 oct 2026 19:43:01 CEST
======================================================
