======================================================
Pre-training scaling experiment
======================================================
SLURM job ID:       3200730
SLURM array task:   2
Host:               i33

Run name:           scaling_d500_T5
d:                  500
d^2:                250000
target steps:       10000000
target / d^2:       40
eval every:         250
learning rate:      0.01
teacher seed:       500
student seed:       1
SGD seed:           2
test seed:          11
n_test:             1000
======================================================

Fri Oct  2 15:54:43 2026       
+---------------------------------------------------------------------------------------+
| NVIDIA-SMI 535.154.05             Driver Version: 535.154.05   CUDA Version: 12.2     |
|-----------------------------------------+----------------------+----------------------+
| GPU  Name                 Persistence-M | Bus-Id        Disp.A | Volatile Uncorr. ECC |
| Fan  Temp   Perf          Pwr:Usage/Cap |         Memory-Usage | GPU-Util  Compute M. |
|                                         |                      |               MIG M. |
|=========================================+======================+======================|
|   0  Tesla V100-PCIE-32GB           On  | 00000000:86:00.0 Off |                  Off |
| N/A   36C    P0              25W / 250W |      0MiB / 32768MiB |      0%      Default |
|                                         |                      |                  N/A |
+-----------------------------------------+----------------------+----------------------+
                                                                                         
+---------------------------------------------------------------------------------------+
| Processes:                                                                            |
|  GPU   GI   CI        PID   Type   Process name                            GPU Memory |
|        ID   ID                                                             Usage      |
|=======================================================================================|
|  No running processes found                                                           |
+---------------------------------------------------------------------------------------+

Pre-training quality experiment
--------------------------------
run directory : results/quality_pretraining/scaling_d500_T5
device        : cuda
d             : 500
T             : 5
start step    : 0
target step   : 10000000
eval every    : 250
checkpoints   : [0, 500, 62500, 125000, 250000, 500000, 750000, 1000000, 1250000, 1500000, 1750000, 2000000, 2250000, 2500000, 2750000, 3000000, 3250000, 3500000, 3750000, 4000000, 4250000, 4500000, 4750000, 5000000, 5250000, 5500000, 5750000, 6000000, 6250000, 6500000, 6750000, 7000000, 7250000, 7500000, 7750000, 8000000, 8250000, 8500000, 8750000, 9000000, 9250000, 9500000, 9750000, 10000000]

