======================================================
Pre-training scaling experiment
======================================================
SLURM job ID:       3200738
SLURM array task:   1
Host:               i31

Run name:           scaling_d200_T5
d:                  200
d^2:                40000
target steps:       1600000
target / d^2:       40
eval every:         100
learning rate:      0.01
teacher seed:       200
student seed:       1
SGD seed:           2
test seed:          11
n_test:             1000
======================================================

Fri Oct  2 15:58:00 2026       
+---------------------------------------------------------------------------------------+
| NVIDIA-SMI 535.154.05             Driver Version: 535.154.05   CUDA Version: 12.2     |
|-----------------------------------------+----------------------+----------------------+
| GPU  Name                 Persistence-M | Bus-Id        Disp.A | Volatile Uncorr. ECC |
| Fan  Temp   Perf          Pwr:Usage/Cap |         Memory-Usage | GPU-Util  Compute M. |
|                                         |                      |               MIG M. |
|=========================================+======================+======================|
|   0  Tesla V100-PCIE-32GB           On  | 00000000:D8:00.0 Off |                  Off |
| N/A   29C    P0              22W / 250W |      0MiB / 32768MiB |      0%      Default |
|                                         |                      |                  N/A |
+-----------------------------------------+----------------------+----------------------+
                                                                                         
+---------------------------------------------------------------------------------------+
| Processes:                                                                            |
|  GPU   GI   CI        PID   Type   Process name                            GPU Memory |
|        ID   ID                                                             Usage      |
|=======================================================================================|
|  No running processes found                                                           |
+---------------------------------------------------------------------------------------+
Removing existing run directory: results/quality_pretraining/scaling_d200_T5

Pre-training quality experiment
--------------------------------
run directory : results/quality_pretraining/scaling_d200_T5
device        : cuda
d             : 200
T             : 5
start step    : 0
target step   : 1600000
eval every    : 100
checkpoints   : [0, 200, 10000, 20000, 40000, 80000, 120000, 160000, 200000, 240000, 280000, 320000, 360000, 400000, 440000, 480000, 520000, 560000, 600000, 640000, 680000, 720000, 760000, 800000, 840000, 880000, 920000, 960000, 1000000, 1040000, 1080000, 1120000, 1160000, 1200000, 1240000, 1280000, 1320000, 1360000, 1400000, 1440000, 1480000, 1520000, 1560000, 1600000]

[checkpoint] step=0 t/d=0.000 t/d²=0.00000 eps_S=1.010368e+00 eps_pre=2.744389e-01 q=1.969670e+02 Q=3.980800e+02 Q*=3.998930e+02 trace_err=9.361889e-03
[checkpoint] step=200 t/d=1.000 t/d²=0.00500 eps_S=1.009732e+00 eps_pre=2.743293e-01 q=1.969824e+02 Q=3.978567e+02 Q*=3.998930e+02 trace_err=1.184217e-02
[checkpoint] step=10,000 t/d=50.000 t/d²=0.25000 eps_S=9.801789e-01 eps_pre=2.681664e-01 q=1.975230e+02 Q=3.871197e+02 Q*=3.998930e+02 trace_err=1.347672e-01
[checkpoint] step=20,000 t/d=100.000 t/d²=0.50000 eps_S=9.511502e-01 eps_pre=2.620144e-01 q=1.980935e+02 Q=3.766523e+02 Q*=3.998930e+02 trace_err=2.572842e-01
[checkpoint] step=40,000 t/d=200.000 t/d²=1.00000 eps_S=8.957924e-01 eps_pre=2.497568e-01 q=1.993868e+02 Q=3.571017e+02 Q*=3.998930e+02 trace_err=4.940720e-01
[checkpoint] step=80,000 t/d=400.000 t/d²=2.00000 eps_S=7.973603e-01 eps_pre=2.266435e-01 q=2.023984e+02 Q=3.237626e+02 Q*=3.998930e+02 trace_err=9.216743e-01
[checkpoint] step=120,000 t/d=600.000 t/d²=3.00000 eps_S=7.127160e-01 eps_pre=2.052093e-01 q=2.059812e+02 Q=2.970795e+02 Q*=3.998930e+02 trace_err=1.293785e+00
[checkpoint] step=160,000 t/d=800.000 t/d²=4.00000 eps_S=6.394372e-01 eps_pre=1.854919e-01 q=2.100667e+02 Q=2.759468e+02 Q*=3.998930e+02 trace_err=1.611742e+00
[checkpoint] step=200,000 t/d=1000.000 t/d²=5.00000 eps_S=5.749517e-01 eps_pre=1.674097e-01 q=2.146425e+02 Q=2.593110e+02 Q*=3.998930e+02 trace_err=1.881037e+00
[checkpoint] step=240,000 t/d=1200.000 t/d²=6.00000 eps_S=5.183871e-01 eps_pre=1.510090e-01 q=2.196132e+02 Q=2.466327e+02 Q*=3.998930e+02 trace_err=2.104242e+00
[checkpoint] step=280,000 t/d=1400.000 t/d²=7.00000 eps_S=4.677961e-01 eps_pre=1.360304e-01 q=2.249831e+02 Q=2.371415e+02 Q*=3.998930e+02 trace_err=2.284797e+00
[checkpoint] step=320,000 t/d=1600.000 t/d²=8.00000 eps_S=4.227568e-01 eps_pre=1.224911e-01 q=2.307138e+02 Q=2.305920e+02 Q*=3.998930e+02 trace_err=2.423641e+00
[checkpoint] step=360,000 t/d=1800.000 t/d²=9.00000 eps_S=3.825969e-01 eps_pre=1.102794e-01 q=2.366124e+02 Q=2.263295e+02 Q*=3.998930e+02 trace_err=2.528519e+00
[checkpoint] step=400,000 t/d=2000.000 t/d²=10.00000 eps_S=3.462032e-01 eps_pre=9.914670e-02 q=2.427499e+02 Q=2.240509e+02 Q*=3.998930e+02 trace_err=2.601478e+00
[checkpoint] step=440,000 t/d=2200.000 t/d²=11.00000 eps_S=3.136489e-01 eps_pre=8.927464e-02 q=2.488904e+02 Q=2.233139e+02 Q*=3.998930e+02 trace_err=2.648845e+00
[checkpoint] step=480,000 t/d=2400.000 t/d²=12.00000 eps_S=2.841899e-01 eps_pre=8.036121e-02 q=2.550994e+02 Q=2.239513e+02 Q*=3.998930e+02 trace_err=2.672139e+00
[checkpoint] step=520,000 t/d=2600.000 t/d²=13.00000 eps_S=2.575708e-01 eps_pre=7.230073e-02 q=2.612685e+02 Q=2.256448e+02 Q*=3.998930e+02 trace_err=2.676780e+00
[checkpoint] step=560,000 t/d=2800.000 t/d²=14.00000 eps_S=2.336768e-01 eps_pre=6.514666e-02 q=2.672757e+02 Q=2.281042e+02 Q*=3.998930e+02 trace_err=2.667186e+00
[checkpoint] step=600,000 t/d=3000.000 t/d²=15.00000 eps_S=2.121467e-01 eps_pre=5.883247e-02 q=2.732019e+02 Q=2.313466e+02 Q*=3.998930e+02 trace_err=2.642557e+00
[checkpoint] step=640,000 t/d=3200.000 t/d²=16.00000 eps_S=1.927100e-01 eps_pre=5.313731e-02 q=2.789118e+02 Q=2.349939e+02 Q*=3.998930e+02 trace_err=2.608496e+00
[checkpoint] step=680,000 t/d=3400.000 t/d²=17.00000 eps_S=1.751009e-01 eps_pre=4.803001e-02 q=2.844905e+02 Q=2.391095e+02 Q*=3.998930e+02 trace_err=2.565799e+00
[checkpoint] step=720,000 t/d=3600.000 t/d²=18.00000 eps_S=1.593047e-01 eps_pre=4.357268e-02 q=2.898884e+02 Q=2.435885e+02 Q*=3.998930e+02 trace_err=2.514403e+00
[checkpoint] step=760,000 t/d=3800.000 t/d²=19.00000 eps_S=1.451713e-01 eps_pre=3.953506e-02 q=2.949840e+02 Q=2.481280e+02 Q*=3.998930e+02 trace_err=2.459181e+00
[checkpoint] step=800,000 t/d=4000.000 t/d²=20.00000 eps_S=1.323676e-01 eps_pre=3.595212e-02 q=2.999032e+02 Q=2.528463e+02 Q*=3.998930e+02 trace_err=2.399230e+00
[checkpoint] step=840,000 t/d=4200.000 t/d²=21.00000 eps_S=1.208945e-01 eps_pre=3.274679e-02 q=3.045499e+02 Q=2.575516e+02 Q*=3.998930e+02 trace_err=2.337749e+00
[checkpoint] step=880,000 t/d=4400.000 t/d²=22.00000 eps_S=1.105203e-01 eps_pre=2.987500e-02 q=3.089761e+02 Q=2.622555e+02 Q*=3.998930e+02 trace_err=2.273966e+00
[checkpoint] step=920,000 t/d=4600.000 t/d²=23.00000 eps_S=1.011909e-01 eps_pre=2.729186e-02 q=3.131711e+02 Q=2.669148e+02 Q*=3.998930e+02 trace_err=2.209184e+00
[checkpoint] step=960,000 t/d=4800.000 t/d²=24.00000 eps_S=9.278312e-02 eps_pre=2.497475e-02 q=3.171524e+02 Q=2.715151e+02 Q*=3.998930e+02 trace_err=2.143957e+00
[checkpoint] step=1,000,000 t/d=5000.000 t/d²=25.00000 eps_S=8.518428e-02 eps_pre=2.292483e-02 q=3.209363e+02 Q=2.760443e+02 Q*=3.998930e+02 trace_err=2.078795e+00
[checkpoint] step=1,040,000 t/d=5200.000 t/d²=26.00000 eps_S=7.830745e-02 eps_pre=2.105304e-02 q=3.245340e+02 Q=2.804896e+02 Q*=3.998930e+02 trace_err=2.013304e+00
[checkpoint] step=1,080,000 t/d=5400.000 t/d²=27.00000 eps_S=7.207633e-02 eps_pre=1.936779e-02 q=3.279532e+02 Q=2.848362e+02 Q*=3.998930e+02 trace_err=1.948418e+00
[checkpoint] step=1,120,000 t/d=5600.000 t/d²=28.00000 eps_S=6.640825e-02 eps_pre=1.785772e-02 q=3.311946e+02 Q=2.890523e+02 Q*=3.998930e+02 trace_err=1.884336e+00
[checkpoint] step=1,160,000 t/d=5800.000 t/d²=29.00000 eps_S=6.130122e-02 eps_pre=1.649011e-02 q=3.342575e+02 Q=2.931358e+02 Q*=3.998930e+02 trace_err=1.821907e+00
[checkpoint] step=1,200,000 t/d=6000.000 t/d²=30.00000 eps_S=5.662961e-02 eps_pre=1.522666e-02 q=3.371660e+02 Q=2.970846e+02 Q*=3.998930e+02 trace_err=1.760946e+00
[checkpoint] step=1,240,000 t/d=6200.000 t/d²=31.00000 eps_S=5.239387e-02 eps_pre=1.409780e-02 q=3.399284e+02 Q=3.009158e+02 Q*=3.998930e+02 trace_err=1.700805e+00
[checkpoint] step=1,280,000 t/d=6400.000 t/d²=32.00000 eps_S=4.853940e-02 eps_pre=1.307249e-02 q=3.425534e+02 Q=3.046244e+02 Q*=3.998930e+02 trace_err=1.641954e+00
[checkpoint] step=1,320,000 t/d=6600.000 t/d²=33.00000 eps_S=4.503091e-02 eps_pre=1.213966e-02 q=3.450328e+02 Q=3.081801e+02 Q*=3.998930e+02 trace_err=1.584645e+00
[checkpoint] step=1,360,000 t/d=6800.000 t/d²=34.00000 eps_S=4.181336e-02 eps_pre=1.127801e-02 q=3.473851e+02 Q=3.115981e+02 Q*=3.998930e+02 trace_err=1.529256e+00
[checkpoint] step=1,400,000 t/d=7000.000 t/d²=35.00000 eps_S=3.888632e-02 eps_pre=1.050443e-02 q=3.496273e+02 Q=3.149120e+02 Q*=3.998930e+02 trace_err=1.475537e+00
[checkpoint] step=1,440,000 t/d=7200.000 t/d²=36.00000 eps_S=3.619445e-02 eps_pre=9.786681e-03 q=3.517511e+02 Q=3.180830e+02 Q*=3.998930e+02 trace_err=1.423324e+00
[checkpoint] step=1,480,000 t/d=7400.000 t/d²=37.00000 eps_S=3.372324e-02 eps_pre=9.126117e-03 q=3.537569e+02 Q=3.211065e+02 Q*=3.998930e+02 trace_err=1.373396e+00
[checkpoint] step=1,520,000 t/d=7600.000 t/d²=38.00000 eps_S=3.146293e-02 eps_pre=8.537028e-03 q=3.556928e+02 Q=3.240744e+02 Q*=3.998930e+02 trace_err=1.323583e+00
[checkpoint] step=1,560,000 t/d=7800.000 t/d²=39.00000 eps_S=2.939784e-02 eps_pre=8.002828e-03 q=3.575240e+02 Q=3.269109e+02 Q*=3.998930e+02 trace_err=1.276059e+00
[checkpoint] step=1,600,000 t/d=8000.000 t/d²=40.00000 eps_S=2.748147e-02 eps_pre=7.502077e-03 q=3.592574e+02 Q=3.296115e+02 Q*=3.998930e+02 trace_err=1.230256e+00

Finished at step 1,600,000.
Metrics: results/quality_pretraining/scaling_d200_T5/metrics.csv

======================================================
Finished scaling_d200_T5
End time: ven 02 oct 2026 16:35:12 CEST
======================================================
