======================================================
Pre-training scaling experiment
======================================================
SLURM job ID:       3200737
SLURM array task:   0
Host:               i12

Run name:           scaling_d100_T5
d:                  100
d^2:                10000
target steps:       400000
target / d^2:       40
eval every:         50
learning rate:      0.01
teacher seed:       100
student seed:       1
SGD seed:           2
test seed:          11
n_test:             1000
======================================================

Fri Oct  2 15:58:00 2026       
+---------------------------------------------------------------------------------------+
| NVIDIA-SMI 535.154.05             Driver Version: 535.154.05   CUDA Version: 12.2     |
|-----------------------------------------+----------------------+----------------------+
| GPU  Name                 Persistence-M | Bus-Id        Disp.A | Volatile Uncorr. ECC |
| Fan  Temp   Perf          Pwr:Usage/Cap |         Memory-Usage | GPU-Util  Compute M. |
|                                         |                      |               MIG M. |
|=========================================+======================+======================|
|   0  Tesla V100-PCIE-32GB           On  | 00000000:86:00.0 Off |                  Off |
| N/A   35C    P0              25W / 250W |      0MiB / 32768MiB |      0%      Default |
|                                         |                      |                  N/A |
+-----------------------------------------+----------------------+----------------------+
                                                                                         
+---------------------------------------------------------------------------------------+
| Processes:                                                                            |
|  GPU   GI   CI        PID   Type   Process name                            GPU Memory |
|        ID   ID                                                             Usage      |
|=======================================================================================|
|  No running processes found                                                           |
+---------------------------------------------------------------------------------------+
Removing existing run directory: results/quality_pretraining/scaling_d100_T5

Pre-training quality experiment
--------------------------------
run directory : results/quality_pretraining/scaling_d100_T5
device        : cuda
d             : 100
T             : 5
start step    : 0
target step   : 400000
eval every    : 50
checkpoints   : [0, 100, 2500, 5000, 10000, 20000, 30000, 40000, 50000, 60000, 70000, 80000, 90000, 100000, 110000, 120000, 130000, 140000, 150000, 160000, 170000, 180000, 190000, 200000, 210000, 220000, 230000, 240000, 250000, 260000, 270000, 280000, 290000, 300000, 310000, 320000, 330000, 340000, 350000, 360000, 370000, 380000, 390000, 400000]

[checkpoint] step=0 t/d=0.000 t/d²=0.00000 eps_S=9.993138e-01 eps_pre=2.656469e-01 q=1.021874e+02 Q=2.042418e+02 Q*=1.938272e+02 trace_err=2.295704e-01
[checkpoint] step=100 t/d=1.000 t/d²=0.01000 eps_S=9.980332e-01 eps_pre=2.653845e-01 q=1.021982e+02 Q=2.040151e+02 Q*=1.938272e+02 trace_err=2.258758e-01
[checkpoint] step=2,500 t/d=25.000 t/d²=0.25000 eps_S=9.684966e-01 eps_pre=2.594825e-01 q=1.023904e+02 Q=1.986745e+02 Q*=1.938272e+02 trace_err=1.408942e-01
[checkpoint] step=5,000 t/d=50.000 t/d²=0.50000 eps_S=9.391214e-01 eps_pre=2.534687e-01 q=1.026454e+02 Q=1.934908e+02 Q*=1.938272e+02 trace_err=5.557154e-02
[checkpoint] step=10,000 t/d=100.000 t/d²=1.00000 eps_S=8.839046e-01 eps_pre=2.416418e-01 q=1.031735e+02 Q=1.838446e+02 Q*=1.938272e+02 trace_err=1.074613e-01
[checkpoint] step=20,000 t/d=200.000 t/d²=2.00000 eps_S=7.853104e-01 eps_pre=2.191209e-01 q=1.044246e+02 Q=1.672365e+02 Q*=1.938272e+02 trace_err=4.059797e-01
[checkpoint] step=30,000 t/d=300.000 t/d²=3.00000 eps_S=7.004334e-01 eps_pre=1.982071e-01 q=1.058857e+02 Q=1.537072e+02 Q*=1.938272e+02 trace_err=6.679158e-01
[checkpoint] step=40,000 t/d=400.000 t/d²=4.00000 eps_S=6.270875e-01 eps_pre=1.790105e-01 q=1.075946e+02 Q=1.429086e+02 Q*=1.938272e+02 trace_err=8.943230e-01
[checkpoint] step=50,000 t/d=500.000 t/d²=5.00000 eps_S=5.624780e-01 eps_pre=1.612316e-01 q=1.095839e+02 Q=1.343641e+02 Q*=1.938272e+02 trace_err=1.087893e+00
[checkpoint] step=60,000 t/d=600.000 t/d²=6.00000 eps_S=5.067447e-01 eps_pre=1.454842e-01 q=1.117497e+02 Q=1.278932e+02 Q*=1.938272e+02 trace_err=1.244492e+00
[checkpoint] step=70,000 t/d=700.000 t/d²=7.00000 eps_S=4.565788e-01 eps_pre=1.309436e-01 q=1.140479e+02 Q=1.227659e+02 Q*=1.938272e+02 trace_err=1.377854e+00
[checkpoint] step=80,000 t/d=800.000 t/d²=8.00000 eps_S=4.114712e-01 eps_pre=1.175766e-01 q=1.165990e+02 Q=1.191252e+02 Q*=1.938272e+02 trace_err=1.480304e+00
[checkpoint] step=90,000 t/d=900.000 t/d²=9.00000 eps_S=3.719392e-01 eps_pre=1.058349e-01 q=1.191649e+02 Q=1.165945e+02 Q*=1.938272e+02 trace_err=1.560387e+00
[checkpoint] step=100,000 t/d=1000.000 t/d²=10.00000 eps_S=3.366217e-01 eps_pre=9.532272e-02 q=1.218190e+02 Q=1.150572e+02 Q*=1.938272e+02 trace_err=1.616992e+00
[checkpoint] step=110,000 t/d=1100.000 t/d²=11.00000 eps_S=3.047361e-01 eps_pre=8.590168e-02 q=1.245484e+02 Q=1.143358e+02 Q*=1.938272e+02 trace_err=1.655761e+00
[checkpoint] step=120,000 t/d=1200.000 t/d²=12.00000 eps_S=2.758008e-01 eps_pre=7.733600e-02 q=1.273018e+02 Q=1.142340e+02 Q*=1.938272e+02 trace_err=1.680132e+00
[checkpoint] step=130,000 t/d=1300.000 t/d²=13.00000 eps_S=2.498528e-01 eps_pre=6.968884e-02 q=1.300375e+02 Q=1.146760e+02 Q*=1.938272e+02 trace_err=1.691320e+00
[checkpoint] step=140,000 t/d=1400.000 t/d²=14.00000 eps_S=2.264540e-01 eps_pre=6.275361e-02 q=1.327609e+02 Q=1.155876e+02 Q*=1.938272e+02 trace_err=1.691240e+00
[checkpoint] step=150,000 t/d=1500.000 t/d²=15.00000 eps_S=2.053087e-01 eps_pre=5.661055e-02 q=1.354227e+02 Q=1.168125e+02 Q*=1.938272e+02 trace_err=1.681264e+00
[checkpoint] step=160,000 t/d=1600.000 t/d²=16.00000 eps_S=1.862444e-01 eps_pre=5.112497e-02 q=1.380157e+02 Q=1.183034e+02 Q*=1.938272e+02 trace_err=1.663658e+00
[checkpoint] step=170,000 t/d=1700.000 t/d²=17.00000 eps_S=1.690755e-01 eps_pre=4.619259e-02 q=1.405007e+02 Q=1.199457e+02 Q*=1.938272e+02 trace_err=1.640713e+00
[checkpoint] step=180,000 t/d=1800.000 t/d²=18.00000 eps_S=1.535112e-01 eps_pre=4.180947e-02 q=1.429728e+02 Q=1.218731e+02 Q*=1.938272e+02 trace_err=1.609377e+00
[checkpoint] step=190,000 t/d=1900.000 t/d²=19.00000 eps_S=1.397055e-01 eps_pre=3.795828e-02 q=1.452932e+02 Q=1.238380e+02 Q*=1.938272e+02 trace_err=1.576516e+00
[checkpoint] step=200,000 t/d=2000.000 t/d²=20.00000 eps_S=1.271558e-01 eps_pre=3.446617e-02 q=1.475535e+02 Q=1.259260e+02 Q*=1.938272e+02 trace_err=1.539753e+00
[checkpoint] step=210,000 t/d=2100.000 t/d²=21.00000 eps_S=1.159448e-01 eps_pre=3.136583e-02 q=1.496751e+02 Q=1.279963e+02 Q*=1.938272e+02 trace_err=1.501526e+00
[checkpoint] step=220,000 t/d=2200.000 t/d²=22.00000 eps_S=1.057273e-01 eps_pre=2.855855e-02 q=1.517672e+02 Q=1.302001e+02 Q*=1.938272e+02 trace_err=1.459282e+00
[checkpoint] step=230,000 t/d=2300.000 t/d²=23.00000 eps_S=9.663998e-02 eps_pre=2.607175e-02 q=1.537141e+02 Q=1.323325e+02 Q*=1.938272e+02 trace_err=1.418549e+00
[checkpoint] step=240,000 t/d=2400.000 t/d²=24.00000 eps_S=8.834560e-02 eps_pre=2.382614e-02 q=1.556019e+02 Q=1.345004e+02 Q*=1.938272e+02 trace_err=1.374785e+00
[checkpoint] step=250,000 t/d=2500.000 t/d²=25.00000 eps_S=8.088855e-02 eps_pre=2.180273e-02 q=1.573765e+02 Q=1.366043e+02 Q*=1.938272e+02 trace_err=1.332964e+00
[checkpoint] step=260,000 t/d=2600.000 t/d²=26.00000 eps_S=7.415666e-02 eps_pre=1.998567e-02 q=1.590526e+02 Q=1.386516e+02 Q*=1.938272e+02 trace_err=1.290823e+00
[checkpoint] step=270,000 t/d=2700.000 t/d²=27.00000 eps_S=6.811503e-02 eps_pre=1.838198e-02 q=1.606544e+02 Q=1.406841e+02 Q*=1.938272e+02 trace_err=1.248561e+00
[checkpoint] step=280,000 t/d=2800.000 t/d²=28.00000 eps_S=6.256596e-02 eps_pre=1.691921e-02 q=1.621887e+02 Q=1.426772e+02 Q*=1.938272e+02 trace_err=1.207350e+00
[checkpoint] step=290,000 t/d=2900.000 t/d²=29.00000 eps_S=5.761462e-02 eps_pre=1.559367e-02 q=1.636335e+02 Q=1.446071e+02 Q*=1.938272e+02 trace_err=1.166115e+00
[checkpoint] step=300,000 t/d=3000.000 t/d²=30.00000 eps_S=5.311845e-02 eps_pre=1.440053e-02 q=1.649826e+02 Q=1.464338e+02 Q*=1.938272e+02 trace_err=1.126078e+00
[checkpoint] step=310,000 t/d=3100.000 t/d²=31.00000 eps_S=4.911131e-02 eps_pre=1.333108e-02 q=1.662573e+02 Q=1.482065e+02 Q*=1.938272e+02 trace_err=1.087019e+00
[checkpoint] step=320,000 t/d=3200.000 t/d²=32.00000 eps_S=4.541419e-02 eps_pre=1.235608e-02 q=1.674853e+02 Q=1.499460e+02 Q*=1.938272e+02 trace_err=1.048744e+00
[checkpoint] step=330,000 t/d=3300.000 t/d²=33.00000 eps_S=4.204067e-02 eps_pre=1.146829e-02 q=1.686627e+02 Q=1.516468e+02 Q*=1.938272e+02 trace_err=1.010381e+00
[checkpoint] step=340,000 t/d=3400.000 t/d²=34.00000 eps_S=3.893072e-02 eps_pre=1.063971e-02 q=1.697927e+02 Q=1.533040e+02 Q*=1.938272e+02 trace_err=9.732025e-01
[checkpoint] step=350,000 t/d=3500.000 t/d²=35.00000 eps_S=3.610799e-02 eps_pre=9.898052e-03 q=1.708805e+02 Q=1.549325e+02 Q*=1.938272e+02 trace_err=9.367675e-01
[checkpoint] step=360,000 t/d=3600.000 t/d²=36.00000 eps_S=3.359067e-02 eps_pre=9.239281e-03 q=1.718771e+02 Q=1.564378e+02 Q*=1.938272e+02 trace_err=9.022668e-01
[checkpoint] step=370,000 t/d=3700.000 t/d²=37.00000 eps_S=3.129518e-02 eps_pre=8.634522e-03 q=1.728149e+02 Q=1.578685e+02 Q*=1.938272e+02 trace_err=8.695280e-01
[checkpoint] step=380,000 t/d=3800.000 t/d²=38.00000 eps_S=2.919394e-02 eps_pre=8.076291e-03 q=1.736865e+02 Q=1.592043e+02 Q*=1.938272e+02 trace_err=8.380532e-01
[checkpoint] step=390,000 t/d=3900.000 t/d²=39.00000 eps_S=2.726973e-02 eps_pre=7.563928e-03 q=1.745273e+02 Q=1.605130e+02 Q*=1.938272e+02 trace_err=8.073731e-01
[checkpoint] step=400,000 t/d=4000.000 t/d²=40.00000 eps_S=2.548949e-02 eps_pre=7.085402e-03 q=1.753251e+02 Q=1.617636e+02 Q*=1.938272e+02 trace_err=7.772483e-01

Finished at step 400,000.
Metrics: results/quality_pretraining/scaling_d100_T5/metrics.csv

======================================================
Finished scaling_d100_T5
End time: ven 02 oct 2026 16:07:00 CEST
======================================================
