============================================
Pre-training quality
============================================
Job ID:        3193403
Host:          i55
Start time:    sam 26 sep 2026 16:29:53 CEST

Run name:      d200_T5_k1.0_ks1.0_seed0
Mode:          resume
Target steps:  250000

d:             200
T:             5
kappa:         1.0
kappa_star:    1.0
learning rate: 0.001
n_test:        1000

Sat Sep 26 16:29:53 2026       
+---------------------------------------------------------------------------------------+
| NVIDIA-SMI 535.154.05             Driver Version: 535.154.05   CUDA Version: 12.2     |
|-----------------------------------------+----------------------+----------------------+
| GPU  Name                 Persistence-M | Bus-Id        Disp.A | Volatile Uncorr. ECC |
| Fan  Temp   Perf          Pwr:Usage/Cap |         Memory-Usage | GPU-Util  Compute M. |
|                                         |                      |               MIG M. |
|=========================================+======================+======================|
|   0  Tesla V100-PCIE-32GB           On  | 00000000:86:00.0 Off |                  Off |
| N/A   31C    P0              23W / 250W |      0MiB / 32768MiB |      0%      Default |
|                                         |                      |                  N/A |
+-----------------------------------------+----------------------+----------------------+
                                                                                         
+---------------------------------------------------------------------------------------+
| Processes:                                                                            |
|  GPU   GI   CI        PID   Type   Process name                            GPU Memory |
|        ID   ID                                                             Usage      |
|=======================================================================================|
|  No running processes found                                                           |
+---------------------------------------------------------------------------------------+

Resuming existing pre-training trajectory.

Pre-training quality experiment
--------------------------------
run directory : results/quality_pretraining/d200_T5_k1.0_ks1.0_seed0
device        : cuda
d             : 200
T             : 5
start step    : 20000
target step   : 250000
eval every    : 100
checkpoints   : [20000, 40000, 80000, 200000, 250000]

[checkpoint] step=40,000 t/d²=1.000 eps_S=9.940919e-01 eps_pre=2.718446e-01
[checkpoint] step=80,000 t/d²=2.000 eps_S=9.820821e-01 eps_pre=2.693238e-01
[checkpoint] step=200,000 t/d²=5.000 eps_S=9.472619e-01 eps_pre=2.618630e-01
[checkpoint] step=250,000 t/d²=6.250 eps_S=9.332536e-01 eps_pre=2.588029e-01

Finished at step 250,000.
Metrics: results/quality_pretraining/d200_T5_k1.0_ks1.0_seed0/metrics.csv

============================================
Finished
============================================
End time: sam 26 sep 2026 16:35:13 CEST
