============================================
Pre-training quality
============================================
Job ID:        3192890
Host:          i46
Start time:    sam 26 sep 2026 15:58:07 CEST

Run name:      d200_T5_k1_ks1_seed0
Mode:          resume
Target steps:  120000

d:             200
T:             5
kappa:         1.0
kappa_star:    1.0
learning rate: 0.001
n_test:        1000

Sat Sep 26 15:58:07 2026       
+---------------------------------------------------------------------------------------+
| NVIDIA-SMI 535.154.05             Driver Version: 535.154.05   CUDA Version: 12.2     |
|-----------------------------------------+----------------------+----------------------+
| GPU  Name                 Persistence-M | Bus-Id        Disp.A | Volatile Uncorr. ECC |
| Fan  Temp   Perf          Pwr:Usage/Cap |         Memory-Usage | GPU-Util  Compute M. |
|                                         |                      |               MIG M. |
|=========================================+======================+======================|
|   0  Tesla V100-PCIE-32GB           On  | 00000000:D8:00.0 Off |                  Off |
| N/A   33C    P0              24W / 250W |      0MiB / 32768MiB |      0%      Default |
|                                         |                      |                  N/A |
+-----------------------------------------+----------------------+----------------------+
                                                                                         
+---------------------------------------------------------------------------------------+
| Processes:                                                                            |
|  GPU   GI   CI        PID   Type   Process name                            GPU Memory |
|        ID   ID                                                             Usage      |
|=======================================================================================|
|  No running processes found                                                           |
+---------------------------------------------------------------------------------------+

Resuming existing pre-training trajectory.

Pre-training quality experiment
--------------------------------
run directory : results/quality_pretraining/d200_T5_k1_ks1_seed0
device        : cuda
d             : 200
T             : 5
start step    : 80000
target step   : 120000
eval every    : 100
checkpoints   : [80000, 120000]

[checkpoint] step=120,000 t/d²=3.000 eps_S=9.989357e-01 eps_pre=2.728523e-01

Finished at step 120,000.
Metrics: results/quality_pretraining/d200_T5_k1_ks1_seed0/metrics.csv

============================================
Finished
============================================
End time: sam 26 sep 2026 15:59:07 CEST
