======================================================
Pre-training scaling experiment
======================================================
SLURM job ID:       3200735
SLURM array task:   1
Host:               i31

Run name:           scaling_d200_T5
d:                  200
d^2:                40000
target steps:       1600000
target / d^2:       40
eval every:         100
learning rate:      0.01
teacher seed:       200
student seed:       1
SGD seed:           2
test seed:          11
n_test:             1000
======================================================

Fri Oct  2 15:56:55 2026       
+---------------------------------------------------------------------------------------+
| NVIDIA-SMI 535.154.05             Driver Version: 535.154.05   CUDA Version: 12.2     |
|-----------------------------------------+----------------------+----------------------+
| GPU  Name                 Persistence-M | Bus-Id        Disp.A | Volatile Uncorr. ECC |
| Fan  Temp   Perf          Pwr:Usage/Cap |         Memory-Usage | GPU-Util  Compute M. |
|                                         |                      |               MIG M. |
|=========================================+======================+======================|
|   0  Tesla V100-PCIE-32GB           On  | 00000000:D8:00.0 Off |                  Off |
| N/A   29C    P0              22W / 250W |      0MiB / 32768MiB |      0%      Default |
|                                         |                      |                  N/A |
+-----------------------------------------+----------------------+----------------------+
                                                                                         
+---------------------------------------------------------------------------------------+
| Processes:                                                                            |
|  GPU   GI   CI        PID   Type   Process name                            GPU Memory |
|        ID   ID                                                             Usage      |
|=======================================================================================|
|  No running processes found                                                           |
+---------------------------------------------------------------------------------------+
Removing existing run directory: results/quality_pretraining/scaling_d200_T5

Pre-training quality experiment
--------------------------------
run directory : results/quality_pretraining/scaling_d200_T5
device        : cuda
d             : 200
T             : 5
start step    : 0
target step   : 1600000
eval every    : 100
checkpoints   : [0, 200, 10000, 20000, 40000, 80000, 120000, 160000, 200000, 240000, 280000, 320000, 360000, 400000, 440000, 480000, 520000, 560000, 600000, 640000, 680000, 720000, 760000, 800000, 840000, 880000, 920000, 960000, 1000000, 1040000, 1080000, 1120000, 1160000, 1200000, 1240000, 1280000, 1320000, 1360000, 1400000, 1440000, 1480000, 1520000, 1560000, 1600000]

