
======================================================
Resume pre-training
======================================================
Run directory:       results/quality_pretraining/scaling_d500_T5
Results root:        results/quality_pretraining
Run name:            scaling_d500_T5

d:                   500
d^2:                 250000

Latest checkpoint:   2500000
Additional d^2:      15
Additional steps:    3750000
New target:          6250000

Start t/d^2:         10.0
Target t/d^2:        25.0
======================================================

Tue Sep 29 11:49:32 2026       
+---------------------------------------------------------------------------------------+
| NVIDIA-SMI 535.154.05             Driver Version: 535.154.05   CUDA Version: 12.2     |
|-----------------------------------------+----------------------+----------------------+
| GPU  Name                 Persistence-M | Bus-Id        Disp.A | Volatile Uncorr. ECC |
| Fan  Temp   Perf          Pwr:Usage/Cap |         Memory-Usage | GPU-Util  Compute M. |
|                                         |                      |               MIG M. |
|=========================================+======================+======================|
|   0  Tesla V100-PCIE-32GB           On  | 00000000:86:00.0 Off |                  Off |
| N/A   37C    P0              24W / 250W |      0MiB / 32768MiB |      0%      Default |
|                                         |                      |                  N/A |
+-----------------------------------------+----------------------+----------------------+
                                                                                         
+---------------------------------------------------------------------------------------+
| Processes:                                                                            |
|  GPU   GI   CI        PID   Type   Process name                            GPU Memory |
|        ID   ID                                                             Usage      |
|=======================================================================================|
|  No running processes found                                                           |
+---------------------------------------------------------------------------------------+

Pre-training quality experiment
--------------------------------
run directory : results/quality_pretraining/scaling_d500_T5
device        : cuda
d             : 500
T             : 5
start step    : 2500000
target step   : 6250000
eval every    : 250
checkpoints   : [2500000, 6250000]

[checkpoint] step=6,250,000 t/d²=25.000 eps_S=8.233406e-02 eps_pre=2.230110e-02

Finished at step 6,250,000.
Metrics: results/quality_pretraining/scaling_d500_T5/metrics.csv

======================================================
Finished
Run: scaling_d500_T5
Reached step: 6250000
======================================================
