
======================================================
Resume pre-training
======================================================
Run directory:       results/quality_pretraining/scaling_d100_T5
Results root:        results/quality_pretraining
Run name:            scaling_d100_T5

d:                   100
d^2:                 10000

Latest checkpoint:   250000
Additional d^2:      20
Additional steps:    200000
New target:          450000

Start t/d^2:         25.0
Target t/d^2:        45.0
======================================================

Tue Sep 29 12:08:04 2026       
+---------------------------------------------------------------------------------------+
| NVIDIA-SMI 535.154.05             Driver Version: 535.154.05   CUDA Version: 12.2     |
|-----------------------------------------+----------------------+----------------------+
| GPU  Name                 Persistence-M | Bus-Id        Disp.A | Volatile Uncorr. ECC |
| Fan  Temp   Perf          Pwr:Usage/Cap |         Memory-Usage | GPU-Util  Compute M. |
|                                         |                      |               MIG M. |
|=========================================+======================+======================|
|   0  Tesla V100-PCIE-32GB           On  | 00000000:D8:00.0 Off |                  Off |
| N/A   30C    P0              25W / 250W |      0MiB / 32768MiB |      0%      Default |
|                                         |                      |                  N/A |
+-----------------------------------------+----------------------+----------------------+
                                                                                         
+---------------------------------------------------------------------------------------+
| Processes:                                                                            |
|  GPU   GI   CI        PID   Type   Process name                            GPU Memory |
|        ID   ID                                                             Usage      |
|=======================================================================================|
|  No running processes found                                                           |
+---------------------------------------------------------------------------------------+

Pre-training quality experiment
--------------------------------
run directory : results/quality_pretraining/scaling_d100_T5
device        : cuda
d             : 100
T             : 5
start step    : 250000
target step   : 450000
eval every    : 50
checkpoints   : [450000]

[checkpoint] step=450,000 t/d²=45.000 eps_S=1.847087e-02 eps_pre=5.238042e-03

Finished at step 450,000.
Metrics: results/quality_pretraining/scaling_d100_T5/metrics.csv

======================================================
Finished
Run: scaling_d100_T5
Reached step: 450000
======================================================
