
======================================================
Resume pre-training
======================================================
Run directory:       results/quality_pretraining/scaling_d100_T5
Results root:        results/quality_pretraining
Run name:            scaling_d100_T5

d:                   100
d^2:                 10000

Latest checkpoint:   200000
Additional d^2:      5
Additional steps:    50000
New target:          250000

Start t/d^2:         20.0
Target t/d^2:        25.0
======================================================

Tue Sep 29 11:40:23 2026       
+---------------------------------------------------------------------------------------+
| NVIDIA-SMI 535.154.05             Driver Version: 535.154.05   CUDA Version: 12.2     |
|-----------------------------------------+----------------------+----------------------+
| GPU  Name                 Persistence-M | Bus-Id        Disp.A | Volatile Uncorr. ECC |
| Fan  Temp   Perf          Pwr:Usage/Cap |         Memory-Usage | GPU-Util  Compute M. |
|                                         |                      |               MIG M. |
|=========================================+======================+======================|
|   0  Tesla V100-PCIE-32GB           On  | 00000000:D8:00.0 Off |                  Off |
| N/A   29C    P0              23W / 250W |      0MiB / 32768MiB |      0%      Default |
|                                         |                      |                  N/A |
+-----------------------------------------+----------------------+----------------------+
                                                                                         
+---------------------------------------------------------------------------------------+
| Processes:                                                                            |
|  GPU   GI   CI        PID   Type   Process name                            GPU Memory |
|        ID   ID                                                             Usage      |
|=======================================================================================|
|  No running processes found                                                           |
+---------------------------------------------------------------------------------------+

Pre-training quality experiment
--------------------------------
run directory : results/quality_pretraining/scaling_d100_T5
device        : cuda
d             : 100
T             : 5
start step    : 200000
target step   : 250000
eval every    : 50
checkpoints   : [250000]

[checkpoint] step=250,000 t/d²=25.000 eps_S=8.088855e-02 eps_pre=2.180273e-02

Finished at step 250,000.
Metrics: results/quality_pretraining/scaling_d100_T5/metrics.csv

======================================================
Finished
Run: scaling_d100_T5
Reached step: 250000
======================================================
