
======================================================
Resume pre-training
======================================================
Run directory:       results/quality_pretraining/scaling_d100_T5
Results root:        results/quality_pretraining
Run name:            scaling_d100_T5

d:                   100
d^2:                 10000

Latest checkpoint:   150000
Additional d^2:      5
Additional steps:    50000
New target:          200000

Start t/d^2:         15.0
Target t/d^2:        20.0
======================================================

Tue Sep 29 11:31:17 2026       
+---------------------------------------------------------------------------------------+
| NVIDIA-SMI 535.154.05             Driver Version: 535.154.05   CUDA Version: 12.2     |
|-----------------------------------------+----------------------+----------------------+
| GPU  Name                 Persistence-M | Bus-Id        Disp.A | Volatile Uncorr. ECC |
| Fan  Temp   Perf          Pwr:Usage/Cap |         Memory-Usage | GPU-Util  Compute M. |
|                                         |                      |               MIG M. |
|=========================================+======================+======================|
|   0  Tesla V100-PCIE-32GB           On  | 00000000:86:00.0 Off |                  Off |
| N/A   37C    P0              24W / 250W |      0MiB / 32768MiB |      0%      Default |
|                                         |                      |                  N/A |
+-----------------------------------------+----------------------+----------------------+
                                                                                         
+---------------------------------------------------------------------------------------+
| Processes:                                                                            |
|  GPU   GI   CI        PID   Type   Process name                            GPU Memory |
|        ID   ID                                                             Usage      |
|=======================================================================================|
|  No running processes found                                                           |
+---------------------------------------------------------------------------------------+

Pre-training quality experiment
--------------------------------
run directory : results/quality_pretraining/scaling_d100_T5
device        : cuda
d             : 100
T             : 5
start step    : 150000
target step   : 200000
eval every    : 50
checkpoints   : [200000]

[checkpoint] step=200,000 t/d²=20.000 eps_S=1.271558e-01 eps_pre=3.446617e-02

Finished at step 200,000.
Metrics: results/quality_pretraining/scaling_d100_T5/metrics.csv

======================================================
Finished
Run: scaling_d100_T5
Reached step: 200000
======================================================
