
======================================================
Task-1 fine-tuning
======================================================
Pretraining run:   results/quality_pretraining/scaling_d200_T5
Pretraining step:  0
Target FT steps:   20000
Learning rate:     0.01
w init scale:      1.0
======================================================

Mon Oct  5 11:05:33 2026       
+---------------------------------------------------------------------------------------+
| NVIDIA-SMI 535.154.05             Driver Version: 535.154.05   CUDA Version: 12.2     |
|-----------------------------------------+----------------------+----------------------+
| GPU  Name                 Persistence-M | Bus-Id        Disp.A | Volatile Uncorr. ECC |
| Fan  Temp   Perf          Pwr:Usage/Cap |         Memory-Usage | GPU-Util  Compute M. |
|                                         |                      |               MIG M. |
|=========================================+======================+======================|
|   0  Tesla V100-PCIE-32GB           On  | 00000000:86:00.0 Off |                  Off |
| N/A   30C    P0              24W / 250W |      0MiB / 32768MiB |      0%      Default |
|                                         |                      |                  N/A |
+-----------------------------------------+----------------------+----------------------+
                                                                                         
+---------------------------------------------------------------------------------------+
| Processes:                                                                            |
|  GPU   GI   CI        PID   Type   Process name                            GPU Memory |
|        ID   ID                                                             Usage      |
|=======================================================================================|
|  No running processes found                                                           |
+---------------------------------------------------------------------------------------+

==============================================
Task-1 fine-tuning
==============================================
source pretrain : /home/busato/catastrophic_forgetting/quality_pretraining/results/quality_pretraining/scaling_d200_T5
pretrain step   : 0
pretrain t/d²   : 0.000000
d               : 200
T               : 5
device          : cuda
lr              : 0.01
w init scale    : 1.0
target steps    : 20,000
target t/d      : 100.000
eval every late : 100
checkpoints     : [100, 200, 400, 1000, 2000, 4000, 10000, 20000]
run directory   : results/quality_pretraining/finetunetask1_d200_T5/prestep_0_lr0p01_init1_wseed21_sgdseed22

[step 0] task1=3.938921e-01 | |m1|=0.021733 | m1²=0.000472 | ||w||²/d=0.991599 | eps_adapter=1.924015e+00
[step       10] t/d=  0.050 | task1=3.938169e-01 | |m1|=0.021900 | m1²=0.000480 | ||w||²/d=0.990762 | eps_adapter=1.922442e+00 | residual_overlap=-0.006138
[step       20] t/d=  0.100 | task1=3.937508e-01 | |m1|=0.022028 | m1²=0.000485 | ||w||²/d=0.989940 | eps_adapter=1.920900e+00 | residual_overlap=-0.006122
[step       30] t/d=  0.150 | task1=3.936340e-01 | |m1|=0.022274 | m1²=0.000496 | ||w||²/d=0.988663 | eps_adapter=1.918504e+00 | residual_overlap=-0.006110
[step       40] t/d=  0.200 | task1=3.935923e-01 | |m1|=0.022354 | m1²=0.000500 | ||w||²/d=0.987972 | eps_adapter=1.917212e+00 | residual_overlap=-0.006120
[step       50] t/d=  0.250 | task1=3.935365e-01 | |m1|=0.022331 | m1²=0.000499 | ||w||²/d=0.987371 | eps_adapter=1.916099e+00 | residual_overlap=-0.006152
[step       60] t/d=  0.300 | task1=3.934620e-01 | |m1|=0.022212 | m1²=0.000493 | ||w||²/d=0.986092 | eps_adapter=1.913735e+00 | residual_overlap=-0.006145
[step       70] t/d=  0.350 | task1=3.934175e-01 | |m1|=0.022305 | m1²=0.000497 | ||w||²/d=0.985459 | eps_adapter=1.912554e+00 | residual_overlap=-0.006144
[step       80] t/d=  0.400 | task1=3.933504e-01 | |m1|=0.022182 | m1²=0.000492 | ||w||²/d=0.984373 | eps_adapter=1.910553e+00 | residual_overlap=-0.006151
[step       90] t/d=  0.450 | task1=3.932559e-01 | |m1|=0.022103 | m1²=0.000489 | ||w||²/d=0.983423 | eps_adapter=1.908803e+00 | residual_overlap=-0.006130
[step      100] t/d=  0.500 | task1=3.931691e-01 | |m1|=0.021873 | m1²=0.000478 | ||w||²/d=0.982565 | eps_adapter=1.907236e+00 | residual_overlap=-0.006134
Saved checkpoint: results/quality_pretraining/finetunetask1_d200_T5/prestep_0_lr0p01_init1_wseed21_sgdseed22/checkpoints/step_000000100
[step      110] t/d=  0.550 | task1=3.931557e-01 | |m1|=0.021779 | m1²=0.000474 | ||w||²/d=0.982266 | eps_adapter=1.906691e+00 | residual_overlap=-0.006145
[step      120] t/d=  0.600 | task1=3.930191e-01 | |m1|=0.021451 | m1²=0.000460 | ||w||²/d=0.981086 | eps_adapter=1.904541e+00 | residual_overlap=-0.006140
[step      130] t/d=  0.650 | task1=3.929568e-01 | |m1|=0.021549 | m1²=0.000464 | ||w||²/d=0.980469 | eps_adapter=1.903395e+00 | residual_overlap=-0.006139
[step      140] t/d=  0.700 | task1=3.929109e-01 | |m1|=0.021598 | m1²=0.000466 | ||w||²/d=0.980027 | eps_adapter=1.902576e+00 | residual_overlap=-0.006128
[step      150] t/d=  0.750 | task1=3.928397e-01 | |m1|=0.021477 | m1²=0.000461 | ||w||²/d=0.979135 | eps_adapter=1.900942e+00 | residual_overlap=-0.006134
[step      160] t/d=  0.800 | task1=3.927920e-01 | |m1|=0.021466 | m1²=0.000461 | ||w||²/d=0.978432 | eps_adapter=1.899649e+00 | residual_overlap=-0.006163
[step      170] t/d=  0.850 | task1=3.927692e-01 | |m1|=0.021628 | m1²=0.000468 | ||w||²/d=0.977829 | eps_adapter=1.898528e+00 | residual_overlap=-0.006171
[step      180] t/d=  0.900 | task1=3.927550e-01 | |m1|=0.021368 | m1²=0.000457 | ||w||²/d=0.977453 | eps_adapter=1.897856e+00 | residual_overlap=-0.006178
[step      190] t/d=  0.950 | task1=3.926653e-01 | |m1|=0.021387 | m1²=0.000457 | ||w||²/d=0.976401 | eps_adapter=1.895923e+00 | residual_overlap=-0.006170
[step      200] t/d=  1.000 | task1=3.925741e-01 | |m1|=0.021341 | m1²=0.000455 | ||w||²/d=0.975315 | eps_adapter=1.893934e+00 | residual_overlap=-0.006179
Saved checkpoint: results/quality_pretraining/finetunetask1_d200_T5/prestep_0_lr0p01_init1_wseed21_sgdseed22/checkpoints/step_000000200
[step      210] t/d=  1.050 | task1=3.925652e-01 | |m1|=0.021374 | m1²=0.000457 | ||w||²/d=0.974961 | eps_adapter=1.893282e+00 | residual_overlap=-0.006153
[step      220] t/d=  1.100 | task1=3.924992e-01 | |m1|=0.021372 | m1²=0.000457 | ||w||²/d=0.974089 | eps_adapter=1.891684e+00 | residual_overlap=-0.006184
[step      230] t/d=  1.150 | task1=3.923314e-01 | |m1|=0.021443 | m1²=0.000460 | ||w||²/d=0.972370 | eps_adapter=1.888534e+00 | residual_overlap=-0.006153
[step      240] t/d=  1.200 | task1=3.922565e-01 | |m1|=0.021595 | m1²=0.000466 | ||w||²/d=0.971387 | eps_adapter=1.886723e+00 | residual_overlap=-0.006136
[step      250] t/d=  1.250 | task1=3.921862e-01 | |m1|=0.021604 | m1²=0.000467 | ||w||²/d=0.970644 | eps_adapter=1.885366e+00 | residual_overlap=-0.006133
[step      260] t/d=  1.300 | task1=3.921269e-01 | |m1|=0.021713 | m1²=0.000471 | ||w||²/d=0.969769 | eps_adapter=1.883762e+00 | residual_overlap=-0.006145
[step      270] t/d=  1.350 | task1=3.921086e-01 | |m1|=0.021727 | m1²=0.000472 | ||w||²/d=0.969397 | eps_adapter=1.883082e+00 | residual_overlap=-0.006109
[step      280] t/d=  1.400 | task1=3.920062e-01 | |m1|=0.021679 | m1²=0.000470 | ||w||²/d=0.968399 | eps_adapter=1.881268e+00 | residual_overlap=-0.006117
[step      290] t/d=  1.450 | task1=3.919672e-01 | |m1|=0.021873 | m1²=0.000478 | ||w||²/d=0.967759 | eps_adapter=1.880086e+00 | residual_overlap=-0.006127
[step      300] t/d=  1.500 | task1=3.919217e-01 | |m1|=0.021996 | m1²=0.000484 | ||w||²/d=0.967167 | eps_adapter=1.878999e+00 | residual_overlap=-0.006131
[step      310] t/d=  1.550 | task1=3.918634e-01 | |m1|=0.022360 | m1²=0.000500 | ||w||²/d=0.966613 | eps_adapter=1.877963e+00 | residual_overlap=-0.006125
[step      320] t/d=  1.600 | task1=3.917609e-01 | |m1|=0.022072 | m1²=0.000487 | ||w||²/d=0.965301 | eps_adapter=1.875603e+00 | residual_overlap=-0.006136
[step      330] t/d=  1.650 | task1=3.916939e-01 | |m1|=0.021909 | m1²=0.000480 | ||w||²/d=0.964436 | eps_adapter=1.874048e+00 | residual_overlap=-0.006123
[step      340] t/d=  1.700 | task1=3.916075e-01 | |m1|=0.022022 | m1²=0.000485 | ||w||²/d=0.963468 | eps_adapter=1.872283e+00 | residual_overlap=-0.006165
[step      350] t/d=  1.750 | task1=3.915905e-01 | |m1|=0.021995 | m1²=0.000484 | ||w||²/d=0.963065 | eps_adapter=1.871556e+00 | residual_overlap=-0.006155
[step      360] t/d=  1.800 | task1=3.914976e-01 | |m1|=0.021876 | m1²=0.000479 | ||w||²/d=0.962099 | eps_adapter=1.869817e+00 | residual_overlap=-0.006105
[step      370] t/d=  1.850 | task1=3.913724e-01 | |m1|=0.021886 | m1²=0.000479 | ||w||²/d=0.960790 | eps_adapter=1.867450e+00 | residual_overlap=-0.006121
[step      380] t/d=  1.900 | task1=3.912897e-01 | |m1|=0.021961 | m1²=0.000482 | ||w||²/d=0.959766 | eps_adapter=1.865594e+00 | residual_overlap=-0.006118
[step      390] t/d=  1.950 | task1=3.912065e-01 | |m1|=0.021935 | m1²=0.000481 | ||w||²/d=0.958844 | eps_adapter=1.863934e+00 | residual_overlap=-0.006140
[step      400] t/d=  2.000 | task1=3.911552e-01 | |m1|=0.021889 | m1²=0.000479 | ||w||²/d=0.958301 | eps_adapter=1.862958e+00 | residual_overlap=-0.006116
Saved checkpoint: results/quality_pretraining/finetunetask1_d200_T5/prestep_0_lr0p01_init1_wseed21_sgdseed22/checkpoints/step_000000400
[step      410] t/d=  2.050 | task1=3.911373e-01 | |m1|=0.021622 | m1²=0.000468 | ||w||²/d=0.958022 | eps_adapter=1.862477e+00 | residual_overlap=-0.006101
[step      420] t/d=  2.100 | task1=3.910599e-01 | |m1|=0.021912 | m1²=0.000480 | ||w||²/d=0.956639 | eps_adapter=1.859963e+00 | residual_overlap=-0.006090
[step      430] t/d=  2.150 | task1=3.910061e-01 | |m1|=0.021846 | m1²=0.000477 | ||w||²/d=0.956134 | eps_adapter=1.859061e+00 | residual_overlap=-0.006099
[step      440] t/d=  2.200 | task1=3.909158e-01 | |m1|=0.021831 | m1²=0.000477 | ||w||²/d=0.954969 | eps_adapter=1.856970e+00 | residual_overlap=-0.006134
[step      450] t/d=  2.250 | task1=3.908257e-01 | |m1|=0.022139 | m1²=0.000490 | ||w||²/d=0.953922 | eps_adapter=1.855066e+00 | residual_overlap=-0.006125
[step      460] t/d=  2.300 | task1=3.908025e-01 | |m1|=0.022106 | m1²=0.000489 | ||w||²/d=0.953611 | eps_adapter=1.854511e+00 | residual_overlap=-0.006101
[step      470] t/d=  2.350 | task1=3.907178e-01 | |m1|=0.021945 | m1²=0.000482 | ||w||²/d=0.952686 | eps_adapter=1.852865e+00 | residual_overlap=-0.006110
[step      480] t/d=  2.400 | task1=3.906896e-01 | |m1|=0.021949 | m1²=0.000482 | ||w||²/d=0.952298 | eps_adapter=1.852171e+00 | residual_overlap=-0.006103
[step      490] t/d=  2.450 | task1=3.906236e-01 | |m1|=0.021938 | m1²=0.000481 | ||w||²/d=0.951605 | eps_adapter=1.850930e+00 | residual_overlap=-0.006055
[step      500] t/d=  2.500 | task1=3.905205e-01 | |m1|=0.021887 | m1²=0.000479 | ||w||²/d=0.950450 | eps_adapter=1.848870e+00 | residual_overlap=-0.006024
[step      510] t/d=  2.550 | task1=3.904385e-01 | |m1|=0.021933 | m1²=0.000481 | ||w||²/d=0.949710 | eps_adapter=1.847543e+00 | residual_overlap=-0.005992
[step      520] t/d=  2.600 | task1=3.903359e-01 | |m1|=0.021929 | m1²=0.000481 | ||w||²/d=0.948399 | eps_adapter=1.845205e+00 | residual_overlap=-0.006023
[step      530] t/d=  2.650 | task1=3.903038e-01 | |m1|=0.022127 | m1²=0.000490 | ||w||²/d=0.948024 | eps_adapter=1.844520e+00 | residual_overlap=-0.006029
[step      540] t/d=  2.700 | task1=3.902479e-01 | |m1|=0.021757 | m1²=0.000473 | ||w||²/d=0.947450 | eps_adapter=1.843528e+00 | residual_overlap=-0.006005
[step      550] t/d=  2.750 | task1=3.902184e-01 | |m1|=0.021845 | m1²=0.000477 | ||w||²/d=0.946979 | eps_adapter=1.842681e+00 | residual_overlap=-0.006016
[step      560] t/d=  2.800 | task1=3.901745e-01 | |m1|=0.021888 | m1²=0.000479 | ||w||²/d=0.946479 | eps_adapter=1.841788e+00 | residual_overlap=-0.006014
[step      570] t/d=  2.850 | task1=3.900755e-01 | |m1|=0.022050 | m1²=0.000486 | ||w||²/d=0.945338 | eps_adapter=1.839745e+00 | residual_overlap=-0.005996
[step      580] t/d=  2.900 | task1=3.900570e-01 | |m1|=0.022216 | m1²=0.000494 | ||w||²/d=0.945247 | eps_adapter=1.839570e+00 | residual_overlap=-0.005998
[step      590] t/d=  2.950 | task1=3.899673e-01 | |m1|=0.022008 | m1²=0.000484 | ||w||²/d=0.944112 | eps_adapter=1.837570e+00 | residual_overlap=-0.005984
[step      600] t/d=  3.000 | task1=3.899089e-01 | |m1|=0.021894 | m1²=0.000479 | ||w||²/d=0.943564 | eps_adapter=1.836607e+00 | residual_overlap=-0.005998
[step      610] t/d=  3.050 | task1=3.898099e-01 | |m1|=0.021852 | m1²=0.000478 | ||w||²/d=0.942484 | eps_adapter=1.834695e+00 | residual_overlap=-0.005974
[step      620] t/d=  3.100 | task1=3.897402e-01 | |m1|=0.021786 | m1²=0.000475 | ||w||²/d=0.941570 | eps_adapter=1.833081e+00 | residual_overlap=-0.005962
[step      630] t/d=  3.150 | task1=3.896940e-01 | |m1|=0.021654 | m1²=0.000469 | ||w||²/d=0.940836 | eps_adapter=1.831792e+00 | residual_overlap=-0.005955
[step      640] t/d=  3.200 | task1=3.896261e-01 | |m1|=0.021764 | m1²=0.000474 | ||w||²/d=0.940158 | eps_adapter=1.830585e+00 | residual_overlap=-0.005948
[step      650] t/d=  3.250 | task1=3.895541e-01 | |m1|=0.021855 | m1²=0.000478 | ||w||²/d=0.939338 | eps_adapter=1.829129e+00 | residual_overlap=-0.005942
[step      660] t/d=  3.300 | task1=3.894787e-01 | |m1|=0.021876 | m1²=0.000479 | ||w||²/d=0.938403 | eps_adapter=1.827477e+00 | residual_overlap=-0.005919
[step      670] t/d=  3.350 | task1=3.894106e-01 | |m1|=0.021770 | m1²=0.000474 | ||w||²/d=0.937639 | eps_adapter=1.826138e+00 | residual_overlap=-0.005922
[step      680] t/d=  3.400 | task1=3.893684e-01 | |m1|=0.021709 | m1²=0.000471 | ||w||²/d=0.937175 | eps_adapter=1.825325e+00 | residual_overlap=-0.005893
[step      690] t/d=  3.450 | task1=3.893209e-01 | |m1|=0.021770 | m1²=0.000474 | ||w||²/d=0.936772 | eps_adapter=1.824610e+00 | residual_overlap=-0.005886
[step      700] t/d=  3.500 | task1=3.892642e-01 | |m1|=0.021676 | m1²=0.000470 | ||w||²/d=0.936068 | eps_adapter=1.823377e+00 | residual_overlap=-0.005854
[step      710] t/d=  3.550 | task1=3.891841e-01 | |m1|=0.021712 | m1²=0.000471 | ||w||²/d=0.934834 | eps_adapter=1.821204e+00 | residual_overlap=-0.005840
[step      720] t/d=  3.600 | task1=3.891644e-01 | |m1|=0.021657 | m1²=0.000469 | ||w||²/d=0.934557 | eps_adapter=1.820722e+00 | residual_overlap=-0.005905
[step      730] t/d=  3.650 | task1=3.890848e-01 | |m1|=0.021566 | m1²=0.000465 | ||w||²/d=0.933782 | eps_adapter=1.819368e+00 | residual_overlap=-0.005884
[step      740] t/d=  3.700 | task1=3.890578e-01 | |m1|=0.021352 | m1²=0.000456 | ||w||²/d=0.933541 | eps_adapter=1.818961e+00 | residual_overlap=-0.005853
[step      750] t/d=  3.750 | task1=3.889931e-01 | |m1|=0.021442 | m1²=0.000460 | ||w||²/d=0.932814 | eps_adapter=1.817678e+00 | residual_overlap=-0.005853
[step      760] t/d=  3.800 | task1=3.889310e-01 | |m1|=0.021616 | m1²=0.000467 | ||w||²/d=0.932124 | eps_adapter=1.816454e+00 | residual_overlap=-0.005848
[step      770] t/d=  3.850 | task1=3.888338e-01 | |m1|=0.021683 | m1²=0.000470 | ||w||²/d=0.931346 | eps_adapter=1.815086e+00 | residual_overlap=-0.005870
[step      780] t/d=  3.900 | task1=3.887111e-01 | |m1|=0.021750 | m1²=0.000473 | ||w||²/d=0.930375 | eps_adapter=1.813382e+00 | residual_overlap=-0.005851
[step      790] t/d=  3.950 | task1=3.886375e-01 | |m1|=0.021720 | m1²=0.000472 | ||w||²/d=0.929438 | eps_adapter=1.811745e+00 | residual_overlap=-0.005849
[step      800] t/d=  4.000 | task1=3.885890e-01 | |m1|=0.021779 | m1²=0.000474 | ||w||²/d=0.928492 | eps_adapter=1.810089e+00 | residual_overlap=-0.005863
[step      810] t/d=  4.050 | task1=3.884708e-01 | |m1|=0.021953 | m1²=0.000482 | ||w||²/d=0.927065 | eps_adapter=1.807586e+00 | residual_overlap=-0.005877
[step      820] t/d=  4.100 | task1=3.883710e-01 | |m1|=0.021780 | m1²=0.000474 | ||w||²/d=0.926160 | eps_adapter=1.806022e+00 | residual_overlap=-0.005859
[step      830] t/d=  4.150 | task1=3.883672e-01 | |m1|=0.021810 | m1²=0.000476 | ||w||²/d=0.925992 | eps_adapter=1.805728e+00 | residual_overlap=-0.005867
[step      840] t/d=  4.200 | task1=3.883011e-01 | |m1|=0.021928 | m1²=0.000481 | ||w||²/d=0.925192 | eps_adapter=1.804325e+00 | residual_overlap=-0.005897
[step      850] t/d=  4.250 | task1=3.882125e-01 | |m1|=0.022166 | m1²=0.000491 | ||w||²/d=0.924062 | eps_adapter=1.802342e+00 | residual_overlap=-0.005882
[step      860] t/d=  4.300 | task1=3.881495e-01 | |m1|=0.021887 | m1²=0.000479 | ||w||²/d=0.923305 | eps_adapter=1.801051e+00 | residual_overlap=-0.005843
[step      870] t/d=  4.350 | task1=3.881103e-01 | |m1|=0.021920 | m1²=0.000480 | ||w||²/d=0.922868 | eps_adapter=1.800288e+00 | residual_overlap=-0.005849
[step      880] t/d=  4.400 | task1=3.880406e-01 | |m1|=0.022108 | m1²=0.000489 | ||w||²/d=0.921900 | eps_adapter=1.798594e+00 | residual_overlap=-0.005817
[step      890] t/d=  4.450 | task1=3.879884e-01 | |m1|=0.022357 | m1²=0.000500 | ||w||²/d=0.921235 | eps_adapter=1.797422e+00 | residual_overlap=-0.005791
[step      900] t/d=  4.500 | task1=3.879019e-01 | |m1|=0.022293 | m1²=0.000497 | ||w||²/d=0.920532 | eps_adapter=1.796211e+00 | residual_overlap=-0.005752
[step      910] t/d=  4.550 | task1=3.878464e-01 | |m1|=0.022338 | m1²=0.000499 | ||w||²/d=0.919902 | eps_adapter=1.795117e+00 | residual_overlap=-0.005787
[step      920] t/d=  4.600 | task1=3.877592e-01 | |m1|=0.022472 | m1²=0.000505 | ||w||²/d=0.918942 | eps_adapter=1.793447e+00 | residual_overlap=-0.005756
[step      930] t/d=  4.650 | task1=3.876557e-01 | |m1|=0.022250 | m1²=0.000495 | ||w||²/d=0.917799 | eps_adapter=1.791491e+00 | residual_overlap=-0.005734
[step      940] t/d=  4.700 | task1=3.875867e-01 | |m1|=0.022374 | m1²=0.000501 | ||w||²/d=0.916883 | eps_adapter=1.789901e+00 | residual_overlap=-0.005706
[step      950] t/d=  4.750 | task1=3.875191e-01 | |m1|=0.022388 | m1²=0.000501 | ||w||²/d=0.916144 | eps_adapter=1.788627e+00 | residual_overlap=-0.005705
[step      960] t/d=  4.800 | task1=3.874355e-01 | |m1|=0.022442 | m1²=0.000504 | ||w||²/d=0.915328 | eps_adapter=1.787217e+00 | residual_overlap=-0.005699
[step      970] t/d=  4.850 | task1=3.873818e-01 | |m1|=0.022465 | m1²=0.000505 | ||w||²/d=0.914695 | eps_adapter=1.786126e+00 | residual_overlap=-0.005661
[step      980] t/d=  4.900 | task1=3.873169e-01 | |m1|=0.022114 | m1²=0.000489 | ||w||²/d=0.913695 | eps_adapter=1.784435e+00 | residual_overlap=-0.005684
[step      990] t/d=  4.950 | task1=3.872745e-01 | |m1|=0.022083 | m1²=0.000488 | ||w||²/d=0.913087 | eps_adapter=1.783393e+00 | residual_overlap=-0.005695
[step     1000] t/d=  5.000 | task1=3.872388e-01 | |m1|=0.021876 | m1²=0.000479 | ||w||²/d=0.912533 | eps_adapter=1.782458e+00 | residual_overlap=-0.005703
Saved checkpoint: results/quality_pretraining/finetunetask1_d200_T5/prestep_0_lr0p01_init1_wseed21_sgdseed22/checkpoints/step_000001000
[step     1040] t/d=  5.200 | task1=3.868860e-01 | |m1|=0.021542 | m1²=0.000464 | ||w||²/d=0.908190 | eps_adapter=1.775049e+00 | residual_overlap=-0.005648
[step     1080] t/d=  5.400 | task1=3.866163e-01 | |m1|=0.021408 | m1²=0.000458 | ||w||²/d=0.904929 | eps_adapter=1.769501e+00 | residual_overlap=-0.005633
[step     1120] t/d=  5.600 | task1=3.864605e-01 | |m1|=0.021409 | m1²=0.000458 | ||w||²/d=0.902835 | eps_adapter=1.765941e+00 | residual_overlap=-0.005630
[step     1160] t/d=  5.800 | task1=3.862200e-01 | |m1|=0.021229 | m1²=0.000451 | ||w||²/d=0.899444 | eps_adapter=1.760209e+00 | residual_overlap=-0.005637
[step     1200] t/d=  6.000 | task1=3.859788e-01 | |m1|=0.020926 | m1²=0.000438 | ||w||²/d=0.897010 | eps_adapter=1.756120e+00 | residual_overlap=-0.005584
[step     1240] t/d=  6.200 | task1=3.857779e-01 | |m1|=0.021172 | m1²=0.000448 | ||w||²/d=0.894819 | eps_adapter=1.752412e+00 | residual_overlap=-0.005479
[step     1280] t/d=  6.400 | task1=3.855592e-01 | |m1|=0.021031 | m1²=0.000442 | ||w||²/d=0.892297 | eps_adapter=1.748185e+00 | residual_overlap=-0.005420
[step     1320] t/d=  6.600 | task1=3.853056e-01 | |m1|=0.021121 | m1²=0.000446 | ||w||²/d=0.889403 | eps_adapter=1.743331e+00 | residual_overlap=-0.005371
[step     1360] t/d=  6.800 | task1=3.851556e-01 | |m1|=0.020815 | m1²=0.000433 | ||w||²/d=0.887345 | eps_adapter=1.739914e+00 | residual_overlap=-0.005253
[step     1400] t/d=  7.000 | task1=3.848945e-01 | |m1|=0.020449 | m1²=0.000418 | ||w||²/d=0.884622 | eps_adapter=1.735404e+00 | residual_overlap=-0.005256
[step     1440] t/d=  7.200 | task1=3.847306e-01 | |m1|=0.020319 | m1²=0.000413 | ||w||²/d=0.882648 | eps_adapter=1.732133e+00 | residual_overlap=-0.005253
[step     1480] t/d=  7.400 | task1=3.844459e-01 | |m1|=0.020277 | m1²=0.000411 | ||w||²/d=0.879223 | eps_adapter=1.726462e+00 | residual_overlap=-0.005227
[step     1520] t/d=  7.600 | task1=3.842623e-01 | |m1|=0.020206 | m1²=0.000408 | ||w||²/d=0.876840 | eps_adapter=1.722532e+00 | residual_overlap=-0.005191
[step     1560] t/d=  7.800 | task1=3.840484e-01 | |m1|=0.020090 | m1²=0.000404 | ||w||²/d=0.874307 | eps_adapter=1.718371e+00 | residual_overlap=-0.005177
[step     1600] t/d=  8.000 | task1=3.838770e-01 | |m1|=0.020259 | m1²=0.000410 | ||w||²/d=0.872018 | eps_adapter=1.714601e+00 | residual_overlap=-0.005130
[step     1640] t/d=  8.200 | task1=3.836493e-01 | |m1|=0.020575 | m1²=0.000423 | ||w||²/d=0.869137 | eps_adapter=1.709861e+00 | residual_overlap=-0.005090
[step     1680] t/d=  8.400 | task1=3.834168e-01 | |m1|=0.020259 | m1²=0.000410 | ||w||²/d=0.865689 | eps_adapter=1.704259e+00 | residual_overlap=-0.005024
[step     1720] t/d=  8.600 | task1=3.831761e-01 | |m1|=0.020494 | m1²=0.000420 | ||w||²/d=0.862755 | eps_adapter=1.699475e+00 | residual_overlap=-0.005004
[step     1760] t/d=  8.800 | task1=3.829127e-01 | |m1|=0.020809 | m1²=0.000433 | ||w||²/d=0.859721 | eps_adapter=1.694541e+00 | residual_overlap=-0.004913
[step     1800] t/d=  9.000 | task1=3.827084e-01 | |m1|=0.020778 | m1²=0.000432 | ||w||²/d=0.857489 | eps_adapter=1.690940e+00 | residual_overlap=-0.004847
[step     1840] t/d=  9.200 | task1=3.824681e-01 | |m1|=0.021367 | m1²=0.000457 | ||w||²/d=0.854518 | eps_adapter=1.686117e+00 | residual_overlap=-0.004747
[step     1880] t/d=  9.400 | task1=3.821869e-01 | |m1|=0.021656 | m1²=0.000469 | ||w||²/d=0.850854 | eps_adapter=1.680222e+00 | residual_overlap=-0.004699
[step     1920] t/d=  9.600 | task1=3.820382e-01 | |m1|=0.022233 | m1²=0.000494 | ||w||²/d=0.849121 | eps_adapter=1.677410e+00 | residual_overlap=-0.004604
[step     1960] t/d=  9.800 | task1=3.817854e-01 | |m1|=0.022533 | m1²=0.000508 | ||w||²/d=0.846427 | eps_adapter=1.673093e+00 | residual_overlap=-0.004533
[step     2000] t/d= 10.000 | task1=3.815333e-01 | |m1|=0.022600 | m1²=0.000511 | ||w||²/d=0.843632 | eps_adapter=1.668648e+00 | residual_overlap=-0.004438
Saved checkpoint: results/quality_pretraining/finetunetask1_d200_T5/prestep_0_lr0p01_init1_wseed21_sgdseed22/checkpoints/step_000002000
[step     2040] t/d= 10.200 | task1=3.813492e-01 | |m1|=0.023012 | m1²=0.000530 | ||w||²/d=0.841625 | eps_adapter=1.665438e+00 | residual_overlap=-0.004376
[step     2080] t/d= 10.400 | task1=3.810864e-01 | |m1|=0.023020 | m1²=0.000530 | ||w||²/d=0.838505 | eps_adapter=1.660509e+00 | residual_overlap=-0.004351
[step     2120] t/d= 10.600 | task1=3.808102e-01 | |m1|=0.023137 | m1²=0.000535 | ||w||²/d=0.834875 | eps_adapter=1.654790e+00 | residual_overlap=-0.004336
[step     2160] t/d= 10.800 | task1=3.805675e-01 | |m1|=0.023000 | m1²=0.000529 | ||w||²/d=0.831549 | eps_adapter=1.649590e+00 | residual_overlap=-0.004348
[step     2200] t/d= 11.000 | task1=3.803151e-01 | |m1|=0.023064 | m1²=0.000532 | ||w||²/d=0.828382 | eps_adapter=1.644644e+00 | residual_overlap=-0.004290
[step     2240] t/d= 11.200 | task1=3.800334e-01 | |m1|=0.023056 | m1²=0.000532 | ||w||²/d=0.825149 | eps_adapter=1.639618e+00 | residual_overlap=-0.004185
[step     2280] t/d= 11.400 | task1=3.797784e-01 | |m1|=0.023668 | m1²=0.000560 | ||w||²/d=0.822058 | eps_adapter=1.634788e+00 | residual_overlap=-0.004083
[step     2320] t/d= 11.600 | task1=3.795525e-01 | |m1|=0.024207 | m1²=0.000586 | ||w||²/d=0.819194 | eps_adapter=1.630327e+00 | residual_overlap=-0.004092
[step     2360] t/d= 11.800 | task1=3.793147e-01 | |m1|=0.024602 | m1²=0.000605 | ||w||²/d=0.816619 | eps_adapter=1.626337e+00 | residual_overlap=-0.004065
[step     2400] t/d= 12.000 | task1=3.790323e-01 | |m1|=0.024760 | m1²=0.000613 | ||w||²/d=0.813469 | eps_adapter=1.621499e+00 | residual_overlap=-0.004030
[step     2440] t/d= 12.200 | task1=3.787747e-01 | |m1|=0.024461 | m1²=0.000598 | ||w||²/d=0.810302 | eps_adapter=1.616689e+00 | residual_overlap=-0.004017
[step     2480] t/d= 12.400 | task1=3.785993e-01 | |m1|=0.024974 | m1²=0.000624 | ||w||²/d=0.808051 | eps_adapter=1.613224e+00 | residual_overlap=-0.003936
[step     2520] t/d= 12.600 | task1=3.784258e-01 | |m1|=0.025010 | m1²=0.000626 | ||w||²/d=0.805689 | eps_adapter=1.609640e+00 | residual_overlap=-0.003905
[step     2560] t/d= 12.800 | task1=3.781946e-01 | |m1|=0.025132 | m1²=0.000632 | ||w||²/d=0.802939 | eps_adapter=1.605472e+00 | residual_overlap=-0.003881
[step     2600] t/d= 13.000 | task1=3.780007e-01 | |m1|=0.025253 | m1²=0.000638 | ||w||²/d=0.800876 | eps_adapter=1.602353e+00 | residual_overlap=-0.003898
[step     2640] t/d= 13.200 | task1=3.778183e-01 | |m1|=0.025099 | m1²=0.000630 | ||w||²/d=0.798876 | eps_adapter=1.599358e+00 | residual_overlap=-0.003805
[step     2680] t/d= 13.400 | task1=3.774891e-01 | |m1|=0.025452 | m1²=0.000648 | ||w||²/d=0.794948 | eps_adapter=1.593446e+00 | residual_overlap=-0.003793
[step     2720] t/d= 13.600 | task1=3.772307e-01 | |m1|=0.025052 | m1²=0.000628 | ||w||²/d=0.791808 | eps_adapter=1.588794e+00 | residual_overlap=-0.003731
[step     2760] t/d= 13.800 | task1=3.769833e-01 | |m1|=0.025065 | m1²=0.000628 | ||w||²/d=0.787923 | eps_adapter=1.583025e+00 | residual_overlap=-0.003685
[step     2800] t/d= 14.000 | task1=3.768222e-01 | |m1|=0.024448 | m1²=0.000598 | ||w||²/d=0.785872 | eps_adapter=1.580037e+00 | residual_overlap=-0.003684
[step     2840] t/d= 14.200 | task1=3.766418e-01 | |m1|=0.024333 | m1²=0.000592 | ||w||²/d=0.783679 | eps_adapter=1.576811e+00 | residual_overlap=-0.003644
[step     2880] t/d= 14.400 | task1=3.763601e-01 | |m1|=0.024115 | m1²=0.000582 | ||w||²/d=0.779864 | eps_adapter=1.571220e+00 | residual_overlap=-0.003551
[step     2920] t/d= 14.600 | task1=3.761761e-01 | |m1|=0.024231 | m1²=0.000587 | ||w||²/d=0.777481 | eps_adapter=1.567723e+00 | residual_overlap=-0.003491
[step     2960] t/d= 14.800 | task1=3.759961e-01 | |m1|=0.024872 | m1²=0.000619 | ||w||²/d=0.775178 | eps_adapter=1.564316e+00 | residual_overlap=-0.003414
[step     3000] t/d= 15.000 | task1=3.758110e-01 | |m1|=0.024780 | m1²=0.000614 | ||w||²/d=0.773032 | eps_adapter=1.561199e+00 | residual_overlap=-0.003458
[step     3040] t/d= 15.200 | task1=3.754877e-01 | |m1|=0.024949 | m1²=0.000622 | ||w||²/d=0.769962 | eps_adapter=1.556735e+00 | residual_overlap=-0.003370
[step     3080] t/d= 15.400 | task1=3.753660e-01 | |m1|=0.024923 | m1²=0.000621 | ||w||²/d=0.768556 | eps_adapter=1.554703e+00 | residual_overlap=-0.003305
[step     3120] t/d= 15.600 | task1=3.751066e-01 | |m1|=0.024909 | m1²=0.000620 | ||w||²/d=0.765614 | eps_adapter=1.550462e+00 | residual_overlap=-0.003245
[step     3160] t/d= 15.800 | task1=3.749821e-01 | |m1|=0.024815 | m1²=0.000616 | ||w||²/d=0.763904 | eps_adapter=1.548011e+00 | residual_overlap=-0.003142
[step     3200] t/d= 16.000 | task1=3.748461e-01 | |m1|=0.024899 | m1²=0.000620 | ||w||²/d=0.762047 | eps_adapter=1.545341e+00 | residual_overlap=-0.003071
[step     3240] t/d= 16.200 | task1=3.746245e-01 | |m1|=0.025046 | m1²=0.000627 | ||w||²/d=0.759432 | eps_adapter=1.541591e+00 | residual_overlap=-0.003059
[step     3280] t/d= 16.400 | task1=3.744649e-01 | |m1|=0.025424 | m1²=0.000646 | ||w||²/d=0.757477 | eps_adapter=1.538775e+00 | residual_overlap=-0.003010
[step     3320] t/d= 16.600 | task1=3.742136e-01 | |m1|=0.025484 | m1²=0.000649 | ||w||²/d=0.754619 | eps_adapter=1.534709e+00 | residual_overlap=-0.002975
[step     3360] t/d= 16.800 | task1=3.739201e-01 | |m1|=0.025474 | m1²=0.000649 | ||w||²/d=0.751008 | eps_adapter=1.529601e+00 | residual_overlap=-0.002978
[step     3400] t/d= 17.000 | task1=3.737024e-01 | |m1|=0.026058 | m1²=0.000679 | ||w||²/d=0.748423 | eps_adapter=1.525914e+00 | residual_overlap=-0.002859
[step     3440] t/d= 17.200 | task1=3.734893e-01 | |m1|=0.025980 | m1²=0.000675 | ||w||²/d=0.745985 | eps_adapter=1.522496e+00 | residual_overlap=-0.002806
[step     3480] t/d= 17.400 | task1=3.732845e-01 | |m1|=0.025849 | m1²=0.000668 | ||w||²/d=0.743154 | eps_adapter=1.518544e+00 | residual_overlap=-0.002736
[step     3520] t/d= 17.600 | task1=3.730996e-01 | |m1|=0.026078 | m1²=0.000680 | ||w||²/d=0.740733 | eps_adapter=1.515150e+00 | residual_overlap=-0.002711
[step     3560] t/d= 17.800 | task1=3.728801e-01 | |m1|=0.025823 | m1²=0.000667 | ||w||²/d=0.737965 | eps_adapter=1.511323e+00 | residual_overlap=-0.002681
[step     3600] t/d= 18.000 | task1=3.727224e-01 | |m1|=0.026356 | m1²=0.000695 | ||w||²/d=0.735909 | eps_adapter=1.508436e+00 | residual_overlap=-0.002523
[step     3640] t/d= 18.200 | task1=3.725795e-01 | |m1|=0.026974 | m1²=0.000728 | ||w||²/d=0.733490 | eps_adapter=1.505048e+00 | residual_overlap=-0.002510
[step     3680] t/d= 18.400 | task1=3.723765e-01 | |m1|=0.027287 | m1²=0.000745 | ||w||²/d=0.731181 | eps_adapter=1.501847e+00 | residual_overlap=-0.002406
[step     3720] t/d= 18.600 | task1=3.721498e-01 | |m1|=0.027513 | m1²=0.000757 | ||w||²/d=0.728508 | eps_adapter=1.498162e+00 | residual_overlap=-0.002352
[step     3760] t/d= 18.800 | task1=3.719042e-01 | |m1|=0.027846 | m1²=0.000775 | ||w||²/d=0.725908 | eps_adapter=1.494583e+00 | residual_overlap=-0.002229
[step     3800] t/d= 19.000 | task1=3.717493e-01 | |m1|=0.027725 | m1²=0.000769 | ||w||²/d=0.724203 | eps_adapter=1.492269e+00 | residual_overlap=-0.002120
[step     3840] t/d= 19.200 | task1=3.715236e-01 | |m1|=0.027608 | m1²=0.000762 | ||w||²/d=0.721259 | eps_adapter=1.488280e+00 | residual_overlap=-0.002011
[step     3880] t/d= 19.400 | task1=3.713845e-01 | |m1|=0.027370 | m1²=0.000749 | ||w||²/d=0.719287 | eps_adapter=1.485629e+00 | residual_overlap=-0.002044
[step     3920] t/d= 19.600 | task1=3.712185e-01 | |m1|=0.028137 | m1²=0.000792 | ||w||²/d=0.717192 | eps_adapter=1.482742e+00 | residual_overlap=-0.002010
[step     3960] t/d= 19.800 | task1=3.710060e-01 | |m1|=0.028398 | m1²=0.000806 | ||w||²/d=0.714801 | eps_adapter=1.479504e+00 | residual_overlap=-0.001885
[step     4000] t/d= 20.000 | task1=3.708147e-01 | |m1|=0.028604 | m1²=0.000818 | ||w||²/d=0.712454 | eps_adapter=1.476341e+00 | residual_overlap=-0.001799
Saved checkpoint: results/quality_pretraining/finetunetask1_d200_T5/prestep_0_lr0p01_init1_wseed21_sgdseed22/checkpoints/step_000004000
[step     4100] t/d= 20.500 | task1=3.702821e-01 | |m1|=0.029381 | m1²=0.000863 | ||w||²/d=0.705558 | eps_adapter=1.467092e+00 | residual_overlap=-0.001670
[step     4200] t/d= 21.000 | task1=3.698433e-01 | |m1|=0.029748 | m1²=0.000885 | ||w||²/d=0.699311 | eps_adapter=1.458818e+00 | residual_overlap=-0.001602
[step     4300] t/d= 21.500 | task1=3.694603e-01 | |m1|=0.029779 | m1²=0.000887 | ||w||²/d=0.694265 | eps_adapter=1.452209e+00 | residual_overlap=-0.001508
[step     4400] t/d= 22.000 | task1=3.689270e-01 | |m1|=0.029146 | m1²=0.000849 | ||w||²/d=0.687632 | eps_adapter=1.443647e+00 | residual_overlap=-0.001318
[step     4500] t/d= 22.500 | task1=3.684821e-01 | |m1|=0.029345 | m1²=0.000861 | ||w||²/d=0.682669 | eps_adapter=1.437244e+00 | residual_overlap=-0.001111
[step     4600] t/d= 23.000 | task1=3.681054e-01 | |m1|=0.029045 | m1²=0.000844 | ||w||²/d=0.678263 | eps_adapter=1.431633e+00 | residual_overlap=-0.000949
[step     4700] t/d= 23.500 | task1=3.676846e-01 | |m1|=0.028883 | m1²=0.000834 | ||w||²/d=0.672997 | eps_adapter=1.424960e+00 | residual_overlap=-0.000848
[step     4800] t/d= 24.000 | task1=3.672955e-01 | |m1|=0.029865 | m1²=0.000892 | ||w||²/d=0.668246 | eps_adapter=1.418900e+00 | residual_overlap=-0.000710
[step     4900] t/d= 24.500 | task1=3.669255e-01 | |m1|=0.029660 | m1²=0.000880 | ||w||²/d=0.663549 | eps_adapter=1.413038e+00 | residual_overlap=-0.000697
[step     5000] t/d= 25.000 | task1=3.665056e-01 | |m1|=0.029852 | m1²=0.000891 | ||w||²/d=0.658954 | eps_adapter=1.407316e+00 | residual_overlap=-0.000483
[step     5100] t/d= 25.500 | task1=3.661180e-01 | |m1|=0.029766 | m1²=0.000886 | ||w||²/d=0.653768 | eps_adapter=1.400928e+00 | residual_overlap=-0.000413
[step     5200] t/d= 26.000 | task1=3.657275e-01 | |m1|=0.030399 | m1²=0.000924 | ||w||²/d=0.648373 | eps_adapter=1.394280e+00 | residual_overlap=-0.000293
[step     5300] t/d= 26.500 | task1=3.652995e-01 | |m1|=0.029814 | m1²=0.000889 | ||w||²/d=0.642605 | eps_adapter=1.387330e+00 | residual_overlap=-0.000171
[step     5400] t/d= 27.000 | task1=3.648834e-01 | |m1|=0.029834 | m1²=0.000890 | ||w||²/d=0.636883 | eps_adapter=1.380452e+00 | residual_overlap=0.000054
[step     5500] t/d= 27.500 | task1=3.645605e-01 | |m1|=0.030785 | m1²=0.000948 | ||w||²/d=0.632585 | eps_adapter=1.375257e+00 | residual_overlap=0.000009
[step     5600] t/d= 28.000 | task1=3.642544e-01 | |m1|=0.030552 | m1²=0.000933 | ||w||²/d=0.628452 | eps_adapter=1.370378e+00 | residual_overlap=0.000080
[step     5700] t/d= 28.500 | task1=3.638970e-01 | |m1|=0.031912 | m1²=0.001018 | ||w||²/d=0.623578 | eps_adapter=1.364545e+00 | residual_overlap=0.000160
[step     5800] t/d= 29.000 | task1=3.635931e-01 | |m1|=0.032340 | m1²=0.001046 | ||w||²/d=0.619391 | eps_adapter=1.359624e+00 | residual_overlap=0.000292
[step     5900] t/d= 29.500 | task1=3.632573e-01 | |m1|=0.033535 | m1²=0.001125 | ||w||²/d=0.614828 | eps_adapter=1.354242e+00 | residual_overlap=0.000439
[step     6000] t/d= 30.000 | task1=3.629233e-01 | |m1|=0.033429 | m1²=0.001117 | ||w||²/d=0.610605 | eps_adapter=1.349392e+00 | residual_overlap=0.000488
[step     6100] t/d= 30.500 | task1=3.625750e-01 | |m1|=0.033654 | m1²=0.001133 | ||w||²/d=0.605855 | eps_adapter=1.343949e+00 | residual_overlap=0.000596
[step     6200] t/d= 31.000 | task1=3.622272e-01 | |m1|=0.033735 | m1²=0.001138 | ||w||²/d=0.601829 | eps_adapter=1.339377e+00 | residual_overlap=0.000649
[step     6300] t/d= 31.500 | task1=3.618180e-01 | |m1|=0.034076 | m1²=0.001161 | ||w||²/d=0.596589 | eps_adapter=1.333455e+00 | residual_overlap=0.000812
[step     6400] t/d= 32.000 | task1=3.614900e-01 | |m1|=0.033525 | m1²=0.001124 | ||w||²/d=0.592402 | eps_adapter=1.328825e+00 | residual_overlap=0.000968
[step     6500] t/d= 32.500 | task1=3.612819e-01 | |m1|=0.033880 | m1²=0.001148 | ||w||²/d=0.589400 | eps_adapter=1.325467e+00 | residual_overlap=0.001164
[step     6600] t/d= 33.000 | task1=3.609745e-01 | |m1|=0.032768 | m1²=0.001074 | ||w||²/d=0.585366 | eps_adapter=1.321102e+00 | residual_overlap=0.001297
[step     6700] t/d= 33.500 | task1=3.606633e-01 | |m1|=0.033100 | m1²=0.001096 | ||w||²/d=0.581014 | eps_adapter=1.316311e+00 | residual_overlap=0.001391
[step     6800] t/d= 34.000 | task1=3.604389e-01 | |m1|=0.033461 | m1²=0.001120 | ||w||²/d=0.577824 | eps_adapter=1.312814e+00 | residual_overlap=0.001484
[step     6900] t/d= 34.500 | task1=3.601712e-01 | |m1|=0.033636 | m1²=0.001131 | ||w||²/d=0.573666 | eps_adapter=1.308306e+00 | residual_overlap=0.001608
[step     7000] t/d= 35.000 | task1=3.598427e-01 | |m1|=0.033324 | m1²=0.001110 | ||w||²/d=0.569326 | eps_adapter=1.303673e+00 | residual_overlap=0.001730
[step     7100] t/d= 35.500 | task1=3.595783e-01 | |m1|=0.033985 | m1²=0.001155 | ||w||²/d=0.565452 | eps_adapter=1.299497e+00 | residual_overlap=0.001735
[step     7200] t/d= 36.000 | task1=3.592754e-01 | |m1|=0.034543 | m1²=0.001193 | ||w||²/d=0.561397 | eps_adapter=1.295166e+00 | residual_overlap=0.001878
[step     7300] t/d= 36.500 | task1=3.589567e-01 | |m1|=0.034633 | m1²=0.001199 | ||w||²/d=0.556588 | eps_adapter=1.290114e+00 | residual_overlap=0.002161
[step     7400] t/d= 37.000 | task1=3.586721e-01 | |m1|=0.035220 | m1²=0.001240 | ||w||²/d=0.552407 | eps_adapter=1.285718e+00 | residual_overlap=0.002291
[step     7500] t/d= 37.500 | task1=3.583497e-01 | |m1|=0.036154 | m1²=0.001307 | ||w||²/d=0.547595 | eps_adapter=1.280680e+00 | residual_overlap=0.002406
[step     7600] t/d= 38.000 | task1=3.580222e-01 | |m1|=0.036147 | m1²=0.001307 | ||w||²/d=0.542464 | eps_adapter=1.275431e+00 | residual_overlap=0.002460
[step     7700] t/d= 38.500 | task1=3.578009e-01 | |m1|=0.035844 | m1²=0.001285 | ||w||²/d=0.539058 | eps_adapter=1.271998e+00 | residual_overlap=0.002504
[step     7800] t/d= 39.000 | task1=3.574894e-01 | |m1|=0.035682 | m1²=0.001273 | ||w||²/d=0.535021 | eps_adapter=1.267941e+00 | residual_overlap=0.002662
[step     7900] t/d= 39.500 | task1=3.572444e-01 | |m1|=0.035211 | m1²=0.001240 | ||w||²/d=0.531728 | eps_adapter=1.264679e+00 | residual_overlap=0.002793
[step     8000] t/d= 40.000 | task1=3.567980e-01 | |m1|=0.035044 | m1²=0.001228 | ||w||²/d=0.526029 | eps_adapter=1.259034e+00 | residual_overlap=0.002953
[step     8100] t/d= 40.500 | task1=3.566102e-01 | |m1|=0.035471 | m1²=0.001258 | ||w||²/d=0.523148 | eps_adapter=1.256167e+00 | residual_overlap=0.002990
[step     8200] t/d= 41.000 | task1=3.564832e-01 | |m1|=0.035334 | m1²=0.001248 | ||w||²/d=0.520502 | eps_adapter=1.253586e+00 | residual_overlap=0.003022
[step     8300] t/d= 41.500 | task1=3.563237e-01 | |m1|=0.036085 | m1²=0.001302 | ||w||²/d=0.517544 | eps_adapter=1.250651e+00 | residual_overlap=0.003076
[step     8400] t/d= 42.000 | task1=3.560495e-01 | |m1|=0.036617 | m1²=0.001341 | ||w||²/d=0.513746 | eps_adapter=1.246937e+00 | residual_overlap=0.003202
[step     8500] t/d= 42.500 | task1=3.557548e-01 | |m1|=0.035963 | m1²=0.001293 | ||w||²/d=0.509892 | eps_adapter=1.243283e+00 | residual_overlap=0.003358
[step     8600] t/d= 43.000 | task1=3.555318e-01 | |m1|=0.036525 | m1²=0.001334 | ||w||²/d=0.506690 | eps_adapter=1.240189e+00 | residual_overlap=0.003442
[step     8700] t/d= 43.500 | task1=3.552770e-01 | |m1|=0.036861 | m1²=0.001359 | ||w||²/d=0.502627 | eps_adapter=1.236319e+00 | residual_overlap=0.003631
[step     8800] t/d= 44.000 | task1=3.550064e-01 | |m1|=0.037520 | m1²=0.001408 | ||w||²/d=0.498443 | eps_adapter=1.232343e+00 | residual_overlap=0.003768
[step     8900] t/d= 44.500 | task1=3.547473e-01 | |m1|=0.037667 | m1²=0.001419 | ||w||²/d=0.495154 | eps_adapter=1.229267e+00 | residual_overlap=0.003911
[step     9000] t/d= 45.000 | task1=3.545762e-01 | |m1|=0.037673 | m1²=0.001419 | ||w||²/d=0.493197 | eps_adapter=1.227452e+00 | residual_overlap=0.004021
[step     9100] t/d= 45.500 | task1=3.544209e-01 | |m1|=0.037784 | m1²=0.001428 | ||w||²/d=0.490824 | eps_adapter=1.225254e+00 | residual_overlap=0.004072
[step     9200] t/d= 46.000 | task1=3.542230e-01 | |m1|=0.038148 | m1²=0.001455 | ||w||²/d=0.487857 | eps_adapter=1.222505e+00 | residual_overlap=0.004198
[step     9300] t/d= 46.500 | task1=3.539734e-01 | |m1|=0.037777 | m1²=0.001427 | ||w||²/d=0.484421 | eps_adapter=1.219398e+00 | residual_overlap=0.004229
[step     9400] t/d= 47.000 | task1=3.537936e-01 | |m1|=0.038331 | m1²=0.001469 | ||w||²/d=0.481351 | eps_adapter=1.216578e+00 | residual_overlap=0.004315
[step     9500] t/d= 47.500 | task1=3.535606e-01 | |m1|=0.038789 | m1²=0.001505 | ||w||²/d=0.478309 | eps_adapter=1.213808e+00 | residual_overlap=0.004485
[step     9600] t/d= 48.000 | task1=3.533885e-01 | |m1|=0.037936 | m1²=0.001439 | ||w||²/d=0.475442 | eps_adapter=1.211305e+00 | residual_overlap=0.004538
[step     9700] t/d= 48.500 | task1=3.532568e-01 | |m1|=0.038149 | m1²=0.001455 | ||w||²/d=0.473310 | eps_adapter=1.209394e+00 | residual_overlap=0.004650
[step     9800] t/d= 49.000 | task1=3.530007e-01 | |m1|=0.038476 | m1²=0.001480 | ||w||²/d=0.469934 | eps_adapter=1.206385e+00 | residual_overlap=0.004897
[step     9900] t/d= 49.500 | task1=3.527859e-01 | |m1|=0.037594 | m1²=0.001413 | ||w||²/d=0.466281 | eps_adapter=1.203239e+00 | residual_overlap=0.005049
[step    10000] t/d= 50.000 | task1=3.525179e-01 | |m1|=0.038415 | m1²=0.001476 | ||w||²/d=0.461864 | eps_adapter=1.199339e+00 | residual_overlap=0.005033
Saved checkpoint: results/quality_pretraining/finetunetask1_d200_T5/prestep_0_lr0p01_init1_wseed21_sgdseed22/checkpoints/step_000010000
[step    10100] t/d= 50.500 | task1=3.522632e-01 | |m1|=0.039324 | m1²=0.001546 | ||w||²/d=0.458128 | eps_adapter=1.196053e+00 | residual_overlap=0.005196
[step    10200] t/d= 51.000 | task1=3.520691e-01 | |m1|=0.040362 | m1²=0.001629 | ||w||²/d=0.454700 | eps_adapter=1.193047e+00 | residual_overlap=0.005211
[step    10300] t/d= 51.500 | task1=3.518736e-01 | |m1|=0.041159 | m1²=0.001694 | ||w||²/d=0.451851 | eps_adapter=1.190570e+00 | residual_overlap=0.005332
[step    10400] t/d= 52.000 | task1=3.516795e-01 | |m1|=0.041480 | m1²=0.001721 | ||w||²/d=0.448537 | eps_adapter=1.187751e+00 | residual_overlap=0.005432
[step    10500] t/d= 52.500 | task1=3.515397e-01 | |m1|=0.041704 | m1²=0.001739 | ||w||²/d=0.446055 | eps_adapter=1.185654e+00 | residual_overlap=0.005510
[step    10600] t/d= 53.000 | task1=3.513114e-01 | |m1|=0.042805 | m1²=0.001832 | ||w||²/d=0.442432 | eps_adapter=1.182558e+00 | residual_overlap=0.005616
[step    10700] t/d= 53.500 | task1=3.511023e-01 | |m1|=0.043892 | m1²=0.001926 | ||w||²/d=0.439518 | eps_adapter=1.180071e+00 | residual_overlap=0.005719
[step    10800] t/d= 54.000 | task1=3.509483e-01 | |m1|=0.044208 | m1²=0.001954 | ||w||²/d=0.437062 | eps_adapter=1.178032e+00 | residual_overlap=0.005851
[step    10900] t/d= 54.500 | task1=3.508134e-01 | |m1|=0.044409 | m1²=0.001972 | ||w||²/d=0.434811 | eps_adapter=1.176179e+00 | residual_overlap=0.005855
[step    11000] t/d= 55.000 | task1=3.506269e-01 | |m1|=0.045230 | m1²=0.002046 | ||w||²/d=0.432283 | eps_adapter=1.174065e+00 | residual_overlap=0.006027
[step    11100] t/d= 55.500 | task1=3.504706e-01 | |m1|=0.045248 | m1²=0.002047 | ||w||²/d=0.429794 | eps_adapter=1.172055e+00 | residual_overlap=0.006235
[step    11200] t/d= 56.000 | task1=3.502652e-01 | |m1|=0.045015 | m1²=0.002026 | ||w||²/d=0.426892 | eps_adapter=1.169745e+00 | residual_overlap=0.006366
[step    11300] t/d= 56.500 | task1=3.501480e-01 | |m1|=0.045699 | m1²=0.002088 | ||w||²/d=0.425112 | eps_adapter=1.168275e+00 | residual_overlap=0.006473
[step    11400] t/d= 57.000 | task1=3.499753e-01 | |m1|=0.046075 | m1²=0.002123 | ||w||²/d=0.422303 | eps_adapter=1.166019e+00 | residual_overlap=0.006686
[step    11500] t/d= 57.500 | task1=3.497915e-01 | |m1|=0.044745 | m1²=0.002002 | ||w||²/d=0.419555 | eps_adapter=1.163952e+00 | residual_overlap=0.006911
[step    11600] t/d= 58.000 | task1=3.496029e-01 | |m1|=0.045635 | m1²=0.002083 | ||w||²/d=0.416577 | eps_adapter=1.161557e+00 | residual_overlap=0.006949
[step    11700] t/d= 58.500 | task1=3.494232e-01 | |m1|=0.045819 | m1²=0.002099 | ||w||²/d=0.413526 | eps_adapter=1.159173e+00 | residual_overlap=0.007118
[step    11800] t/d= 59.000 | task1=3.492164e-01 | |m1|=0.045627 | m1²=0.002082 | ||w||²/d=0.410426 | eps_adapter=1.156797e+00 | residual_overlap=0.007222
[step    11900] t/d= 59.500 | task1=3.490633e-01 | |m1|=0.046043 | m1²=0.002120 | ||w||²/d=0.407835 | eps_adapter=1.154783e+00 | residual_overlap=0.007378
[step    12000] t/d= 60.000 | task1=3.489213e-01 | |m1|=0.045554 | m1²=0.002075 | ||w||²/d=0.405381 | eps_adapter=1.152951e+00 | residual_overlap=0.007395
[step    12100] t/d= 60.500 | task1=3.488219e-01 | |m1|=0.045883 | m1²=0.002105 | ||w||²/d=0.403165 | eps_adapter=1.151251e+00 | residual_overlap=0.007466
[step    12200] t/d= 61.000 | task1=3.486816e-01 | |m1|=0.045703 | m1²=0.002089 | ||w||²/d=0.400584 | eps_adapter=1.149322e+00 | residual_overlap=0.007533
[step    12300] t/d= 61.500 | task1=3.484902e-01 | |m1|=0.046223 | m1²=0.002137 | ||w||²/d=0.397582 | eps_adapter=1.147044e+00 | residual_overlap=0.007576
[step    12400] t/d= 62.000 | task1=3.483209e-01 | |m1|=0.046289 | m1²=0.002143 | ||w||²/d=0.394812 | eps_adapter=1.144987e+00 | residual_overlap=0.007715
[step    12500] t/d= 62.500 | task1=3.482295e-01 | |m1|=0.046620 | m1²=0.002173 | ||w||²/d=0.393606 | eps_adapter=1.144073e+00 | residual_overlap=0.007935
[step    12600] t/d= 63.000 | task1=3.480614e-01 | |m1|=0.046577 | m1²=0.002169 | ||w||²/d=0.390801 | eps_adapter=1.142018e+00 | residual_overlap=0.008104
[step    12700] t/d= 63.500 | task1=3.479764e-01 | |m1|=0.046427 | m1²=0.002155 | ||w||²/d=0.389672 | eps_adapter=1.141205e+00 | residual_overlap=0.008135
[step    12800] t/d= 64.000 | task1=3.478855e-01 | |m1|=0.046595 | m1²=0.002171 | ||w||²/d=0.387873 | eps_adapter=1.139885e+00 | residual_overlap=0.008129
[step    12900] t/d= 64.500 | task1=3.477611e-01 | |m1|=0.046355 | m1²=0.002149 | ||w||²/d=0.385664 | eps_adapter=1.138303e+00 | residual_overlap=0.008312
[step    13000] t/d= 65.000 | task1=3.476223e-01 | |m1|=0.046578 | m1²=0.002170 | ||w||²/d=0.382639 | eps_adapter=1.136114e+00 | residual_overlap=0.008373
[step    13100] t/d= 65.500 | task1=3.475185e-01 | |m1|=0.045955 | m1²=0.002112 | ||w||²/d=0.380942 | eps_adapter=1.134945e+00 | residual_overlap=0.008541
[step    13200] t/d= 66.000 | task1=3.473521e-01 | |m1|=0.046002 | m1²=0.002116 | ||w||²/d=0.377944 | eps_adapter=1.132814e+00 | residual_overlap=0.008641
[step    13300] t/d= 66.500 | task1=3.472014e-01 | |m1|=0.045774 | m1²=0.002095 | ||w||²/d=0.375653 | eps_adapter=1.131215e+00 | residual_overlap=0.008885
[step    13400] t/d= 67.000 | task1=3.470468e-01 | |m1|=0.045931 | m1²=0.002110 | ||w||²/d=0.373038 | eps_adapter=1.129374e+00 | residual_overlap=0.009063
[step    13500] t/d= 67.500 | task1=3.468627e-01 | |m1|=0.046283 | m1²=0.002142 | ||w||²/d=0.369971 | eps_adapter=1.127219e+00 | residual_overlap=0.009283
[step    13600] t/d= 68.000 | task1=3.467026e-01 | |m1|=0.047221 | m1²=0.002230 | ||w||²/d=0.367685 | eps_adapter=1.125580e+00 | residual_overlap=0.009602
[step    13700] t/d= 68.500 | task1=3.465863e-01 | |m1|=0.048768 | m1²=0.002378 | ||w||²/d=0.365415 | eps_adapter=1.123919e+00 | residual_overlap=0.009778
[step    13800] t/d= 69.000 | task1=3.464285e-01 | |m1|=0.048874 | m1²=0.002389 | ||w||²/d=0.362849 | eps_adapter=1.122166e+00 | residual_overlap=0.010035
[step    13900] t/d= 69.500 | task1=3.462945e-01 | |m1|=0.049638 | m1²=0.002464 | ||w||²/d=0.360831 | eps_adapter=1.120749e+00 | residual_overlap=0.010332
[step    14000] t/d= 70.000 | task1=3.461346e-01 | |m1|=0.049771 | m1²=0.002477 | ||w||²/d=0.358488 | eps_adapter=1.119166e+00 | residual_overlap=0.010473
[step    14100] t/d= 70.500 | task1=3.459357e-01 | |m1|=0.049895 | m1²=0.002490 | ||w||²/d=0.355945 | eps_adapter=1.117460e+00 | residual_overlap=0.010722
[step    14200] t/d= 71.000 | task1=3.458388e-01 | |m1|=0.050516 | m1²=0.002552 | ||w||²/d=0.353901 | eps_adapter=1.116063e+00 | residual_overlap=0.010742
[step    14300] t/d= 71.500 | task1=3.457429e-01 | |m1|=0.050977 | m1²=0.002599 | ||w||²/d=0.352266 | eps_adapter=1.114952e+00 | residual_overlap=0.010763
[step    14400] t/d= 72.000 | task1=3.456252e-01 | |m1|=0.051912 | m1²=0.002695 | ||w||²/d=0.350108 | eps_adapter=1.113472e+00 | residual_overlap=0.010872
[step    14500] t/d= 72.500 | task1=3.455458e-01 | |m1|=0.053050 | m1²=0.002814 | ||w||²/d=0.348651 | eps_adapter=1.112441e+00 | residual_overlap=0.011106
[step    14600] t/d= 73.000 | task1=3.453988e-01 | |m1|=0.053894 | m1²=0.002905 | ||w||²/d=0.346550 | eps_adapter=1.111018e+00 | residual_overlap=0.011291
[step    14700] t/d= 73.500 | task1=3.453113e-01 | |m1|=0.054116 | m1²=0.002929 | ||w||²/d=0.344897 | eps_adapter=1.109936e+00 | residual_overlap=0.011444
[step    14800] t/d= 74.000 | task1=3.452027e-01 | |m1|=0.054531 | m1²=0.002974 | ||w||²/d=0.342931 | eps_adapter=1.108645e+00 | residual_overlap=0.011568
[step    14900] t/d= 74.500 | task1=3.450931e-01 | |m1|=0.055361 | m1²=0.003065 | ||w||²/d=0.341341 | eps_adapter=1.107571e+00 | residual_overlap=0.011758
[step    15000] t/d= 75.000 | task1=3.450139e-01 | |m1|=0.055209 | m1²=0.003048 | ||w||²/d=0.339899 | eps_adapter=1.106667e+00 | residual_overlap=0.011834
[step    15100] t/d= 75.500 | task1=3.449259e-01 | |m1|=0.056011 | m1²=0.003137 | ||w||²/d=0.338375 | eps_adapter=1.105645e+00 | residual_overlap=0.012012
[step    15200] t/d= 76.000 | task1=3.448191e-01 | |m1|=0.056607 | m1²=0.003204 | ||w||²/d=0.336521 | eps_adapter=1.104435e+00 | residual_overlap=0.012202
[step    15300] t/d= 76.500 | task1=3.446855e-01 | |m1|=0.057156 | m1²=0.003267 | ||w||²/d=0.334394 | eps_adapter=1.103065e+00 | residual_overlap=0.012236
[step    15400] t/d= 77.000 | task1=3.445616e-01 | |m1|=0.056774 | m1²=0.003223 | ||w||²/d=0.332545 | eps_adapter=1.101945e+00 | residual_overlap=0.012420
[step    15500] t/d= 77.500 | task1=3.445023e-01 | |m1|=0.056015 | m1²=0.003138 | ||w||²/d=0.331291 | eps_adapter=1.101225e+00 | residual_overlap=0.012534
[step    15600] t/d= 78.000 | task1=3.444304e-01 | |m1|=0.056214 | m1²=0.003160 | ||w||²/d=0.330126 | eps_adapter=1.100493e+00 | residual_overlap=0.012678
[step    15700] t/d= 78.500 | task1=3.443834e-01 | |m1|=0.056223 | m1²=0.003161 | ||w||²/d=0.329050 | eps_adapter=1.099832e+00 | residual_overlap=0.012835
[step    15800] t/d= 79.000 | task1=3.443068e-01 | |m1|=0.056015 | m1²=0.003138 | ||w||²/d=0.327704 | eps_adapter=1.099023e+00 | residual_overlap=0.013103
[step    15900] t/d= 79.500 | task1=3.442028e-01 | |m1|=0.056650 | m1²=0.003209 | ||w||²/d=0.326126 | eps_adapter=1.098017e+00 | residual_overlap=0.013366
[step    16000] t/d= 80.000 | task1=3.440942e-01 | |m1|=0.056454 | m1²=0.003187 | ||w||²/d=0.324089 | eps_adapter=1.096798e+00 | residual_overlap=0.013412
[step    16100] t/d= 80.500 | task1=3.439530e-01 | |m1|=0.057225 | m1²=0.003275 | ||w||²/d=0.322180 | eps_adapter=1.095594e+00 | residual_overlap=0.013642
[step    16200] t/d= 81.000 | task1=3.438894e-01 | |m1|=0.057339 | m1²=0.003288 | ||w||²/d=0.320882 | eps_adapter=1.094809e+00 | residual_overlap=0.013848
[step    16300] t/d= 81.500 | task1=3.437914e-01 | |m1|=0.056933 | m1²=0.003241 | ||w||²/d=0.319032 | eps_adapter=1.093736e+00 | residual_overlap=0.014139
[step    16400] t/d= 82.000 | task1=3.437076e-01 | |m1|=0.057089 | m1²=0.003259 | ||w||²/d=0.317967 | eps_adapter=1.093094e+00 | residual_overlap=0.014318
[step    16500] t/d= 82.500 | task1=3.435920e-01 | |m1|=0.058210 | m1²=0.003388 | ||w||²/d=0.316260 | eps_adapter=1.092007e+00 | residual_overlap=0.014424
[step    16600] t/d= 83.000 | task1=3.434370e-01 | |m1|=0.059033 | m1²=0.003485 | ||w||²/d=0.313864 | eps_adapter=1.090543e+00 | residual_overlap=0.014665
[step    16700] t/d= 83.500 | task1=3.433224e-01 | |m1|=0.060528 | m1²=0.003664 | ||w||²/d=0.312163 | eps_adapter=1.089445e+00 | residual_overlap=0.014857
[step    16800] t/d= 84.000 | task1=3.431934e-01 | |m1|=0.061026 | m1²=0.003724 | ||w||²/d=0.309441 | eps_adapter=1.087837e+00 | residual_overlap=0.014865
[step    16900] t/d= 84.500 | task1=3.431297e-01 | |m1|=0.061791 | m1²=0.003818 | ||w||²/d=0.307888 | eps_adapter=1.086890e+00 | residual_overlap=0.014896
[step    17000] t/d= 85.000 | task1=3.430173e-01 | |m1|=0.062981 | m1²=0.003967 | ||w||²/d=0.306283 | eps_adapter=1.085886e+00 | residual_overlap=0.015123
[step    17100] t/d= 85.500 | task1=3.429839e-01 | |m1|=0.063097 | m1²=0.003981 | ||w||²/d=0.305450 | eps_adapter=1.085405e+00 | residual_overlap=0.015306
[step    17200] t/d= 86.000 | task1=3.428906e-01 | |m1|=0.064154 | m1²=0.004116 | ||w||²/d=0.303920 | eps_adapter=1.084460e+00 | residual_overlap=0.015483
[step    17300] t/d= 86.500 | task1=3.427793e-01 | |m1|=0.064224 | m1²=0.004125 | ||w||²/d=0.302219 | eps_adapter=1.083499e+00 | residual_overlap=0.015698
[step    17400] t/d= 87.000 | task1=3.426638e-01 | |m1|=0.064607 | m1²=0.004174 | ||w||²/d=0.300231 | eps_adapter=1.082359e+00 | residual_overlap=0.015891
[step    17500] t/d= 87.500 | task1=3.425839e-01 | |m1|=0.066160 | m1²=0.004377 | ||w||²/d=0.299201 | eps_adapter=1.081669e+00 | residual_overlap=0.015992
[step    17600] t/d= 88.000 | task1=3.424924e-01 | |m1|=0.067514 | m1²=0.004558 | ||w||²/d=0.297632 | eps_adapter=1.080697e+00 | residual_overlap=0.015974
[step    17700] t/d= 88.500 | task1=3.424319e-01 | |m1|=0.067670 | m1²=0.004579 | ||w||²/d=0.296278 | eps_adapter=1.079940e+00 | residual_overlap=0.016010
[step    17800] t/d= 89.000 | task1=3.423824e-01 | |m1|=0.068489 | m1²=0.004691 | ||w||²/d=0.295036 | eps_adapter=1.079197e+00 | residual_overlap=0.016046
[step    17900] t/d= 89.500 | task1=3.423213e-01 | |m1|=0.068537 | m1²=0.004697 | ||w||²/d=0.293588 | eps_adapter=1.078404e+00 | residual_overlap=0.016200
[step    18000] t/d= 90.000 | task1=3.422594e-01 | |m1|=0.069905 | m1²=0.004887 | ||w||²/d=0.292064 | eps_adapter=1.077472e+00 | residual_overlap=0.016291
[step    18100] t/d= 90.500 | task1=3.422010e-01 | |m1|=0.070119 | m1²=0.004917 | ||w||²/d=0.290362 | eps_adapter=1.076538e+00 | residual_overlap=0.016422
[step    18200] t/d= 91.000 | task1=3.421450e-01 | |m1|=0.069555 | m1²=0.004838 | ||w||²/d=0.289195 | eps_adapter=1.075957e+00 | residual_overlap=0.016574
[step    18300] t/d= 91.500 | task1=3.421187e-01 | |m1|=0.069710 | m1²=0.004859 | ||w||²/d=0.288939 | eps_adapter=1.075808e+00 | residual_overlap=0.016731
[step    18400] t/d= 92.000 | task1=3.420582e-01 | |m1|=0.070779 | m1²=0.005010 | ||w||²/d=0.287561 | eps_adapter=1.074990e+00 | residual_overlap=0.016882
[step    18500] t/d= 92.500 | task1=3.420039e-01 | |m1|=0.071889 | m1²=0.005168 | ||w||²/d=0.286808 | eps_adapter=1.074503e+00 | residual_overlap=0.017149
[step    18600] t/d= 93.000 | task1=3.419309e-01 | |m1|=0.072044 | m1²=0.005190 | ||w||²/d=0.285269 | eps_adapter=1.073678e+00 | residual_overlap=0.017294
[step    18700] t/d= 93.500 | task1=3.418896e-01 | |m1|=0.072541 | m1²=0.005262 | ||w||²/d=0.284101 | eps_adapter=1.073024e+00 | residual_overlap=0.017368
[step    18800] t/d= 94.000 | task1=3.418178e-01 | |m1|=0.072465 | m1²=0.005251 | ||w||²/d=0.283097 | eps_adapter=1.072505e+00 | residual_overlap=0.017582
[step    18900] t/d= 94.500 | task1=3.417714e-01 | |m1|=0.072702 | m1²=0.005286 | ||w||²/d=0.282016 | eps_adapter=1.071922e+00 | residual_overlap=0.017716
[step    19000] t/d= 95.000 | task1=3.417113e-01 | |m1|=0.073147 | m1²=0.005350 | ||w||²/d=0.280820 | eps_adapter=1.071266e+00 | residual_overlap=0.017844
[step    19100] t/d= 95.500 | task1=3.416407e-01 | |m1|=0.074233 | m1²=0.005510 | ||w||²/d=0.279666 | eps_adapter=1.070583e+00 | residual_overlap=0.018036
[step    19200] t/d= 96.000 | task1=3.415746e-01 | |m1|=0.075695 | m1²=0.005730 | ||w||²/d=0.278662 | eps_adapter=1.069947e+00 | residual_overlap=0.018246
[step    19300] t/d= 96.500 | task1=3.415142e-01 | |m1|=0.076788 | m1²=0.005896 | ||w||²/d=0.277477 | eps_adapter=1.069251e+00 | residual_overlap=0.018345
[step    19400] t/d= 97.000 | task1=3.414510e-01 | |m1|=0.077313 | m1²=0.005977 | ||w||²/d=0.276634 | eps_adapter=1.068778e+00 | residual_overlap=0.018623
[step    19500] t/d= 97.500 | task1=3.413846e-01 | |m1|=0.078049 | m1²=0.006092 | ||w||²/d=0.275538 | eps_adapter=1.068160e+00 | residual_overlap=0.018825
[step    19600] t/d= 98.000 | task1=3.413312e-01 | |m1|=0.078251 | m1²=0.006123 | ||w||²/d=0.274691 | eps_adapter=1.067715e+00 | residual_overlap=0.018934
[step    19700] t/d= 98.500 | task1=3.412946e-01 | |m1|=0.078900 | m1²=0.006225 | ||w||²/d=0.273899 | eps_adapter=1.067262e+00 | residual_overlap=0.019010
[step    19800] t/d= 99.000 | task1=3.412548e-01 | |m1|=0.079629 | m1²=0.006341 | ||w||²/d=0.273091 | eps_adapter=1.066794e+00 | residual_overlap=0.018973
[step    19900] t/d= 99.500 | task1=3.411979e-01 | |m1|=0.080257 | m1²=0.006441 | ||w||²/d=0.271735 | eps_adapter=1.066063e+00 | residual_overlap=0.019185
[step    20000] t/d=100.000 | task1=3.411593e-01 | |m1|=0.081137 | m1²=0.006583 | ||w||²/d=0.270889 | eps_adapter=1.065567e+00 | residual_overlap=0.019289
Saved checkpoint: results/quality_pretraining/finetunetask1_d200_T5/prestep_0_lr0p01_init1_wseed21_sgdseed22/checkpoints/step_000020000

Task-1 fine-tuning completed.
Metrics: results/quality_pretraining/finetunetask1_d200_T5/prestep_0_lr0p01_init1_wseed21_sgdseed22/metrics.csv

======================================================
Task-1 fine-tuning finished
======================================================
