
======================================================
Task-1 fine-tuning
======================================================
Pretraining run:   results/quality_pretraining/scaling_d100_T5
Pretraining step:  250000
Learning rate:     0.01
Target steps:      10000
======================================================

Tue Sep 29 12:06:00 2026       
+---------------------------------------------------------------------------------------+
| NVIDIA-SMI 535.154.05             Driver Version: 535.154.05   CUDA Version: 12.2     |
|-----------------------------------------+----------------------+----------------------+
| GPU  Name                 Persistence-M | Bus-Id        Disp.A | Volatile Uncorr. ECC |
| Fan  Temp   Perf          Pwr:Usage/Cap |         Memory-Usage | GPU-Util  Compute M. |
|                                         |                      |               MIG M. |
|=========================================+======================+======================|
|   0  Tesla V100-PCIE-32GB           On  | 00000000:D8:00.0 Off |                  Off |
| N/A   33C    P0              26W / 250W |      0MiB / 32768MiB |      0%      Default |
|                                         |                      |                  N/A |
+-----------------------------------------+----------------------+----------------------+
                                                                                         
+---------------------------------------------------------------------------------------+
| Processes:                                                                            |
|  GPU   GI   CI        PID   Type   Process name                            GPU Memory |
|        ID   ID                                                             Usage      |
|=======================================================================================|
|  No running processes found                                                           |
+---------------------------------------------------------------------------------------+
===== TASK 1 ERROR DIAGNOSTICS =====
elementwise MSE: 0.12130290930765407
mean ||error||_F^2 per sample: 60.651454653827045
(1/d) mean ||error||_F^2: 0.6065145465382704
(1/(T*d)) mean ||error||_F^2: 0.1213029093076541
generalization_error(): 0.12130290930765407
||w1_star||: 10.57323510283403
||w||: 0.010109801608494968

Task-1 fine-tuning
----------------------------------------
source run      : /home/busato/catastrophic_forgetting/quality_pretraining/results/quality_pretraining/scaling_d100_T5
pretrain step   : 250000
d               : 100
T               : 5
device          : cuda
learning rate   : 0.01
target steps    : 10000
target / d      : 100.000
eval every      : 10
checkpoints     : [50, 100, 200, 500, 10000]
output root     : results/task1_finetuning/scaling_d100_T5

[step 0] task1=1.213029e-01 pre=2.180273e-02 overlap=-0.094541
[step       10] t/d=  0.100 | task1=1.213029e-01 | pre=2.180273e-02 | overlap=-0.094788
[step       20] t/d=  0.200 | task1=1.213029e-01 | pre=2.180273e-02 | overlap=-0.095260
[step       30] t/d=  0.300 | task1=1.213029e-01 | pre=2.180273e-02 | overlap=-0.094714
[step       40] t/d=  0.400 | task1=1.213029e-01 | pre=2.180273e-02 | overlap=-0.094658
[step       50] t/d=  0.500 | task1=1.213029e-01 | pre=2.180273e-02 | overlap=-0.094936
Saved checkpoint: results/task1_finetuning/scaling_d100_T5/step_250000_finetune50
[step       60] t/d=  0.600 | task1=1.213029e-01 | pre=2.180273e-02 | overlap=-0.095348
[step       70] t/d=  0.700 | task1=1.213029e-01 | pre=2.180273e-02 | overlap=-0.095259
[step       80] t/d=  0.800 | task1=1.213029e-01 | pre=2.180273e-02 | overlap=-0.094831
[step       90] t/d=  0.900 | task1=1.213029e-01 | pre=2.180273e-02 | overlap=-0.094539
[step      100] t/d=  1.000 | task1=1.213029e-01 | pre=2.180273e-02 | overlap=-0.094674
Saved checkpoint: results/task1_finetuning/scaling_d100_T5/step_250000_finetune100
[step      110] t/d=  1.100 | task1=1.213029e-01 | pre=2.180273e-02 | overlap=-0.094695
[step      120] t/d=  1.200 | task1=1.213029e-01 | pre=2.180273e-02 | overlap=-0.094906
[step      130] t/d=  1.300 | task1=1.213029e-01 | pre=2.180273e-02 | overlap=-0.095288
[step      140] t/d=  1.400 | task1=1.213029e-01 | pre=2.180273e-02 | overlap=-0.095267
[step      150] t/d=  1.500 | task1=1.213029e-01 | pre=2.180273e-02 | overlap=-0.095171
[step      160] t/d=  1.600 | task1=1.213029e-01 | pre=2.180273e-02 | overlap=-0.095139
[step      170] t/d=  1.700 | task1=1.213029e-01 | pre=2.180273e-02 | overlap=-0.095302
[step      180] t/d=  1.800 | task1=1.213029e-01 | pre=2.180273e-02 | overlap=-0.096119
[step      190] t/d=  1.900 | task1=1.213029e-01 | pre=2.180273e-02 | overlap=-0.096641
[step      200] t/d=  2.000 | task1=1.213029e-01 | pre=2.180273e-02 | overlap=-0.096410
Saved checkpoint: results/task1_finetuning/scaling_d100_T5/step_250000_finetune200
[step      210] t/d=  2.100 | task1=1.213029e-01 | pre=2.180273e-02 | overlap=-0.096441
[step      220] t/d=  2.200 | task1=1.213029e-01 | pre=2.180273e-02 | overlap=-0.097679
[step      230] t/d=  2.300 | task1=1.213029e-01 | pre=2.180273e-02 | overlap=-0.098938
[step      240] t/d=  2.400 | task1=1.213029e-01 | pre=2.180273e-02 | overlap=-0.099207
[step      250] t/d=  2.500 | task1=1.213029e-01 | pre=2.180273e-02 | overlap=-0.099453
[step      260] t/d=  2.600 | task1=1.213029e-01 | pre=2.180273e-02 | overlap=-0.099590
[step      270] t/d=  2.700 | task1=1.213029e-01 | pre=2.180273e-02 | overlap=-0.099560
[step      280] t/d=  2.800 | task1=1.213029e-01 | pre=2.180273e-02 | overlap=-0.099041
[step      290] t/d=  2.900 | task1=1.213029e-01 | pre=2.180273e-02 | overlap=-0.099156
[step      300] t/d=  3.000 | task1=1.213029e-01 | pre=2.180273e-02 | overlap=-0.098933
[step      310] t/d=  3.100 | task1=1.213029e-01 | pre=2.180273e-02 | overlap=-0.099531
[step      320] t/d=  3.200 | task1=1.213029e-01 | pre=2.180273e-02 | overlap=-0.099823
[step      330] t/d=  3.300 | task1=1.213029e-01 | pre=2.180273e-02 | overlap=-0.101576
[step      340] t/d=  3.400 | task1=1.213029e-01 | pre=2.180273e-02 | overlap=-0.101613
[step      350] t/d=  3.500 | task1=1.213029e-01 | pre=2.180273e-02 | overlap=-0.102044
[step      360] t/d=  3.600 | task1=1.213029e-01 | pre=2.180273e-02 | overlap=-0.102669
[step      370] t/d=  3.700 | task1=1.213029e-01 | pre=2.180273e-02 | overlap=-0.102744
[step      380] t/d=  3.800 | task1=1.213029e-01 | pre=2.180273e-02 | overlap=-0.102856
[step      390] t/d=  3.900 | task1=1.213029e-01 | pre=2.180273e-02 | overlap=-0.102683
[step      400] t/d=  4.000 | task1=1.213029e-01 | pre=2.180273e-02 | overlap=-0.102709
[step      410] t/d=  4.100 | task1=1.213029e-01 | pre=2.180273e-02 | overlap=-0.102816
[step      420] t/d=  4.200 | task1=1.213029e-01 | pre=2.180273e-02 | overlap=-0.102694
[step      430] t/d=  4.300 | task1=1.213029e-01 | pre=2.180273e-02 | overlap=-0.103055
[step      440] t/d=  4.400 | task1=1.213029e-01 | pre=2.180273e-02 | overlap=-0.102765
[step      450] t/d=  4.500 | task1=1.213029e-01 | pre=2.180273e-02 | overlap=-0.103304
[step      460] t/d=  4.600 | task1=1.213029e-01 | pre=2.180273e-02 | overlap=-0.103610
[step      470] t/d=  4.700 | task1=1.213029e-01 | pre=2.180273e-02 | overlap=-0.103843
[step      480] t/d=  4.800 | task1=1.213029e-01 | pre=2.180273e-02 | overlap=-0.103817
[step      490] t/d=  4.900 | task1=1.213029e-01 | pre=2.180273e-02 | overlap=-0.103344
[step      500] t/d=  5.000 | task1=1.213029e-01 | pre=2.180273e-02 | overlap=-0.103650
Saved checkpoint: results/task1_finetuning/scaling_d100_T5/step_250000_finetune500
[step      510] t/d=  5.100 | task1=1.213029e-01 | pre=2.180273e-02 | overlap=-0.103556
[step      520] t/d=  5.200 | task1=1.213029e-01 | pre=2.180273e-02 | overlap=-0.104433
[step      530] t/d=  5.300 | task1=1.213029e-01 | pre=2.180273e-02 | overlap=-0.104170
[step      540] t/d=  5.400 | task1=1.213029e-01 | pre=2.180273e-02 | overlap=-0.104830
[step      550] t/d=  5.500 | task1=1.213029e-01 | pre=2.180273e-02 | overlap=-0.104637
[step      560] t/d=  5.600 | task1=1.213029e-01 | pre=2.180273e-02 | overlap=-0.103545
[step      570] t/d=  5.700 | task1=1.213029e-01 | pre=2.180273e-02 | overlap=-0.103851
[step      580] t/d=  5.800 | task1=1.213029e-01 | pre=2.180273e-02 | overlap=-0.104009
[step      590] t/d=  5.900 | task1=1.213029e-01 | pre=2.180273e-02 | overlap=-0.104289
[step      600] t/d=  6.000 | task1=1.213029e-01 | pre=2.180273e-02 | overlap=-0.104125
[step      610] t/d=  6.100 | task1=1.213029e-01 | pre=2.180273e-02 | overlap=-0.104892
[step      620] t/d=  6.200 | task1=1.213029e-01 | pre=2.180273e-02 | overlap=-0.105125
[step      630] t/d=  6.300 | task1=1.213029e-01 | pre=2.180273e-02 | overlap=-0.104982
[step      640] t/d=  6.400 | task1=1.213029e-01 | pre=2.180273e-02 | overlap=-0.105339
[step      650] t/d=  6.500 | task1=1.213029e-01 | pre=2.180273e-02 | overlap=-0.105491
[step      660] t/d=  6.600 | task1=1.213029e-01 | pre=2.180273e-02 | overlap=-0.106967
[step      670] t/d=  6.700 | task1=1.213029e-01 | pre=2.180273e-02 | overlap=-0.107285
[step      680] t/d=  6.800 | task1=1.213029e-01 | pre=2.180273e-02 | overlap=-0.107683
[step      690] t/d=  6.900 | task1=1.213029e-01 | pre=2.180273e-02 | overlap=-0.107821
[step      700] t/d=  7.000 | task1=1.213029e-01 | pre=2.180273e-02 | overlap=-0.108019
[step      710] t/d=  7.100 | task1=1.213029e-01 | pre=2.180273e-02 | overlap=-0.108254
[step      720] t/d=  7.200 | task1=1.213029e-01 | pre=2.180273e-02 | overlap=-0.108486
[step      730] t/d=  7.300 | task1=1.213029e-01 | pre=2.180273e-02 | overlap=-0.109258
[step      740] t/d=  7.400 | task1=1.213029e-01 | pre=2.180273e-02 | overlap=-0.109454
[step      750] t/d=  7.500 | task1=1.213029e-01 | pre=2.180273e-02 | overlap=-0.109550
[step      760] t/d=  7.600 | task1=1.213029e-01 | pre=2.180273e-02 | overlap=-0.109215
[step      770] t/d=  7.700 | task1=1.213029e-01 | pre=2.180273e-02 | overlap=-0.109561
[step      780] t/d=  7.800 | task1=1.213029e-01 | pre=2.180273e-02 | overlap=-0.109710
[step      790] t/d=  7.900 | task1=1.213029e-01 | pre=2.180273e-02 | overlap=-0.110194
[step      800] t/d=  8.000 | task1=1.213029e-01 | pre=2.180273e-02 | overlap=-0.110779
[step      810] t/d=  8.100 | task1=1.213029e-01 | pre=2.180273e-02 | overlap=-0.111445
[step      820] t/d=  8.200 | task1=1.213029e-01 | pre=2.180273e-02 | overlap=-0.111718
[step      830] t/d=  8.300 | task1=1.213029e-01 | pre=2.180273e-02 | overlap=-0.111403
[step      840] t/d=  8.400 | task1=1.213029e-01 | pre=2.180273e-02 | overlap=-0.112057
[step      850] t/d=  8.500 | task1=1.213029e-01 | pre=2.180273e-02 | overlap=-0.111990
[step      860] t/d=  8.600 | task1=1.213029e-01 | pre=2.180273e-02 | overlap=-0.112626
[step      870] t/d=  8.700 | task1=1.213029e-01 | pre=2.180273e-02 | overlap=-0.113039
[step      880] t/d=  8.800 | task1=1.213029e-01 | pre=2.180273e-02 | overlap=-0.113326
[step      890] t/d=  8.900 | task1=1.213029e-01 | pre=2.180273e-02 | overlap=-0.113049
[step      900] t/d=  9.000 | task1=1.213029e-01 | pre=2.180273e-02 | overlap=-0.113476
[step      910] t/d=  9.100 | task1=1.213029e-01 | pre=2.180273e-02 | overlap=-0.113945
[step      920] t/d=  9.200 | task1=1.213029e-01 | pre=2.180273e-02 | overlap=-0.113915
[step      930] t/d=  9.300 | task1=1.213029e-01 | pre=2.180273e-02 | overlap=-0.113783
[step      940] t/d=  9.400 | task1=1.213029e-01 | pre=2.180273e-02 | overlap=-0.114326
[step      950] t/d=  9.500 | task1=1.213029e-01 | pre=2.180273e-02 | overlap=-0.115231
[step      960] t/d=  9.600 | task1=1.213029e-01 | pre=2.180273e-02 | overlap=-0.115650
[step      970] t/d=  9.700 | task1=1.213029e-01 | pre=2.180273e-02 | overlap=-0.115807
[step      980] t/d=  9.800 | task1=1.213029e-01 | pre=2.180273e-02 | overlap=-0.115847
[step      990] t/d=  9.900 | task1=1.213029e-01 | pre=2.180273e-02 | overlap=-0.115638
[step     1000] t/d= 10.000 | task1=1.213029e-01 | pre=2.180273e-02 | overlap=-0.115601
[step     1010] t/d= 10.100 | task1=1.213029e-01 | pre=2.180273e-02 | overlap=-0.117308
[step     1020] t/d= 10.200 | task1=1.213029e-01 | pre=2.180273e-02 | overlap=-0.117555
[step     1030] t/d= 10.300 | task1=1.213029e-01 | pre=2.180273e-02 | overlap=-0.117788
[step     1040] t/d= 10.400 | task1=1.213029e-01 | pre=2.180273e-02 | overlap=-0.117885
[step     1050] t/d= 10.500 | task1=1.213029e-01 | pre=2.180273e-02 | overlap=-0.118441
[step     1060] t/d= 10.600 | task1=1.213029e-01 | pre=2.180273e-02 | overlap=-0.118569
[step     1070] t/d= 10.700 | task1=1.213029e-01 | pre=2.180273e-02 | overlap=-0.118946
[step     1080] t/d= 10.800 | task1=1.213029e-01 | pre=2.180273e-02 | overlap=-0.118526
[step     1090] t/d= 10.900 | task1=1.213029e-01 | pre=2.180273e-02 | overlap=-0.118435
[step     1100] t/d= 11.000 | task1=1.213029e-01 | pre=2.180273e-02 | overlap=-0.118648
[step     1110] t/d= 11.100 | task1=1.213029e-01 | pre=2.180273e-02 | overlap=-0.119614
[step     1120] t/d= 11.200 | task1=1.213029e-01 | pre=2.180273e-02 | overlap=-0.120024
[step     1130] t/d= 11.300 | task1=1.213029e-01 | pre=2.180273e-02 | overlap=-0.120543
[step     1140] t/d= 11.400 | task1=1.213029e-01 | pre=2.180273e-02 | overlap=-0.121560
[step     1150] t/d= 11.500 | task1=1.213029e-01 | pre=2.180273e-02 | overlap=-0.121802
[step     1160] t/d= 11.600 | task1=1.213029e-01 | pre=2.180273e-02 | overlap=-0.122256
[step     1170] t/d= 11.700 | task1=1.213029e-01 | pre=2.180273e-02 | overlap=-0.122589
[step     1180] t/d= 11.800 | task1=1.213029e-01 | pre=2.180273e-02 | overlap=-0.123405
[step     1190] t/d= 11.900 | task1=1.213029e-01 | pre=2.180273e-02 | overlap=-0.123916
[step     1200] t/d= 12.000 | task1=1.213029e-01 | pre=2.180273e-02 | overlap=-0.125232
[step     1210] t/d= 12.100 | task1=1.213029e-01 | pre=2.180273e-02 | overlap=-0.125262
[step     1220] t/d= 12.200 | task1=1.213029e-01 | pre=2.180273e-02 | overlap=-0.125439
[step     1230] t/d= 12.300 | task1=1.213029e-01 | pre=2.180273e-02 | overlap=-0.125935
[step     1240] t/d= 12.400 | task1=1.213029e-01 | pre=2.180273e-02 | overlap=-0.126553
[step     1250] t/d= 12.500 | task1=1.213029e-01 | pre=2.180273e-02 | overlap=-0.127275
[step     1260] t/d= 12.600 | task1=1.213029e-01 | pre=2.180273e-02 | overlap=-0.127215
[step     1270] t/d= 12.700 | task1=1.213029e-01 | pre=2.180273e-02 | overlap=-0.127959
[step     1280] t/d= 12.800 | task1=1.213029e-01 | pre=2.180273e-02 | overlap=-0.129265
[step     1290] t/d= 12.900 | task1=1.213029e-01 | pre=2.180273e-02 | overlap=-0.129532
[step     1300] t/d= 13.000 | task1=1.213029e-01 | pre=2.180273e-02 | overlap=-0.129613
[step     1310] t/d= 13.100 | task1=1.213029e-01 | pre=2.180273e-02 | overlap=-0.129758
[step     1320] t/d= 13.200 | task1=1.213029e-01 | pre=2.180273e-02 | overlap=-0.130110
[step     1330] t/d= 13.300 | task1=1.213029e-01 | pre=2.180273e-02 | overlap=-0.131074
[step     1340] t/d= 13.400 | task1=1.213029e-01 | pre=2.180273e-02 | overlap=-0.131613
[step     1350] t/d= 13.500 | task1=1.213029e-01 | pre=2.180273e-02 | overlap=-0.131914
[step     1360] t/d= 13.600 | task1=1.213029e-01 | pre=2.180273e-02 | overlap=-0.132407
[step     1370] t/d= 13.700 | task1=1.213029e-01 | pre=2.180273e-02 | overlap=-0.133421
[step     1380] t/d= 13.800 | task1=1.213029e-01 | pre=2.180273e-02 | overlap=-0.134088
[step     1390] t/d= 13.900 | task1=1.213029e-01 | pre=2.180273e-02 | overlap=-0.135420
[step     1400] t/d= 14.000 | task1=1.213029e-01 | pre=2.180273e-02 | overlap=-0.135981
[step     1410] t/d= 14.100 | task1=1.213029e-01 | pre=2.180273e-02 | overlap=-0.136499
[step     1420] t/d= 14.200 | task1=1.213029e-01 | pre=2.180273e-02 | overlap=-0.136668
[step     1430] t/d= 14.300 | task1=1.213029e-01 | pre=2.180273e-02 | overlap=-0.137049
[step     1440] t/d= 14.400 | task1=1.213029e-01 | pre=2.180273e-02 | overlap=-0.137343
[step     1450] t/d= 14.500 | task1=1.213029e-01 | pre=2.180273e-02 | overlap=-0.137457
[step     1460] t/d= 14.600 | task1=1.213029e-01 | pre=2.180273e-02 | overlap=-0.137739
[step     1470] t/d= 14.700 | task1=1.213029e-01 | pre=2.180273e-02 | overlap=-0.139123
[step     1480] t/d= 14.800 | task1=1.213029e-01 | pre=2.180273e-02 | overlap=-0.139432
[step     1490] t/d= 14.900 | task1=1.213029e-01 | pre=2.180273e-02 | overlap=-0.139150
[step     1500] t/d= 15.000 | task1=1.213029e-01 | pre=2.180273e-02 | overlap=-0.139784
[step     1510] t/d= 15.100 | task1=1.213029e-01 | pre=2.180273e-02 | overlap=-0.140137
[step     1520] t/d= 15.200 | task1=1.213029e-01 | pre=2.180273e-02 | overlap=-0.140053
[step     1530] t/d= 15.300 | task1=1.213029e-01 | pre=2.180273e-02 | overlap=-0.140160
[step     1540] t/d= 15.400 | task1=1.213029e-01 | pre=2.180273e-02 | overlap=-0.141030
[step     1550] t/d= 15.500 | task1=1.213029e-01 | pre=2.180273e-02 | overlap=-0.140575
[step     1560] t/d= 15.600 | task1=1.213029e-01 | pre=2.180273e-02 | overlap=-0.140540
[step     1570] t/d= 15.700 | task1=1.213029e-01 | pre=2.180273e-02 | overlap=-0.140665
[step     1580] t/d= 15.800 | task1=1.213029e-01 | pre=2.180273e-02 | overlap=-0.140872
[step     1590] t/d= 15.900 | task1=1.213029e-01 | pre=2.180273e-02 | overlap=-0.140907
[step     1600] t/d= 16.000 | task1=1.213029e-01 | pre=2.180273e-02 | overlap=-0.141160
[step     1610] t/d= 16.100 | task1=1.213029e-01 | pre=2.180273e-02 | overlap=-0.141964
[step     1620] t/d= 16.200 | task1=1.213029e-01 | pre=2.180273e-02 | overlap=-0.142499
[step     1630] t/d= 16.300 | task1=1.213029e-01 | pre=2.180273e-02 | overlap=-0.142518
[step     1640] t/d= 16.400 | task1=1.213029e-01 | pre=2.180273e-02 | overlap=-0.143089
[step     1650] t/d= 16.500 | task1=1.213029e-01 | pre=2.180273e-02 | overlap=-0.144061
[step     1660] t/d= 16.600 | task1=1.213029e-01 | pre=2.180273e-02 | overlap=-0.144250
[step     1670] t/d= 16.700 | task1=1.213029e-01 | pre=2.180273e-02 | overlap=-0.144198
[step     1680] t/d= 16.800 | task1=1.213029e-01 | pre=2.180273e-02 | overlap=-0.145244
[step     1690] t/d= 16.900 | task1=1.213029e-01 | pre=2.180273e-02 | overlap=-0.145505
[step     1700] t/d= 17.000 | task1=1.213029e-01 | pre=2.180273e-02 | overlap=-0.145658
[step     1710] t/d= 17.100 | task1=1.213029e-01 | pre=2.180273e-02 | overlap=-0.146145
[step     1720] t/d= 17.200 | task1=1.213029e-01 | pre=2.180273e-02 | overlap=-0.146440
[step     1730] t/d= 17.300 | task1=1.213029e-01 | pre=2.180273e-02 | overlap=-0.146809
[step     1740] t/d= 17.400 | task1=1.213029e-01 | pre=2.180273e-02 | overlap=-0.146797
[step     1750] t/d= 17.500 | task1=1.213029e-01 | pre=2.180273e-02 | overlap=-0.146753
[step     1760] t/d= 17.600 | task1=1.213029e-01 | pre=2.180273e-02 | overlap=-0.147757
[step     1770] t/d= 17.700 | task1=1.213029e-01 | pre=2.180273e-02 | overlap=-0.148945
[step     1780] t/d= 17.800 | task1=1.213029e-01 | pre=2.180273e-02 | overlap=-0.149271
[step     1790] t/d= 17.900 | task1=1.213029e-01 | pre=2.180273e-02 | overlap=-0.149247
[step     1800] t/d= 18.000 | task1=1.213029e-01 | pre=2.180273e-02 | overlap=-0.149330
[step     1810] t/d= 18.100 | task1=1.213029e-01 | pre=2.180273e-02 | overlap=-0.150363
[step     1820] t/d= 18.200 | task1=1.213029e-01 | pre=2.180273e-02 | overlap=-0.150662
[step     1830] t/d= 18.300 | task1=1.213029e-01 | pre=2.180273e-02 | overlap=-0.151419
[step     1840] t/d= 18.400 | task1=1.213029e-01 | pre=2.180273e-02 | overlap=-0.152326
[step     1850] t/d= 18.500 | task1=1.213029e-01 | pre=2.180273e-02 | overlap=-0.152799
[step     1860] t/d= 18.600 | task1=1.213029e-01 | pre=2.180273e-02 | overlap=-0.153381
[step     1870] t/d= 18.700 | task1=1.213029e-01 | pre=2.180273e-02 | overlap=-0.154386
[step     1880] t/d= 18.800 | task1=1.213029e-01 | pre=2.180273e-02 | overlap=-0.154214
[step     1890] t/d= 18.900 | task1=1.213029e-01 | pre=2.180273e-02 | overlap=-0.154006
[step     1900] t/d= 19.000 | task1=1.213029e-01 | pre=2.180273e-02 | overlap=-0.153718
[step     1910] t/d= 19.100 | task1=1.213029e-01 | pre=2.180273e-02 | overlap=-0.153226
[step     1920] t/d= 19.200 | task1=1.213029e-01 | pre=2.180273e-02 | overlap=-0.154090
[step     1930] t/d= 19.300 | task1=1.213029e-01 | pre=2.180273e-02 | overlap=-0.154336
[step     1940] t/d= 19.400 | task1=1.213029e-01 | pre=2.180273e-02 | overlap=-0.155250
[step     1950] t/d= 19.500 | task1=1.213029e-01 | pre=2.180273e-02 | overlap=-0.155770
[step     1960] t/d= 19.600 | task1=1.213029e-01 | pre=2.180273e-02 | overlap=-0.155283
[step     1970] t/d= 19.700 | task1=1.213029e-01 | pre=2.180273e-02 | overlap=-0.155463
[step     1980] t/d= 19.800 | task1=1.213029e-01 | pre=2.180273e-02 | overlap=-0.155499
[step     1990] t/d= 19.900 | task1=1.213029e-01 | pre=2.180273e-02 | overlap=-0.155694
[step     2000] t/d= 20.000 | task1=1.213029e-01 | pre=2.180273e-02 | overlap=-0.156206
[step     2010] t/d= 20.100 | task1=1.213029e-01 | pre=2.180273e-02 | overlap=-0.156042
[step     2020] t/d= 20.200 | task1=1.213029e-01 | pre=2.180273e-02 | overlap=-0.156289
[step     2030] t/d= 20.300 | task1=1.213029e-01 | pre=2.180273e-02 | overlap=-0.157418
[step     2040] t/d= 20.400 | task1=1.213029e-01 | pre=2.180273e-02 | overlap=-0.158261
[step     2050] t/d= 20.500 | task1=1.213029e-01 | pre=2.180273e-02 | overlap=-0.159065
[step     2060] t/d= 20.600 | task1=1.213029e-01 | pre=2.180273e-02 | overlap=-0.159240
[step     2070] t/d= 20.700 | task1=1.213029e-01 | pre=2.180273e-02 | overlap=-0.160132
[step     2080] t/d= 20.800 | task1=1.213029e-01 | pre=2.180273e-02 | overlap=-0.160061
[step     2090] t/d= 20.900 | task1=1.213029e-01 | pre=2.180273e-02 | overlap=-0.161158
[step     2100] t/d= 21.000 | task1=1.213029e-01 | pre=2.180273e-02 | overlap=-0.161567
[step     2110] t/d= 21.100 | task1=1.213029e-01 | pre=2.180273e-02 | overlap=-0.161759
[step     2120] t/d= 21.200 | task1=1.213029e-01 | pre=2.180273e-02 | overlap=-0.161803
[step     2130] t/d= 21.300 | task1=1.213029e-01 | pre=2.180273e-02 | overlap=-0.162312
[step     2140] t/d= 21.400 | task1=1.213029e-01 | pre=2.180273e-02 | overlap=-0.162366
[step     2150] t/d= 21.500 | task1=1.213029e-01 | pre=2.180273e-02 | overlap=-0.162343
[step     2160] t/d= 21.600 | task1=1.213029e-01 | pre=2.180273e-02 | overlap=-0.162635
[step     2170] t/d= 21.700 | task1=1.213029e-01 | pre=2.180273e-02 | overlap=-0.163399
[step     2180] t/d= 21.800 | task1=1.213029e-01 | pre=2.180273e-02 | overlap=-0.163090
[step     2190] t/d= 21.900 | task1=1.213029e-01 | pre=2.180273e-02 | overlap=-0.163381
[step     2200] t/d= 22.000 | task1=1.213029e-01 | pre=2.180273e-02 | overlap=-0.164335
[step     2210] t/d= 22.100 | task1=1.213029e-01 | pre=2.180273e-02 | overlap=-0.164655
[step     2220] t/d= 22.200 | task1=1.213029e-01 | pre=2.180273e-02 | overlap=-0.165069
[step     2230] t/d= 22.300 | task1=1.213029e-01 | pre=2.180273e-02 | overlap=-0.164533
[step     2240] t/d= 22.400 | task1=1.213029e-01 | pre=2.180273e-02 | overlap=-0.165273
[step     2250] t/d= 22.500 | task1=1.213029e-01 | pre=2.180273e-02 | overlap=-0.165583
[step     2260] t/d= 22.600 | task1=1.213029e-01 | pre=2.180273e-02 | overlap=-0.165913
[step     2270] t/d= 22.700 | task1=1.213029e-01 | pre=2.180273e-02 | overlap=-0.166190
[step     2280] t/d= 22.800 | task1=1.213029e-01 | pre=2.180273e-02 | overlap=-0.166902
[step     2290] t/d= 22.900 | task1=1.213029e-01 | pre=2.180273e-02 | overlap=-0.167079
[step     2300] t/d= 23.000 | task1=1.213029e-01 | pre=2.180273e-02 | overlap=-0.167457
[step     2310] t/d= 23.100 | task1=1.213029e-01 | pre=2.180273e-02 | overlap=-0.168079
[step     2320] t/d= 23.200 | task1=1.213029e-01 | pre=2.180273e-02 | overlap=-0.168147
[step     2330] t/d= 23.300 | task1=1.213029e-01 | pre=2.180273e-02 | overlap=-0.168187
[step     2340] t/d= 23.400 | task1=1.213029e-01 | pre=2.180273e-02 | overlap=-0.168072
[step     2350] t/d= 23.500 | task1=1.213029e-01 | pre=2.180273e-02 | overlap=-0.168691
[step     2360] t/d= 23.600 | task1=1.213029e-01 | pre=2.180273e-02 | overlap=-0.169147
[step     2370] t/d= 23.700 | task1=1.213029e-01 | pre=2.180273e-02 | overlap=-0.169588
[step     2380] t/d= 23.800 | task1=1.213029e-01 | pre=2.180273e-02 | overlap=-0.170467
[step     2390] t/d= 23.900 | task1=1.213029e-01 | pre=2.180273e-02 | overlap=-0.170531
[step     2400] t/d= 24.000 | task1=1.213029e-01 | pre=2.180273e-02 | overlap=-0.171116
[step     2410] t/d= 24.100 | task1=1.213029e-01 | pre=2.180273e-02 | overlap=-0.171239
[step     2420] t/d= 24.200 | task1=1.213029e-01 | pre=2.180273e-02 | overlap=-0.171625
[step     2430] t/d= 24.300 | task1=1.213029e-01 | pre=2.180273e-02 | overlap=-0.172356
[step     2440] t/d= 24.400 | task1=1.213029e-01 | pre=2.180273e-02 | overlap=-0.172971
[step     2450] t/d= 24.500 | task1=1.213029e-01 | pre=2.180273e-02 | overlap=-0.172739
[step     2460] t/d= 24.600 | task1=1.213029e-01 | pre=2.180273e-02 | overlap=-0.172536
[step     2470] t/d= 24.700 | task1=1.213029e-01 | pre=2.180273e-02 | overlap=-0.172962
[step     2480] t/d= 24.800 | task1=1.213029e-01 | pre=2.180273e-02 | overlap=-0.173975
[step     2490] t/d= 24.900 | task1=1.213029e-01 | pre=2.180273e-02 | overlap=-0.174539
[step     2500] t/d= 25.000 | task1=1.213029e-01 | pre=2.180273e-02 | overlap=-0.174439
[step     2510] t/d= 25.100 | task1=1.213029e-01 | pre=2.180273e-02 | overlap=-0.174600
[step     2520] t/d= 25.200 | task1=1.213029e-01 | pre=2.180273e-02 | overlap=-0.174768
[step     2530] t/d= 25.300 | task1=1.213029e-01 | pre=2.180273e-02 | overlap=-0.175465
[step     2540] t/d= 25.400 | task1=1.213029e-01 | pre=2.180273e-02 | overlap=-0.176935
[step     2550] t/d= 25.500 | task1=1.213029e-01 | pre=2.180273e-02 | overlap=-0.177444
[step     2560] t/d= 25.600 | task1=1.213029e-01 | pre=2.180273e-02 | overlap=-0.177802
[step     2570] t/d= 25.700 | task1=1.213029e-01 | pre=2.180273e-02 | overlap=-0.178118
[step     2580] t/d= 25.800 | task1=1.213029e-01 | pre=2.180273e-02 | overlap=-0.178073
[step     2590] t/d= 25.900 | task1=1.213029e-01 | pre=2.180273e-02 | overlap=-0.178738
[step     2600] t/d= 26.000 | task1=1.213029e-01 | pre=2.180273e-02 | overlap=-0.178793
[step     2610] t/d= 26.100 | task1=1.213029e-01 | pre=2.180273e-02 | overlap=-0.178492
[step     2620] t/d= 26.200 | task1=1.213029e-01 | pre=2.180273e-02 | overlap=-0.179184
[step     2630] t/d= 26.300 | task1=1.213029e-01 | pre=2.180273e-02 | overlap=-0.179967
[step     2640] t/d= 26.400 | task1=1.213029e-01 | pre=2.180273e-02 | overlap=-0.180349
[step     2650] t/d= 26.500 | task1=1.213029e-01 | pre=2.180273e-02 | overlap=-0.181013
[step     2660] t/d= 26.600 | task1=1.213029e-01 | pre=2.180273e-02 | overlap=-0.182218
[step     2670] t/d= 26.700 | task1=1.213029e-01 | pre=2.180273e-02 | overlap=-0.181875
[step     2680] t/d= 26.800 | task1=1.213029e-01 | pre=2.180273e-02 | overlap=-0.182124
[step     2690] t/d= 26.900 | task1=1.213029e-01 | pre=2.180273e-02 | overlap=-0.182906
[step     2700] t/d= 27.000 | task1=1.213029e-01 | pre=2.180273e-02 | overlap=-0.184021
[step     2710] t/d= 27.100 | task1=1.213029e-01 | pre=2.180273e-02 | overlap=-0.184261
[step     2720] t/d= 27.200 | task1=1.213029e-01 | pre=2.180273e-02 | overlap=-0.184583
[step     2730] t/d= 27.300 | task1=1.213029e-01 | pre=2.180273e-02 | overlap=-0.185209
[step     2740] t/d= 27.400 | task1=1.213029e-01 | pre=2.180273e-02 | overlap=-0.185726
[step     2750] t/d= 27.500 | task1=1.213029e-01 | pre=2.180273e-02 | overlap=-0.185984
[step     2760] t/d= 27.600 | task1=1.213029e-01 | pre=2.180273e-02 | overlap=-0.186946
[step     2770] t/d= 27.700 | task1=1.213029e-01 | pre=2.180273e-02 | overlap=-0.187742
[step     2780] t/d= 27.800 | task1=1.213029e-01 | pre=2.180273e-02 | overlap=-0.188159
[step     2790] t/d= 27.900 | task1=1.213029e-01 | pre=2.180273e-02 | overlap=-0.188543
[step     2800] t/d= 28.000 | task1=1.213029e-01 | pre=2.180273e-02 | overlap=-0.189153
[step     2810] t/d= 28.100 | task1=1.213029e-01 | pre=2.180273e-02 | overlap=-0.189371
[step     2820] t/d= 28.200 | task1=1.213029e-01 | pre=2.180273e-02 | overlap=-0.189714
[step     2830] t/d= 28.300 | task1=1.213029e-01 | pre=2.180273e-02 | overlap=-0.190490
[step     2840] t/d= 28.400 | task1=1.213029e-01 | pre=2.180273e-02 | overlap=-0.191007
[step     2850] t/d= 28.500 | task1=1.213029e-01 | pre=2.180273e-02 | overlap=-0.191201
[step     2860] t/d= 28.600 | task1=1.213029e-01 | pre=2.180273e-02 | overlap=-0.192340
[step     2870] t/d= 28.700 | task1=1.213029e-01 | pre=2.180273e-02 | overlap=-0.193168
[step     2880] t/d= 28.800 | task1=1.213029e-01 | pre=2.180273e-02 | overlap=-0.194271
[step     2890] t/d= 28.900 | task1=1.213029e-01 | pre=2.180273e-02 | overlap=-0.195371
[step     2900] t/d= 29.000 | task1=1.213029e-01 | pre=2.180273e-02 | overlap=-0.196305
[step     2910] t/d= 29.100 | task1=1.213029e-01 | pre=2.180273e-02 | overlap=-0.196974
[step     2920] t/d= 29.200 | task1=1.213029e-01 | pre=2.180273e-02 | overlap=-0.197274
[step     2930] t/d= 29.300 | task1=1.213029e-01 | pre=2.180273e-02 | overlap=-0.198176
[step     2940] t/d= 29.400 | task1=1.213029e-01 | pre=2.180273e-02 | overlap=-0.198651
[step     2950] t/d= 29.500 | task1=1.213029e-01 | pre=2.180273e-02 | overlap=-0.199069
[step     2960] t/d= 29.600 | task1=1.213029e-01 | pre=2.180273e-02 | overlap=-0.199196
[step     2970] t/d= 29.700 | task1=1.213029e-01 | pre=2.180273e-02 | overlap=-0.199286
[step     2980] t/d= 29.800 | task1=1.213029e-01 | pre=2.180273e-02 | overlap=-0.199722
[step     2990] t/d= 29.900 | task1=1.213029e-01 | pre=2.180273e-02 | overlap=-0.199565
[step     3000] t/d= 30.000 | task1=1.213029e-01 | pre=2.180273e-02 | overlap=-0.200241
[step     3010] t/d= 30.100 | task1=1.213029e-01 | pre=2.180273e-02 | overlap=-0.200961
[step     3020] t/d= 30.200 | task1=1.213029e-01 | pre=2.180273e-02 | overlap=-0.201628
[step     3030] t/d= 30.300 | task1=1.213029e-01 | pre=2.180273e-02 | overlap=-0.202026
[step     3040] t/d= 30.400 | task1=1.213029e-01 | pre=2.180273e-02 | overlap=-0.201957
[step     3050] t/d= 30.500 | task1=1.213029e-01 | pre=2.180273e-02 | overlap=-0.203215
[step     3060] t/d= 30.600 | task1=1.213029e-01 | pre=2.180273e-02 | overlap=-0.204096
[step     3070] t/d= 30.700 | task1=1.213029e-01 | pre=2.180273e-02 | overlap=-0.204627
[step     3080] t/d= 30.800 | task1=1.213029e-01 | pre=2.180273e-02 | overlap=-0.204981
[step     3090] t/d= 30.900 | task1=1.213029e-01 | pre=2.180273e-02 | overlap=-0.205205
[step     3100] t/d= 31.000 | task1=1.213029e-01 | pre=2.180273e-02 | overlap=-0.205775
[step     3110] t/d= 31.100 | task1=1.213029e-01 | pre=2.180273e-02 | overlap=-0.205850
[step     3120] t/d= 31.200 | task1=1.213029e-01 | pre=2.180273e-02 | overlap=-0.206770
[step     3130] t/d= 31.300 | task1=1.213029e-01 | pre=2.180273e-02 | overlap=-0.207228
[step     3140] t/d= 31.400 | task1=1.213029e-01 | pre=2.180273e-02 | overlap=-0.207444
[step     3150] t/d= 31.500 | task1=1.213029e-01 | pre=2.180273e-02 | overlap=-0.208254
[step     3160] t/d= 31.600 | task1=1.213029e-01 | pre=2.180273e-02 | overlap=-0.209023
[step     3170] t/d= 31.700 | task1=1.213029e-01 | pre=2.180273e-02 | overlap=-0.209737
[step     3180] t/d= 31.800 | task1=1.213029e-01 | pre=2.180273e-02 | overlap=-0.210406
[step     3190] t/d= 31.900 | task1=1.213029e-01 | pre=2.180273e-02 | overlap=-0.210883
[step     3200] t/d= 32.000 | task1=1.213029e-01 | pre=2.180273e-02 | overlap=-0.211370
[step     3210] t/d= 32.100 | task1=1.213029e-01 | pre=2.180273e-02 | overlap=-0.211602
[step     3220] t/d= 32.200 | task1=1.213029e-01 | pre=2.180273e-02 | overlap=-0.212627
[step     3230] t/d= 32.300 | task1=1.213029e-01 | pre=2.180273e-02 | overlap=-0.214043
[step     3240] t/d= 32.400 | task1=1.213029e-01 | pre=2.180273e-02 | overlap=-0.213908
[step     3250] t/d= 32.500 | task1=1.213029e-01 | pre=2.180273e-02 | overlap=-0.214058
[step     3260] t/d= 32.600 | task1=1.213029e-01 | pre=2.180273e-02 | overlap=-0.214231
[step     3270] t/d= 32.700 | task1=1.213029e-01 | pre=2.180273e-02 | overlap=-0.214519
[step     3280] t/d= 32.800 | task1=1.213029e-01 | pre=2.180273e-02 | overlap=-0.214799
[step     3290] t/d= 32.900 | task1=1.213029e-01 | pre=2.180273e-02 | overlap=-0.214880
[step     3300] t/d= 33.000 | task1=1.213029e-01 | pre=2.180273e-02 | overlap=-0.215164
[step     3310] t/d= 33.100 | task1=1.213029e-01 | pre=2.180273e-02 | overlap=-0.215374
[step     3320] t/d= 33.200 | task1=1.213029e-01 | pre=2.180273e-02 | overlap=-0.216791
[step     3330] t/d= 33.300 | task1=1.213029e-01 | pre=2.180273e-02 | overlap=-0.217691
[step     3340] t/d= 33.400 | task1=1.213029e-01 | pre=2.180273e-02 | overlap=-0.217854
[step     3350] t/d= 33.500 | task1=1.213029e-01 | pre=2.180273e-02 | overlap=-0.217352
[step     3360] t/d= 33.600 | task1=1.213029e-01 | pre=2.180273e-02 | overlap=-0.217905
[step     3370] t/d= 33.700 | task1=1.213029e-01 | pre=2.180273e-02 | overlap=-0.217872
[step     3380] t/d= 33.800 | task1=1.213029e-01 | pre=2.180273e-02 | overlap=-0.218332
[step     3390] t/d= 33.900 | task1=1.213029e-01 | pre=2.180273e-02 | overlap=-0.218751
[step     3400] t/d= 34.000 | task1=1.213029e-01 | pre=2.180273e-02 | overlap=-0.219680
[step     3410] t/d= 34.100 | task1=1.213029e-01 | pre=2.180273e-02 | overlap=-0.220319
[step     3420] t/d= 34.200 | task1=1.213029e-01 | pre=2.180273e-02 | overlap=-0.220243
[step     3430] t/d= 34.300 | task1=1.213029e-01 | pre=2.180273e-02 | overlap=-0.220206
[step     3440] t/d= 34.400 | task1=1.213029e-01 | pre=2.180273e-02 | overlap=-0.220369
[step     3450] t/d= 34.500 | task1=1.213029e-01 | pre=2.180273e-02 | overlap=-0.220873
[step     3460] t/d= 34.600 | task1=1.213029e-01 | pre=2.180273e-02 | overlap=-0.221676
[step     3470] t/d= 34.700 | task1=1.213029e-01 | pre=2.180273e-02 | overlap=-0.222004
[step     3480] t/d= 34.800 | task1=1.213029e-01 | pre=2.180273e-02 | overlap=-0.222430
[step     3490] t/d= 34.900 | task1=1.213029e-01 | pre=2.180273e-02 | overlap=-0.222878
[step     3500] t/d= 35.000 | task1=1.213029e-01 | pre=2.180273e-02 | overlap=-0.223148
[step     3510] t/d= 35.100 | task1=1.213029e-01 | pre=2.180273e-02 | overlap=-0.223714
[step     3520] t/d= 35.200 | task1=1.213029e-01 | pre=2.180273e-02 | overlap=-0.224240
[step     3530] t/d= 35.300 | task1=1.213029e-01 | pre=2.180273e-02 | overlap=-0.224231
[step     3540] t/d= 35.400 | task1=1.213029e-01 | pre=2.180273e-02 | overlap=-0.224216
[step     3550] t/d= 35.500 | task1=1.213029e-01 | pre=2.180273e-02 | overlap=-0.224515
[step     3560] t/d= 35.600 | task1=1.213029e-01 | pre=2.180273e-02 | overlap=-0.224779
[step     3570] t/d= 35.700 | task1=1.213029e-01 | pre=2.180273e-02 | overlap=-0.226152
[step     3580] t/d= 35.800 | task1=1.213029e-01 | pre=2.180273e-02 | overlap=-0.226998
[step     3590] t/d= 35.900 | task1=1.213029e-01 | pre=2.180273e-02 | overlap=-0.227904
[step     3600] t/d= 36.000 | task1=1.213029e-01 | pre=2.180273e-02 | overlap=-0.228244
[step     3610] t/d= 36.100 | task1=1.213029e-01 | pre=2.180273e-02 | overlap=-0.228276
[step     3620] t/d= 36.200 | task1=1.213029e-01 | pre=2.180273e-02 | overlap=-0.229309
[step     3630] t/d= 36.300 | task1=1.213029e-01 | pre=2.180273e-02 | overlap=-0.229632
[step     3640] t/d= 36.400 | task1=1.213029e-01 | pre=2.180273e-02 | overlap=-0.230434
[step     3650] t/d= 36.500 | task1=1.213029e-01 | pre=2.180273e-02 | overlap=-0.231510
[step     3660] t/d= 36.600 | task1=1.213029e-01 | pre=2.180273e-02 | overlap=-0.232316
[step     3670] t/d= 36.700 | task1=1.213029e-01 | pre=2.180273e-02 | overlap=-0.232640
[step     3680] t/d= 36.800 | task1=1.213029e-01 | pre=2.180273e-02 | overlap=-0.232529
[step     3690] t/d= 36.900 | task1=1.213029e-01 | pre=2.180273e-02 | overlap=-0.233322
[step     3700] t/d= 37.000 | task1=1.213029e-01 | pre=2.180273e-02 | overlap=-0.234432
[step     3710] t/d= 37.100 | task1=1.213029e-01 | pre=2.180273e-02 | overlap=-0.235549
[step     3720] t/d= 37.200 | task1=1.213029e-01 | pre=2.180273e-02 | overlap=-0.235846
[step     3730] t/d= 37.300 | task1=1.213029e-01 | pre=2.180273e-02 | overlap=-0.236975
[step     3740] t/d= 37.400 | task1=1.213029e-01 | pre=2.180273e-02 | overlap=-0.237450
[step     3750] t/d= 37.500 | task1=1.213029e-01 | pre=2.180273e-02 | overlap=-0.238142
[step     3760] t/d= 37.600 | task1=1.213029e-01 | pre=2.180273e-02 | overlap=-0.237849
[step     3770] t/d= 37.700 | task1=1.213029e-01 | pre=2.180273e-02 | overlap=-0.237945
[step     3780] t/d= 37.800 | task1=1.213029e-01 | pre=2.180273e-02 | overlap=-0.238502
[step     3790] t/d= 37.900 | task1=1.213029e-01 | pre=2.180273e-02 | overlap=-0.239429
[step     3800] t/d= 38.000 | task1=1.213029e-01 | pre=2.180273e-02 | overlap=-0.240257
[step     3810] t/d= 38.100 | task1=1.213029e-01 | pre=2.180273e-02 | overlap=-0.240409
[step     3820] t/d= 38.200 | task1=1.213029e-01 | pre=2.180273e-02 | overlap=-0.240102
[step     3830] t/d= 38.300 | task1=1.213029e-01 | pre=2.180273e-02 | overlap=-0.241224
[step     3840] t/d= 38.400 | task1=1.213029e-01 | pre=2.180273e-02 | overlap=-0.242111
[step     3850] t/d= 38.500 | task1=1.213029e-01 | pre=2.180273e-02 | overlap=-0.242393
[step     3860] t/d= 38.600 | task1=1.213029e-01 | pre=2.180273e-02 | overlap=-0.243589
[step     3870] t/d= 38.700 | task1=1.213029e-01 | pre=2.180273e-02 | overlap=-0.244186
[step     3880] t/d= 38.800 | task1=1.213029e-01 | pre=2.180273e-02 | overlap=-0.245223
[step     3890] t/d= 38.900 | task1=1.213029e-01 | pre=2.180273e-02 | overlap=-0.245630
[step     3900] t/d= 39.000 | task1=1.213029e-01 | pre=2.180273e-02 | overlap=-0.246518
[step     3910] t/d= 39.100 | task1=1.213029e-01 | pre=2.180273e-02 | overlap=-0.246814
[step     3920] t/d= 39.200 | task1=1.213029e-01 | pre=2.180273e-02 | overlap=-0.247452
[step     3930] t/d= 39.300 | task1=1.213029e-01 | pre=2.180273e-02 | overlap=-0.248076
[step     3940] t/d= 39.400 | task1=1.213029e-01 | pre=2.180273e-02 | overlap=-0.248240
[step     3950] t/d= 39.500 | task1=1.213029e-01 | pre=2.180273e-02 | overlap=-0.249558
[step     3960] t/d= 39.600 | task1=1.213029e-01 | pre=2.180273e-02 | overlap=-0.249818
[step     3970] t/d= 39.700 | task1=1.213029e-01 | pre=2.180273e-02 | overlap=-0.249561
[step     3980] t/d= 39.800 | task1=1.213029e-01 | pre=2.180273e-02 | overlap=-0.250327
[step     3990] t/d= 39.900 | task1=1.213029e-01 | pre=2.180273e-02 | overlap=-0.251650
[step     4000] t/d= 40.000 | task1=1.213029e-01 | pre=2.180273e-02 | overlap=-0.251720
[step     4010] t/d= 40.100 | task1=1.213029e-01 | pre=2.180273e-02 | overlap=-0.252472
[step     4020] t/d= 40.200 | task1=1.213029e-01 | pre=2.180273e-02 | overlap=-0.253875
[step     4030] t/d= 40.300 | task1=1.213029e-01 | pre=2.180273e-02 | overlap=-0.253878
[step     4040] t/d= 40.400 | task1=1.213029e-01 | pre=2.180273e-02 | overlap=-0.254265
[step     4050] t/d= 40.500 | task1=1.213029e-01 | pre=2.180273e-02 | overlap=-0.254803
[step     4060] t/d= 40.600 | task1=1.213029e-01 | pre=2.180273e-02 | overlap=-0.255290
[step     4070] t/d= 40.700 | task1=1.213029e-01 | pre=2.180273e-02 | overlap=-0.256143
[step     4080] t/d= 40.800 | task1=1.213029e-01 | pre=2.180273e-02 | overlap=-0.256763
[step     4090] t/d= 40.900 | task1=1.213029e-01 | pre=2.180273e-02 | overlap=-0.257345
[step     4100] t/d= 41.000 | task1=1.213029e-01 | pre=2.180273e-02 | overlap=-0.258556
[step     4110] t/d= 41.100 | task1=1.213029e-01 | pre=2.180273e-02 | overlap=-0.258848
[step     4120] t/d= 41.200 | task1=1.213029e-01 | pre=2.180273e-02 | overlap=-0.259241
[step     4130] t/d= 41.300 | task1=1.213029e-01 | pre=2.180273e-02 | overlap=-0.259609
[step     4140] t/d= 41.400 | task1=1.213029e-01 | pre=2.180273e-02 | overlap=-0.260806
[step     4150] t/d= 41.500 | task1=1.213029e-01 | pre=2.180273e-02 | overlap=-0.261205
[step     4160] t/d= 41.600 | task1=1.213029e-01 | pre=2.180273e-02 | overlap=-0.261213
[step     4170] t/d= 41.700 | task1=1.213029e-01 | pre=2.180273e-02 | overlap=-0.260855
[step     4180] t/d= 41.800 | task1=1.213029e-01 | pre=2.180273e-02 | overlap=-0.261116
[step     4190] t/d= 41.900 | task1=1.213029e-01 | pre=2.180273e-02 | overlap=-0.262527
[step     4200] t/d= 42.000 | task1=1.213029e-01 | pre=2.180273e-02 | overlap=-0.263635
[step     4210] t/d= 42.100 | task1=1.213029e-01 | pre=2.180273e-02 | overlap=-0.263586
[step     4220] t/d= 42.200 | task1=1.213029e-01 | pre=2.180273e-02 | overlap=-0.263455
[step     4230] t/d= 42.300 | task1=1.213029e-01 | pre=2.180273e-02 | overlap=-0.263415
[step     4240] t/d= 42.400 | task1=1.213029e-01 | pre=2.180273e-02 | overlap=-0.263858
[step     4250] t/d= 42.500 | task1=1.213029e-01 | pre=2.180273e-02 | overlap=-0.263895
[step     4260] t/d= 42.600 | task1=1.213029e-01 | pre=2.180273e-02 | overlap=-0.264919
[step     4270] t/d= 42.700 | task1=1.213029e-01 | pre=2.180273e-02 | overlap=-0.265261
[step     4280] t/d= 42.800 | task1=1.213029e-01 | pre=2.180273e-02 | overlap=-0.266362
[step     4290] t/d= 42.900 | task1=1.213029e-01 | pre=2.180273e-02 | overlap=-0.266931
[step     4300] t/d= 43.000 | task1=1.213029e-01 | pre=2.180273e-02 | overlap=-0.266633
[step     4310] t/d= 43.100 | task1=1.213029e-01 | pre=2.180273e-02 | overlap=-0.266750
[step     4320] t/d= 43.200 | task1=1.213029e-01 | pre=2.180273e-02 | overlap=-0.267505
[step     4330] t/d= 43.300 | task1=1.213029e-01 | pre=2.180273e-02 | overlap=-0.267526
[step     4340] t/d= 43.400 | task1=1.213029e-01 | pre=2.180273e-02 | overlap=-0.268054
[step     4350] t/d= 43.500 | task1=1.213029e-01 | pre=2.180273e-02 | overlap=-0.268723
[step     4360] t/d= 43.600 | task1=1.213029e-01 | pre=2.180273e-02 | overlap=-0.269329
[step     4370] t/d= 43.700 | task1=1.213029e-01 | pre=2.180273e-02 | overlap=-0.269909
[step     4380] t/d= 43.800 | task1=1.213029e-01 | pre=2.180273e-02 | overlap=-0.271116
[step     4390] t/d= 43.900 | task1=1.213029e-01 | pre=2.180273e-02 | overlap=-0.271489
[step     4400] t/d= 44.000 | task1=1.213029e-01 | pre=2.180273e-02 | overlap=-0.271733
[step     4410] t/d= 44.100 | task1=1.213029e-01 | pre=2.180273e-02 | overlap=-0.272599
[step     4420] t/d= 44.200 | task1=1.213029e-01 | pre=2.180273e-02 | overlap=-0.272859
[step     4430] t/d= 44.300 | task1=1.213029e-01 | pre=2.180273e-02 | overlap=-0.273204
[step     4440] t/d= 44.400 | task1=1.213029e-01 | pre=2.180273e-02 | overlap=-0.273422
[step     4450] t/d= 44.500 | task1=1.213029e-01 | pre=2.180273e-02 | overlap=-0.274008
[step     4460] t/d= 44.600 | task1=1.213029e-01 | pre=2.180273e-02 | overlap=-0.273291
[step     4470] t/d= 44.700 | task1=1.213029e-01 | pre=2.180273e-02 | overlap=-0.274581
[step     4480] t/d= 44.800 | task1=1.213029e-01 | pre=2.180273e-02 | overlap=-0.275151
[step     4490] t/d= 44.900 | task1=1.213029e-01 | pre=2.180273e-02 | overlap=-0.275937
[step     4500] t/d= 45.000 | task1=1.213029e-01 | pre=2.180273e-02 | overlap=-0.276992
[step     4510] t/d= 45.100 | task1=1.213029e-01 | pre=2.180273e-02 | overlap=-0.277649
[step     4520] t/d= 45.200 | task1=1.213029e-01 | pre=2.180273e-02 | overlap=-0.277975
[step     4530] t/d= 45.300 | task1=1.213029e-01 | pre=2.180273e-02 | overlap=-0.278986
[step     4540] t/d= 45.400 | task1=1.213029e-01 | pre=2.180273e-02 | overlap=-0.280081
[step     4550] t/d= 45.500 | task1=1.213029e-01 | pre=2.180273e-02 | overlap=-0.280277
[step     4560] t/d= 45.600 | task1=1.213029e-01 | pre=2.180273e-02 | overlap=-0.281166
[step     4570] t/d= 45.700 | task1=1.213029e-01 | pre=2.180273e-02 | overlap=-0.281907
[step     4580] t/d= 45.800 | task1=1.213029e-01 | pre=2.180273e-02 | overlap=-0.282089
[step     4590] t/d= 45.900 | task1=1.213029e-01 | pre=2.180273e-02 | overlap=-0.282579
[step     4600] t/d= 46.000 | task1=1.213029e-01 | pre=2.180273e-02 | overlap=-0.282925
[step     4610] t/d= 46.100 | task1=1.213029e-01 | pre=2.180273e-02 | overlap=-0.283607
[step     4620] t/d= 46.200 | task1=1.213029e-01 | pre=2.180273e-02 | overlap=-0.284594
[step     4630] t/d= 46.300 | task1=1.213029e-01 | pre=2.180273e-02 | overlap=-0.285210
[step     4640] t/d= 46.400 | task1=1.213029e-01 | pre=2.180273e-02 | overlap=-0.286636
[step     4650] t/d= 46.500 | task1=1.213029e-01 | pre=2.180273e-02 | overlap=-0.288041
[step     4660] t/d= 46.600 | task1=1.213029e-01 | pre=2.180273e-02 | overlap=-0.288329
[step     4670] t/d= 46.700 | task1=1.213029e-01 | pre=2.180273e-02 | overlap=-0.288800
[step     4680] t/d= 46.800 | task1=1.213029e-01 | pre=2.180273e-02 | overlap=-0.289242
[step     4690] t/d= 46.900 | task1=1.213029e-01 | pre=2.180273e-02 | overlap=-0.290187
[step     4700] t/d= 47.000 | task1=1.213029e-01 | pre=2.180273e-02 | overlap=-0.290455
[step     4710] t/d= 47.100 | task1=1.213029e-01 | pre=2.180273e-02 | overlap=-0.291216
[step     4720] t/d= 47.200 | task1=1.213029e-01 | pre=2.180273e-02 | overlap=-0.291426
[step     4730] t/d= 47.300 | task1=1.213029e-01 | pre=2.180273e-02 | overlap=-0.292265
[step     4740] t/d= 47.400 | task1=1.213029e-01 | pre=2.180273e-02 | overlap=-0.292900
[step     4750] t/d= 47.500 | task1=1.213029e-01 | pre=2.180273e-02 | overlap=-0.293611
[step     4760] t/d= 47.600 | task1=1.213029e-01 | pre=2.180273e-02 | overlap=-0.294446
[step     4770] t/d= 47.700 | task1=1.213029e-01 | pre=2.180273e-02 | overlap=-0.294973
[step     4780] t/d= 47.800 | task1=1.213029e-01 | pre=2.180273e-02 | overlap=-0.295683
[step     4790] t/d= 47.900 | task1=1.213029e-01 | pre=2.180273e-02 | overlap=-0.295978
[step     4800] t/d= 48.000 | task1=1.213029e-01 | pre=2.180273e-02 | overlap=-0.297083
[step     4810] t/d= 48.100 | task1=1.213029e-01 | pre=2.180273e-02 | overlap=-0.298382
[step     4820] t/d= 48.200 | task1=1.213029e-01 | pre=2.180273e-02 | overlap=-0.298415
[step     4830] t/d= 48.300 | task1=1.213029e-01 | pre=2.180273e-02 | overlap=-0.298502
[step     4840] t/d= 48.400 | task1=1.213029e-01 | pre=2.180273e-02 | overlap=-0.298512
[step     4850] t/d= 48.500 | task1=1.213029e-01 | pre=2.180273e-02 | overlap=-0.298669
[step     4860] t/d= 48.600 | task1=1.213029e-01 | pre=2.180273e-02 | overlap=-0.299267
[step     4870] t/d= 48.700 | task1=1.213029e-01 | pre=2.180273e-02 | overlap=-0.299755
[step     4880] t/d= 48.800 | task1=1.213029e-01 | pre=2.180273e-02 | overlap=-0.300311
[step     4890] t/d= 48.900 | task1=1.213029e-01 | pre=2.180273e-02 | overlap=-0.301341
[step     4900] t/d= 49.000 | task1=1.213029e-01 | pre=2.180273e-02 | overlap=-0.301917
[step     4910] t/d= 49.100 | task1=1.213029e-01 | pre=2.180273e-02 | overlap=-0.302791
[step     4920] t/d= 49.200 | task1=1.213029e-01 | pre=2.180273e-02 | overlap=-0.303084
[step     4930] t/d= 49.300 | task1=1.213029e-01 | pre=2.180273e-02 | overlap=-0.303136
[step     4940] t/d= 49.400 | task1=1.213029e-01 | pre=2.180273e-02 | overlap=-0.304191
[step     4950] t/d= 49.500 | task1=1.213029e-01 | pre=2.180273e-02 | overlap=-0.303957
[step     4960] t/d= 49.600 | task1=1.213029e-01 | pre=2.180273e-02 | overlap=-0.304277
[step     4970] t/d= 49.700 | task1=1.213029e-01 | pre=2.180273e-02 | overlap=-0.304286
[step     4980] t/d= 49.800 | task1=1.213029e-01 | pre=2.180273e-02 | overlap=-0.305149
[step     4990] t/d= 49.900 | task1=1.213029e-01 | pre=2.180273e-02 | overlap=-0.306379
[step     5000] t/d= 50.000 | task1=1.213029e-01 | pre=2.180273e-02 | overlap=-0.306848
[step     5010] t/d= 50.100 | task1=1.213029e-01 | pre=2.180273e-02 | overlap=-0.307584
[step     5020] t/d= 50.200 | task1=1.213029e-01 | pre=2.180273e-02 | overlap=-0.307957
[step     5030] t/d= 50.300 | task1=1.213029e-01 | pre=2.180273e-02 | overlap=-0.308767
[step     5040] t/d= 50.400 | task1=1.213029e-01 | pre=2.180273e-02 | overlap=-0.309930
[step     5050] t/d= 50.500 | task1=1.213029e-01 | pre=2.180273e-02 | overlap=-0.310700
[step     5060] t/d= 50.600 | task1=1.213029e-01 | pre=2.180273e-02 | overlap=-0.311062
[step     5070] t/d= 50.700 | task1=1.213029e-01 | pre=2.180273e-02 | overlap=-0.312065
[step     5080] t/d= 50.800 | task1=1.213029e-01 | pre=2.180273e-02 | overlap=-0.312360
[step     5090] t/d= 50.900 | task1=1.213029e-01 | pre=2.180273e-02 | overlap=-0.312524
[step     5100] t/d= 51.000 | task1=1.213029e-01 | pre=2.180273e-02 | overlap=-0.312968
[step     5110] t/d= 51.100 | task1=1.213029e-01 | pre=2.180273e-02 | overlap=-0.313732
[step     5120] t/d= 51.200 | task1=1.213029e-01 | pre=2.180273e-02 | overlap=-0.315322
[step     5130] t/d= 51.300 | task1=1.213029e-01 | pre=2.180273e-02 | overlap=-0.315446
[step     5140] t/d= 51.400 | task1=1.213029e-01 | pre=2.180273e-02 | overlap=-0.316340
[step     5150] t/d= 51.500 | task1=1.213029e-01 | pre=2.180273e-02 | overlap=-0.316862
[step     5160] t/d= 51.600 | task1=1.213029e-01 | pre=2.180273e-02 | overlap=-0.317729
[step     5170] t/d= 51.700 | task1=1.213029e-01 | pre=2.180273e-02 | overlap=-0.318297
[step     5180] t/d= 51.800 | task1=1.213029e-01 | pre=2.180273e-02 | overlap=-0.318823
[step     5190] t/d= 51.900 | task1=1.213029e-01 | pre=2.180273e-02 | overlap=-0.320443
[step     5200] t/d= 52.000 | task1=1.213029e-01 | pre=2.180273e-02 | overlap=-0.321541
[step     5210] t/d= 52.100 | task1=1.213029e-01 | pre=2.180273e-02 | overlap=-0.322101
[step     5220] t/d= 52.200 | task1=1.213029e-01 | pre=2.180273e-02 | overlap=-0.322602
[step     5230] t/d= 52.300 | task1=1.213029e-01 | pre=2.180273e-02 | overlap=-0.322823
[step     5240] t/d= 52.400 | task1=1.213029e-01 | pre=2.180273e-02 | overlap=-0.324027
[step     5250] t/d= 52.500 | task1=1.213029e-01 | pre=2.180273e-02 | overlap=-0.324583
[step     5260] t/d= 52.600 | task1=1.213029e-01 | pre=2.180273e-02 | overlap=-0.324378
[step     5270] t/d= 52.700 | task1=1.213029e-01 | pre=2.180273e-02 | overlap=-0.325103
[step     5280] t/d= 52.800 | task1=1.213029e-01 | pre=2.180273e-02 | overlap=-0.325832
[step     5290] t/d= 52.900 | task1=1.213029e-01 | pre=2.180273e-02 | overlap=-0.326967
[step     5300] t/d= 53.000 | task1=1.213029e-01 | pre=2.180273e-02 | overlap=-0.327395
[step     5310] t/d= 53.100 | task1=1.213029e-01 | pre=2.180273e-02 | overlap=-0.328495
[step     5320] t/d= 53.200 | task1=1.213029e-01 | pre=2.180273e-02 | overlap=-0.329004
[step     5330] t/d= 53.300 | task1=1.213029e-01 | pre=2.180273e-02 | overlap=-0.329228
[step     5340] t/d= 53.400 | task1=1.213029e-01 | pre=2.180273e-02 | overlap=-0.330066
[step     5350] t/d= 53.500 | task1=1.213029e-01 | pre=2.180273e-02 | overlap=-0.330946
[step     5360] t/d= 53.600 | task1=1.213029e-01 | pre=2.180273e-02 | overlap=-0.331736
[step     5370] t/d= 53.700 | task1=1.213029e-01 | pre=2.180273e-02 | overlap=-0.332304
[step     5380] t/d= 53.800 | task1=1.213029e-01 | pre=2.180273e-02 | overlap=-0.332499
[step     5390] t/d= 53.900 | task1=1.213029e-01 | pre=2.180273e-02 | overlap=-0.332983
[step     5400] t/d= 54.000 | task1=1.213029e-01 | pre=2.180273e-02 | overlap=-0.333511
[step     5410] t/d= 54.100 | task1=1.213029e-01 | pre=2.180273e-02 | overlap=-0.333715
[step     5420] t/d= 54.200 | task1=1.213029e-01 | pre=2.180273e-02 | overlap=-0.333790
[step     5430] t/d= 54.300 | task1=1.213029e-01 | pre=2.180273e-02 | overlap=-0.334549
[step     5440] t/d= 54.400 | task1=1.213029e-01 | pre=2.180273e-02 | overlap=-0.334793
[step     5450] t/d= 54.500 | task1=1.213029e-01 | pre=2.180273e-02 | overlap=-0.334890
[step     5460] t/d= 54.600 | task1=1.213029e-01 | pre=2.180273e-02 | overlap=-0.335020
[step     5470] t/d= 54.700 | task1=1.213029e-01 | pre=2.180273e-02 | overlap=-0.335692
[step     5480] t/d= 54.800 | task1=1.213029e-01 | pre=2.180273e-02 | overlap=-0.336678
[step     5490] t/d= 54.900 | task1=1.213029e-01 | pre=2.180273e-02 | overlap=-0.336775
[step     5500] t/d= 55.000 | task1=1.213029e-01 | pre=2.180273e-02 | overlap=-0.337910
[step     5510] t/d= 55.100 | task1=1.213029e-01 | pre=2.180273e-02 | overlap=-0.338260
[step     5520] t/d= 55.200 | task1=1.213029e-01 | pre=2.180273e-02 | overlap=-0.338896
[step     5530] t/d= 55.300 | task1=1.213029e-01 | pre=2.180273e-02 | overlap=-0.339846
[step     5540] t/d= 55.400 | task1=1.213029e-01 | pre=2.180273e-02 | overlap=-0.340032
[step     5550] t/d= 55.500 | task1=1.213029e-01 | pre=2.180273e-02 | overlap=-0.340640
[step     5560] t/d= 55.600 | task1=1.213029e-01 | pre=2.180273e-02 | overlap=-0.340999
[step     5570] t/d= 55.700 | task1=1.213029e-01 | pre=2.180273e-02 | overlap=-0.341763
[step     5580] t/d= 55.800 | task1=1.213029e-01 | pre=2.180273e-02 | overlap=-0.342223
[step     5590] t/d= 55.900 | task1=1.213029e-01 | pre=2.180273e-02 | overlap=-0.342812
[step     5600] t/d= 56.000 | task1=1.213029e-01 | pre=2.180273e-02 | overlap=-0.343452
[step     5610] t/d= 56.100 | task1=1.213029e-01 | pre=2.180273e-02 | overlap=-0.344301
[step     5620] t/d= 56.200 | task1=1.213029e-01 | pre=2.180273e-02 | overlap=-0.345996
[step     5630] t/d= 56.300 | task1=1.213029e-01 | pre=2.180273e-02 | overlap=-0.346035
[step     5640] t/d= 56.400 | task1=1.213029e-01 | pre=2.180273e-02 | overlap=-0.346177
[step     5650] t/d= 56.500 | task1=1.213029e-01 | pre=2.180273e-02 | overlap=-0.346650
[step     5660] t/d= 56.600 | task1=1.213029e-01 | pre=2.180273e-02 | overlap=-0.347718
[step     5670] t/d= 56.700 | task1=1.213029e-01 | pre=2.180273e-02 | overlap=-0.348682
[step     5680] t/d= 56.800 | task1=1.213029e-01 | pre=2.180273e-02 | overlap=-0.349298
[step     5690] t/d= 56.900 | task1=1.213029e-01 | pre=2.180273e-02 | overlap=-0.350879
[step     5700] t/d= 57.000 | task1=1.213029e-01 | pre=2.180273e-02 | overlap=-0.352011
[step     5710] t/d= 57.100 | task1=1.213029e-01 | pre=2.180273e-02 | overlap=-0.352781
[step     5720] t/d= 57.200 | task1=1.213029e-01 | pre=2.180273e-02 | overlap=-0.353647
[step     5730] t/d= 57.300 | task1=1.213029e-01 | pre=2.180273e-02 | overlap=-0.354351
[step     5740] t/d= 57.400 | task1=1.213029e-01 | pre=2.180273e-02 | overlap=-0.354452
[step     5750] t/d= 57.500 | task1=1.213029e-01 | pre=2.180273e-02 | overlap=-0.355436
[step     5760] t/d= 57.600 | task1=1.213029e-01 | pre=2.180273e-02 | overlap=-0.356440
[step     5770] t/d= 57.700 | task1=1.213029e-01 | pre=2.180273e-02 | overlap=-0.357002
[step     5780] t/d= 57.800 | task1=1.213029e-01 | pre=2.180273e-02 | overlap=-0.357248
[step     5790] t/d= 57.900 | task1=1.213029e-01 | pre=2.180273e-02 | overlap=-0.357555
[step     5800] t/d= 58.000 | task1=1.213029e-01 | pre=2.180273e-02 | overlap=-0.358701
[step     5810] t/d= 58.100 | task1=1.213029e-01 | pre=2.180273e-02 | overlap=-0.359362
[step     5820] t/d= 58.200 | task1=1.213029e-01 | pre=2.180273e-02 | overlap=-0.360137
[step     5830] t/d= 58.300 | task1=1.213029e-01 | pre=2.180273e-02 | overlap=-0.360521
[step     5840] t/d= 58.400 | task1=1.213029e-01 | pre=2.180273e-02 | overlap=-0.361619
[step     5850] t/d= 58.500 | task1=1.213029e-01 | pre=2.180273e-02 | overlap=-0.362923
[step     5860] t/d= 58.600 | task1=1.213029e-01 | pre=2.180273e-02 | overlap=-0.362996
[step     5870] t/d= 58.700 | task1=1.213029e-01 | pre=2.180273e-02 | overlap=-0.363647
[step     5880] t/d= 58.800 | task1=1.213029e-01 | pre=2.180273e-02 | overlap=-0.364051
[step     5890] t/d= 58.900 | task1=1.213029e-01 | pre=2.180273e-02 | overlap=-0.364406
[step     5900] t/d= 59.000 | task1=1.213029e-01 | pre=2.180273e-02 | overlap=-0.365121
[step     5910] t/d= 59.100 | task1=1.213029e-01 | pre=2.180273e-02 | overlap=-0.365372
[step     5920] t/d= 59.200 | task1=1.213029e-01 | pre=2.180273e-02 | overlap=-0.365672
[step     5930] t/d= 59.300 | task1=1.213029e-01 | pre=2.180273e-02 | overlap=-0.366335
[step     5940] t/d= 59.400 | task1=1.213029e-01 | pre=2.180273e-02 | overlap=-0.366520
[step     5950] t/d= 59.500 | task1=1.213029e-01 | pre=2.180273e-02 | overlap=-0.368085
[step     5960] t/d= 59.600 | task1=1.213029e-01 | pre=2.180273e-02 | overlap=-0.368584
[step     5970] t/d= 59.700 | task1=1.213029e-01 | pre=2.180273e-02 | overlap=-0.369146
[step     5980] t/d= 59.800 | task1=1.213029e-01 | pre=2.180273e-02 | overlap=-0.369586
[step     5990] t/d= 59.900 | task1=1.213029e-01 | pre=2.180273e-02 | overlap=-0.370281
[step     6000] t/d= 60.000 | task1=1.213029e-01 | pre=2.180273e-02 | overlap=-0.370988
[step     6010] t/d= 60.100 | task1=1.213029e-01 | pre=2.180273e-02 | overlap=-0.371649
[step     6020] t/d= 60.200 | task1=1.213029e-01 | pre=2.180273e-02 | overlap=-0.372235
[step     6030] t/d= 60.300 | task1=1.213029e-01 | pre=2.180273e-02 | overlap=-0.373063
[step     6040] t/d= 60.400 | task1=1.213029e-01 | pre=2.180273e-02 | overlap=-0.373597
[step     6050] t/d= 60.500 | task1=1.213029e-01 | pre=2.180273e-02 | overlap=-0.374134
[step     6060] t/d= 60.600 | task1=1.213029e-01 | pre=2.180273e-02 | overlap=-0.375088
[step     6070] t/d= 60.700 | task1=1.213029e-01 | pre=2.180273e-02 | overlap=-0.375756
[step     6080] t/d= 60.800 | task1=1.213029e-01 | pre=2.180273e-02 | overlap=-0.376501
[step     6090] t/d= 60.900 | task1=1.213029e-01 | pre=2.180273e-02 | overlap=-0.377231
[step     6100] t/d= 61.000 | task1=1.213029e-01 | pre=2.180273e-02 | overlap=-0.378087
[step     6110] t/d= 61.100 | task1=1.213029e-01 | pre=2.180273e-02 | overlap=-0.378703
[step     6120] t/d= 61.200 | task1=1.213029e-01 | pre=2.180273e-02 | overlap=-0.379243
[step     6130] t/d= 61.300 | task1=1.213029e-01 | pre=2.180273e-02 | overlap=-0.379514
[step     6140] t/d= 61.400 | task1=1.213029e-01 | pre=2.180273e-02 | overlap=-0.379689
[step     6150] t/d= 61.500 | task1=1.213029e-01 | pre=2.180273e-02 | overlap=-0.380864
[step     6160] t/d= 61.600 | task1=1.213029e-01 | pre=2.180273e-02 | overlap=-0.381588
[step     6170] t/d= 61.700 | task1=1.213029e-01 | pre=2.180273e-02 | overlap=-0.382045
[step     6180] t/d= 61.800 | task1=1.213029e-01 | pre=2.180273e-02 | overlap=-0.383082
[step     6190] t/d= 61.900 | task1=1.213029e-01 | pre=2.180273e-02 | overlap=-0.383572
[step     6200] t/d= 62.000 | task1=1.213029e-01 | pre=2.180273e-02 | overlap=-0.383761
[step     6210] t/d= 62.100 | task1=1.213029e-01 | pre=2.180273e-02 | overlap=-0.384206
[step     6220] t/d= 62.200 | task1=1.213029e-01 | pre=2.180273e-02 | overlap=-0.384841
[step     6230] t/d= 62.300 | task1=1.213029e-01 | pre=2.180273e-02 | overlap=-0.385532
[step     6240] t/d= 62.400 | task1=1.213029e-01 | pre=2.180273e-02 | overlap=-0.386242
[step     6250] t/d= 62.500 | task1=1.213029e-01 | pre=2.180273e-02 | overlap=-0.387045
[step     6260] t/d= 62.600 | task1=1.213029e-01 | pre=2.180273e-02 | overlap=-0.387853
[step     6270] t/d= 62.700 | task1=1.213029e-01 | pre=2.180273e-02 | overlap=-0.388282
[step     6280] t/d= 62.800 | task1=1.213029e-01 | pre=2.180273e-02 | overlap=-0.388883
[step     6290] t/d= 62.900 | task1=1.213029e-01 | pre=2.180273e-02 | overlap=-0.389347
[step     6300] t/d= 63.000 | task1=1.213029e-01 | pre=2.180273e-02 | overlap=-0.389441
[step     6310] t/d= 63.100 | task1=1.213029e-01 | pre=2.180273e-02 | overlap=-0.389997
[step     6320] t/d= 63.200 | task1=1.213029e-01 | pre=2.180273e-02 | overlap=-0.390369
[step     6330] t/d= 63.300 | task1=1.213029e-01 | pre=2.180273e-02 | overlap=-0.391006
[step     6340] t/d= 63.400 | task1=1.213029e-01 | pre=2.180273e-02 | overlap=-0.391195
[step     6350] t/d= 63.500 | task1=1.213029e-01 | pre=2.180273e-02 | overlap=-0.391947
[step     6360] t/d= 63.600 | task1=1.213029e-01 | pre=2.180273e-02 | overlap=-0.393377
[step     6370] t/d= 63.700 | task1=1.213029e-01 | pre=2.180273e-02 | overlap=-0.394163
[step     6380] t/d= 63.800 | task1=1.213029e-01 | pre=2.180273e-02 | overlap=-0.397134
[step     6390] t/d= 63.900 | task1=1.213029e-01 | pre=2.180273e-02 | overlap=-0.397441
[step     6400] t/d= 64.000 | task1=1.213029e-01 | pre=2.180273e-02 | overlap=-0.398177
[step     6410] t/d= 64.100 | task1=1.213029e-01 | pre=2.180273e-02 | overlap=-0.398964
[step     6420] t/d= 64.200 | task1=1.213029e-01 | pre=2.180273e-02 | overlap=-0.399498
[step     6430] t/d= 64.300 | task1=1.213029e-01 | pre=2.180273e-02 | overlap=-0.400570
[step     6440] t/d= 64.400 | task1=1.213029e-01 | pre=2.180273e-02 | overlap=-0.401241
[step     6450] t/d= 64.500 | task1=1.213029e-01 | pre=2.180273e-02 | overlap=-0.402359
[step     6460] t/d= 64.600 | task1=1.213029e-01 | pre=2.180273e-02 | overlap=-0.403059
[step     6470] t/d= 64.700 | task1=1.213029e-01 | pre=2.180273e-02 | overlap=-0.403184
[step     6480] t/d= 64.800 | task1=1.213029e-01 | pre=2.180273e-02 | overlap=-0.403337
[step     6490] t/d= 64.900 | task1=1.213029e-01 | pre=2.180273e-02 | overlap=-0.404336
[step     6500] t/d= 65.000 | task1=1.213029e-01 | pre=2.180273e-02 | overlap=-0.405390
[step     6510] t/d= 65.100 | task1=1.213029e-01 | pre=2.180273e-02 | overlap=-0.406015
[step     6520] t/d= 65.200 | task1=1.213029e-01 | pre=2.180273e-02 | overlap=-0.406441
[step     6530] t/d= 65.300 | task1=1.213029e-01 | pre=2.180273e-02 | overlap=-0.407365
[step     6540] t/d= 65.400 | task1=1.213029e-01 | pre=2.180273e-02 | overlap=-0.408368
[step     6550] t/d= 65.500 | task1=1.213029e-01 | pre=2.180273e-02 | overlap=-0.409204
[step     6560] t/d= 65.600 | task1=1.213029e-01 | pre=2.180273e-02 | overlap=-0.410100
[step     6570] t/d= 65.700 | task1=1.213029e-01 | pre=2.180273e-02 | overlap=-0.410798
[step     6580] t/d= 65.800 | task1=1.213029e-01 | pre=2.180273e-02 | overlap=-0.411894
[step     6590] t/d= 65.900 | task1=1.213029e-01 | pre=2.180273e-02 | overlap=-0.412861
[step     6600] t/d= 66.000 | task1=1.213029e-01 | pre=2.180273e-02 | overlap=-0.413758
[step     6610] t/d= 66.100 | task1=1.213029e-01 | pre=2.180273e-02 | overlap=-0.414719
[step     6620] t/d= 66.200 | task1=1.213029e-01 | pre=2.180273e-02 | overlap=-0.414974
[step     6630] t/d= 66.300 | task1=1.213029e-01 | pre=2.180273e-02 | overlap=-0.416395
[step     6640] t/d= 66.400 | task1=1.213029e-01 | pre=2.180273e-02 | overlap=-0.417095
[step     6650] t/d= 66.500 | task1=1.213029e-01 | pre=2.180273e-02 | overlap=-0.417622
[step     6660] t/d= 66.600 | task1=1.213029e-01 | pre=2.180273e-02 | overlap=-0.418182
[step     6670] t/d= 66.700 | task1=1.213029e-01 | pre=2.180273e-02 | overlap=-0.418867
[step     6680] t/d= 66.800 | task1=1.213029e-01 | pre=2.180273e-02 | overlap=-0.420595
[step     6690] t/d= 66.900 | task1=1.213029e-01 | pre=2.180273e-02 | overlap=-0.422665
[step     6700] t/d= 67.000 | task1=1.213029e-01 | pre=2.180273e-02 | overlap=-0.423954
[step     6710] t/d= 67.100 | task1=1.213029e-01 | pre=2.180273e-02 | overlap=-0.424936
[step     6720] t/d= 67.200 | task1=1.213029e-01 | pre=2.180273e-02 | overlap=-0.425588
[step     6730] t/d= 67.300 | task1=1.213029e-01 | pre=2.180273e-02 | overlap=-0.427149
[step     6740] t/d= 67.400 | task1=1.213029e-01 | pre=2.180273e-02 | overlap=-0.427880
[step     6750] t/d= 67.500 | task1=1.213029e-01 | pre=2.180273e-02 | overlap=-0.428937
[step     6760] t/d= 67.600 | task1=1.213029e-01 | pre=2.180273e-02 | overlap=-0.428963
[step     6770] t/d= 67.700 | task1=1.213029e-01 | pre=2.180273e-02 | overlap=-0.429973
[step     6780] t/d= 67.800 | task1=1.213029e-01 | pre=2.180273e-02 | overlap=-0.430710
[step     6790] t/d= 67.900 | task1=1.213029e-01 | pre=2.180273e-02 | overlap=-0.431441
[step     6800] t/d= 68.000 | task1=1.213029e-01 | pre=2.180273e-02 | overlap=-0.432359
[step     6810] t/d= 68.100 | task1=1.213029e-01 | pre=2.180273e-02 | overlap=-0.433510
[step     6820] t/d= 68.200 | task1=1.213029e-01 | pre=2.180273e-02 | overlap=-0.433984
[step     6830] t/d= 68.300 | task1=1.213029e-01 | pre=2.180273e-02 | overlap=-0.434758
[step     6840] t/d= 68.400 | task1=1.213029e-01 | pre=2.180273e-02 | overlap=-0.434973
[step     6850] t/d= 68.500 | task1=1.213029e-01 | pre=2.180273e-02 | overlap=-0.436108
[step     6860] t/d= 68.600 | task1=1.213029e-01 | pre=2.180273e-02 | overlap=-0.436803
[step     6870] t/d= 68.700 | task1=1.213029e-01 | pre=2.180273e-02 | overlap=-0.437485
[step     6880] t/d= 68.800 | task1=1.213029e-01 | pre=2.180273e-02 | overlap=-0.438195
[step     6890] t/d= 68.900 | task1=1.213029e-01 | pre=2.180273e-02 | overlap=-0.439180
[step     6900] t/d= 69.000 | task1=1.213029e-01 | pre=2.180273e-02 | overlap=-0.439715
[step     6910] t/d= 69.100 | task1=1.213029e-01 | pre=2.180273e-02 | overlap=-0.439872
[step     6920] t/d= 69.200 | task1=1.213029e-01 | pre=2.180273e-02 | overlap=-0.440929
[step     6930] t/d= 69.300 | task1=1.213029e-01 | pre=2.180273e-02 | overlap=-0.441467
[step     6940] t/d= 69.400 | task1=1.213029e-01 | pre=2.180273e-02 | overlap=-0.442043
[step     6950] t/d= 69.500 | task1=1.213029e-01 | pre=2.180273e-02 | overlap=-0.442647
[step     6960] t/d= 69.600 | task1=1.213029e-01 | pre=2.180273e-02 | overlap=-0.443415
[step     6970] t/d= 69.700 | task1=1.213029e-01 | pre=2.180273e-02 | overlap=-0.444284
[step     6980] t/d= 69.800 | task1=1.213029e-01 | pre=2.180273e-02 | overlap=-0.445573
[step     6990] t/d= 69.900 | task1=1.213029e-01 | pre=2.180273e-02 | overlap=-0.446064
[step     7000] t/d= 70.000 | task1=1.213029e-01 | pre=2.180273e-02 | overlap=-0.446921
[step     7010] t/d= 70.100 | task1=1.213029e-01 | pre=2.180273e-02 | overlap=-0.447500
[step     7020] t/d= 70.200 | task1=1.213029e-01 | pre=2.180273e-02 | overlap=-0.448468
[step     7030] t/d= 70.300 | task1=1.213029e-01 | pre=2.180273e-02 | overlap=-0.449934
[step     7040] t/d= 70.400 | task1=1.213029e-01 | pre=2.180273e-02 | overlap=-0.450525
[step     7050] t/d= 70.500 | task1=1.213029e-01 | pre=2.180273e-02 | overlap=-0.450908
[step     7060] t/d= 70.600 | task1=1.213029e-01 | pre=2.180273e-02 | overlap=-0.452054
[step     7070] t/d= 70.700 | task1=1.213029e-01 | pre=2.180273e-02 | overlap=-0.452995
[step     7080] t/d= 70.800 | task1=1.213029e-01 | pre=2.180273e-02 | overlap=-0.454177
[step     7090] t/d= 70.900 | task1=1.213029e-01 | pre=2.180273e-02 | overlap=-0.454861
[step     7100] t/d= 71.000 | task1=1.213029e-01 | pre=2.180273e-02 | overlap=-0.455437
[step     7110] t/d= 71.100 | task1=1.213029e-01 | pre=2.180273e-02 | overlap=-0.456227
[step     7120] t/d= 71.200 | task1=1.213029e-01 | pre=2.180273e-02 | overlap=-0.456734
[step     7130] t/d= 71.300 | task1=1.213029e-01 | pre=2.180273e-02 | overlap=-0.457561
[step     7140] t/d= 71.400 | task1=1.213029e-01 | pre=2.180273e-02 | overlap=-0.459130
[step     7150] t/d= 71.500 | task1=1.213029e-01 | pre=2.180273e-02 | overlap=-0.459511
[step     7160] t/d= 71.600 | task1=1.213029e-01 | pre=2.180273e-02 | overlap=-0.461146
[step     7170] t/d= 71.700 | task1=1.213029e-01 | pre=2.180273e-02 | overlap=-0.462191
[step     7180] t/d= 71.800 | task1=1.213028e-01 | pre=2.180273e-02 | overlap=-0.462779
[step     7190] t/d= 71.900 | task1=1.213028e-01 | pre=2.180273e-02 | overlap=-0.463699
[step     7200] t/d= 72.000 | task1=1.213028e-01 | pre=2.180273e-02 | overlap=-0.464476
[step     7210] t/d= 72.100 | task1=1.213028e-01 | pre=2.180273e-02 | overlap=-0.465488
[step     7220] t/d= 72.200 | task1=1.213028e-01 | pre=2.180273e-02 | overlap=-0.465936
[step     7230] t/d= 72.300 | task1=1.213028e-01 | pre=2.180273e-02 | overlap=-0.466937
[step     7240] t/d= 72.400 | task1=1.213028e-01 | pre=2.180273e-02 | overlap=-0.467747
[step     7250] t/d= 72.500 | task1=1.213028e-01 | pre=2.180273e-02 | overlap=-0.468499
[step     7260] t/d= 72.600 | task1=1.213028e-01 | pre=2.180273e-02 | overlap=-0.469803
[step     7270] t/d= 72.700 | task1=1.213028e-01 | pre=2.180273e-02 | overlap=-0.470629
[step     7280] t/d= 72.800 | task1=1.213028e-01 | pre=2.180273e-02 | overlap=-0.471470
[step     7290] t/d= 72.900 | task1=1.213028e-01 | pre=2.180273e-02 | overlap=-0.472086
[step     7300] t/d= 73.000 | task1=1.213028e-01 | pre=2.180273e-02 | overlap=-0.472602
[step     7310] t/d= 73.100 | task1=1.213028e-01 | pre=2.180273e-02 | overlap=-0.473788
[step     7320] t/d= 73.200 | task1=1.213028e-01 | pre=2.180273e-02 | overlap=-0.474927
[step     7330] t/d= 73.300 | task1=1.213028e-01 | pre=2.180273e-02 | overlap=-0.475286
[step     7340] t/d= 73.400 | task1=1.213028e-01 | pre=2.180273e-02 | overlap=-0.476262
[step     7350] t/d= 73.500 | task1=1.213028e-01 | pre=2.180273e-02 | overlap=-0.476842
[step     7360] t/d= 73.600 | task1=1.213028e-01 | pre=2.180273e-02 | overlap=-0.478023
[step     7370] t/d= 73.700 | task1=1.213028e-01 | pre=2.180273e-02 | overlap=-0.478611
[step     7380] t/d= 73.800 | task1=1.213028e-01 | pre=2.180273e-02 | overlap=-0.479450
[step     7390] t/d= 73.900 | task1=1.213028e-01 | pre=2.180273e-02 | overlap=-0.479852
[step     7400] t/d= 74.000 | task1=1.213028e-01 | pre=2.180273e-02 | overlap=-0.480383
[step     7410] t/d= 74.100 | task1=1.213028e-01 | pre=2.180273e-02 | overlap=-0.481112
[step     7420] t/d= 74.200 | task1=1.213028e-01 | pre=2.180273e-02 | overlap=-0.481765
[step     7430] t/d= 74.300 | task1=1.213028e-01 | pre=2.180273e-02 | overlap=-0.482804
[step     7440] t/d= 74.400 | task1=1.213028e-01 | pre=2.180273e-02 | overlap=-0.483524
[step     7450] t/d= 74.500 | task1=1.213028e-01 | pre=2.180273e-02 | overlap=-0.484577
[step     7460] t/d= 74.600 | task1=1.213028e-01 | pre=2.180273e-02 | overlap=-0.485751
[step     7470] t/d= 74.700 | task1=1.213028e-01 | pre=2.180273e-02 | overlap=-0.486540
[step     7480] t/d= 74.800 | task1=1.213028e-01 | pre=2.180273e-02 | overlap=-0.487416
[step     7490] t/d= 74.900 | task1=1.213028e-01 | pre=2.180273e-02 | overlap=-0.487860
[step     7500] t/d= 75.000 | task1=1.213028e-01 | pre=2.180273e-02 | overlap=-0.488921
[step     7510] t/d= 75.100 | task1=1.213028e-01 | pre=2.180273e-02 | overlap=-0.489059
[step     7520] t/d= 75.200 | task1=1.213028e-01 | pre=2.180273e-02 | overlap=-0.490549
[step     7530] t/d= 75.300 | task1=1.213028e-01 | pre=2.180273e-02 | overlap=-0.491756
[step     7540] t/d= 75.400 | task1=1.213028e-01 | pre=2.180273e-02 | overlap=-0.493716
[step     7550] t/d= 75.500 | task1=1.213028e-01 | pre=2.180273e-02 | overlap=-0.494697
[step     7560] t/d= 75.600 | task1=1.213028e-01 | pre=2.180273e-02 | overlap=-0.494982
[step     7570] t/d= 75.700 | task1=1.213028e-01 | pre=2.180273e-02 | overlap=-0.496809
[step     7580] t/d= 75.800 | task1=1.213028e-01 | pre=2.180273e-02 | overlap=-0.497026
[step     7590] t/d= 75.900 | task1=1.213028e-01 | pre=2.180273e-02 | overlap=-0.497434
[step     7600] t/d= 76.000 | task1=1.213028e-01 | pre=2.180273e-02 | overlap=-0.497899
[step     7610] t/d= 76.100 | task1=1.213028e-01 | pre=2.180273e-02 | overlap=-0.498707
[step     7620] t/d= 76.200 | task1=1.213028e-01 | pre=2.180273e-02 | overlap=-0.499670
[step     7630] t/d= 76.300 | task1=1.213028e-01 | pre=2.180273e-02 | overlap=-0.500292
[step     7640] t/d= 76.400 | task1=1.213028e-01 | pre=2.180273e-02 | overlap=-0.500900
[step     7650] t/d= 76.500 | task1=1.213028e-01 | pre=2.180273e-02 | overlap=-0.501460
[step     7660] t/d= 76.600 | task1=1.213028e-01 | pre=2.180273e-02 | overlap=-0.502128
[step     7670] t/d= 76.700 | task1=1.213028e-01 | pre=2.180273e-02 | overlap=-0.502519
[step     7680] t/d= 76.800 | task1=1.213028e-01 | pre=2.180273e-02 | overlap=-0.503414
[step     7690] t/d= 76.900 | task1=1.213028e-01 | pre=2.180273e-02 | overlap=-0.504442
[step     7700] t/d= 77.000 | task1=1.213028e-01 | pre=2.180273e-02 | overlap=-0.505236
[step     7710] t/d= 77.100 | task1=1.213028e-01 | pre=2.180273e-02 | overlap=-0.506163
[step     7720] t/d= 77.200 | task1=1.213028e-01 | pre=2.180273e-02 | overlap=-0.507344
[step     7730] t/d= 77.300 | task1=1.213028e-01 | pre=2.180273e-02 | overlap=-0.508500
[step     7740] t/d= 77.400 | task1=1.213028e-01 | pre=2.180273e-02 | overlap=-0.509447
[step     7750] t/d= 77.500 | task1=1.213028e-01 | pre=2.180273e-02 | overlap=-0.510740
[step     7760] t/d= 77.600 | task1=1.213028e-01 | pre=2.180273e-02 | overlap=-0.512295
[step     7770] t/d= 77.700 | task1=1.213028e-01 | pre=2.180273e-02 | overlap=-0.513332
[step     7780] t/d= 77.800 | task1=1.213028e-01 | pre=2.180273e-02 | overlap=-0.513744
[step     7790] t/d= 77.900 | task1=1.213028e-01 | pre=2.180273e-02 | overlap=-0.514918
[step     7800] t/d= 78.000 | task1=1.213028e-01 | pre=2.180273e-02 | overlap=-0.515622
[step     7810] t/d= 78.100 | task1=1.213028e-01 | pre=2.180273e-02 | overlap=-0.516145
[step     7820] t/d= 78.200 | task1=1.213028e-01 | pre=2.180273e-02 | overlap=-0.517126
[step     7830] t/d= 78.300 | task1=1.213028e-01 | pre=2.180273e-02 | overlap=-0.517928
[step     7840] t/d= 78.400 | task1=1.213028e-01 | pre=2.180273e-02 | overlap=-0.518548
[step     7850] t/d= 78.500 | task1=1.213028e-01 | pre=2.180273e-02 | overlap=-0.519621
[step     7860] t/d= 78.600 | task1=1.213028e-01 | pre=2.180273e-02 | overlap=-0.520687
[step     7870] t/d= 78.700 | task1=1.213028e-01 | pre=2.180273e-02 | overlap=-0.521374
[step     7880] t/d= 78.800 | task1=1.213028e-01 | pre=2.180273e-02 | overlap=-0.521995
[step     7890] t/d= 78.900 | task1=1.213028e-01 | pre=2.180273e-02 | overlap=-0.522452
[step     7900] t/d= 79.000 | task1=1.213028e-01 | pre=2.180273e-02 | overlap=-0.523199
[step     7910] t/d= 79.100 | task1=1.213028e-01 | pre=2.180273e-02 | overlap=-0.524328
[step     7920] t/d= 79.200 | task1=1.213028e-01 | pre=2.180273e-02 | overlap=-0.525230
[step     7930] t/d= 79.300 | task1=1.213028e-01 | pre=2.180273e-02 | overlap=-0.525764
[step     7940] t/d= 79.400 | task1=1.213028e-01 | pre=2.180273e-02 | overlap=-0.526385
[step     7950] t/d= 79.500 | task1=1.213028e-01 | pre=2.180273e-02 | overlap=-0.527129
[step     7960] t/d= 79.600 | task1=1.213028e-01 | pre=2.180273e-02 | overlap=-0.528382
[step     7970] t/d= 79.700 | task1=1.213028e-01 | pre=2.180273e-02 | overlap=-0.529515
[step     7980] t/d= 79.800 | task1=1.213028e-01 | pre=2.180273e-02 | overlap=-0.530377
[step     7990] t/d= 79.900 | task1=1.213028e-01 | pre=2.180273e-02 | overlap=-0.530828
[step     8000] t/d= 80.000 | task1=1.213028e-01 | pre=2.180273e-02 | overlap=-0.531830
[step     8010] t/d= 80.100 | task1=1.213028e-01 | pre=2.180273e-02 | overlap=-0.532331
[step     8020] t/d= 80.200 | task1=1.213028e-01 | pre=2.180273e-02 | overlap=-0.533403
[step     8030] t/d= 80.300 | task1=1.213028e-01 | pre=2.180273e-02 | overlap=-0.534340
[step     8040] t/d= 80.400 | task1=1.213028e-01 | pre=2.180273e-02 | overlap=-0.535089
[step     8050] t/d= 80.500 | task1=1.213028e-01 | pre=2.180273e-02 | overlap=-0.536105
[step     8060] t/d= 80.600 | task1=1.213028e-01 | pre=2.180273e-02 | overlap=-0.537155
[step     8070] t/d= 80.700 | task1=1.213028e-01 | pre=2.180273e-02 | overlap=-0.537862
[step     8080] t/d= 80.800 | task1=1.213028e-01 | pre=2.180273e-02 | overlap=-0.538750
[step     8090] t/d= 80.900 | task1=1.213028e-01 | pre=2.180273e-02 | overlap=-0.539914
[step     8100] t/d= 81.000 | task1=1.213028e-01 | pre=2.180273e-02 | overlap=-0.540341
[step     8110] t/d= 81.100 | task1=1.213028e-01 | pre=2.180273e-02 | overlap=-0.540999
[step     8120] t/d= 81.200 | task1=1.213028e-01 | pre=2.180273e-02 | overlap=-0.542193
[step     8130] t/d= 81.300 | task1=1.213028e-01 | pre=2.180273e-02 | overlap=-0.542753
[step     8140] t/d= 81.400 | task1=1.213028e-01 | pre=2.180273e-02 | overlap=-0.543231
[step     8150] t/d= 81.500 | task1=1.213028e-01 | pre=2.180273e-02 | overlap=-0.543779
[step     8160] t/d= 81.600 | task1=1.213028e-01 | pre=2.180273e-02 | overlap=-0.545204
[step     8170] t/d= 81.700 | task1=1.213028e-01 | pre=2.180273e-02 | overlap=-0.545508
[step     8180] t/d= 81.800 | task1=1.213028e-01 | pre=2.180273e-02 | overlap=-0.546940
[step     8190] t/d= 81.900 | task1=1.213028e-01 | pre=2.180273e-02 | overlap=-0.547238
[step     8200] t/d= 82.000 | task1=1.213028e-01 | pre=2.180273e-02 | overlap=-0.548140
[step     8210] t/d= 82.100 | task1=1.213028e-01 | pre=2.180273e-02 | overlap=-0.549065
[step     8220] t/d= 82.200 | task1=1.213028e-01 | pre=2.180273e-02 | overlap=-0.550241
[step     8230] t/d= 82.300 | task1=1.213028e-01 | pre=2.180273e-02 | overlap=-0.551307
[step     8240] t/d= 82.400 | task1=1.213028e-01 | pre=2.180273e-02 | overlap=-0.552095
[step     8250] t/d= 82.500 | task1=1.213028e-01 | pre=2.180273e-02 | overlap=-0.553110
[step     8260] t/d= 82.600 | task1=1.213028e-01 | pre=2.180273e-02 | overlap=-0.554097
[step     8270] t/d= 82.700 | task1=1.213028e-01 | pre=2.180273e-02 | overlap=-0.554652
[step     8280] t/d= 82.800 | task1=1.213028e-01 | pre=2.180273e-02 | overlap=-0.555581
[step     8290] t/d= 82.900 | task1=1.213028e-01 | pre=2.180273e-02 | overlap=-0.556127
[step     8300] t/d= 83.000 | task1=1.213028e-01 | pre=2.180273e-02 | overlap=-0.557208
[step     8310] t/d= 83.100 | task1=1.213028e-01 | pre=2.180273e-02 | overlap=-0.558364
[step     8320] t/d= 83.200 | task1=1.213028e-01 | pre=2.180273e-02 | overlap=-0.560191
[step     8330] t/d= 83.300 | task1=1.213028e-01 | pre=2.180273e-02 | overlap=-0.561016
[step     8340] t/d= 83.400 | task1=1.213028e-01 | pre=2.180273e-02 | overlap=-0.561603
[step     8350] t/d= 83.500 | task1=1.213028e-01 | pre=2.180273e-02 | overlap=-0.562230
[step     8360] t/d= 83.600 | task1=1.213028e-01 | pre=2.180273e-02 | overlap=-0.563312
[step     8370] t/d= 83.700 | task1=1.213028e-01 | pre=2.180273e-02 | overlap=-0.564003
[step     8380] t/d= 83.800 | task1=1.213028e-01 | pre=2.180273e-02 | overlap=-0.564519
[step     8390] t/d= 83.900 | task1=1.213028e-01 | pre=2.180273e-02 | overlap=-0.565738
[step     8400] t/d= 84.000 | task1=1.213028e-01 | pre=2.180273e-02 | overlap=-0.567110
[step     8410] t/d= 84.100 | task1=1.213028e-01 | pre=2.180273e-02 | overlap=-0.567704
[step     8420] t/d= 84.200 | task1=1.213028e-01 | pre=2.180273e-02 | overlap=-0.567995
[step     8430] t/d= 84.300 | task1=1.213028e-01 | pre=2.180273e-02 | overlap=-0.568633
[step     8440] t/d= 84.400 | task1=1.213028e-01 | pre=2.180273e-02 | overlap=-0.570147
[step     8450] t/d= 84.500 | task1=1.213028e-01 | pre=2.180273e-02 | overlap=-0.570605
[step     8460] t/d= 84.600 | task1=1.213028e-01 | pre=2.180273e-02 | overlap=-0.571162
[step     8470] t/d= 84.700 | task1=1.213028e-01 | pre=2.180273e-02 | overlap=-0.571949
[step     8480] t/d= 84.800 | task1=1.213028e-01 | pre=2.180273e-02 | overlap=-0.572580
[step     8490] t/d= 84.900 | task1=1.213028e-01 | pre=2.180273e-02 | overlap=-0.573664
[step     8500] t/d= 85.000 | task1=1.213028e-01 | pre=2.180273e-02 | overlap=-0.574658
[step     8510] t/d= 85.100 | task1=1.213028e-01 | pre=2.180273e-02 | overlap=-0.575503
[step     8520] t/d= 85.200 | task1=1.213028e-01 | pre=2.180273e-02 | overlap=-0.575844
[step     8530] t/d= 85.300 | task1=1.213028e-01 | pre=2.180273e-02 | overlap=-0.576450
[step     8540] t/d= 85.400 | task1=1.213028e-01 | pre=2.180273e-02 | overlap=-0.577440
[step     8550] t/d= 85.500 | task1=1.213028e-01 | pre=2.180273e-02 | overlap=-0.578635
[step     8560] t/d= 85.600 | task1=1.213028e-01 | pre=2.180273e-02 | overlap=-0.578841
[step     8570] t/d= 85.700 | task1=1.213028e-01 | pre=2.180273e-02 | overlap=-0.579568
[step     8580] t/d= 85.800 | task1=1.213028e-01 | pre=2.180273e-02 | overlap=-0.581083
[step     8590] t/d= 85.900 | task1=1.213028e-01 | pre=2.180273e-02 | overlap=-0.582008
[step     8600] t/d= 86.000 | task1=1.213028e-01 | pre=2.180273e-02 | overlap=-0.582549
[step     8610] t/d= 86.100 | task1=1.213028e-01 | pre=2.180273e-02 | overlap=-0.583752
[step     8620] t/d= 86.200 | task1=1.213028e-01 | pre=2.180273e-02 | overlap=-0.585053
[step     8630] t/d= 86.300 | task1=1.213028e-01 | pre=2.180273e-02 | overlap=-0.586247
[step     8640] t/d= 86.400 | task1=1.213028e-01 | pre=2.180273e-02 | overlap=-0.587265
[step     8650] t/d= 86.500 | task1=1.213028e-01 | pre=2.180273e-02 | overlap=-0.588366
[step     8660] t/d= 86.600 | task1=1.213028e-01 | pre=2.180273e-02 | overlap=-0.589025
[step     8670] t/d= 86.700 | task1=1.213028e-01 | pre=2.180273e-02 | overlap=-0.589369
[step     8680] t/d= 86.800 | task1=1.213028e-01 | pre=2.180273e-02 | overlap=-0.590427
[step     8690] t/d= 86.900 | task1=1.213028e-01 | pre=2.180273e-02 | overlap=-0.591227
[step     8700] t/d= 87.000 | task1=1.213028e-01 | pre=2.180273e-02 | overlap=-0.591837
[step     8710] t/d= 87.100 | task1=1.213028e-01 | pre=2.180273e-02 | overlap=-0.592302
[step     8720] t/d= 87.200 | task1=1.213028e-01 | pre=2.180273e-02 | overlap=-0.592850
[step     8730] t/d= 87.300 | task1=1.213028e-01 | pre=2.180273e-02 | overlap=-0.593560
[step     8740] t/d= 87.400 | task1=1.213028e-01 | pre=2.180273e-02 | overlap=-0.594273
[step     8750] t/d= 87.500 | task1=1.213028e-01 | pre=2.180273e-02 | overlap=-0.595264
[step     8760] t/d= 87.600 | task1=1.213028e-01 | pre=2.180273e-02 | overlap=-0.595909
[step     8770] t/d= 87.700 | task1=1.213028e-01 | pre=2.180273e-02 | overlap=-0.596901
[step     8780] t/d= 87.800 | task1=1.213028e-01 | pre=2.180273e-02 | overlap=-0.598199
[step     8790] t/d= 87.900 | task1=1.213028e-01 | pre=2.180273e-02 | overlap=-0.598807
[step     8800] t/d= 88.000 | task1=1.213028e-01 | pre=2.180273e-02 | overlap=-0.600532
[step     8810] t/d= 88.100 | task1=1.213028e-01 | pre=2.180273e-02 | overlap=-0.601476
[step     8820] t/d= 88.200 | task1=1.213028e-01 | pre=2.180273e-02 | overlap=-0.602092
[step     8830] t/d= 88.300 | task1=1.213028e-01 | pre=2.180273e-02 | overlap=-0.602564
[step     8840] t/d= 88.400 | task1=1.213028e-01 | pre=2.180273e-02 | overlap=-0.603692
[step     8850] t/d= 88.500 | task1=1.213028e-01 | pre=2.180273e-02 | overlap=-0.604148
[step     8860] t/d= 88.600 | task1=1.213028e-01 | pre=2.180273e-02 | overlap=-0.605152
[step     8870] t/d= 88.700 | task1=1.213028e-01 | pre=2.180273e-02 | overlap=-0.605763
[step     8880] t/d= 88.800 | task1=1.213028e-01 | pre=2.180273e-02 | overlap=-0.606598
[step     8890] t/d= 88.900 | task1=1.213028e-01 | pre=2.180273e-02 | overlap=-0.607322
[step     8900] t/d= 89.000 | task1=1.213028e-01 | pre=2.180273e-02 | overlap=-0.608083
[step     8910] t/d= 89.100 | task1=1.213028e-01 | pre=2.180273e-02 | overlap=-0.608768
[step     8920] t/d= 89.200 | task1=1.213028e-01 | pre=2.180273e-02 | overlap=-0.609180
[step     8930] t/d= 89.300 | task1=1.213028e-01 | pre=2.180273e-02 | overlap=-0.610359
[step     8940] t/d= 89.400 | task1=1.213028e-01 | pre=2.180273e-02 | overlap=-0.611294
[step     8950] t/d= 89.500 | task1=1.213028e-01 | pre=2.180273e-02 | overlap=-0.611721
[step     8960] t/d= 89.600 | task1=1.213028e-01 | pre=2.180273e-02 | overlap=-0.612507
[step     8970] t/d= 89.700 | task1=1.213028e-01 | pre=2.180273e-02 | overlap=-0.613942
[step     8980] t/d= 89.800 | task1=1.213028e-01 | pre=2.180273e-02 | overlap=-0.614233
[step     8990] t/d= 89.900 | task1=1.213028e-01 | pre=2.180273e-02 | overlap=-0.615003
[step     9000] t/d= 90.000 | task1=1.213028e-01 | pre=2.180273e-02 | overlap=-0.615751
[step     9010] t/d= 90.100 | task1=1.213028e-01 | pre=2.180273e-02 | overlap=-0.616584
[step     9020] t/d= 90.200 | task1=1.213028e-01 | pre=2.180273e-02 | overlap=-0.618021
[step     9030] t/d= 90.300 | task1=1.213028e-01 | pre=2.180273e-02 | overlap=-0.618544
[step     9040] t/d= 90.400 | task1=1.213028e-01 | pre=2.180273e-02 | overlap=-0.619200
[step     9050] t/d= 90.500 | task1=1.213028e-01 | pre=2.180273e-02 | overlap=-0.620389
[step     9060] t/d= 90.600 | task1=1.213028e-01 | pre=2.180273e-02 | overlap=-0.621004
[step     9070] t/d= 90.700 | task1=1.213028e-01 | pre=2.180273e-02 | overlap=-0.621627
[step     9080] t/d= 90.800 | task1=1.213028e-01 | pre=2.180273e-02 | overlap=-0.622011
[step     9090] t/d= 90.900 | task1=1.213028e-01 | pre=2.180273e-02 | overlap=-0.622841
[step     9100] t/d= 91.000 | task1=1.213028e-01 | pre=2.180273e-02 | overlap=-0.623785
[step     9110] t/d= 91.100 | task1=1.213028e-01 | pre=2.180273e-02 | overlap=-0.624540
[step     9120] t/d= 91.200 | task1=1.213028e-01 | pre=2.180273e-02 | overlap=-0.624944
[step     9130] t/d= 91.300 | task1=1.213028e-01 | pre=2.180273e-02 | overlap=-0.626005
[step     9140] t/d= 91.400 | task1=1.213028e-01 | pre=2.180273e-02 | overlap=-0.626651
[step     9150] t/d= 91.500 | task1=1.213028e-01 | pre=2.180273e-02 | overlap=-0.628897
[step     9160] t/d= 91.600 | task1=1.213028e-01 | pre=2.180273e-02 | overlap=-0.629537
[step     9170] t/d= 91.700 | task1=1.213028e-01 | pre=2.180273e-02 | overlap=-0.630636
[step     9180] t/d= 91.800 | task1=1.213028e-01 | pre=2.180273e-02 | overlap=-0.631613
[step     9190] t/d= 91.900 | task1=1.213028e-01 | pre=2.180273e-02 | overlap=-0.631943
[step     9200] t/d= 92.000 | task1=1.213028e-01 | pre=2.180273e-02 | overlap=-0.632308
[step     9210] t/d= 92.100 | task1=1.213028e-01 | pre=2.180273e-02 | overlap=-0.633194
[step     9220] t/d= 92.200 | task1=1.213028e-01 | pre=2.180273e-02 | overlap=-0.633499
[step     9230] t/d= 92.300 | task1=1.213028e-01 | pre=2.180273e-02 | overlap=-0.634808
[step     9240] t/d= 92.400 | task1=1.213028e-01 | pre=2.180273e-02 | overlap=-0.635441
[step     9250] t/d= 92.500 | task1=1.213028e-01 | pre=2.180273e-02 | overlap=-0.636312
[step     9260] t/d= 92.600 | task1=1.213028e-01 | pre=2.180273e-02 | overlap=-0.637043
[step     9270] t/d= 92.700 | task1=1.213028e-01 | pre=2.180273e-02 | overlap=-0.638529
[step     9280] t/d= 92.800 | task1=1.213028e-01 | pre=2.180273e-02 | overlap=-0.639779
[step     9290] t/d= 92.900 | task1=1.213028e-01 | pre=2.180273e-02 | overlap=-0.640537
[step     9300] t/d= 93.000 | task1=1.213027e-01 | pre=2.180273e-02 | overlap=-0.641694
[step     9310] t/d= 93.100 | task1=1.213027e-01 | pre=2.180273e-02 | overlap=-0.642209
[step     9320] t/d= 93.200 | task1=1.213027e-01 | pre=2.180273e-02 | overlap=-0.642502
[step     9330] t/d= 93.300 | task1=1.213027e-01 | pre=2.180273e-02 | overlap=-0.642999
[step     9340] t/d= 93.400 | task1=1.213027e-01 | pre=2.180273e-02 | overlap=-0.643820
[step     9350] t/d= 93.500 | task1=1.213027e-01 | pre=2.180273e-02 | overlap=-0.644707
[step     9360] t/d= 93.600 | task1=1.213027e-01 | pre=2.180273e-02 | overlap=-0.646126
[step     9370] t/d= 93.700 | task1=1.213027e-01 | pre=2.180273e-02 | overlap=-0.646996
[step     9380] t/d= 93.800 | task1=1.213027e-01 | pre=2.180273e-02 | overlap=-0.647558
[step     9390] t/d= 93.900 | task1=1.213027e-01 | pre=2.180273e-02 | overlap=-0.648563
[step     9400] t/d= 94.000 | task1=1.213027e-01 | pre=2.180273e-02 | overlap=-0.649383
[step     9410] t/d= 94.100 | task1=1.213027e-01 | pre=2.180273e-02 | overlap=-0.650427
[step     9420] t/d= 94.200 | task1=1.213027e-01 | pre=2.180273e-02 | overlap=-0.651021
[step     9430] t/d= 94.300 | task1=1.213027e-01 | pre=2.180273e-02 | overlap=-0.651912
[step     9440] t/d= 94.400 | task1=1.213027e-01 | pre=2.180273e-02 | overlap=-0.652307
[step     9450] t/d= 94.500 | task1=1.213027e-01 | pre=2.180273e-02 | overlap=-0.652946
[step     9460] t/d= 94.600 | task1=1.213027e-01 | pre=2.180273e-02 | overlap=-0.653510
[step     9470] t/d= 94.700 | task1=1.213027e-01 | pre=2.180273e-02 | overlap=-0.654390
[step     9480] t/d= 94.800 | task1=1.213027e-01 | pre=2.180273e-02 | overlap=-0.655213
[step     9490] t/d= 94.900 | task1=1.213027e-01 | pre=2.180273e-02 | overlap=-0.655951
[step     9500] t/d= 95.000 | task1=1.213027e-01 | pre=2.180273e-02 | overlap=-0.656825
[step     9510] t/d= 95.100 | task1=1.213027e-01 | pre=2.180273e-02 | overlap=-0.657992
[step     9520] t/d= 95.200 | task1=1.213027e-01 | pre=2.180273e-02 | overlap=-0.659190
[step     9530] t/d= 95.300 | task1=1.213027e-01 | pre=2.180273e-02 | overlap=-0.660168
[step     9540] t/d= 95.400 | task1=1.213027e-01 | pre=2.180273e-02 | overlap=-0.660889
[step     9550] t/d= 95.500 | task1=1.213027e-01 | pre=2.180273e-02 | overlap=-0.661405
[step     9560] t/d= 95.600 | task1=1.213027e-01 | pre=2.180273e-02 | overlap=-0.661869
[step     9570] t/d= 95.700 | task1=1.213027e-01 | pre=2.180273e-02 | overlap=-0.662632
[step     9580] t/d= 95.800 | task1=1.213027e-01 | pre=2.180273e-02 | overlap=-0.663262
[step     9590] t/d= 95.900 | task1=1.213027e-01 | pre=2.180273e-02 | overlap=-0.663648
[step     9600] t/d= 96.000 | task1=1.213027e-01 | pre=2.180273e-02 | overlap=-0.664317
[step     9610] t/d= 96.100 | task1=1.213027e-01 | pre=2.180273e-02 | overlap=-0.665568
[step     9620] t/d= 96.200 | task1=1.213027e-01 | pre=2.180273e-02 | overlap=-0.666831
[step     9630] t/d= 96.300 | task1=1.213027e-01 | pre=2.180273e-02 | overlap=-0.667438
[step     9640] t/d= 96.400 | task1=1.213027e-01 | pre=2.180273e-02 | overlap=-0.668931
[step     9650] t/d= 96.500 | task1=1.213027e-01 | pre=2.180273e-02 | overlap=-0.669498
[step     9660] t/d= 96.600 | task1=1.213027e-01 | pre=2.180273e-02 | overlap=-0.670445
[step     9670] t/d= 96.700 | task1=1.213027e-01 | pre=2.180273e-02 | overlap=-0.670987
[step     9680] t/d= 96.800 | task1=1.213027e-01 | pre=2.180273e-02 | overlap=-0.672308
[step     9690] t/d= 96.900 | task1=1.213027e-01 | pre=2.180273e-02 | overlap=-0.673058
[step     9700] t/d= 97.000 | task1=1.213027e-01 | pre=2.180273e-02 | overlap=-0.673703
[step     9710] t/d= 97.100 | task1=1.213027e-01 | pre=2.180273e-02 | overlap=-0.674158
[step     9720] t/d= 97.200 | task1=1.213027e-01 | pre=2.180273e-02 | overlap=-0.676059
[step     9730] t/d= 97.300 | task1=1.213027e-01 | pre=2.180273e-02 | overlap=-0.676550
[step     9740] t/d= 97.400 | task1=1.213027e-01 | pre=2.180273e-02 | overlap=-0.676908
[step     9750] t/d= 97.500 | task1=1.213027e-01 | pre=2.180273e-02 | overlap=-0.677681
[step     9760] t/d= 97.600 | task1=1.213027e-01 | pre=2.180273e-02 | overlap=-0.678143
[step     9770] t/d= 97.700 | task1=1.213027e-01 | pre=2.180273e-02 | overlap=-0.679462
[step     9780] t/d= 97.800 | task1=1.213027e-01 | pre=2.180273e-02 | overlap=-0.680306
[step     9790] t/d= 97.900 | task1=1.213027e-01 | pre=2.180273e-02 | overlap=-0.681469
[step     9800] t/d= 98.000 | task1=1.213027e-01 | pre=2.180273e-02 | overlap=-0.682502
[step     9810] t/d= 98.100 | task1=1.213027e-01 | pre=2.180273e-02 | overlap=-0.683191
[step     9820] t/d= 98.200 | task1=1.213027e-01 | pre=2.180273e-02 | overlap=-0.684234
[step     9830] t/d= 98.300 | task1=1.213027e-01 | pre=2.180273e-02 | overlap=-0.684689
[step     9840] t/d= 98.400 | task1=1.213027e-01 | pre=2.180273e-02 | overlap=-0.685790
[step     9850] t/d= 98.500 | task1=1.213027e-01 | pre=2.180273e-02 | overlap=-0.686538
[step     9860] t/d= 98.600 | task1=1.213027e-01 | pre=2.180273e-02 | overlap=-0.687308
[step     9870] t/d= 98.700 | task1=1.213027e-01 | pre=2.180273e-02 | overlap=-0.688097
[step     9880] t/d= 98.800 | task1=1.213027e-01 | pre=2.180273e-02 | overlap=-0.689003
[step     9890] t/d= 98.900 | task1=1.213027e-01 | pre=2.180273e-02 | overlap=-0.689364
[step     9900] t/d= 99.000 | task1=1.213027e-01 | pre=2.180273e-02 | overlap=-0.689976
[step     9910] t/d= 99.100 | task1=1.213027e-01 | pre=2.180273e-02 | overlap=-0.690684
[step     9920] t/d= 99.200 | task1=1.213027e-01 | pre=2.180273e-02 | overlap=-0.691862
[step     9930] t/d= 99.300 | task1=1.213027e-01 | pre=2.180273e-02 | overlap=-0.692558
[step     9940] t/d= 99.400 | task1=1.213027e-01 | pre=2.180273e-02 | overlap=-0.693405
[step     9950] t/d= 99.500 | task1=1.213027e-01 | pre=2.180273e-02 | overlap=-0.694874
[step     9960] t/d= 99.600 | task1=1.213027e-01 | pre=2.180273e-02 | overlap=-0.695658
[step     9970] t/d= 99.700 | task1=1.213027e-01 | pre=2.180273e-02 | overlap=-0.696256
[step     9980] t/d= 99.800 | task1=1.213027e-01 | pre=2.180273e-02 | overlap=-0.696801
[step     9990] t/d= 99.900 | task1=1.213027e-01 | pre=2.180273e-02 | overlap=-0.697390
[step    10000] t/d=100.000 | task1=1.213027e-01 | pre=2.180273e-02 | overlap=-0.697807
Saved checkpoint: results/task1_finetuning/scaling_d100_T5/step_250000_finetune10000

Task-1 fine-tuning completed.
Metrics: results/task1_finetuning/scaling_d100_T5/step_250000_task1_metrics.csv

======================================================
Task-1 fine-tuning finished
======================================================
