
======================================================
Task-1 fine-tuning
======================================================
Pretraining run:   results/quality_pretraining/scaling_d100_T5
Pretraining step:  50000
Learning rate:     0.01
Target steps:      1000
======================================================

Tue Sep 29 12:01:33 2026       
+---------------------------------------------------------------------------------------+
| NVIDIA-SMI 535.154.05             Driver Version: 535.154.05   CUDA Version: 12.2     |
|-----------------------------------------+----------------------+----------------------+
| GPU  Name                 Persistence-M | Bus-Id        Disp.A | Volatile Uncorr. ECC |
| Fan  Temp   Perf          Pwr:Usage/Cap |         Memory-Usage | GPU-Util  Compute M. |
|                                         |                      |               MIG M. |
|=========================================+======================+======================|
|   0  Tesla V100-PCIE-32GB           On  | 00000000:86:00.0 Off |                  Off |
| N/A   30C    P0              23W / 250W |      0MiB / 32768MiB |      0%      Default |
|                                         |                      |                  N/A |
+-----------------------------------------+----------------------+----------------------+
                                                                                         
+---------------------------------------------------------------------------------------+
| Processes:                                                                            |
|  GPU   GI   CI        PID   Type   Process name                            GPU Memory |
|        ID   ID                                                             Usage      |
|=======================================================================================|
|  No running processes found                                                           |
+---------------------------------------------------------------------------------------+
===== TASK 1 ERROR DIAGNOSTICS =====
elementwise MSE: 0.23937616034755305
mean ||error||_F^2 per sample: 119.68808017377651
(1/d) mean ||error||_F^2: 1.1968808017377652
(1/(T*d)) mean ||error||_F^2: 0.23937616034755302
generalization_error(): 0.23937616034755305
||w1_star||: 10.57323510283403
||w||: 0.010109801608494968

Task-1 fine-tuning
----------------------------------------
source run      : /home/busato/catastrophic_forgetting/quality_pretraining/results/quality_pretraining/scaling_d100_T5
pretrain step   : 50000
d               : 100
T               : 5
device          : cuda
learning rate   : 0.01
target steps    : 1000
target / d      : 10.000
eval every      : 10
checkpoints     : [50, 100, 200, 500, 1000]
output root     : results/task1_finetuning/scaling_d100_T5

[step 0] task1=2.393762e-01 pre=1.612316e-01 overlap=-0.094541
[step       10] t/d=  0.100 | task1=2.393762e-01 | pre=1.612316e-01 | overlap=-0.094380
[step       20] t/d=  0.200 | task1=2.393762e-01 | pre=1.612316e-01 | overlap=-0.094620
[step       30] t/d=  0.300 | task1=2.393762e-01 | pre=1.612316e-01 | overlap=-0.094425
[step       40] t/d=  0.400 | task1=2.393762e-01 | pre=1.612316e-01 | overlap=-0.094630
[step       50] t/d=  0.500 | task1=2.393762e-01 | pre=1.612316e-01 | overlap=-0.094443
Saved checkpoint: results/task1_finetuning/scaling_d100_T5/step_50000_finetune50
[step       60] t/d=  0.600 | task1=2.393762e-01 | pre=1.612316e-01 | overlap=-0.094644
[step       70] t/d=  0.700 | task1=2.393762e-01 | pre=1.612316e-01 | overlap=-0.094431
[step       80] t/d=  0.800 | task1=2.393762e-01 | pre=1.612316e-01 | overlap=-0.093939
[step       90] t/d=  0.900 | task1=2.393762e-01 | pre=1.612316e-01 | overlap=-0.093848
[step      100] t/d=  1.000 | task1=2.393762e-01 | pre=1.612316e-01 | overlap=-0.093934
Saved checkpoint: results/task1_finetuning/scaling_d100_T5/step_50000_finetune100
[step      110] t/d=  1.100 | task1=2.393762e-01 | pre=1.612316e-01 | overlap=-0.094066
[step      120] t/d=  1.200 | task1=2.393762e-01 | pre=1.612316e-01 | overlap=-0.094062
[step      130] t/d=  1.300 | task1=2.393762e-01 | pre=1.612316e-01 | overlap=-0.094566
[step      140] t/d=  1.400 | task1=2.393762e-01 | pre=1.612316e-01 | overlap=-0.094819
[step      150] t/d=  1.500 | task1=2.393762e-01 | pre=1.612316e-01 | overlap=-0.094812
[step      160] t/d=  1.600 | task1=2.393762e-01 | pre=1.612316e-01 | overlap=-0.095062
[step      170] t/d=  1.700 | task1=2.393762e-01 | pre=1.612316e-01 | overlap=-0.095308
[step      180] t/d=  1.800 | task1=2.393762e-01 | pre=1.612316e-01 | overlap=-0.095709
[step      190] t/d=  1.900 | task1=2.393762e-01 | pre=1.612316e-01 | overlap=-0.096290
[step      200] t/d=  2.000 | task1=2.393762e-01 | pre=1.612316e-01 | overlap=-0.096233
Saved checkpoint: results/task1_finetuning/scaling_d100_T5/step_50000_finetune200
[step      210] t/d=  2.100 | task1=2.393762e-01 | pre=1.612316e-01 | overlap=-0.095799
[step      220] t/d=  2.200 | task1=2.393762e-01 | pre=1.612316e-01 | overlap=-0.097073
[step      230] t/d=  2.300 | task1=2.393762e-01 | pre=1.612316e-01 | overlap=-0.098186
[step      240] t/d=  2.400 | task1=2.393762e-01 | pre=1.612316e-01 | overlap=-0.098485
[step      250] t/d=  2.500 | task1=2.393762e-01 | pre=1.612316e-01 | overlap=-0.098994
[step      260] t/d=  2.600 | task1=2.393762e-01 | pre=1.612316e-01 | overlap=-0.099414
[step      270] t/d=  2.700 | task1=2.393762e-01 | pre=1.612316e-01 | overlap=-0.099488
[step      280] t/d=  2.800 | task1=2.393762e-01 | pre=1.612316e-01 | overlap=-0.098598
[step      290] t/d=  2.900 | task1=2.393762e-01 | pre=1.612316e-01 | overlap=-0.098515
[step      300] t/d=  3.000 | task1=2.393762e-01 | pre=1.612316e-01 | overlap=-0.098574
[step      310] t/d=  3.100 | task1=2.393762e-01 | pre=1.612316e-01 | overlap=-0.099369
[step      320] t/d=  3.200 | task1=2.393762e-01 | pre=1.612316e-01 | overlap=-0.099509
[step      330] t/d=  3.300 | task1=2.393762e-01 | pre=1.612316e-01 | overlap=-0.100842
[step      340] t/d=  3.400 | task1=2.393762e-01 | pre=1.612316e-01 | overlap=-0.101021
[step      350] t/d=  3.500 | task1=2.393762e-01 | pre=1.612316e-01 | overlap=-0.101434
[step      360] t/d=  3.600 | task1=2.393762e-01 | pre=1.612316e-01 | overlap=-0.101344
[step      370] t/d=  3.700 | task1=2.393762e-01 | pre=1.612316e-01 | overlap=-0.101492
[step      380] t/d=  3.800 | task1=2.393762e-01 | pre=1.612316e-01 | overlap=-0.101530
[step      390] t/d=  3.900 | task1=2.393762e-01 | pre=1.612316e-01 | overlap=-0.101747
[step      400] t/d=  4.000 | task1=2.393762e-01 | pre=1.612316e-01 | overlap=-0.101508
[step      410] t/d=  4.100 | task1=2.393762e-01 | pre=1.612316e-01 | overlap=-0.101604
[step      420] t/d=  4.200 | task1=2.393762e-01 | pre=1.612316e-01 | overlap=-0.101163
[step      430] t/d=  4.300 | task1=2.393762e-01 | pre=1.612316e-01 | overlap=-0.101382
[step      440] t/d=  4.400 | task1=2.393762e-01 | pre=1.612316e-01 | overlap=-0.101200
[step      450] t/d=  4.500 | task1=2.393762e-01 | pre=1.612316e-01 | overlap=-0.101523
[step      460] t/d=  4.600 | task1=2.393762e-01 | pre=1.612316e-01 | overlap=-0.101775
[step      470] t/d=  4.700 | task1=2.393762e-01 | pre=1.612316e-01 | overlap=-0.102236
[step      480] t/d=  4.800 | task1=2.393762e-01 | pre=1.612316e-01 | overlap=-0.102025
[step      490] t/d=  4.900 | task1=2.393762e-01 | pre=1.612316e-01 | overlap=-0.101540
[step      500] t/d=  5.000 | task1=2.393762e-01 | pre=1.612316e-01 | overlap=-0.101639
Saved checkpoint: results/task1_finetuning/scaling_d100_T5/step_50000_finetune500
[step      510] t/d=  5.100 | task1=2.393762e-01 | pre=1.612316e-01 | overlap=-0.101991
[step      520] t/d=  5.200 | task1=2.393762e-01 | pre=1.612316e-01 | overlap=-0.102622
[step      530] t/d=  5.300 | task1=2.393762e-01 | pre=1.612316e-01 | overlap=-0.102464
[step      540] t/d=  5.400 | task1=2.393762e-01 | pre=1.612316e-01 | overlap=-0.103227
[step      550] t/d=  5.500 | task1=2.393762e-01 | pre=1.612316e-01 | overlap=-0.103437
[step      560] t/d=  5.600 | task1=2.393762e-01 | pre=1.612316e-01 | overlap=-0.102277
[step      570] t/d=  5.700 | task1=2.393762e-01 | pre=1.612316e-01 | overlap=-0.102763
[step      580] t/d=  5.800 | task1=2.393762e-01 | pre=1.612316e-01 | overlap=-0.103254
[step      590] t/d=  5.900 | task1=2.393762e-01 | pre=1.612316e-01 | overlap=-0.103506
[step      600] t/d=  6.000 | task1=2.393762e-01 | pre=1.612316e-01 | overlap=-0.103157
[step      610] t/d=  6.100 | task1=2.393762e-01 | pre=1.612316e-01 | overlap=-0.103737
[step      620] t/d=  6.200 | task1=2.393762e-01 | pre=1.612316e-01 | overlap=-0.103604
[step      630] t/d=  6.300 | task1=2.393762e-01 | pre=1.612316e-01 | overlap=-0.103405
[step      640] t/d=  6.400 | task1=2.393762e-01 | pre=1.612316e-01 | overlap=-0.103977
[step      650] t/d=  6.500 | task1=2.393762e-01 | pre=1.612316e-01 | overlap=-0.104131
[step      660] t/d=  6.600 | task1=2.393762e-01 | pre=1.612316e-01 | overlap=-0.105105
[step      670] t/d=  6.700 | task1=2.393762e-01 | pre=1.612316e-01 | overlap=-0.105491
[step      680] t/d=  6.800 | task1=2.393762e-01 | pre=1.612316e-01 | overlap=-0.105794
[step      690] t/d=  6.900 | task1=2.393762e-01 | pre=1.612316e-01 | overlap=-0.106292
[step      700] t/d=  7.000 | task1=2.393762e-01 | pre=1.612316e-01 | overlap=-0.106779
[step      710] t/d=  7.100 | task1=2.393762e-01 | pre=1.612316e-01 | overlap=-0.107093
[step      720] t/d=  7.200 | task1=2.393762e-01 | pre=1.612316e-01 | overlap=-0.107338
[step      730] t/d=  7.300 | task1=2.393762e-01 | pre=1.612316e-01 | overlap=-0.108220
[step      740] t/d=  7.400 | task1=2.393762e-01 | pre=1.612316e-01 | overlap=-0.108487
[step      750] t/d=  7.500 | task1=2.393762e-01 | pre=1.612316e-01 | overlap=-0.108530
[step      760] t/d=  7.600 | task1=2.393762e-01 | pre=1.612316e-01 | overlap=-0.108486
[step      770] t/d=  7.700 | task1=2.393762e-01 | pre=1.612316e-01 | overlap=-0.109136
[step      780] t/d=  7.800 | task1=2.393762e-01 | pre=1.612316e-01 | overlap=-0.109258
[step      790] t/d=  7.900 | task1=2.393762e-01 | pre=1.612316e-01 | overlap=-0.109730
[step      800] t/d=  8.000 | task1=2.393762e-01 | pre=1.612316e-01 | overlap=-0.110026
[step      810] t/d=  8.100 | task1=2.393762e-01 | pre=1.612316e-01 | overlap=-0.110540
[step      820] t/d=  8.200 | task1=2.393762e-01 | pre=1.612316e-01 | overlap=-0.110488
[step      830] t/d=  8.300 | task1=2.393762e-01 | pre=1.612316e-01 | overlap=-0.110469
[step      840] t/d=  8.400 | task1=2.393762e-01 | pre=1.612316e-01 | overlap=-0.110829
[step      850] t/d=  8.500 | task1=2.393762e-01 | pre=1.612316e-01 | overlap=-0.110953
[step      860] t/d=  8.600 | task1=2.393762e-01 | pre=1.612316e-01 | overlap=-0.111001
[step      870] t/d=  8.700 | task1=2.393762e-01 | pre=1.612316e-01 | overlap=-0.111559
[step      880] t/d=  8.800 | task1=2.393762e-01 | pre=1.612316e-01 | overlap=-0.111827
[step      890] t/d=  8.900 | task1=2.393762e-01 | pre=1.612316e-01 | overlap=-0.111840
[step      900] t/d=  9.000 | task1=2.393762e-01 | pre=1.612316e-01 | overlap=-0.111753
[step      910] t/d=  9.100 | task1=2.393762e-01 | pre=1.612316e-01 | overlap=-0.112299
[step      920] t/d=  9.200 | task1=2.393762e-01 | pre=1.612316e-01 | overlap=-0.112469
[step      930] t/d=  9.300 | task1=2.393762e-01 | pre=1.612316e-01 | overlap=-0.112633
[step      940] t/d=  9.400 | task1=2.393762e-01 | pre=1.612316e-01 | overlap=-0.113017
[step      950] t/d=  9.500 | task1=2.393762e-01 | pre=1.612316e-01 | overlap=-0.113870
[step      960] t/d=  9.600 | task1=2.393762e-01 | pre=1.612316e-01 | overlap=-0.114262
[step      970] t/d=  9.700 | task1=2.393762e-01 | pre=1.612316e-01 | overlap=-0.115091
[step      980] t/d=  9.800 | task1=2.393762e-01 | pre=1.612316e-01 | overlap=-0.115338
[step      990] t/d=  9.900 | task1=2.393762e-01 | pre=1.612316e-01 | overlap=-0.115259
[step     1000] t/d= 10.000 | task1=2.393762e-01 | pre=1.612316e-01 | overlap=-0.114977
Saved checkpoint: results/task1_finetuning/scaling_d100_T5/step_50000_finetune1000

Task-1 fine-tuning completed.
Metrics: results/task1_finetuning/scaling_d100_T5/step_50000_task1_metrics.csv

======================================================
Task-1 fine-tuning finished
======================================================
