
======================================================
Task-1 fine-tuning
======================================================
Pretraining run:   results/quality_pretraining/scaling_d100_T5
Pretraining step:  50000
Target FT steps:   10000
Learning rate:     0.01
w init scale:      1.0
======================================================

Mon Oct  5 11:04:55 2026       
+---------------------------------------------------------------------------------------+
| NVIDIA-SMI 535.154.05             Driver Version: 535.154.05   CUDA Version: 12.2     |
|-----------------------------------------+----------------------+----------------------+
| GPU  Name                 Persistence-M | Bus-Id        Disp.A | Volatile Uncorr. ECC |
| Fan  Temp   Perf          Pwr:Usage/Cap |         Memory-Usage | GPU-Util  Compute M. |
|                                         |                      |               MIG M. |
|=========================================+======================+======================|
|   0  Tesla V100-PCIE-32GB           On  | 00000000:86:00.0 Off |                  Off |
| N/A   30C    P0              24W / 250W |      0MiB / 32768MiB |      0%      Default |
|                                         |                      |                  N/A |
+-----------------------------------------+----------------------+----------------------+
                                                                                         
+---------------------------------------------------------------------------------------+
| Processes:                                                                            |
|  GPU   GI   CI        PID   Type   Process name                            GPU Memory |
|        ID   ID                                                             Usage      |
|=======================================================================================|
|  No running processes found                                                           |
+---------------------------------------------------------------------------------------+

==============================================
Task-1 fine-tuning
==============================================
source pretrain : /home/busato/catastrophic_forgetting/quality_pretraining/results/quality_pretraining/scaling_d100_T5
pretrain step   : 50,000
pretrain t/d²   : 5.000000
d               : 100
T               : 5
device          : cuda
lr              : 0.01
w init scale    : 1.0
target steps    : 10,000
target t/d      : 100.000
eval every late : 50
checkpoints     : [50, 100, 200, 500, 1000, 2000, 5000, 10000]
run directory   : results/quality_pretraining/finetunetask1_d100_T5/prestep_50000_lr0p01_init1_wseed21_sgdseed22

[step 0] task1=3.128390e-01 | |m1|=0.094541 | m1²=0.008938 | ||w||²/d=1.022081 | eps_adapter=1.819527e+00
[step        5] t/d=  0.050 | task1=3.128003e-01 | |m1|=0.094320 | m1²=0.008896 | ||w||²/d=1.021664 | eps_adapter=1.818929e+00 | residual_overlap=0.025338
[step       10] t/d=  0.100 | task1=3.126478e-01 | |m1|=0.094399 | m1²=0.008911 | ||w||²/d=1.020236 | eps_adapter=1.816592e+00 | residual_overlap=0.025467
[step       15] t/d=  0.150 | task1=3.125126e-01 | |m1|=0.094507 | m1²=0.008932 | ||w||²/d=1.018972 | eps_adapter=1.814511e+00 | residual_overlap=0.025483
[step       20] t/d=  0.200 | task1=3.124359e-01 | |m1|=0.094360 | m1²=0.008904 | ||w||²/d=1.018053 | eps_adapter=1.813079e+00 | residual_overlap=0.025471
[step       25] t/d=  0.250 | task1=3.122151e-01 | |m1|=0.094581 | m1²=0.008946 | ||w||²/d=1.015900 | eps_adapter=1.809533e+00 | residual_overlap=0.025441
[step       30] t/d=  0.300 | task1=3.120837e-01 | |m1|=0.094881 | m1²=0.009002 | ||w||²/d=1.014461 | eps_adapter=1.807115e+00 | residual_overlap=0.025460
[step       35] t/d=  0.350 | task1=3.119264e-01 | |m1|=0.094977 | m1²=0.009021 | ||w||²/d=1.012858 | eps_adapter=1.804507e+00 | residual_overlap=0.025496
[step       40] t/d=  0.400 | task1=3.119207e-01 | |m1|=0.094845 | m1²=0.008996 | ||w||²/d=1.012744 | eps_adapter=1.804370e+00 | residual_overlap=0.025490
[step       45] t/d=  0.450 | task1=3.118613e-01 | |m1|=0.094824 | m1²=0.008992 | ||w||²/d=1.012207 | eps_adapter=1.803516e+00 | residual_overlap=0.025520
[step       50] t/d=  0.500 | task1=3.117010e-01 | |m1|=0.094339 | m1²=0.008900 | ||w||²/d=1.010868 | eps_adapter=1.801536e+00 | residual_overlap=0.025529
Saved checkpoint: results/quality_pretraining/finetunetask1_d100_T5/prestep_50000_lr0p01_init1_wseed21_sgdseed22/checkpoints/step_000000050
[step       55] t/d=  0.550 | task1=3.116091e-01 | |m1|=0.094476 | m1²=0.008926 | ||w||²/d=1.009742 | eps_adapter=1.799687e+00 | residual_overlap=0.025515
[step       60] t/d=  0.600 | task1=3.115130e-01 | |m1|=0.094797 | m1²=0.008987 | ||w||²/d=1.008920 | eps_adapter=1.798262e+00 | residual_overlap=0.025546
[step       65] t/d=  0.650 | task1=3.114752e-01 | |m1|=0.094594 | m1²=0.008948 | ||w||²/d=1.008508 | eps_adapter=1.797673e+00 | residual_overlap=0.025531
[step       70] t/d=  0.700 | task1=3.113969e-01 | |m1|=0.094476 | m1²=0.008926 | ||w||²/d=1.007646 | eps_adapter=1.796336e+00 | residual_overlap=0.025557
[step       75] t/d=  0.750 | task1=3.112611e-01 | |m1|=0.094597 | m1²=0.008949 | ||w||²/d=1.006329 | eps_adapter=1.794193e+00 | residual_overlap=0.025535
[step       80] t/d=  0.800 | task1=3.111709e-01 | |m1|=0.094421 | m1²=0.008915 | ||w||²/d=1.005445 | eps_adapter=1.792846e+00 | residual_overlap=0.025542
[step       85] t/d=  0.850 | task1=3.110348e-01 | |m1|=0.094367 | m1²=0.008905 | ||w||²/d=1.004279 | eps_adapter=1.791007e+00 | residual_overlap=0.025573
[step       90] t/d=  0.900 | task1=3.108425e-01 | |m1|=0.094503 | m1²=0.008931 | ||w||²/d=1.002441 | eps_adapter=1.788040e+00 | residual_overlap=0.025655
[step       95] t/d=  0.950 | task1=3.108183e-01 | |m1|=0.094624 | m1²=0.008954 | ||w||²/d=1.002185 | eps_adapter=1.787591e+00 | residual_overlap=0.025669
[step      100] t/d=  1.000 | task1=3.107285e-01 | |m1|=0.094521 | m1²=0.008934 | ||w||²/d=1.001103 | eps_adapter=1.785910e+00 | residual_overlap=0.025689
Saved checkpoint: results/quality_pretraining/finetunetask1_d100_T5/prestep_50000_lr0p01_init1_wseed21_sgdseed22/checkpoints/step_000000100
[step      105] t/d=  1.050 | task1=3.105977e-01 | |m1|=0.094561 | m1²=0.008942 | ||w||²/d=0.999745 | eps_adapter=1.783744e+00 | residual_overlap=0.025736
[step      110] t/d=  1.100 | task1=3.104958e-01 | |m1|=0.094685 | m1²=0.008965 | ||w||²/d=0.998879 | eps_adapter=1.782330e+00 | residual_overlap=0.025788
[step      115] t/d=  1.150 | task1=3.103801e-01 | |m1|=0.094572 | m1²=0.008944 | ||w||²/d=0.997605 | eps_adapter=1.780354e+00 | residual_overlap=0.025772
[step      120] t/d=  1.200 | task1=3.103199e-01 | |m1|=0.094301 | m1²=0.008893 | ||w||²/d=0.997000 | eps_adapter=1.779489e+00 | residual_overlap=0.025783
[step      125] t/d=  1.250 | task1=3.100681e-01 | |m1|=0.094793 | m1²=0.008986 | ||w||²/d=0.994539 | eps_adapter=1.775441e+00 | residual_overlap=0.025774
[step      130] t/d=  1.300 | task1=3.099671e-01 | |m1|=0.094947 | m1²=0.009015 | ||w||²/d=0.993669 | eps_adapter=1.774019e+00 | residual_overlap=0.025806
[step      135] t/d=  1.350 | task1=3.098354e-01 | |m1|=0.095347 | m1²=0.009091 | ||w||²/d=0.992563 | eps_adapter=1.772144e+00 | residual_overlap=0.025890
[step      140] t/d=  1.400 | task1=3.098015e-01 | |m1|=0.095256 | m1²=0.009074 | ||w||²/d=0.992271 | eps_adapter=1.771716e+00 | residual_overlap=0.025922
[step      145] t/d=  1.450 | task1=3.097026e-01 | |m1|=0.095335 | m1²=0.009089 | ||w||²/d=0.991392 | eps_adapter=1.770308e+00 | residual_overlap=0.025936
[step      150] t/d=  1.500 | task1=3.096254e-01 | |m1|=0.095413 | m1²=0.009104 | ||w||²/d=0.990801 | eps_adapter=1.769354e+00 | residual_overlap=0.025967
[step      155] t/d=  1.550 | task1=3.095438e-01 | |m1|=0.095566 | m1²=0.009133 | ||w||²/d=0.989922 | eps_adapter=1.767924e+00 | residual_overlap=0.025961
[step      160] t/d=  1.600 | task1=3.093928e-01 | |m1|=0.095742 | m1²=0.009167 | ||w||²/d=0.988593 | eps_adapter=1.765782e+00 | residual_overlap=0.026028
[step      165] t/d=  1.650 | task1=3.093700e-01 | |m1|=0.095897 | m1²=0.009196 | ||w||²/d=0.988534 | eps_adapter=1.765637e+00 | residual_overlap=0.026081
[step      170] t/d=  1.700 | task1=3.091752e-01 | |m1|=0.096007 | m1²=0.009217 | ||w||²/d=0.986868 | eps_adapter=1.762993e+00 | residual_overlap=0.026155
[step      175] t/d=  1.750 | task1=3.091320e-01 | |m1|=0.096214 | m1²=0.009257 | ||w||²/d=0.986404 | eps_adapter=1.762198e+00 | residual_overlap=0.026096
[step      180] t/d=  1.800 | task1=3.090434e-01 | |m1|=0.096085 | m1²=0.009232 | ||w||²/d=0.985298 | eps_adapter=1.760516e+00 | residual_overlap=0.026164
[step      185] t/d=  1.850 | task1=3.089709e-01 | |m1|=0.095983 | m1²=0.009213 | ||w||²/d=0.984501 | eps_adapter=1.759307e+00 | residual_overlap=0.026199
[step      190] t/d=  1.900 | task1=3.088581e-01 | |m1|=0.096206 | m1²=0.009256 | ||w||²/d=0.983459 | eps_adapter=1.757609e+00 | residual_overlap=0.026202
[step      195] t/d=  1.950 | task1=3.087378e-01 | |m1|=0.095925 | m1²=0.009202 | ||w||²/d=0.982099 | eps_adapter=1.755587e+00 | residual_overlap=0.026188
[step      200] t/d=  2.000 | task1=3.085777e-01 | |m1|=0.096349 | m1²=0.009283 | ||w||²/d=0.980907 | eps_adapter=1.753592e+00 | residual_overlap=0.026156
Saved checkpoint: results/quality_pretraining/finetunetask1_d100_T5/prestep_50000_lr0p01_init1_wseed21_sgdseed22/checkpoints/step_000000200
[step      205] t/d=  2.050 | task1=3.084346e-01 | |m1|=0.096453 | m1²=0.009303 | ||w||²/d=0.979398 | eps_adapter=1.751215e+00 | residual_overlap=0.026124
[step      210] t/d=  2.100 | task1=3.083794e-01 | |m1|=0.096393 | m1²=0.009292 | ||w||²/d=0.978727 | eps_adapter=1.750195e+00 | residual_overlap=0.026189
[step      215] t/d=  2.150 | task1=3.082858e-01 | |m1|=0.096807 | m1²=0.009372 | ||w||²/d=0.977948 | eps_adapter=1.748848e+00 | residual_overlap=0.026191
[step      220] t/d=  2.200 | task1=3.080845e-01 | |m1|=0.096948 | m1²=0.009399 | ||w||²/d=0.976097 | eps_adapter=1.745938e+00 | residual_overlap=0.026182
[step      225] t/d=  2.250 | task1=3.079678e-01 | |m1|=0.097079 | m1²=0.009424 | ||w||²/d=0.974953 | eps_adapter=1.744126e+00 | residual_overlap=0.026103
[step      230] t/d=  2.300 | task1=3.077808e-01 | |m1|=0.096818 | m1²=0.009374 | ||w||²/d=0.973082 | eps_adapter=1.741329e+00 | residual_overlap=0.026117
[step      235] t/d=  2.350 | task1=3.076991e-01 | |m1|=0.096963 | m1²=0.009402 | ||w||²/d=0.972199 | eps_adapter=1.739922e+00 | residual_overlap=0.026101
[step      240] t/d=  2.400 | task1=3.075682e-01 | |m1|=0.097242 | m1²=0.009456 | ||w||²/d=0.970967 | eps_adapter=1.737932e+00 | residual_overlap=0.026121
[step      245] t/d=  2.450 | task1=3.073985e-01 | |m1|=0.097336 | m1²=0.009474 | ||w||²/d=0.969190 | eps_adapter=1.735172e+00 | residual_overlap=0.026122
[step      250] t/d=  2.500 | task1=3.073121e-01 | |m1|=0.097442 | m1²=0.009495 | ||w||²/d=0.968397 | eps_adapter=1.733920e+00 | residual_overlap=0.026120
[step      255] t/d=  2.550 | task1=3.072388e-01 | |m1|=0.097508 | m1²=0.009508 | ||w||²/d=0.967682 | eps_adapter=1.732802e+00 | residual_overlap=0.026133
[step      260] t/d=  2.600 | task1=3.070542e-01 | |m1|=0.097902 | m1²=0.009585 | ||w||²/d=0.966333 | eps_adapter=1.730604e+00 | residual_overlap=0.026344
[step      265] t/d=  2.650 | task1=3.070141e-01 | |m1|=0.097814 | m1²=0.009568 | ||w||²/d=0.965924 | eps_adapter=1.730008e+00 | residual_overlap=0.026367
[step      270] t/d=  2.700 | task1=3.069758e-01 | |m1|=0.097724 | m1²=0.009550 | ||w||²/d=0.965479 | eps_adapter=1.729359e+00 | residual_overlap=0.026344
[step      275] t/d=  2.750 | task1=3.068822e-01 | |m1|=0.097548 | m1²=0.009516 | ||w||²/d=0.964731 | eps_adapter=1.728276e+00 | residual_overlap=0.026388
[step      280] t/d=  2.800 | task1=3.067765e-01 | |m1|=0.097493 | m1²=0.009505 | ||w||²/d=0.963737 | eps_adapter=1.726778e+00 | residual_overlap=0.026443
[step      285] t/d=  2.850 | task1=3.066158e-01 | |m1|=0.097523 | m1²=0.009511 | ||w||²/d=0.962176 | eps_adapter=1.724389e+00 | residual_overlap=0.026444
[step      290] t/d=  2.900 | task1=3.064655e-01 | |m1|=0.097831 | m1²=0.009571 | ||w||²/d=0.960864 | eps_adapter=1.722289e+00 | residual_overlap=0.026413
[step      295] t/d=  2.950 | task1=3.063426e-01 | |m1|=0.097980 | m1²=0.009600 | ||w||²/d=0.959697 | eps_adapter=1.720465e+00 | residual_overlap=0.026433
[step      300] t/d=  3.000 | task1=3.061408e-01 | |m1|=0.098162 | m1²=0.009636 | ||w||²/d=0.957823 | eps_adapter=1.717561e+00 | residual_overlap=0.026492
[step      305] t/d=  3.050 | task1=3.060861e-01 | |m1|=0.098298 | m1²=0.009663 | ||w||²/d=0.957304 | eps_adapter=1.716729e+00 | residual_overlap=0.026509
[step      310] t/d=  3.100 | task1=3.059409e-01 | |m1|=0.098573 | m1²=0.009717 | ||w||²/d=0.955930 | eps_adapter=1.714557e+00 | residual_overlap=0.026517
[step      315] t/d=  3.150 | task1=3.058562e-01 | |m1|=0.098581 | m1²=0.009718 | ||w||²/d=0.955016 | eps_adapter=1.713172e+00 | residual_overlap=0.026494
[step      320] t/d=  3.200 | task1=3.057551e-01 | |m1|=0.098557 | m1²=0.009714 | ||w||²/d=0.953971 | eps_adapter=1.711602e+00 | residual_overlap=0.026489
[step      325] t/d=  3.250 | task1=3.056274e-01 | |m1|=0.098690 | m1²=0.009740 | ||w||²/d=0.952932 | eps_adapter=1.709991e+00 | residual_overlap=0.026589
[step      330] t/d=  3.300 | task1=3.054723e-01 | |m1|=0.098883 | m1²=0.009778 | ||w||²/d=0.951072 | eps_adapter=1.707125e+00 | residual_overlap=0.026539
[step      335] t/d=  3.350 | task1=3.053843e-01 | |m1|=0.099239 | m1²=0.009848 | ||w||²/d=0.950293 | eps_adapter=1.705832e+00 | residual_overlap=0.026542
[step      340] t/d=  3.400 | task1=3.052257e-01 | |m1|=0.099191 | m1²=0.009839 | ||w||²/d=0.948638 | eps_adapter=1.703364e+00 | residual_overlap=0.026501
[step      345] t/d=  3.450 | task1=3.051175e-01 | |m1|=0.099696 | m1²=0.009939 | ||w||²/d=0.947530 | eps_adapter=1.701532e+00 | residual_overlap=0.026503
[step      350] t/d=  3.500 | task1=3.050777e-01 | |m1|=0.099575 | m1²=0.009915 | ||w||²/d=0.947104 | eps_adapter=1.700935e+00 | residual_overlap=0.026498
[step      355] t/d=  3.550 | task1=3.049613e-01 | |m1|=0.099644 | m1²=0.009929 | ||w||²/d=0.946169 | eps_adapter=1.699511e+00 | residual_overlap=0.026496
[step      360] t/d=  3.600 | task1=3.048651e-01 | |m1|=0.099799 | m1²=0.009960 | ||w||²/d=0.945275 | eps_adapter=1.698122e+00 | residual_overlap=0.026511
[step      365] t/d=  3.650 | task1=3.048419e-01 | |m1|=0.099811 | m1²=0.009962 | ||w||²/d=0.945028 | eps_adapter=1.697749e+00 | residual_overlap=0.026517
[step      370] t/d=  3.700 | task1=3.047004e-01 | |m1|=0.099876 | m1²=0.009975 | ||w||²/d=0.943492 | eps_adapter=1.695433e+00 | residual_overlap=0.026476
[step      375] t/d=  3.750 | task1=3.046583e-01 | |m1|=0.099900 | m1²=0.009980 | ||w||²/d=0.942896 | eps_adapter=1.694536e+00 | residual_overlap=0.026436
[step      380] t/d=  3.800 | task1=3.045631e-01 | |m1|=0.099933 | m1²=0.009987 | ||w||²/d=0.941981 | eps_adapter=1.693161e+00 | residual_overlap=0.026464
[step      385] t/d=  3.850 | task1=3.044798e-01 | |m1|=0.099938 | m1²=0.009988 | ||w||²/d=0.941260 | eps_adapter=1.692086e+00 | residual_overlap=0.026468
[step      390] t/d=  3.900 | task1=3.044215e-01 | |m1|=0.099817 | m1²=0.009963 | ||w||²/d=0.940772 | eps_adapter=1.691400e+00 | residual_overlap=0.026444
[step      395] t/d=  3.950 | task1=3.043154e-01 | |m1|=0.099764 | m1²=0.009953 | ||w||²/d=0.939832 | eps_adapter=1.690021e+00 | residual_overlap=0.026545
[step      400] t/d=  4.000 | task1=3.041709e-01 | |m1|=0.099977 | m1²=0.009995 | ||w||²/d=0.938569 | eps_adapter=1.688074e+00 | residual_overlap=0.026595
[step      405] t/d=  4.050 | task1=3.041012e-01 | |m1|=0.099888 | m1²=0.009978 | ||w||²/d=0.938006 | eps_adapter=1.687267e+00 | residual_overlap=0.026652
[step      410] t/d=  4.100 | task1=3.039756e-01 | |m1|=0.100055 | m1²=0.010011 | ||w||²/d=0.936732 | eps_adapter=1.685323e+00 | residual_overlap=0.026660
[step      415] t/d=  4.150 | task1=3.038613e-01 | |m1|=0.100057 | m1²=0.010011 | ||w||²/d=0.935721 | eps_adapter=1.683827e+00 | residual_overlap=0.026673
[step      420] t/d=  4.200 | task1=3.037341e-01 | |m1|=0.100034 | m1²=0.010007 | ||w||²/d=0.934415 | eps_adapter=1.681903e+00 | residual_overlap=0.026712
[step      425] t/d=  4.250 | task1=3.036485e-01 | |m1|=0.100250 | m1²=0.010050 | ||w||²/d=0.933532 | eps_adapter=1.680527e+00 | residual_overlap=0.026758
[step      430] t/d=  4.300 | task1=3.035897e-01 | |m1|=0.100664 | m1²=0.010133 | ||w||²/d=0.933204 | eps_adapter=1.679903e+00 | residual_overlap=0.026786
[step      435] t/d=  4.350 | task1=3.034898e-01 | |m1|=0.100877 | m1²=0.010176 | ||w||²/d=0.932386 | eps_adapter=1.678626e+00 | residual_overlap=0.026849
[step      440] t/d=  4.400 | task1=3.034009e-01 | |m1|=0.100884 | m1²=0.010178 | ||w||²/d=0.931529 | eps_adapter=1.677362e+00 | residual_overlap=0.026843
[step      445] t/d=  4.450 | task1=3.033645e-01 | |m1|=0.101060 | m1²=0.010213 | ||w||²/d=0.930992 | eps_adapter=1.676511e+00 | residual_overlap=0.026843
[step      450] t/d=  4.500 | task1=3.033044e-01 | |m1|=0.101196 | m1²=0.010241 | ||w||²/d=0.930329 | eps_adapter=1.675490e+00 | residual_overlap=0.026844
[step      455] t/d=  4.550 | task1=3.032424e-01 | |m1|=0.101173 | m1²=0.010236 | ||w||²/d=0.929728 | eps_adapter=1.674614e+00 | residual_overlap=0.026863
[step      460] t/d=  4.600 | task1=3.031597e-01 | |m1|=0.101275 | m1²=0.010257 | ||w||²/d=0.928864 | eps_adapter=1.673312e+00 | residual_overlap=0.026831
[step      465] t/d=  4.650 | task1=3.030774e-01 | |m1|=0.101531 | m1²=0.010308 | ||w||²/d=0.928306 | eps_adapter=1.672407e+00 | residual_overlap=0.026869
[step      470] t/d=  4.700 | task1=3.029111e-01 | |m1|=0.101855 | m1²=0.010374 | ||w||²/d=0.926499 | eps_adapter=1.669648e+00 | residual_overlap=0.026832
[step      475] t/d=  4.750 | task1=3.028337e-01 | |m1|=0.101790 | m1²=0.010361 | ||w||²/d=0.925842 | eps_adapter=1.668709e+00 | residual_overlap=0.026860
[step      480] t/d=  4.800 | task1=3.027786e-01 | |m1|=0.101711 | m1²=0.010345 | ||w||²/d=0.925260 | eps_adapter=1.667884e+00 | residual_overlap=0.026826
[step      485] t/d=  4.850 | task1=3.027688e-01 | |m1|=0.101356 | m1²=0.010273 | ||w||²/d=0.925060 | eps_adapter=1.667712e+00 | residual_overlap=0.026837
[step      490] t/d=  4.900 | task1=3.026472e-01 | |m1|=0.101712 | m1²=0.010345 | ||w||²/d=0.923800 | eps_adapter=1.665751e+00 | residual_overlap=0.026791
[step      495] t/d=  4.950 | task1=3.025312e-01 | |m1|=0.101499 | m1²=0.010302 | ||w||²/d=0.922605 | eps_adapter=1.664079e+00 | residual_overlap=0.026823
[step      500] t/d=  5.000 | task1=3.024301e-01 | |m1|=0.101439 | m1²=0.010290 | ||w||²/d=0.921678 | eps_adapter=1.662748e+00 | residual_overlap=0.026880
Saved checkpoint: results/quality_pretraining/finetunetask1_d100_T5/prestep_50000_lr0p01_init1_wseed21_sgdseed22/checkpoints/step_000000500
[step      520] t/d=  5.200 | task1=3.020366e-01 | |m1|=0.101832 | m1²=0.010370 | ||w||²/d=0.918042 | eps_adapter=1.657332e+00 | residual_overlap=0.026959
[step      540] t/d=  5.400 | task1=3.017324e-01 | |m1|=0.102361 | m1²=0.010478 | ||w||²/d=0.914945 | eps_adapter=1.652671e+00 | residual_overlap=0.026950
[step      560] t/d=  5.600 | task1=3.012195e-01 | |m1|=0.102674 | m1²=0.010542 | ||w||²/d=0.909985 | eps_adapter=1.645416e+00 | residual_overlap=0.027076
[step      580] t/d=  5.800 | task1=3.007274e-01 | |m1|=0.103334 | m1²=0.010678 | ||w||²/d=0.904923 | eps_adapter=1.637941e+00 | residual_overlap=0.027117
[step      600] t/d=  6.000 | task1=3.003440e-01 | |m1|=0.103637 | m1²=0.010741 | ||w||²/d=0.900641 | eps_adapter=1.631734e+00 | residual_overlap=0.027087
[step      620] t/d=  6.200 | task1=3.000224e-01 | |m1|=0.103907 | m1²=0.010797 | ||w||²/d=0.897343 | eps_adapter=1.626964e+00 | residual_overlap=0.027081
[step      640] t/d=  6.400 | task1=2.997708e-01 | |m1|=0.104286 | m1²=0.010875 | ||w||²/d=0.895039 | eps_adapter=1.623577e+00 | residual_overlap=0.027156
[step      660] t/d=  6.600 | task1=2.993375e-01 | |m1|=0.104128 | m1²=0.010843 | ||w||²/d=0.890616 | eps_adapter=1.617395e+00 | residual_overlap=0.027308
[step      680] t/d=  6.800 | task1=2.990240e-01 | |m1|=0.104506 | m1²=0.010922 | ||w||²/d=0.887718 | eps_adapter=1.613203e+00 | residual_overlap=0.027348
[step      700] t/d=  7.000 | task1=2.984199e-01 | |m1|=0.105314 | m1²=0.011091 | ||w||²/d=0.882022 | eps_adapter=1.604982e+00 | residual_overlap=0.027379
[step      720] t/d=  7.200 | task1=2.979751e-01 | |m1|=0.105592 | m1²=0.011150 | ||w||²/d=0.877130 | eps_adapter=1.598100e+00 | residual_overlap=0.027401
[step      740] t/d=  7.400 | task1=2.975265e-01 | |m1|=0.106564 | m1²=0.011356 | ||w||²/d=0.872848 | eps_adapter=1.591869e+00 | residual_overlap=0.027502
[step      760] t/d=  7.600 | task1=2.969498e-01 | |m1|=0.106431 | m1²=0.011328 | ||w||²/d=0.867034 | eps_adapter=1.583936e+00 | residual_overlap=0.027580
[step      780] t/d=  7.800 | task1=2.965342e-01 | |m1|=0.107484 | m1²=0.011553 | ||w||²/d=0.863057 | eps_adapter=1.578164e+00 | residual_overlap=0.027735
[step      800] t/d=  8.000 | task1=2.961175e-01 | |m1|=0.107904 | m1²=0.011643 | ||w||²/d=0.859024 | eps_adapter=1.572551e+00 | residual_overlap=0.027813
[step      820] t/d=  8.200 | task1=2.956638e-01 | |m1|=0.107943 | m1²=0.011652 | ||w||²/d=0.854763 | eps_adapter=1.566783e+00 | residual_overlap=0.027990
[step      840] t/d=  8.400 | task1=2.953312e-01 | |m1|=0.108152 | m1²=0.011697 | ||w||²/d=0.851697 | eps_adapter=1.562593e+00 | residual_overlap=0.028072
[step      860] t/d=  8.600 | task1=2.947918e-01 | |m1|=0.109007 | m1²=0.011883 | ||w||²/d=0.846947 | eps_adapter=1.555955e+00 | residual_overlap=0.028168
[step      880] t/d=  8.800 | task1=2.943664e-01 | |m1|=0.110115 | m1²=0.012125 | ||w||²/d=0.843114 | eps_adapter=1.550486e+00 | residual_overlap=0.028339
[step      900] t/d=  9.000 | task1=2.941479e-01 | |m1|=0.110664 | m1²=0.012246 | ||w||²/d=0.840578 | eps_adapter=1.546943e+00 | residual_overlap=0.028245
[step      920] t/d=  9.200 | task1=2.937506e-01 | |m1|=0.111306 | m1²=0.012389 | ||w||²/d=0.836698 | eps_adapter=1.541608e+00 | residual_overlap=0.028438
[step      940] t/d=  9.400 | task1=2.934962e-01 | |m1|=0.111628 | m1²=0.012461 | ||w||²/d=0.834144 | eps_adapter=1.538142e+00 | residual_overlap=0.028488
[step      960] t/d=  9.600 | task1=2.931584e-01 | |m1|=0.112350 | m1²=0.012622 | ||w||²/d=0.830486 | eps_adapter=1.533111e+00 | residual_overlap=0.028666
[step      980] t/d=  9.800 | task1=2.929648e-01 | |m1|=0.112321 | m1²=0.012616 | ||w||²/d=0.828306 | eps_adapter=1.530276e+00 | residual_overlap=0.028642
[step     1000] t/d= 10.000 | task1=2.925757e-01 | |m1|=0.112241 | m1²=0.012598 | ||w||²/d=0.824059 | eps_adapter=1.524784e+00 | residual_overlap=0.028574
Saved checkpoint: results/quality_pretraining/finetunetask1_d100_T5/prestep_50000_lr0p01_init1_wseed21_sgdseed22/checkpoints/step_000001000
[step     1020] t/d= 10.200 | task1=2.923271e-01 | |m1|=0.112685 | m1²=0.012698 | ||w||²/d=0.821708 | eps_adapter=1.521595e+00 | residual_overlap=0.028598
[step     1040] t/d= 10.400 | task1=2.919981e-01 | |m1|=0.113030 | m1²=0.012776 | ||w||²/d=0.818157 | eps_adapter=1.516902e+00 | residual_overlap=0.028638
[step     1060] t/d= 10.600 | task1=2.915729e-01 | |m1|=0.113581 | m1²=0.012901 | ||w||²/d=0.814325 | eps_adapter=1.511802e+00 | residual_overlap=0.028704
[step     1080] t/d= 10.800 | task1=2.912630e-01 | |m1|=0.113713 | m1²=0.012931 | ||w||²/d=0.811081 | eps_adapter=1.507615e+00 | residual_overlap=0.028744
[step     1100] t/d= 11.000 | task1=2.910136e-01 | |m1|=0.114187 | m1²=0.013039 | ||w||²/d=0.808628 | eps_adapter=1.504336e+00 | residual_overlap=0.028872
[step     1120] t/d= 11.200 | task1=2.907400e-01 | |m1|=0.115050 | m1²=0.013237 | ||w||²/d=0.805824 | eps_adapter=1.500493e+00 | residual_overlap=0.028839
[step     1140] t/d= 11.400 | task1=2.902634e-01 | |m1|=0.115232 | m1²=0.013278 | ||w||²/d=0.800689 | eps_adapter=1.493955e+00 | residual_overlap=0.028819
[step     1160] t/d= 11.600 | task1=2.899932e-01 | |m1|=0.116052 | m1²=0.013468 | ||w||²/d=0.798012 | eps_adapter=1.490323e+00 | residual_overlap=0.028898
[step     1180] t/d= 11.800 | task1=2.896815e-01 | |m1|=0.116810 | m1²=0.013645 | ||w||²/d=0.794917 | eps_adapter=1.486202e+00 | residual_overlap=0.029045
[step     1200] t/d= 12.000 | task1=2.894570e-01 | |m1|=0.117761 | m1²=0.013868 | ||w||²/d=0.792380 | eps_adapter=1.482725e+00 | residual_overlap=0.029067
[step     1220] t/d= 12.200 | task1=2.893071e-01 | |m1|=0.118187 | m1²=0.013968 | ||w||²/d=0.790920 | eps_adapter=1.480769e+00 | residual_overlap=0.029213
[step     1240] t/d= 12.400 | task1=2.890901e-01 | |m1|=0.119235 | m1²=0.014217 | ||w||²/d=0.788832 | eps_adapter=1.477831e+00 | residual_overlap=0.029239
[step     1260] t/d= 12.600 | task1=2.886674e-01 | |m1|=0.119759 | m1²=0.014342 | ||w||²/d=0.784685 | eps_adapter=1.472540e+00 | residual_overlap=0.029316
[step     1280] t/d= 12.800 | task1=2.883366e-01 | |m1|=0.120896 | m1²=0.014616 | ||w||²/d=0.781145 | eps_adapter=1.467812e+00 | residual_overlap=0.029335
[step     1300] t/d= 13.000 | task1=2.879760e-01 | |m1|=0.120863 | m1²=0.014608 | ||w||²/d=0.777258 | eps_adapter=1.463079e+00 | residual_overlap=0.029383
[step     1320] t/d= 13.200 | task1=2.877664e-01 | |m1|=0.121311 | m1²=0.014716 | ||w||²/d=0.775110 | eps_adapter=1.460317e+00 | residual_overlap=0.029523
[step     1340] t/d= 13.400 | task1=2.874913e-01 | |m1|=0.122896 | m1²=0.015103 | ||w||²/d=0.772492 | eps_adapter=1.456609e+00 | residual_overlap=0.029588
[step     1360] t/d= 13.600 | task1=2.872461e-01 | |m1|=0.123345 | m1²=0.015214 | ||w||²/d=0.769884 | eps_adapter=1.453308e+00 | residual_overlap=0.029587
[step     1380] t/d= 13.800 | task1=2.869299e-01 | |m1|=0.124452 | m1²=0.015488 | ||w||²/d=0.766715 | eps_adapter=1.449122e+00 | residual_overlap=0.029566
[step     1400] t/d= 14.000 | task1=2.864436e-01 | |m1|=0.124894 | m1²=0.015598 | ||w||²/d=0.761841 | eps_adapter=1.443145e+00 | residual_overlap=0.029592
[step     1420] t/d= 14.200 | task1=2.860318e-01 | |m1|=0.125114 | m1²=0.015653 | ||w||²/d=0.757972 | eps_adapter=1.438474e+00 | residual_overlap=0.029753
[step     1440] t/d= 14.400 | task1=2.856990e-01 | |m1|=0.125603 | m1²=0.015776 | ||w||²/d=0.754721 | eps_adapter=1.434464e+00 | residual_overlap=0.029783
[step     1460] t/d= 14.600 | task1=2.854301e-01 | |m1|=0.125179 | m1²=0.015670 | ||w||²/d=0.751601 | eps_adapter=1.430935e+00 | residual_overlap=0.029885
[step     1480] t/d= 14.800 | task1=2.852040e-01 | |m1|=0.125437 | m1²=0.015735 | ||w||²/d=0.748990 | eps_adapter=1.427787e+00 | residual_overlap=0.029985
[step     1500] t/d= 15.000 | task1=2.849026e-01 | |m1|=0.125984 | m1²=0.015872 | ||w||²/d=0.746398 | eps_adapter=1.424575e+00 | residual_overlap=0.030048
[step     1520] t/d= 15.200 | task1=2.847193e-01 | |m1|=0.126301 | m1²=0.015952 | ||w||²/d=0.744809 | eps_adapter=1.422616e+00 | residual_overlap=0.030123
[step     1540] t/d= 15.400 | task1=2.844185e-01 | |m1|=0.126616 | m1²=0.016032 | ||w||²/d=0.741887 | eps_adapter=1.419119e+00 | residual_overlap=0.030200
[step     1560] t/d= 15.600 | task1=2.840091e-01 | |m1|=0.126649 | m1²=0.016040 | ||w||²/d=0.737903 | eps_adapter=1.414504e+00 | residual_overlap=0.030182
[step     1580] t/d= 15.800 | task1=2.837286e-01 | |m1|=0.126485 | m1²=0.015998 | ||w||²/d=0.735195 | eps_adapter=1.411445e+00 | residual_overlap=0.030281
[step     1600] t/d= 16.000 | task1=2.834587e-01 | |m1|=0.126378 | m1²=0.015971 | ||w||²/d=0.732430 | eps_adapter=1.408312e+00 | residual_overlap=0.030190
[step     1620] t/d= 16.200 | task1=2.831749e-01 | |m1|=0.127123 | m1²=0.016160 | ||w||²/d=0.729539 | eps_adapter=1.404766e+00 | residual_overlap=0.030212
[step     1640] t/d= 16.400 | task1=2.829035e-01 | |m1|=0.127256 | m1²=0.016194 | ||w||²/d=0.726959 | eps_adapter=1.401790e+00 | residual_overlap=0.030388
[step     1660] t/d= 16.600 | task1=2.827864e-01 | |m1|=0.126903 | m1²=0.016104 | ||w||²/d=0.725536 | eps_adapter=1.400295e+00 | residual_overlap=0.030437
[step     1680] t/d= 16.800 | task1=2.824921e-01 | |m1|=0.127824 | m1²=0.016339 | ||w||²/d=0.722532 | eps_adapter=1.396598e+00 | residual_overlap=0.030397
[step     1700] t/d= 17.000 | task1=2.821600e-01 | |m1|=0.128290 | m1²=0.016458 | ||w||²/d=0.719110 | eps_adapter=1.392596e+00 | residual_overlap=0.030458
[step     1720] t/d= 17.200 | task1=2.818523e-01 | |m1|=0.128615 | m1²=0.016542 | ||w||²/d=0.716078 | eps_adapter=1.389097e+00 | residual_overlap=0.030615
[step     1740] t/d= 17.400 | task1=2.817303e-01 | |m1|=0.128557 | m1²=0.016527 | ||w||²/d=0.714754 | eps_adapter=1.387640e+00 | residual_overlap=0.030628
[step     1760] t/d= 17.600 | task1=2.813458e-01 | |m1|=0.128876 | m1²=0.016609 | ||w||²/d=0.710748 | eps_adapter=1.383084e+00 | residual_overlap=0.030783
[step     1780] t/d= 17.800 | task1=2.810262e-01 | |m1|=0.129843 | m1²=0.016859 | ||w||²/d=0.707585 | eps_adapter=1.379272e+00 | residual_overlap=0.030882
[step     1800] t/d= 18.000 | task1=2.807899e-01 | |m1|=0.129788 | m1²=0.016845 | ||w||²/d=0.704819 | eps_adapter=1.376247e+00 | residual_overlap=0.030791
[step     1820] t/d= 18.200 | task1=2.806951e-01 | |m1|=0.130329 | m1²=0.016986 | ||w||²/d=0.704141 | eps_adapter=1.375326e+00 | residual_overlap=0.030876
[step     1840] t/d= 18.400 | task1=2.804967e-01 | |m1|=0.131476 | m1²=0.017286 | ||w||²/d=0.702397 | eps_adapter=1.373039e+00 | residual_overlap=0.030913
[step     1860] t/d= 18.600 | task1=2.802255e-01 | |m1|=0.132251 | m1²=0.017490 | ||w||²/d=0.699766 | eps_adapter=1.369913e+00 | residual_overlap=0.030944
[step     1880] t/d= 18.800 | task1=2.799079e-01 | |m1|=0.133082 | m1²=0.017711 | ||w||²/d=0.696585 | eps_adapter=1.366183e+00 | residual_overlap=0.030989
[step     1900] t/d= 19.000 | task1=2.796814e-01 | |m1|=0.132271 | m1²=0.017496 | ||w||²/d=0.694084 | eps_adapter=1.363747e+00 | residual_overlap=0.031075
[step     1920] t/d= 19.200 | task1=2.794153e-01 | |m1|=0.132872 | m1²=0.017655 | ||w||²/d=0.691733 | eps_adapter=1.361016e+00 | residual_overlap=0.031247
[step     1940] t/d= 19.400 | task1=2.792607e-01 | |m1|=0.133437 | m1²=0.017806 | ||w||²/d=0.689991 | eps_adapter=1.358960e+00 | residual_overlap=0.031435
[step     1960] t/d= 19.600 | task1=2.789124e-01 | |m1|=0.133865 | m1²=0.017920 | ||w||²/d=0.686242 | eps_adapter=1.354810e+00 | residual_overlap=0.031510
[step     1980] t/d= 19.800 | task1=2.787282e-01 | |m1|=0.134775 | m1²=0.018164 | ||w||²/d=0.684451 | eps_adapter=1.352604e+00 | residual_overlap=0.031633
[step     2000] t/d= 20.000 | task1=2.784636e-01 | |m1|=0.135428 | m1²=0.018341 | ||w||²/d=0.681800 | eps_adapter=1.349577e+00 | residual_overlap=0.031648
Saved checkpoint: results/quality_pretraining/finetunetask1_d100_T5/prestep_50000_lr0p01_init1_wseed21_sgdseed22/checkpoints/step_000002000
[step     2050] t/d= 20.500 | task1=2.778494e-01 | |m1|=0.136415 | m1²=0.018609 | ||w||²/d=0.675791 | eps_adapter=1.342922e+00 | residual_overlap=0.031825
[step     2100] t/d= 21.000 | task1=2.772092e-01 | |m1|=0.137496 | m1²=0.018905 | ||w||²/d=0.668962 | eps_adapter=1.335447e+00 | residual_overlap=0.031787
[step     2150] t/d= 21.500 | task1=2.765362e-01 | |m1|=0.136969 | m1²=0.018761 | ||w||²/d=0.662223 | eps_adapter=1.328669e+00 | residual_overlap=0.032195
[step     2200] t/d= 22.000 | task1=2.759670e-01 | |m1|=0.137219 | m1²=0.018829 | ||w||²/d=0.655540 | eps_adapter=1.321766e+00 | residual_overlap=0.032434
[step     2250] t/d= 22.500 | task1=2.753717e-01 | |m1|=0.138235 | m1²=0.019109 | ||w||²/d=0.649535 | eps_adapter=1.315373e+00 | residual_overlap=0.032484
[step     2300] t/d= 23.000 | task1=2.747658e-01 | |m1|=0.139335 | m1²=0.019414 | ||w||²/d=0.643175 | eps_adapter=1.308660e+00 | residual_overlap=0.032568
[step     2350] t/d= 23.500 | task1=2.741299e-01 | |m1|=0.139306 | m1²=0.019406 | ||w||²/d=0.636074 | eps_adapter=1.301648e+00 | residual_overlap=0.032780
[step     2400] t/d= 24.000 | task1=2.735989e-01 | |m1|=0.140060 | m1²=0.019617 | ||w||²/d=0.630017 | eps_adapter=1.295484e+00 | residual_overlap=0.032750
[step     2450] t/d= 24.500 | task1=2.730028e-01 | |m1|=0.140621 | m1²=0.019774 | ||w||²/d=0.623640 | eps_adapter=1.289135e+00 | residual_overlap=0.032939
[step     2500] t/d= 25.000 | task1=2.723794e-01 | |m1|=0.142427 | m1²=0.020286 | ||w||²/d=0.617119 | eps_adapter=1.282328e+00 | residual_overlap=0.033210
[step     2550] t/d= 25.500 | task1=2.717044e-01 | |m1|=0.143801 | m1²=0.020679 | ||w||²/d=0.609672 | eps_adapter=1.274859e+00 | residual_overlap=0.033393
[step     2600] t/d= 26.000 | task1=2.712095e-01 | |m1|=0.144918 | m1²=0.021001 | ||w||²/d=0.604426 | eps_adapter=1.269608e+00 | residual_overlap=0.033413
[step     2650] t/d= 26.500 | task1=2.706738e-01 | |m1|=0.145621 | m1²=0.021205 | ||w||²/d=0.598854 | eps_adapter=1.264234e+00 | residual_overlap=0.033677
[step     2700] t/d= 27.000 | task1=2.700257e-01 | |m1|=0.146593 | m1²=0.021490 | ||w||²/d=0.591859 | eps_adapter=1.257534e+00 | residual_overlap=0.033671
[step     2750] t/d= 27.500 | task1=2.692818e-01 | |m1|=0.148121 | m1²=0.021940 | ||w||²/d=0.583554 | eps_adapter=1.249573e+00 | residual_overlap=0.033566
[step     2800] t/d= 28.000 | task1=2.686928e-01 | |m1|=0.148901 | m1²=0.022172 | ||w||²/d=0.577785 | eps_adapter=1.244198e+00 | residual_overlap=0.033960
[step     2850] t/d= 28.500 | task1=2.682143e-01 | |m1|=0.150492 | m1²=0.022648 | ||w||²/d=0.572647 | eps_adapter=1.239185e+00 | residual_overlap=0.033834
[step     2900] t/d= 29.000 | task1=2.677253e-01 | |m1|=0.152513 | m1²=0.023260 | ||w||²/d=0.567555 | eps_adapter=1.234124e+00 | residual_overlap=0.033862
[step     2950] t/d= 29.500 | task1=2.672089e-01 | |m1|=0.153979 | m1²=0.023710 | ||w||²/d=0.562215 | eps_adapter=1.229067e+00 | residual_overlap=0.034065
[step     3000] t/d= 30.000 | task1=2.668140e-01 | |m1|=0.154390 | m1²=0.023836 | ||w||²/d=0.557453 | eps_adapter=1.224877e+00 | residual_overlap=0.034365
[step     3050] t/d= 30.500 | task1=2.663074e-01 | |m1|=0.155586 | m1²=0.024207 | ||w||²/d=0.551764 | eps_adapter=1.219704e+00 | residual_overlap=0.034524
[step     3100] t/d= 31.000 | task1=2.658351e-01 | |m1|=0.158384 | m1²=0.025085 | ||w||²/d=0.546818 | eps_adapter=1.214711e+00 | residual_overlap=0.034893
[step     3150] t/d= 31.500 | task1=2.653808e-01 | |m1|=0.159485 | m1²=0.025435 | ||w||²/d=0.541878 | eps_adapter=1.210290e+00 | residual_overlap=0.035102
[step     3200] t/d= 32.000 | task1=2.650064e-01 | |m1|=0.160985 | m1²=0.025916 | ||w||²/d=0.537390 | eps_adapter=1.206156e+00 | residual_overlap=0.035175
[step     3250] t/d= 32.500 | task1=2.645057e-01 | |m1|=0.162215 | m1²=0.026314 | ||w||²/d=0.532325 | eps_adapter=1.201678e+00 | residual_overlap=0.035526
[step     3300] t/d= 33.000 | task1=2.640770e-01 | |m1|=0.162768 | m1²=0.026494 | ||w||²/d=0.527008 | eps_adapter=1.197251e+00 | residual_overlap=0.035786
[step     3350] t/d= 33.500 | task1=2.638053e-01 | |m1|=0.163534 | m1²=0.026743 | ||w||²/d=0.524132 | eps_adapter=1.194735e+00 | residual_overlap=0.035702
[step     3400] t/d= 34.000 | task1=2.631874e-01 | |m1|=0.165939 | m1²=0.027536 | ||w||²/d=0.517633 | eps_adapter=1.188894e+00 | residual_overlap=0.036084
[step     3450] t/d= 34.500 | task1=2.629649e-01 | |m1|=0.165891 | m1²=0.027520 | ||w||²/d=0.515637 | eps_adapter=1.187357e+00 | residual_overlap=0.036441
[step     3500] t/d= 35.000 | task1=2.624955e-01 | |m1|=0.166837 | m1²=0.027835 | ||w||²/d=0.510346 | eps_adapter=1.182986e+00 | residual_overlap=0.036758
[step     3550] t/d= 35.500 | task1=2.620493e-01 | |m1|=0.167068 | m1²=0.027912 | ||w||²/d=0.505426 | eps_adapter=1.179163e+00 | residual_overlap=0.037160
[step     3600] t/d= 36.000 | task1=2.616498e-01 | |m1|=0.169014 | m1²=0.028566 | ||w||²/d=0.500889 | eps_adapter=1.175150e+00 | residual_overlap=0.037203
[step     3650] t/d= 36.500 | task1=2.612923e-01 | |m1|=0.171389 | m1²=0.029374 | ||w||²/d=0.497541 | eps_adapter=1.171927e+00 | residual_overlap=0.037567
[step     3700] t/d= 37.000 | task1=2.610193e-01 | |m1|=0.173182 | m1²=0.029992 | ||w||²/d=0.494882 | eps_adapter=1.169408e+00 | residual_overlap=0.037778
[step     3750] t/d= 37.500 | task1=2.607199e-01 | |m1|=0.175847 | m1²=0.030922 | ||w||²/d=0.491999 | eps_adapter=1.166468e+00 | residual_overlap=0.037803
[step     3800] t/d= 38.000 | task1=2.603389e-01 | |m1|=0.177289 | m1²=0.031431 | ||w||²/d=0.487348 | eps_adapter=1.162636e+00 | residual_overlap=0.037795
[step     3850] t/d= 38.500 | task1=2.600185e-01 | |m1|=0.178294 | m1²=0.031789 | ||w||²/d=0.483697 | eps_adapter=1.159696e+00 | residual_overlap=0.038186
[step     3900] t/d= 39.000 | task1=2.596863e-01 | |m1|=0.180105 | m1²=0.032438 | ||w||²/d=0.479741 | eps_adapter=1.156314e+00 | residual_overlap=0.038299
[step     3950] t/d= 39.500 | task1=2.593046e-01 | |m1|=0.181962 | m1²=0.033110 | ||w||²/d=0.475297 | eps_adapter=1.152604e+00 | residual_overlap=0.038257
[step     4000] t/d= 40.000 | task1=2.588964e-01 | |m1|=0.183571 | m1²=0.033698 | ||w||²/d=0.470487 | eps_adapter=1.148754e+00 | residual_overlap=0.038505
[step     4050] t/d= 40.500 | task1=2.584895e-01 | |m1|=0.184556 | m1²=0.034061 | ||w||²/d=0.465829 | eps_adapter=1.145243e+00 | residual_overlap=0.038904
[step     4100] t/d= 41.000 | task1=2.582669e-01 | |m1|=0.186709 | m1²=0.034860 | ||w||²/d=0.463696 | eps_adapter=1.143123e+00 | residual_overlap=0.038826
[step     4150] t/d= 41.500 | task1=2.579359e-01 | |m1|=0.187474 | m1²=0.035147 | ||w||²/d=0.459933 | eps_adapter=1.140342e+00 | residual_overlap=0.039065
[step     4200] t/d= 42.000 | task1=2.576636e-01 | |m1|=0.189341 | m1²=0.035850 | ||w||²/d=0.457246 | eps_adapter=1.137963e+00 | residual_overlap=0.039329
[step     4250] t/d= 42.500 | task1=2.574553e-01 | |m1|=0.189613 | m1²=0.035953 | ||w||²/d=0.455230 | eps_adapter=1.136537e+00 | residual_overlap=0.039785
[step     4300] t/d= 43.000 | task1=2.572595e-01 | |m1|=0.191683 | m1²=0.036742 | ||w||²/d=0.453026 | eps_adapter=1.134437e+00 | residual_overlap=0.039685
[step     4350] t/d= 43.500 | task1=2.570516e-01 | |m1|=0.192691 | m1²=0.037130 | ||w||²/d=0.450585 | eps_adapter=1.132520e+00 | residual_overlap=0.039848
[step     4400] t/d= 44.000 | task1=2.566509e-01 | |m1|=0.194852 | m1²=0.037967 | ||w||²/d=0.446639 | eps_adapter=1.129280e+00 | residual_overlap=0.040338
[step     4450] t/d= 44.500 | task1=2.563720e-01 | |m1|=0.196129 | m1²=0.038467 | ||w||²/d=0.443413 | eps_adapter=1.126806e+00 | residual_overlap=0.040621
[step     4500] t/d= 45.000 | task1=2.559004e-01 | |m1|=0.196395 | m1²=0.038571 | ||w||²/d=0.438523 | eps_adapter=1.123609e+00 | residual_overlap=0.041304
[step     4550] t/d= 45.500 | task1=2.556025e-01 | |m1|=0.198882 | m1²=0.039554 | ||w||²/d=0.434942 | eps_adapter=1.120589e+00 | residual_overlap=0.041259
[step     4600] t/d= 46.000 | task1=2.552458e-01 | |m1|=0.201257 | m1²=0.040504 | ||w||²/d=0.430987 | eps_adapter=1.117396e+00 | residual_overlap=0.041372
[step     4650] t/d= 46.500 | task1=2.549890e-01 | |m1|=0.203857 | m1²=0.041558 | ||w||²/d=0.428534 | eps_adapter=1.115079e+00 | residual_overlap=0.041586
[step     4700] t/d= 47.000 | task1=2.547125e-01 | |m1|=0.205438 | m1²=0.042205 | ||w||²/d=0.425354 | eps_adapter=1.112650e+00 | residual_overlap=0.041699
[step     4750] t/d= 47.500 | task1=2.544696e-01 | |m1|=0.207002 | m1²=0.042850 | ||w||²/d=0.422657 | eps_adapter=1.110537e+00 | residual_overlap=0.041760
[step     4800] t/d= 48.000 | task1=2.542555e-01 | |m1|=0.208769 | m1²=0.043584 | ||w||²/d=0.420322 | eps_adapter=1.108588e+00 | residual_overlap=0.041993
[step     4850] t/d= 48.500 | task1=2.540435e-01 | |m1|=0.210682 | m1²=0.044387 | ||w||²/d=0.418544 | eps_adapter=1.106932e+00 | residual_overlap=0.042300
[step     4900] t/d= 49.000 | task1=2.537829e-01 | |m1|=0.212255 | m1²=0.045052 | ||w||²/d=0.415510 | eps_adapter=1.104654e+00 | residual_overlap=0.042535
[step     4950] t/d= 49.500 | task1=2.535704e-01 | |m1|=0.212525 | m1²=0.045167 | ||w||²/d=0.412886 | eps_adapter=1.103042e+00 | residual_overlap=0.042938
[step     5000] t/d= 50.000 | task1=2.532393e-01 | |m1|=0.214491 | m1²=0.046007 | ||w||²/d=0.409080 | eps_adapter=1.100232e+00 | residual_overlap=0.043373
Saved checkpoint: results/quality_pretraining/finetunetask1_d100_T5/prestep_50000_lr0p01_init1_wseed21_sgdseed22/checkpoints/step_000005000
[step     5050] t/d= 50.500 | task1=2.530388e-01 | |m1|=0.216457 | m1²=0.046854 | ||w||²/d=0.406365 | eps_adapter=1.098068e+00 | residual_overlap=0.043235
[step     5100] t/d= 51.000 | task1=2.527733e-01 | |m1|=0.217643 | m1²=0.047369 | ||w||²/d=0.403142 | eps_adapter=1.095879e+00 | residual_overlap=0.043412
[step     5150] t/d= 51.500 | task1=2.526452e-01 | |m1|=0.219735 | m1²=0.048284 | ||w||²/d=0.402257 | eps_adapter=1.094725e+00 | residual_overlap=0.043786
[step     5200] t/d= 52.000 | task1=2.523461e-01 | |m1|=0.222666 | m1²=0.049580 | ||w||²/d=0.399417 | eps_adapter=1.092222e+00 | residual_overlap=0.043912
[step     5250] t/d= 52.500 | task1=2.521229e-01 | |m1|=0.223194 | m1²=0.049815 | ||w||²/d=0.396576 | eps_adapter=1.090498e+00 | residual_overlap=0.044087
[step     5300] t/d= 53.000 | task1=2.519342e-01 | |m1|=0.224643 | m1²=0.050465 | ||w||²/d=0.394449 | eps_adapter=1.088883e+00 | residual_overlap=0.044020
[step     5350] t/d= 53.500 | task1=2.516501e-01 | |m1|=0.226878 | m1²=0.051474 | ||w||²/d=0.391480 | eps_adapter=1.086577e+00 | residual_overlap=0.044205
[step     5400] t/d= 54.000 | task1=2.514424e-01 | |m1|=0.228205 | m1²=0.052078 | ||w||²/d=0.389533 | eps_adapter=1.085119e+00 | residual_overlap=0.044711
[step     5450] t/d= 54.500 | task1=2.511350e-01 | |m1|=0.229679 | m1²=0.052753 | ||w||²/d=0.386217 | eps_adapter=1.082903e+00 | residual_overlap=0.044875
[step     5500] t/d= 55.000 | task1=2.508050e-01 | |m1|=0.231589 | m1²=0.053634 | ||w||²/d=0.382177 | eps_adapter=1.080198e+00 | residual_overlap=0.044904
[step     5550] t/d= 55.500 | task1=2.504889e-01 | |m1|=0.233827 | m1²=0.054675 | ||w||²/d=0.378722 | eps_adapter=1.077721e+00 | residual_overlap=0.045176
[step     5600] t/d= 56.000 | task1=2.502466e-01 | |m1|=0.236510 | m1²=0.055937 | ||w||²/d=0.376536 | eps_adapter=1.075764e+00 | residual_overlap=0.045400
[step     5650] t/d= 56.500 | task1=2.500478e-01 | |m1|=0.239286 | m1²=0.057258 | ||w||²/d=0.375267 | eps_adapter=1.074240e+00 | residual_overlap=0.045647
[step     5700] t/d= 57.000 | task1=2.498430e-01 | |m1|=0.241777 | m1²=0.058456 | ||w||²/d=0.373364 | eps_adapter=1.072495e+00 | residual_overlap=0.045941
[step     5750] t/d= 57.500 | task1=2.496500e-01 | |m1|=0.244091 | m1²=0.059580 | ||w||²/d=0.372027 | eps_adapter=1.071089e+00 | residual_overlap=0.046276
[step     5800] t/d= 58.000 | task1=2.494035e-01 | |m1|=0.246555 | m1²=0.060789 | ||w||²/d=0.369699 | eps_adapter=1.069156e+00 | residual_overlap=0.046640
[step     5850] t/d= 58.500 | task1=2.491160e-01 | |m1|=0.250247 | m1²=0.062623 | ||w||²/d=0.367362 | eps_adapter=1.066826e+00 | residual_overlap=0.046774
[step     5900] t/d= 59.000 | task1=2.488322e-01 | |m1|=0.252374 | m1²=0.063693 | ||w||²/d=0.364040 | eps_adapter=1.064558e+00 | residual_overlap=0.047097
[step     5950] t/d= 59.500 | task1=2.485147e-01 | |m1|=0.254666 | m1²=0.064855 | ||w||²/d=0.360268 | eps_adapter=1.062053e+00 | residual_overlap=0.047268
[step     6000] t/d= 60.000 | task1=2.483176e-01 | |m1|=0.256396 | m1²=0.065739 | ||w||²/d=0.358017 | eps_adapter=1.060454e+00 | residual_overlap=0.047341
[step     6050] t/d= 60.500 | task1=2.481627e-01 | |m1|=0.258693 | m1²=0.066922 | ||w||²/d=0.356991 | eps_adapter=1.059232e+00 | residual_overlap=0.047728
[step     6100] t/d= 61.000 | task1=2.479396e-01 | |m1|=0.260724 | m1²=0.067977 | ||w||²/d=0.354413 | eps_adapter=1.057404e+00 | residual_overlap=0.047772
[step     6150] t/d= 61.500 | task1=2.478293e-01 | |m1|=0.262274 | m1²=0.068788 | ||w||²/d=0.353660 | eps_adapter=1.056556e+00 | residual_overlap=0.047908
[step     6200] t/d= 62.000 | task1=2.475936e-01 | |m1|=0.263774 | m1²=0.069577 | ||w||²/d=0.350103 | eps_adapter=1.054497e+00 | residual_overlap=0.048085
[step     6250] t/d= 62.500 | task1=2.474286e-01 | |m1|=0.265538 | m1²=0.070510 | ||w||²/d=0.348623 | eps_adapter=1.053271e+00 | residual_overlap=0.048205
[step     6300] t/d= 63.000 | task1=2.472662e-01 | |m1|=0.267144 | m1²=0.071366 | ||w||²/d=0.346765 | eps_adapter=1.051941e+00 | residual_overlap=0.048352
[step     6350] t/d= 63.500 | task1=2.471049e-01 | |m1|=0.268521 | m1²=0.072104 | ||w||²/d=0.345111 | eps_adapter=1.050781e+00 | residual_overlap=0.048507
[step     6400] t/d= 64.000 | task1=2.467851e-01 | |m1|=0.272134 | m1²=0.074057 | ||w||²/d=0.341697 | eps_adapter=1.048151e+00 | residual_overlap=0.048510
[step     6450] t/d= 64.500 | task1=2.466061e-01 | |m1|=0.273466 | m1²=0.074784 | ||w||²/d=0.339619 | eps_adapter=1.046852e+00 | residual_overlap=0.048674
[step     6500] t/d= 65.000 | task1=2.463655e-01 | |m1|=0.275419 | m1²=0.075855 | ||w||²/d=0.336511 | eps_adapter=1.044941e+00 | residual_overlap=0.048934
[step     6550] t/d= 65.500 | task1=2.461411e-01 | |m1|=0.277913 | m1²=0.077236 | ||w||²/d=0.333543 | eps_adapter=1.042929e+00 | residual_overlap=0.048797
[step     6600] t/d= 66.000 | task1=2.459915e-01 | |m1|=0.279861 | m1²=0.078322 | ||w||²/d=0.331841 | eps_adapter=1.041613e+00 | residual_overlap=0.048703
[step     6650] t/d= 66.500 | task1=2.458729e-01 | |m1|=0.281879 | m1²=0.079456 | ||w||²/d=0.330946 | eps_adapter=1.040593e+00 | residual_overlap=0.048915
[step     6700] t/d= 67.000 | task1=2.456649e-01 | |m1|=0.284893 | m1²=0.081164 | ||w||²/d=0.329719 | eps_adapter=1.039111e+00 | residual_overlap=0.049249
[step     6750] t/d= 67.500 | task1=2.454575e-01 | |m1|=0.287778 | m1²=0.082816 | ||w||²/d=0.328108 | eps_adapter=1.037527e+00 | residual_overlap=0.049511
[step     6800] t/d= 68.000 | task1=2.453127e-01 | |m1|=0.289716 | m1²=0.083935 | ||w||²/d=0.326211 | eps_adapter=1.036162e+00 | residual_overlap=0.049428
[step     6850] t/d= 68.500 | task1=2.451035e-01 | |m1|=0.292069 | m1²=0.085304 | ||w||²/d=0.324018 | eps_adapter=1.034557e+00 | residual_overlap=0.049507
[step     6900] t/d= 69.000 | task1=2.449397e-01 | |m1|=0.293824 | m1²=0.086333 | ||w||²/d=0.322554 | eps_adapter=1.033429e+00 | residual_overlap=0.049626
[step     6950] t/d= 69.500 | task1=2.448181e-01 | |m1|=0.296124 | m1²=0.087690 | ||w||²/d=0.321841 | eps_adapter=1.032390e+00 | residual_overlap=0.049756
[step     7000] t/d= 70.000 | task1=2.446028e-01 | |m1|=0.298026 | m1²=0.088819 | ||w||²/d=0.319308 | eps_adapter=1.030843e+00 | residual_overlap=0.050086
[step     7050] t/d= 70.500 | task1=2.444354e-01 | |m1|=0.300485 | m1²=0.090291 | ||w||²/d=0.317645 | eps_adapter=1.029423e+00 | residual_overlap=0.050297
[step     7100] t/d= 71.000 | task1=2.442616e-01 | |m1|=0.303210 | m1²=0.091936 | ||w||²/d=0.317064 | eps_adapter=1.028289e+00 | residual_overlap=0.050614
[step     7150] t/d= 71.500 | task1=2.440867e-01 | |m1|=0.305767 | m1²=0.093494 | ||w||²/d=0.315253 | eps_adapter=1.026792e+00 | residual_overlap=0.050456
[step     7200] t/d= 72.000 | task1=2.439424e-01 | |m1|=0.308751 | m1²=0.095327 | ||w||²/d=0.314080 | eps_adapter=1.025367e+00 | residual_overlap=0.050465
[step     7250] t/d= 72.500 | task1=2.437451e-01 | |m1|=0.311776 | m1²=0.097204 | ||w||²/d=0.311812 | eps_adapter=1.023571e+00 | residual_overlap=0.050674
[step     7300] t/d= 73.000 | task1=2.435565e-01 | |m1|=0.314201 | m1²=0.098722 | ||w||²/d=0.310202 | eps_adapter=1.022208e+00 | residual_overlap=0.050840
[step     7350] t/d= 73.500 | task1=2.433693e-01 | |m1|=0.317268 | m1²=0.100659 | ||w||²/d=0.308223 | eps_adapter=1.020510e+00 | residual_overlap=0.050696
[step     7400] t/d= 74.000 | task1=2.431922e-01 | |m1|=0.320140 | m1²=0.102489 | ||w||²/d=0.306747 | eps_adapter=1.019045e+00 | residual_overlap=0.050667
[step     7450] t/d= 74.500 | task1=2.430702e-01 | |m1|=0.322262 | m1²=0.103853 | ||w||²/d=0.305797 | eps_adapter=1.018008e+00 | residual_overlap=0.050966
[step     7500] t/d= 75.000 | task1=2.428061e-01 | |m1|=0.326212 | m1²=0.106414 | ||w||²/d=0.302721 | eps_adapter=1.015694e+00 | residual_overlap=0.051093
[step     7550] t/d= 75.500 | task1=2.426133e-01 | |m1|=0.329886 | m1²=0.108825 | ||w||²/d=0.301612 | eps_adapter=1.014069e+00 | residual_overlap=0.051130
[step     7600] t/d= 76.000 | task1=2.424938e-01 | |m1|=0.331544 | m1²=0.109922 | ||w||²/d=0.300558 | eps_adapter=1.013176e+00 | residual_overlap=0.051284
[step     7650] t/d= 76.500 | task1=2.423744e-01 | |m1|=0.333745 | m1²=0.111386 | ||w||²/d=0.299159 | eps_adapter=1.011996e+00 | residual_overlap=0.051242
[step     7700] t/d= 77.000 | task1=2.422544e-01 | |m1|=0.336525 | m1²=0.113249 | ||w||²/d=0.298333 | eps_adapter=1.010771e+00 | residual_overlap=0.051137
[step     7750] t/d= 77.500 | task1=2.420416e-01 | |m1|=0.339726 | m1²=0.115414 | ||w||²/d=0.296820 | eps_adapter=1.009208e+00 | residual_overlap=0.051360
[step     7800] t/d= 78.000 | task1=2.419108e-01 | |m1|=0.342181 | m1²=0.117088 | ||w||²/d=0.296721 | eps_adapter=1.008293e+00 | residual_overlap=0.051511
[step     7850] t/d= 78.500 | task1=2.417928e-01 | |m1|=0.344581 | m1²=0.118736 | ||w||²/d=0.296512 | eps_adapter=1.007363e+00 | residual_overlap=0.051767
[step     7900] t/d= 79.000 | task1=2.416694e-01 | |m1|=0.346938 | m1²=0.120366 | ||w||²/d=0.296048 | eps_adapter=1.006378e+00 | residual_overlap=0.051955
[step     7950] t/d= 79.500 | task1=2.414610e-01 | |m1|=0.350411 | m1²=0.122788 | ||w||²/d=0.294395 | eps_adapter=1.004678e+00 | residual_overlap=0.051912
[step     8000] t/d= 80.000 | task1=2.412967e-01 | |m1|=0.353389 | m1²=0.124884 | ||w||²/d=0.293729 | eps_adapter=1.003409e+00 | residual_overlap=0.052024
[step     8050] t/d= 80.500 | task1=2.411048e-01 | |m1|=0.356585 | m1²=0.127153 | ||w||²/d=0.292207 | eps_adapter=1.001849e+00 | residual_overlap=0.052036
[step     8100] t/d= 81.000 | task1=2.409277e-01 | |m1|=0.359499 | m1²=0.129239 | ||w||²/d=0.291092 | eps_adapter=1.000496e+00 | residual_overlap=0.052152
[step     8150] t/d= 81.500 | task1=2.408074e-01 | |m1|=0.362134 | m1²=0.131141 | ||w||²/d=0.290047 | eps_adapter=9.992649e-01 | residual_overlap=0.052295
[step     8200] t/d= 82.000 | task1=2.407082e-01 | |m1|=0.363465 | m1²=0.132107 | ||w||²/d=0.289216 | eps_adapter=9.985752e-01 | residual_overlap=0.052409
[step     8250] t/d= 82.500 | task1=2.405293e-01 | |m1|=0.366521 | m1²=0.134338 | ||w||²/d=0.288274 | eps_adapter=9.972121e-01 | residual_overlap=0.052885
[step     8300] t/d= 83.000 | task1=2.404170e-01 | |m1|=0.368894 | m1²=0.136082 | ||w||²/d=0.288014 | eps_adapter=9.962557e-01 | residual_overlap=0.052792
[step     8350] t/d= 83.500 | task1=2.402021e-01 | |m1|=0.372982 | m1²=0.139115 | ||w||²/d=0.286508 | eps_adapter=9.943755e-01 | residual_overlap=0.052808
[step     8400] t/d= 84.000 | task1=2.399951e-01 | |m1|=0.376967 | m1²=0.142104 | ||w||²/d=0.285332 | eps_adapter=9.926043e-01 | residual_overlap=0.052977
[step     8450] t/d= 84.500 | task1=2.398997e-01 | |m1|=0.379382 | m1²=0.143931 | ||w||²/d=0.285345 | eps_adapter=9.916745e-01 | residual_overlap=0.052934
[step     8500] t/d= 85.000 | task1=2.397638e-01 | |m1|=0.382427 | m1²=0.146251 | ||w||²/d=0.284158 | eps_adapter=9.902598e-01 | residual_overlap=0.052739
[step     8550] t/d= 85.500 | task1=2.395792e-01 | |m1|=0.385815 | m1²=0.148853 | ||w||²/d=0.283035 | eps_adapter=9.887263e-01 | residual_overlap=0.052926
[step     8600] t/d= 86.000 | task1=2.394443e-01 | |m1|=0.388547 | m1²=0.150968 | ||w||²/d=0.282814 | eps_adapter=9.876147e-01 | residual_overlap=0.052904
[step     8650] t/d= 86.500 | task1=2.392560e-01 | |m1|=0.392871 | m1²=0.154347 | ||w||²/d=0.282333 | eps_adapter=9.858204e-01 | residual_overlap=0.052851
[step     8700] t/d= 87.000 | task1=2.390945e-01 | |m1|=0.395855 | m1²=0.156701 | ||w||²/d=0.281003 | eps_adapter=9.844049e-01 | residual_overlap=0.052913
[step     8750] t/d= 87.500 | task1=2.389641e-01 | |m1|=0.397619 | m1²=0.158101 | ||w||²/d=0.279759 | eps_adapter=9.834947e-01 | residual_overlap=0.053091
[step     8800] t/d= 88.000 | task1=2.387946e-01 | |m1|=0.401802 | m1²=0.161445 | ||w||²/d=0.279619 | eps_adapter=9.817990e-01 | residual_overlap=0.053013
[step     8850] t/d= 88.500 | task1=2.386491e-01 | |m1|=0.404803 | m1²=0.163866 | ||w||²/d=0.278912 | eps_adapter=9.804795e-01 | residual_overlap=0.052885
[step     8900] t/d= 89.000 | task1=2.385115e-01 | |m1|=0.407731 | m1²=0.166244 | ||w||²/d=0.278613 | eps_adapter=9.792481e-01 | residual_overlap=0.052884
[step     8950] t/d= 89.500 | task1=2.384073e-01 | |m1|=0.410389 | m1²=0.168419 | ||w||²/d=0.278030 | eps_adapter=9.780802e-01 | residual_overlap=0.052755
[step     9000] t/d= 90.000 | task1=2.382522e-01 | |m1|=0.413349 | m1²=0.170857 | ||w||²/d=0.277509 | eps_adapter=9.767950e-01 | residual_overlap=0.052853
[step     9050] t/d= 90.500 | task1=2.380667e-01 | |m1|=0.416586 | m1²=0.173544 | ||w||²/d=0.276195 | eps_adapter=9.752868e-01 | residual_overlap=0.052762
[step     9100] t/d= 91.000 | task1=2.379270e-01 | |m1|=0.419247 | m1²=0.175768 | ||w||²/d=0.275976 | eps_adapter=9.741601e-01 | residual_overlap=0.052892
[step     9150] t/d= 91.500 | task1=2.377102e-01 | |m1|=0.424000 | m1²=0.179776 | ||w||²/d=0.275458 | eps_adapter=9.721194e-01 | residual_overlap=0.053004
[step     9200] t/d= 92.000 | task1=2.375726e-01 | |m1|=0.426446 | m1²=0.181856 | ||w||²/d=0.274908 | eps_adapter=9.710310e-01 | residual_overlap=0.053081
[step     9250] t/d= 92.500 | task1=2.374404e-01 | |m1|=0.429268 | m1²=0.184271 | ||w||²/d=0.275279 | eps_adapter=9.698841e-01 | residual_overlap=0.053179
[step     9300] t/d= 93.000 | task1=2.372107e-01 | |m1|=0.433465 | m1²=0.187892 | ||w||²/d=0.274825 | eps_adapter=9.680536e-01 | residual_overlap=0.053266
[step     9350] t/d= 93.500 | task1=2.371269e-01 | |m1|=0.435072 | m1²=0.189288 | ||w||²/d=0.274245 | eps_adapter=9.673092e-01 | residual_overlap=0.053391
[step     9400] t/d= 94.000 | task1=2.369763e-01 | |m1|=0.438812 | m1²=0.192556 | ||w||²/d=0.274457 | eps_adapter=9.657256e-01 | residual_overlap=0.053297
[step     9450] t/d= 94.500 | task1=2.368507e-01 | |m1|=0.441455 | m1²=0.194883 | ||w||²/d=0.273837 | eps_adapter=9.645273e-01 | residual_overlap=0.053183
[step     9500] t/d= 95.000 | task1=2.367012e-01 | |m1|=0.444644 | m1²=0.197708 | ||w||²/d=0.272731 | eps_adapter=9.630507e-01 | residual_overlap=0.053050
[step     9550] t/d= 95.500 | task1=2.365000e-01 | |m1|=0.448559 | m1²=0.201205 | ||w||²/d=0.271429 | eps_adapter=9.612463e-01 | residual_overlap=0.052874
[step     9600] t/d= 96.000 | task1=2.364162e-01 | |m1|=0.450648 | m1²=0.203084 | ||w||²/d=0.271233 | eps_adapter=9.603200e-01 | residual_overlap=0.052923
[step     9650] t/d= 96.500 | task1=2.362381e-01 | |m1|=0.454331 | m1²=0.206416 | ||w||²/d=0.270414 | eps_adapter=9.586506e-01 | residual_overlap=0.052911
[step     9700] t/d= 97.000 | task1=2.360868e-01 | |m1|=0.457867 | m1²=0.209643 | ||w||²/d=0.270220 | eps_adapter=9.570786e-01 | residual_overlap=0.052792
[step     9750] t/d= 97.500 | task1=2.359504e-01 | |m1|=0.461046 | m1²=0.212563 | ||w||²/d=0.269597 | eps_adapter=9.556343e-01 | residual_overlap=0.052576
[step     9800] t/d= 98.000 | task1=2.357539e-01 | |m1|=0.465144 | m1²=0.216359 | ||w||²/d=0.269027 | eps_adapter=9.537789e-01 | residual_overlap=0.052545
[step     9850] t/d= 98.500 | task1=2.355734e-01 | |m1|=0.468523 | m1²=0.219514 | ||w||²/d=0.269294 | eps_adapter=9.522703e-01 | residual_overlap=0.052582
[step     9900] t/d= 99.000 | task1=2.354076e-01 | |m1|=0.472101 | m1²=0.222879 | ||w||²/d=0.268950 | eps_adapter=9.506382e-01 | residual_overlap=0.052476
[step     9950] t/d= 99.500 | task1=2.352248e-01 | |m1|=0.475387 | m1²=0.225993 | ||w||²/d=0.268398 | eps_adapter=9.491256e-01 | residual_overlap=0.052418
[step    10000] t/d=100.000 | task1=2.351008e-01 | |m1|=0.477866 | m1²=0.228355 | ||w||²/d=0.268547 | eps_adapter=9.479945e-01 | residual_overlap=0.052567
Saved checkpoint: results/quality_pretraining/finetunetask1_d100_T5/prestep_50000_lr0p01_init1_wseed21_sgdseed22/checkpoints/step_000010000

Task-1 fine-tuning completed.
Metrics: results/quality_pretraining/finetunetask1_d100_T5/prestep_50000_lr0p01_init1_wseed21_sgdseed22/metrics.csv

======================================================
Task-1 fine-tuning finished
======================================================
